PASS hash:appendix_dp.tex: expected=5e96f089122d41101025ace0fdbb6777ebf9b5d4d82d7348c895799d805ce8c6 actual=5e96f089122d41101025ace0fdbb6777ebf9b5d4d82d7348c895799d805ce8c6
PASS hash:appendix_proofs.tex: expected=fed255a14debf3fa148dda1be51dfcfa46209c133a4c9e1ae40a7524ec1439f1 actual=fed255a14debf3fa148dda1be51dfcfa46209c133a4c9e1ae40a7524ec1439f1
PASS hash:audit_evidence/claim_evidence_map.tsv: expected=50db1f38fa5c6c6e2bc428faceca9feb0d56f55ff1887f3028a4606b4d072522 actual=50db1f38fa5c6c6e2bc428faceca9feb0d56f55ff1887f3028a4606b4d072522
PASS hash:audit_evidence/results/fit_cal_test_r469_result.json: expected=b114c72d9ab1cf1a6ba1d2bd734433c06bd4d5cbd19bf93be0964edf6fc8a5f7 actual=b114c72d9ab1cf1a6ba1d2bd734433c06bd4d5cbd19bf93be0964edf6fc8a5f7
PASS hash:audit_evidence/results/margin_repair_r469_result.json: expected=c3edaa585a713948e8bcf94f15050027b4f4b87c1aa3828b1e3b30bbe04f16b0 actual=c3edaa585a713948e8bcf94f15050027b4f4b87c1aa3828b1e3b30bbe04f16b0
PASS hash:audit_evidence/results/passrate_r467_result.json: expected=5c346416ab0d75d73d86cb9c0ec57a00d34e0d6a5e8a190929dd592b535bab93 actual=5c346416ab0d75d73d86cb9c0ec57a00d34e0d6a5e8a190929dd592b535bab93
PASS hash:audit_evidence/visual_asset_provenance.json: expected=3583617d34bbca040c8515834d16094583a7564596295116e8eac34fa3ef637c actual=3583617d34bbca040c8515834d16094583a7564596295116e8eac34fa3ef637c
PASS hash:audit_monotonicity_boundary.py: expected=53963a6c8715b3e4813948a308c3bfc4a2ffaadb0fad33fe0aee5b58a4f17d99 actual=53963a6c8715b3e4813948a308c3bfc4a2ffaadb0fad33fe0aee5b58a4f17d99
PASS hash:audit_tv_radius_semantics.py: expected=9e70d404de767ded4df9231a07f28251d625dd02276882ed7977c688c4e05c5b actual=9e70d404de767ded4df9231a07f28251d625dd02276882ed7977c688c4e05c5b
PASS hash:claim_audit.py: expected=78dc4c8a2bc163e36808fc16d48567cf9a937a270ab7b6c4d67fec1433364d81 actual=78dc4c8a2bc163e36808fc16d48567cf9a937a270ab7b6c4d67fec1433364d81
PASS hash:drift_tables.tex: expected=a1c99f02f8243d6497d61c2eb12a9aca57cf1507c46b1a2f02ff1f3584c1efd9 actual=a1c99f02f8243d6497d61c2eb12a9aca57cf1507c46b1a2f02ff1f3584c1efd9
PASS hash:fig1_earlystop.png: expected=efffd18e7a6b4e64cc934423fb8346d09adce2d2b79885b862ec19ba2d295a32 actual=efffd18e7a6b4e64cc934423fb8346d09adce2d2b79885b862ec19ba2d295a32
PASS hash:fig1_round4.pdf: expected=a7c0f72f3ea179d0a2e597e751598bc7ce64047e4586d211744c06e4abe035ac actual=a7c0f72f3ea179d0a2e597e751598bc7ce64047e4586d211744c06e4abe035ac
PASS hash:fig1_round4.png: expected=a5e3ed1605c0fcf6e1dfa1868c1400eea83592c54be3c38db611d76251c6a7d6 actual=a5e3ed1605c0fcf6e1dfa1868c1400eea83592c54be3c38db611d76251c6a7d6
PASS hash:fig1_round4_input_manifest.json: expected=6562da13845dabdc4c18eb298346da1dce76f2d8a1fca55c3343bafe14232f02 actual=6562da13845dabdc4c18eb298346da1dce76f2d8a1fca55c3343bafe14232f02
PASS hash:fig_tau_conservation.png: expected=13c3665539f20f7d30d282cfd7ced12b0a370f3304ba8a5b532ecb404ed7c862 actual=13c3665539f20f7d30d282cfd7ced12b0a370f3304ba8a5b532ecb404ed7c862
PASS hash:paper.tex: expected=b0e1207a223b9b884abc206a47b842f8e2b2a057a45cbd3e34f31d2992e54ffa actual=b0e1207a223b9b884abc206a47b842f8e2b2a057a45cbd3e34f31d2992e54ffa
PASS hash:references.bib: expected=2772b23f6c365b9980cc4715a84376422d96548c87c14c43bcbef369e87408d2 actual=2772b23f6c365b9980cc4715a84376422d96548c87c14c43bcbef369e87408d2
PASS hash:render_fig1_round4.py: expected=a209fd417a6292a0f7a61dc3ce7b4a3d5b0eff692942aec8f81085057b2ba1b7 actual=a209fd417a6292a0f7a61dc3ce7b4a3d5b0eff692942aec8f81085057b2ba1b7
PASS hash:render_fig_tau_sensitivity.py: expected=fa6a69309a2d97a0204cec60ae7626859adc0c8ab00c36251c843d7d648b262e actual=fa6a69309a2d97a0204cec60ae7626859adc0c8ab00c36251c843d7d648b262e
PASS canonical-root: SHA-256 over sorted UTF-8 hash/relative-path manifest lines
PASS oracle-identity-true-H-only: Theorem 1 is explicitly an oracle true-H statement
PASS fitted-score-distinct: BAYES-H is named a distinct plug-in fitted score
PASS theorem2-only-operational: Fitted implementation points only to Theorem 2
PASS cal-sampling-conditions: Theorem 2 names independent i.i.d. FIT/CAL and bounded task loss
PASS bonferroni-J64: Protocol fixes the active finite family and Bonferroni count
PASS test-descriptive-only: TEST scope is explicit
PASS e3-counterexample: E3 alpha=.05 delta=.15 is retained as an explicit synthetic counterexample
PASS synthetic-margin-boundary: Margin exploration is not promoted to confirmation
PASS openr1-accounting: Raw/analyzed OpenR1 populations and split are distinguished
PASS derived-count-boundary: Carrier text limits count provenance to the frozen derivation
PASS no-correlation-dominance-claim: Count-only artifact and its demeaned correlation do not identify correlation dominance
PASS lemma-center-feasible-odd-grid-fallback: Lemma/proof separate the even-N center and define odd k* only for a feasible set
PASS monotonicity-center-and-fallback-audit: Exact CPU audit covers center K=N/2 and alpha<1/2 FULL-N fallback
PASS tv-radius-infeasible-sentinel: TV proposition distinguishes an empty feasible set from numeric tau*=0
PASS tv-radius-boundary-audit: CPU audit serializes the TV empty-set branch as an explicit null/sentinel
PASS table1-no-global-best-bold: Alpha=.10 BAYES-H saving is not bolded above FIXED-EB's 84.4%
PASS baselines-no-duplicate-bayes-unif: BAYES-UNIF appears exactly once in the active baselines
PASS table5-cal-eb-ucb: Evidence matrix labels outcome columns descriptive TEST and marks the OMR alpha=.01 row CAL-only
PASS no-prohibited-superlatives-or-laws: No active source uses withdrawn robustness/mechanism language
PASS closest-work-citations: Closest finite-population and Bayesian-stopping sources are cited
PASS closest-work-novelty-scope: Novelty is restricted to frozen plug-in FIT/CAL screening; the direct WoR-CS comparator is not evaluated
PASS citation-lock-active-keys: Every active citekey has a locked support-scoped citation entry
PASS closest-work-request-lock-consistency: Round-4 closest-work requests agree with the citation lock
PASS repro-bundle-boundary: Paper states conditional replay and omitted raw/secondary boundary
PASS claim-map-core-boundaries: Evidence map includes oracle, CAL, recovery, drift, OpenR1, literature, visual, and negative-evidence entries
PASS fig1-active-provenance: Active Figure 1 bytes and code-native provenance match
PASS fig1-input-manifest-and-renderer: Renderer/input manifest are hash-pinned, package-local, and controlled-rendered
PASS fig1-half-up-percent-rounding: Figure labels use the manuscript half-up convention for 0.8085
PASS fig1-required-scope-labels: Caption/source retain required replay and synthetic boundaries
PASS fig1-caption-layout-match: Caption directions match the compact stacked oracle/fitted panel
PASS historical-figure-retained-not-active: Legacy generated Figure 1 is explicitly historical-only
PASS fig1-effective-type-at-page-width: Active Figure 1 records its compact two-row effective-type calculation
PASS fig2-sensitivity-boundary: Figure 2 remains an assumed-ball sensitivity diagnostic
SUMMARY: 54 PASS / 0 FAIL
