PASS hash:appendix_dp.tex: expected=5e96f089122d41101025ace0fdbb6777ebf9b5d4d82d7348c895799d805ce8c6 actual=5e96f089122d41101025ace0fdbb6777ebf9b5d4d82d7348c895799d805ce8c6
PASS hash:appendix_proofs.tex: expected=7d4bda415ec489d03e3ed64a8e6068f2d98b2a771296043f78f67b4535fba935 actual=7d4bda415ec489d03e3ed64a8e6068f2d98b2a771296043f78f67b4535fba935
PASS hash:audit_evidence/claim_evidence_map.tsv: expected=946dc1a80f4cacefca7f9512ca0ca70522765b878bcbf66723856cc0c18eb439 actual=946dc1a80f4cacefca7f9512ca0ca70522765b878bcbf66723856cc0c18eb439
PASS hash:audit_evidence/results/fit_cal_test_r469_result.json: expected=b114c72d9ab1cf1a6ba1d2bd734433c06bd4d5cbd19bf93be0964edf6fc8a5f7 actual=b114c72d9ab1cf1a6ba1d2bd734433c06bd4d5cbd19bf93be0964edf6fc8a5f7
PASS hash:audit_evidence/results/margin_repair_r469_result.json: expected=c3edaa585a713948e8bcf94f15050027b4f4b87c1aa3828b1e3b30bbe04f16b0 actual=c3edaa585a713948e8bcf94f15050027b4f4b87c1aa3828b1e3b30bbe04f16b0
PASS hash:audit_evidence/results/passrate_r467_result.json: expected=5c346416ab0d75d73d86cb9c0ec57a00d34e0d6a5e8a190929dd592b535bab93 actual=5c346416ab0d75d73d86cb9c0ec57a00d34e0d6a5e8a190929dd592b535bab93
PASS hash:audit_evidence/visual_asset_provenance.json: expected=a714ccfa0ca9504bc021bd1a0656319fd247a5ee377108517a63ea24adfcb249 actual=a714ccfa0ca9504bc021bd1a0656319fd247a5ee377108517a63ea24adfcb249
PASS hash:audit_monotonicity_boundary.py: expected=770354bce7f38fd0cd6113114826cf78aa9d359dcdf8acd68c03447479275bf5 actual=770354bce7f38fd0cd6113114826cf78aa9d359dcdf8acd68c03447479275bf5
PASS hash:claim_audit.py: expected=ff433357bb9eb11ed2e46278185890dec9d667304ee07449dff3d61b19d3a370 actual=ff433357bb9eb11ed2e46278185890dec9d667304ee07449dff3d61b19d3a370
PASS hash:drift_tables.tex: expected=a1c99f02f8243d6497d61c2eb12a9aca57cf1507c46b1a2f02ff1f3584c1efd9 actual=a1c99f02f8243d6497d61c2eb12a9aca57cf1507c46b1a2f02ff1f3584c1efd9
PASS hash:fig1_earlystop.png: expected=efffd18e7a6b4e64cc934423fb8346d09adce2d2b79885b862ec19ba2d295a32 actual=efffd18e7a6b4e64cc934423fb8346d09adce2d2b79885b862ec19ba2d295a32
PASS hash:fig1_round4.pdf: expected=b3fbab58a3bcb714e30efa410ad3ea6e906aa20c3d19870993af98a55654da30 actual=b3fbab58a3bcb714e30efa410ad3ea6e906aa20c3d19870993af98a55654da30
PASS hash:fig1_round4.png: expected=ac4279967700484926a7308f46362769170bebcb71309856d3aaed8abd5990b4 actual=ac4279967700484926a7308f46362769170bebcb71309856d3aaed8abd5990b4
PASS hash:fig1_round4_input_manifest.json: expected=81a4e4f2761d96488d9b285b4244e257d728896a25a103f43932ecda924dbccf actual=81a4e4f2761d96488d9b285b4244e257d728896a25a103f43932ecda924dbccf
PASS hash:fig_tau_conservation.png: expected=13c3665539f20f7d30d282cfd7ced12b0a370f3304ba8a5b532ecb404ed7c862 actual=13c3665539f20f7d30d282cfd7ced12b0a370f3304ba8a5b532ecb404ed7c862
PASS hash:paper.tex: expected=bb9d62b2aca61bd52c32cbde1bd2f5e4b430fad3cfaf9f6baef9bfd834b29c6c actual=bb9d62b2aca61bd52c32cbde1bd2f5e4b430fad3cfaf9f6baef9bfd834b29c6c
PASS hash:references.bib: expected=2772b23f6c365b9980cc4715a84376422d96548c87c14c43bcbef369e87408d2 actual=2772b23f6c365b9980cc4715a84376422d96548c87c14c43bcbef369e87408d2
PASS hash:render_fig1_round4.py: expected=9a138c6ab477931bde7bfce51228e838a99a482dccdb79501b0a171e4e77b9d2 actual=9a138c6ab477931bde7bfce51228e838a99a482dccdb79501b0a171e4e77b9d2
PASS hash:render_fig_tau_sensitivity.py: expected=fa6a69309a2d97a0204cec60ae7626859adc0c8ab00c36251c843d7d648b262e actual=fa6a69309a2d97a0204cec60ae7626859adc0c8ab00c36251c843d7d648b262e
PASS canonical-root: SHA-256 over sorted UTF-8 hash/relative-path manifest lines
PASS oracle-identity-true-H-only: Theorem 1 is explicitly an oracle true-H statement
PASS fitted-score-distinct: BAYES-H is named a distinct plug-in fitted score
PASS theorem2-only-operational: Fitted implementation points only to Theorem 2
PASS cal-sampling-conditions: Theorem 2 names independent i.i.d. FIT/CAL and bounded task loss
PASS bonferroni-J64: Protocol fixes the active finite family and Bonferroni count
PASS test-descriptive-only: TEST scope is explicit
PASS e3-counterexample: E3 alpha=.05 delta=.15 is retained as an explicit synthetic counterexample
PASS synthetic-margin-boundary: Margin exploration is not promoted to confirmation
PASS openr1-accounting: Raw/analyzed OpenR1 populations and split are distinguished
PASS derived-count-boundary: Carrier text limits count provenance to the frozen derivation
PASS no-correlation-dominance-claim: Count-only artifact does not identify correlation dominance
PASS table1-no-global-best-bold: Alpha=.10 BAYES-H saving is not bolded above FIXED-EB's 84.4%
PASS baselines-no-duplicate-bayes-unif: BAYES-UNIF appears exactly once in the active baselines
PASS table5-cal-eb-ucb: Evidence matrix uses CAL EB UCB rather than an unlabeled certificate
PASS no-prohibited-superlatives-or-laws: No active source uses withdrawn robustness/mechanism language
PASS closest-work-citations: Closest finite-population and Bayesian-stopping sources are cited
PASS closest-work-novelty-scope: Novelty is restricted to frozen plug-in FIT/CAL screening
PASS citation-lock-active-keys: Every active citekey has a locked support-scoped citation entry
PASS closest-work-request-lock-consistency: Round-4 closest-work requests agree with the citation lock
PASS repro-bundle-boundary: Paper states conditional replay and omitted raw/secondary boundary
PASS claim-map-core-boundaries: Evidence map includes oracle, CAL, recovery, drift, OpenR1, literature, visual, and negative-evidence entries
PASS fig1-active-provenance: Active Figure 1 bytes and code-native provenance match
PASS fig1-input-manifest-and-renderer: Renderer and input manifest are hash-pinned
PASS fig1-half-up-percent-rounding: Figure labels use the manuscript half-up convention for 0.8085
PASS fig1-required-scope-labels: Caption/source retain required replay and synthetic boundaries
PASS fig1-caption-layout-match: Caption directions match the compact stacked oracle/fitted panel
PASS historical-figure-retained-not-active: Legacy generated Figure 1 is explicitly historical-only
PASS fig1-effective-type-at-page-width: Active Figure 1 records its compact two-row effective-type calculation
PASS fig2-sensitivity-boundary: Figure 2 remains an assumed-ball sensitivity diagnostic
SUMMARY: 49 PASS / 0 FAIL
