/mnt/tidal-alsh-hilab/dataset/diandian/user/liuhanzuo/indep-bench/qcomem_gpu_answer_lora_b_20260814a/qcomem_answer_supervised_lora.py: OK
/mnt/tidal-alsh-hilab/dataset/diandian/user/liuhanzuo/indep-bench/qcomem_gpu_answer_lora_b_20260814a/train_answer_supervised_native_lora.py: OK
/mnt/tidal-alsh-hilab/dataset/diandian/user/liuhanzuo/indep-bench/qcomem_gpu_answer_lora_b_20260814a/test_answer_supervised_native_lora.py: OK
/mnt/tidal-alsh-hilab/dataset/diandian/user/liuhanzuo/indep-bench/qcomem_gpu_answer_lora_b_20260814a/run_answer_lora_full_state_downstream.py: OK
/mnt/tidal-alsh-hilab/dataset/diandian/user/liuhanzuo/indep-bench/qcomem_gpu_answer_lora_b_20260814a/aggregate_answer_lora_full_state_downstream.py: OK
/mnt/tidal-alsh-hilab/dataset/diandian/user/liuhanzuo/indep-bench/qcomem_gpu_answer_lora_b_20260814a/test_answer_lora_full_state_downstream.py: OK
/mnt/tidal-alsh-hilab/dataset/diandian/user/liuhanzuo/indep-bench/qcomem_gpu_answer_lora_b_20260814a/launch_answer_supervised_native_lora_8gpu.sh: OK
/mnt/tidal-alsh-hilab/dataset/diandian/user/liuhanzuo/indep-bench/qcomem_gpu_answer_lora_b_20260814a/lora_answer_supervised_native_128.json: OK
/mnt/tidal-alsh-hilab/dataset/diandian/user/liuhanzuo/indep-bench/qcomem_gpu_answer_lora_b_20260814a/deployment_aware_sft.py: OK
/mnt/tidal-alsh-hilab/dataset/diandian/user/liuhanzuo/indep-bench/qcomem_gpu_answer_lora_b_20260814a/qcomem_lora.py: OK
/mnt/tidal-alsh-hilab/dataset/diandian/user/liuhanzuo/indep-bench/qcomem_gpu_answer_lora_b_20260814a/qcomem_torch.py: OK
/mnt/tidal-alsh-hilab/dataset/diandian/user/liuhanzuo/indep-bench/qcomem_gpu_answer_lora_b_20260814a/qcomem_qwen35_native_cache.py: OK
/mnt/tidal-alsh-hilab/dataset/diandian/user/liuhanzuo/indep-bench/qcomem_gpu_answer_lora_b_20260814a/supervised_sft.py: OK
/mnt/tidal-alsh-hilab/dataset/diandian/user/liuhanzuo/indep-bench/qcomem_gpu_answer_lora_b_20260814a/run_downstream.py: OK
/mnt/tidal-alsh-hilab/dataset/diandian/user/liuhanzuo/indep-bench/qcomem_gpu_answer_lora_b_20260814a/run_replay_diagnostic.py: OK
/mnt/tidal-alsh-hilab/dataset/diandian/user/liuhanzuo/indep-bench/qcomem_gpu_answer_lora_b_20260814a/analyze_validation.py: OK
/mnt/tidal-alsh-hilab/dataset/diandian/user/liuhanzuo/indep-bench/qcomem_gpu_answer_lora_b_20260814a/qcomem_answer_supervised_lora.py: OK
/mnt/tidal-alsh-hilab/dataset/diandian/user/liuhanzuo/indep-bench/qcomem_gpu_answer_lora_b_20260814a/train_answer_supervised_native_lora.py: OK
/mnt/tidal-alsh-hilab/dataset/diandian/user/liuhanzuo/indep-bench/qcomem_gpu_answer_lora_b_20260814a/test_answer_supervised_native_lora.py: OK
/mnt/tidal-alsh-hilab/dataset/diandian/user/liuhanzuo/indep-bench/qcomem_gpu_answer_lora_b_20260814a/run_answer_lora_full_state_downstream.py: OK
/mnt/tidal-alsh-hilab/dataset/diandian/user/liuhanzuo/indep-bench/qcomem_gpu_answer_lora_b_20260814a/aggregate_answer_lora_full_state_downstream.py: OK
/mnt/tidal-alsh-hilab/dataset/diandian/user/liuhanzuo/indep-bench/qcomem_gpu_answer_lora_b_20260814a/test_answer_lora_full_state_downstream.py: OK
/mnt/tidal-alsh-hilab/dataset/diandian/user/liuhanzuo/indep-bench/qcomem_gpu_answer_lora_b_20260814a/launch_answer_supervised_native_lora_8gpu.sh: OK
/mnt/tidal-alsh-hilab/dataset/diandian/user/liuhanzuo/indep-bench/qcomem_gpu_answer_lora_b_20260814a/lora_answer_supervised_native_128.json: OK
/mnt/tidal-alsh-hilab/dataset/diandian/user/liuhanzuo/indep-bench/qcomem_gpu_answer_lora_b_20260814a/deployment_aware_sft.py: OK
/mnt/tidal-alsh-hilab/dataset/diandian/user/liuhanzuo/indep-bench/qcomem_gpu_answer_lora_b_20260814a/qcomem_lora.py: OK
/mnt/tidal-alsh-hilab/dataset/diandian/user/liuhanzuo/indep-bench/qcomem_gpu_answer_lora_b_20260814a/qcomem_torch.py: OK
/mnt/tidal-alsh-hilab/dataset/diandian/user/liuhanzuo/indep-bench/qcomem_gpu_answer_lora_b_20260814a/qcomem_qwen35_native_cache.py: OK
/mnt/tidal-alsh-hilab/dataset/diandian/user/liuhanzuo/indep-bench/qcomem_gpu_answer_lora_b_20260814a/supervised_sft.py: OK
/mnt/tidal-alsh-hilab/dataset/diandian/user/liuhanzuo/indep-bench/qcomem_gpu_answer_lora_b_20260814a/run_downstream.py: OK
/mnt/tidal-alsh-hilab/dataset/diandian/user/liuhanzuo/indep-bench/qcomem_gpu_answer_lora_b_20260814a/run_replay_diagnostic.py: OK
/mnt/tidal-alsh-hilab/dataset/diandian/user/liuhanzuo/indep-bench/qcomem_gpu_answer_lora_b_20260814a/analyze_validation.py: OK
/mnt/tidal-alsh-hilab/dataset/diandian/user/liuhanzuo/indep-bench/qcomem_gpu_answer_lora_b_20260814a/qcomem_answer_supervised_lora.py: OK
/mnt/tidal-alsh-hilab/dataset/diandian/user/liuhanzuo/indep-bench/qcomem_gpu_answer_lora_b_20260814a/train_answer_supervised_native_lora.py: OK
/mnt/tidal-alsh-hilab/dataset/diandian/user/liuhanzuo/indep-bench/qcomem_gpu_answer_lora_b_20260814a/test_answer_supervised_native_lora.py: OK
/mnt/tidal-alsh-hilab/dataset/diandian/user/liuhanzuo/indep-bench/qcomem_gpu_answer_lora_b_20260814a/run_answer_lora_full_state_downstream.py: OK
/mnt/tidal-alsh-hilab/dataset/diandian/user/liuhanzuo/indep-bench/qcomem_gpu_answer_lora_b_20260814a/aggregate_answer_lora_full_state_downstream.py: OK
/mnt/tidal-alsh-hilab/dataset/diandian/user/liuhanzuo/indep-bench/qcomem_gpu_answer_lora_b_20260814a/test_answer_lora_full_state_downstream.py: OK
/mnt/tidal-alsh-hilab/dataset/diandian/user/liuhanzuo/indep-bench/qcomem_gpu_answer_lora_b_20260814a/launch_answer_supervised_native_lora_8gpu.sh: OK
/mnt/tidal-alsh-hilab/dataset/diandian/user/liuhanzuo/indep-bench/qcomem_gpu_answer_lora_b_20260814a/lora_answer_supervised_native_128.json: OK
/mnt/tidal-alsh-hilab/dataset/diandian/user/liuhanzuo/indep-bench/qcomem_gpu_answer_lora_b_20260814a/deployment_aware_sft.py: OK
/mnt/tidal-alsh-hilab/dataset/diandian/user/liuhanzuo/indep-bench/qcomem_gpu_answer_lora_b_20260814a/qcomem_lora.py: OK
/mnt/tidal-alsh-hilab/dataset/diandian/user/liuhanzuo/indep-bench/qcomem_gpu_answer_lora_b_20260814a/qcomem_torch.py: OK
/mnt/tidal-alsh-hilab/dataset/diandian/user/liuhanzuo/indep-bench/qcomem_gpu_answer_lora_b_20260814a/qcomem_qwen35_native_cache.py: OK
/mnt/tidal-alsh-hilab/dataset/diandian/user/liuhanzuo/indep-bench/qcomem_gpu_answer_lora_b_20260814a/supervised_sft.py: OK
/mnt/tidal-alsh-hilab/dataset/diandian/user/liuhanzuo/indep-bench/qcomem_gpu_answer_lora_b_20260814a/run_downstream.py: OK
/mnt/tidal-alsh-hilab/dataset/diandian/user/liuhanzuo/indep-bench/qcomem_gpu_answer_lora_b_20260814a/run_replay_diagnostic.py: OK
/mnt/tidal-alsh-hilab/dataset/diandian/user/liuhanzuo/indep-bench/qcomem_gpu_answer_lora_b_20260814a/analyze_validation.py: OK
