[transformers] The fast path is not available because one of the required library is not installed. Falling back to torch implementation. To install follow https://github.com/fla-org/flash-linear-attention#installation and https://github.com/Dao-AILab/causal-conv1d

Loading weights:   0%|          | 0/1026 [00:00<?, ?it/s][ALoading weights: 100%|██████████| 1026/1026 [00:00<00:00, 11142.38it/s]
{"config": "dense", "dataset": "qasper", "source_index": 8, "f1": 0.5517241379310345, "generated_tokens": 21, "ttft_seconds": 1.0145020080090035, "persistent_mib": null}
{"config": "dense", "dataset": "qasper", "source_index": 16, "f1": 0.0, "generated_tokens": 3, "ttft_seconds": 0.6890133809938561, "persistent_mib": null}
{"config": "dense", "dataset": "qasper", "source_index": 24, "f1": 0.4545454545454546, "generated_tokens": 15, "ttft_seconds": 0.6469045350095257, "persistent_mib": null}
{"config": "dense", "dataset": "qasper", "source_index": 32, "f1": 0.0, "generated_tokens": 3, "ttft_seconds": 0.9815946109883953, "persistent_mib": null}
{"config": "dense", "dataset": "2wikimqa", "source_index": 10, "f1": 0.0, "generated_tokens": 3, "ttft_seconds": 0.7490118609857745, "persistent_mib": null}
{"config": "dense", "dataset": "2wikimqa", "source_index": 18, "f1": 1.0, "generated_tokens": 1, "ttft_seconds": 0.3195023819862399, "persistent_mib": null}
{"config": "dense", "dataset": "2wikimqa", "source_index": 26, "f1": 1.0, "generated_tokens": 4, "ttft_seconds": 0.6496734120009933, "persistent_mib": null}
{"config": "dense", "dataset": "2wikimqa", "source_index": 34, "f1": 1.0, "generated_tokens": 4, "ttft_seconds": 0.649183322006138, "persistent_mib": null}
SAVED /mnt/tidal-alsh-hilab/dataset/diandian/user/liuhanzuo/indep-bench_assets/runs/qcomem/answer-supervised-native-lora-b-20260814a/downstream/answer-downstream-shard-2-dense-adapter-disabled-control.json
{"config": "replay-d7-layer-q16", "dataset": "qasper", "source_index": 8, "f1": 0.3888888888888889, "generated_tokens": 32, "ttft_seconds": 0.6489012319943868, "persistent_mib": 32.578125}
{"config": "replay-d7-layer-q16", "dataset": "qasper", "source_index": 16, "f1": 0.0, "generated_tokens": 3, "ttft_seconds": 0.7051151269988623, "persistent_mib": 35.80078125}
{"config": "replay-d7-layer-q16", "dataset": "qasper", "source_index": 24, "f1": 0.4545454545454546, "generated_tokens": 15, "ttft_seconds": 0.7013786080060527, "persistent_mib": 35.806640625}
{"config": "replay-d7-layer-q16", "dataset": "qasper", "source_index": 32, "f1": 0.0, "generated_tokens": 3, "ttft_seconds": 0.7034180960035883, "persistent_mib": 35.783203125}
{"config": "replay-d7-layer-q16", "dataset": "2wikimqa", "source_index": 10, "f1": 0.0, "generated_tokens": 3, "ttft_seconds": 0.7114461650198791, "persistent_mib": 36.029296875}
{"config": "replay-d7-layer-q16", "dataset": "2wikimqa", "source_index": 18, "f1": 1.0, "generated_tokens": 1, "ttft_seconds": 0.38199894400895573, "persistent_mib": 19.08984375}
{"config": "replay-d7-layer-q16", "dataset": "2wikimqa", "source_index": 26, "f1": 1.0, "generated_tokens": 4, "ttft_seconds": 0.6973891189845745, "persistent_mib": 36.05859375}
{"config": "replay-d7-layer-q16", "dataset": "2wikimqa", "source_index": 34, "f1": 1.0, "generated_tokens": 4, "ttft_seconds": 0.6986613159824628, "persistent_mib": 36.052734375}
SAVED /mnt/tidal-alsh-hilab/dataset/diandian/user/liuhanzuo/indep-bench_assets/runs/qcomem/answer-supervised-native-lora-b-20260814a/downstream/answer-downstream-shard-2-q16-adapter-disabled-control.json
{"config": "replay-d7-frozen-static", "dataset": "qasper", "source_index": 8, "f1": 0.3888888888888889, "generated_tokens": 32, "ttft_seconds": 0.6017990149848629, "persistent_mib": 9.06884765625}
{"config": "replay-d7-frozen-static", "dataset": "qasper", "source_index": 16, "f1": 0.0, "generated_tokens": 3, "ttft_seconds": 0.667228370992234, "persistent_mib": 9.9752197265625}
{"config": "replay-d7-frozen-static", "dataset": "qasper", "source_index": 24, "f1": 0.4545454545454546, "generated_tokens": 15, "ttft_seconds": 0.6633110530092381, "persistent_mib": 9.97686767578125}
{"config": "replay-d7-frozen-static", "dataset": "qasper", "source_index": 32, "f1": 0.0, "generated_tokens": 3, "ttft_seconds": 0.6637618190143257, "persistent_mib": 9.97027587890625}
{"config": "replay-d7-frozen-static", "dataset": "2wikimqa", "source_index": 10, "f1": 0.0, "generated_tokens": 3, "ttft_seconds": 0.66182951600058, "persistent_mib": 10.03948974609375}
{"config": "replay-d7-frozen-static", "dataset": "2wikimqa", "source_index": 18, "f1": 1.0, "generated_tokens": 1, "ttft_seconds": 0.3411566069989931, "persistent_mib": 5.2752685546875}
{"config": "replay-d7-frozen-static", "dataset": "2wikimqa", "source_index": 26, "f1": 1.0, "generated_tokens": 4, "ttft_seconds": 0.6660230440029409, "persistent_mib": 10.0477294921875}
{"config": "replay-d7-frozen-static", "dataset": "2wikimqa", "source_index": 34, "f1": 1.0, "generated_tokens": 4, "ttft_seconds": 0.664765911991708, "persistent_mib": 10.04608154296875}
SAVED /mnt/tidal-alsh-hilab/dataset/diandian/user/liuhanzuo/indep-bench_assets/runs/qcomem/answer-supervised-native-lora-b-20260814a/downstream/answer-downstream-shard-2-frozen-static-adapter-disabled.json
{"config": "replay-d7-frozen-static", "dataset": "qasper", "source_index": 8, "f1": 0.47058823529411764, "generated_tokens": 32, "ttft_seconds": 0.6483769750047941, "persistent_mib": 9.06884765625}
{"config": "replay-d7-frozen-static", "dataset": "qasper", "source_index": 16, "f1": 0.0, "generated_tokens": 3, "ttft_seconds": 0.7070424410048872, "persistent_mib": 9.9752197265625}
{"config": "replay-d7-frozen-static", "dataset": "qasper", "source_index": 24, "f1": 0.4545454545454546, "generated_tokens": 14, "ttft_seconds": 0.7052539229916874, "persistent_mib": 9.97686767578125}
{"config": "replay-d7-frozen-static", "dataset": "qasper", "source_index": 32, "f1": 0.0, "generated_tokens": 3, "ttft_seconds": 0.7053616229968611, "persistent_mib": 9.97027587890625}
{"config": "replay-d7-frozen-static", "dataset": "2wikimqa", "source_index": 10, "f1": 0.0, "generated_tokens": 3, "ttft_seconds": 0.7063484530081041, "persistent_mib": 10.03948974609375}
{"config": "replay-d7-frozen-static", "dataset": "2wikimqa", "source_index": 18, "f1": 1.0, "generated_tokens": 1, "ttft_seconds": 0.36416450497927144, "persistent_mib": 5.2752685546875}
{"config": "replay-d7-frozen-static", "dataset": "2wikimqa", "source_index": 26, "f1": 1.0, "generated_tokens": 4, "ttft_seconds": 0.7062225379922893, "persistent_mib": 10.0477294921875}
{"config": "replay-d7-frozen-static", "dataset": "2wikimqa", "source_index": 34, "f1": 1.0, "generated_tokens": 4, "ttft_seconds": 0.7071210389840417, "persistent_mib": 10.04608154296875}
SAVED /mnt/tidal-alsh-hilab/dataset/diandian/user/liuhanzuo/indep-bench_assets/runs/qcomem/answer-supervised-native-lora-b-20260814a/downstream/answer-downstream-shard-2-frozen-static-answer-lora-step0.json
{"config": "replay-d7-frozen-static", "dataset": "qasper", "source_index": 8, "f1": 0.5, "generated_tokens": 32, "ttft_seconds": 0.6379444119811524, "persistent_mib": 9.06884765625}
{"config": "replay-d7-frozen-static", "dataset": "qasper", "source_index": 16, "f1": 0.0, "generated_tokens": 3, "ttft_seconds": 0.7070298210019246, "persistent_mib": 9.9752197265625}
{"config": "replay-d7-frozen-static", "dataset": "qasper", "source_index": 24, "f1": 0.5, "generated_tokens": 10, "ttft_seconds": 0.7047405430057552, "persistent_mib": 9.97686767578125}
{"config": "replay-d7-frozen-static", "dataset": "qasper", "source_index": 32, "f1": 0.0, "generated_tokens": 3, "ttft_seconds": 0.7079824359971099, "persistent_mib": 9.97027587890625}
{"config": "replay-d7-frozen-static", "dataset": "2wikimqa", "source_index": 10, "f1": 0.0, "generated_tokens": 3, "ttft_seconds": 0.7377427339961287, "persistent_mib": 10.03948974609375}
{"config": "replay-d7-frozen-static", "dataset": "2wikimqa", "source_index": 18, "f1": 1.0, "generated_tokens": 1, "ttft_seconds": 0.3664800040132832, "persistent_mib": 5.2752685546875}
{"config": "replay-d7-frozen-static", "dataset": "2wikimqa", "source_index": 26, "f1": 1.0, "generated_tokens": 4, "ttft_seconds": 0.707042358990293, "persistent_mib": 10.0477294921875}
{"config": "replay-d7-frozen-static", "dataset": "2wikimqa", "source_index": 34, "f1": 1.0, "generated_tokens": 4, "ttft_seconds": 0.706464857008541, "persistent_mib": 10.04608154296875}
SAVED /mnt/tidal-alsh-hilab/dataset/diandian/user/liuhanzuo/indep-bench_assets/runs/qcomem/answer-supervised-native-lora-b-20260814a/downstream/answer-downstream-shard-2-frozen-static-answer-lora-step64.json
{"config": "replay-d7-frozen-static", "dataset": "qasper", "source_index": 8, "f1": 0.5, "generated_tokens": 32, "ttft_seconds": 0.6397314450005069, "persistent_mib": 9.06884765625}
{"config": "replay-d7-frozen-static", "dataset": "qasper", "source_index": 16, "f1": 0.0, "generated_tokens": 3, "ttft_seconds": 0.7063225730089471, "persistent_mib": 9.9752197265625}
{"config": "replay-d7-frozen-static", "dataset": "qasper", "source_index": 24, "f1": 0.4545454545454546, "generated_tokens": 14, "ttft_seconds": 0.7058265240048058, "persistent_mib": 9.97686767578125}
{"config": "replay-d7-frozen-static", "dataset": "qasper", "source_index": 32, "f1": 0.0, "generated_tokens": 3, "ttft_seconds": 0.705527671991149, "persistent_mib": 9.97027587890625}
{"config": "replay-d7-frozen-static", "dataset": "2wikimqa", "source_index": 10, "f1": 0.0, "generated_tokens": 3, "ttft_seconds": 0.7066915129835252, "persistent_mib": 10.03948974609375}
{"config": "replay-d7-frozen-static", "dataset": "2wikimqa", "source_index": 18, "f1": 1.0, "generated_tokens": 1, "ttft_seconds": 0.36468452101689763, "persistent_mib": 5.2752685546875}
{"config": "replay-d7-frozen-static", "dataset": "2wikimqa", "source_index": 26, "f1": 1.0, "generated_tokens": 4, "ttft_seconds": 0.7054082629911136, "persistent_mib": 10.0477294921875}
{"config": "replay-d7-frozen-static", "dataset": "2wikimqa", "source_index": 34, "f1": 1.0, "generated_tokens": 4, "ttft_seconds": 0.7075404719798826, "persistent_mib": 10.04608154296875}
SAVED /mnt/tidal-alsh-hilab/dataset/diandian/user/liuhanzuo/indep-bench_assets/runs/qcomem/answer-supervised-native-lora-b-20260814a/downstream/answer-downstream-shard-2-frozen-static-answer-lora-step128.json
