{
  "schema_version": "qcomem-answer-lora-full-state-downstream-v1",
  "status": "completed",
  "experiment": "answer_supervised_lora_b_post_selection_attribution",
  "samples": 60,
  "conditions": [
    "dense-adapter-disabled-control",
    "q16-adapter-disabled-control",
    "frozen-static-adapter-disabled",
    "frozen-static-answer-lora-step0",
    "frozen-static-answer-lora-step64",
    "frozen-static-answer-lora-step128"
  ],
  "validation_data_sha256": "1553739496b3c209988de56a4ccf574d407379b6b7937ddfafacbe66925069fe",
  "source_indices": [
    6,
    35
  ],
  "excluded_calibration_indices": [
    4,
    5
  ],
  "selected_checkpoint_step": 128,
  "selected_checkpoint_sha256": "2d5eea2dce244cfe4e4f9431946dd41790a3aa87bbeaf3c24b89f8b7a005f960",
  "checkpoint_suite_sha256": {
    "0": "4500d2fecde26ceb9ade99e7afd585982bbba174f406b46c20fba61ef02c0942",
    "128": "2d5eea2dce244cfe4e4f9431946dd41790a3aa87bbeaf3c24b89f8b7a005f960",
    "64": "55399672b73fb3783a4ed58a14312f572d19b451435d5b3fcbd284d50d46cb0d"
  },
  "best_checkpoint_record_sha256": "7722010d46424dd6c1eb65bb9bc90d03c36b645ea9530268b2d7d0b1368f139d",
  "heldout_selected_alias": {
    "condition": "frozen-static-answer-lora-step128",
    "selection_source": "independent_official_train_heldout_domain_only",
    "additional_forward_executed": false,
    "validation_results_used_to_change_alias": false
  },
  "mean_f1": {
    "dense-adapter-disabled-control": {
      "overall": 0.5416010378572709,
      "qasper": 0.43351953603200205,
      "2wikimqa": 0.6496825396825396
    },
    "q16-adapter-disabled-control": {
      "overall": 0.5462377118089363,
      "qasper": 0.4227928839353328,
      "2wikimqa": 0.6696825396825398
    },
    "frozen-static-adapter-disabled": {
      "overall": 0.5430160036571604,
      "qasper": 0.4219050231873368,
      "2wikimqa": 0.6641269841269841
    },
    "frozen-static-answer-lora-step0": {
      "overall": 0.5339249628323735,
      "qasper": 0.42753246534728667,
      "2wikimqa": 0.6403174603174603
    },
    "frozen-static-answer-lora-step64": {
      "overall": 0.544804585580737,
      "qasper": 0.4359583775106802,
      "2wikimqa": 0.6536507936507937
    },
    "frozen-static-answer-lora-step128": {
      "overall": 0.5485751429437367,
      "qasper": 0.4363566350938226,
      "2wikimqa": 0.6607936507936507
    }
  },
  "mean_stored_persistent_nbytes": {
    "dense-adapter-disabled-control": null,
    "q16-adapter-disabled-control": 36367872.0,
    "frozen-static-adapter-disabled": 10130160.0,
    "frozen-static-answer-lora-step0": 10130160.0,
    "frozen-static-answer-lora-step64": 10130160.0,
    "frozen-static-answer-lora-step128": 10130160.0
  },
  "memory_accounting": {
    "shared_model_resident_answer_adapter": {
      "parameters": 26689536,
      "dtype": "float32",
      "bytes": 106758144,
      "mib": 101.8125,
      "scope": "one shared model process; amortized across documents"
    },
    "per_document_persistent_state": {
      "source": "mean of the 60 measured full-state rows",
      "bytes_by_condition": {
        "dense-adapter-disabled-control": null,
        "q16-adapter-disabled-control": 36367872.0,
        "frozen-static-adapter-disabled": 10130160.0,
        "frozen-static-answer-lora-step0": 10130160.0,
        "frozen-static-answer-lora-step64": 10130160.0,
        "frozen-static-answer-lora-step128": 10130160.0
      },
      "mib_by_condition": {
        "dense-adapter-disabled-control": null,
        "q16-adapter-disabled-control": 34.68310546875,
        "frozen-static-adapter-disabled": 9.660873413085938,
        "frozen-static-answer-lora-step0": 9.660873413085938,
        "frozen-static-answer-lora-step64": 9.660873413085938,
        "frozen-static-answer-lora-step128": 9.660873413085938
      },
      "historical_frozen_static_reference_mib": 9.66,
      "historical_reference_is_not_a_gate": true,
      "scope": "one stored document; scales with resident documents"
    },
    "adapter_bytes_included_in_per_document_state": false
  },
  "paired_comparisons": {
    "frozen-static-answer-lora-step0_vs_frozen-static-adapter-disabled": {
      "candidate": "frozen-static-answer-lora-step0",
      "reference": "frozen-static-adapter-disabled",
      "samples": 60,
      "mean_f1_delta": -0.009091040824786956,
      "paired_bootstrap_95_ci": [
        -0.06249670808494337,
        0.039884244296009
      ],
      "prediction_exact_agreement": 0.8333333333333334,
      "per_dataset": {
        "qasper": {
          "samples": 30,
          "mean_f1_delta": 0.005627442159949897,
          "paired_bootstrap_95_ci": [
            0.0,
            0.013550845439390327
          ],
          "prediction_exact_agreement": 0.8333333333333334
        },
        "2wikimqa": {
          "samples": 30,
          "mean_f1_delta": -0.023809523809523805,
          "paired_bootstrap_95_ci": [
            -0.12380952380952381,
            0.07619047619047618
          ],
          "prediction_exact_agreement": 0.8333333333333334
        }
      }
    },
    "frozen-static-answer-lora-step64_vs_frozen-static-adapter-disabled": {
      "candidate": "frozen-static-answer-lora-step64",
      "reference": "frozen-static-adapter-disabled",
      "samples": 60,
      "mean_f1_delta": 0.0017885819235764638,
      "paired_bootstrap_95_ci": [
        -0.030617249613083927,
        0.029367999770359324
      ],
      "prediction_exact_agreement": 0.6333333333333333,
      "per_dataset": {
        "qasper": {
          "samples": 30,
          "mean_f1_delta": 0.0140533543233434,
          "paired_bootstrap_95_ci": [
            -0.00896630802768817,
            0.042637889849096826
          ],
          "prediction_exact_agreement": 0.4666666666666667
        },
        "2wikimqa": {
          "samples": 30,
          "mean_f1_delta": -0.010476190476190472,
          "paired_bootstrap_95_ci": [
            -0.07142857142857141,
            0.04000000000000001
          ],
          "prediction_exact_agreement": 0.8
        }
      }
    },
    "frozen-static-answer-lora-step128_vs_frozen-static-adapter-disabled": {
      "candidate": "frozen-static-answer-lora-step128",
      "reference": "frozen-static-adapter-disabled",
      "samples": 60,
      "mean_f1_delta": 0.005559139286576225,
      "paired_bootstrap_95_ci": [
        -0.019820749635808908,
        0.030127247754115436
      ],
      "prediction_exact_agreement": 0.65,
      "per_dataset": {
        "qasper": {
          "samples": 30,
          "mean_f1_delta": 0.014451611906485782,
          "paired_bootstrap_95_ci": [
            -0.008175295051790394,
            0.04412516449325119
          ],
          "prediction_exact_agreement": 0.5
        },
        "2wikimqa": {
          "samples": 30,
          "mean_f1_delta": -0.0033333333333333327,
          "paired_bootstrap_95_ci": [
            -0.05,
            0.04000000000000001
          ],
          "prediction_exact_agreement": 0.8
        }
      }
    },
    "frozen-static-answer-lora-step64_vs_frozen-static-answer-lora-step0": {
      "candidate": "frozen-static-answer-lora-step64",
      "reference": "frozen-static-answer-lora-step0",
      "samples": 60,
      "mean_f1_delta": 0.01087962274836342,
      "paired_bootstrap_95_ci": [
        -0.03883673618313657,
        0.05998129861419996
      ],
      "prediction_exact_agreement": 0.6666666666666666,
      "per_dataset": {
        "qasper": {
          "samples": 30,
          "mean_f1_delta": 0.008425912163393503,
          "paired_bootstrap_95_ci": [
            -0.011014937430349172,
            0.03231452992930412
          ],
          "prediction_exact_agreement": 0.5333333333333333
        },
        "2wikimqa": {
          "samples": 30,
          "mean_f1_delta": 0.013333333333333334,
          "paired_bootstrap_95_ci": [
            -0.08666666666666667,
            0.11333333333333333
          ],
          "prediction_exact_agreement": 0.8
        }
      }
    },
    "frozen-static-answer-lora-step128_vs_frozen-static-answer-lora-step64": {
      "candidate": "frozen-static-answer-lora-step128",
      "reference": "frozen-static-answer-lora-step64",
      "samples": 60,
      "mean_f1_delta": 0.003770557362999762,
      "paired_bootstrap_95_ci": [
        -0.0032471847533267826,
        0.012912087912087911
      ],
      "prediction_exact_agreement": 0.8666666666666667,
      "per_dataset": {
        "qasper": {
          "samples": 30,
          "mean_f1_delta": 0.0003982575831423821,
          "paired_bootstrap_95_ci": [
            -0.008333333333333333,
            0.008937900728447811
          ],
          "prediction_exact_agreement": 0.8
        },
        "2wikimqa": {
          "samples": 30,
          "mean_f1_delta": 0.007142857142857142,
          "paired_bootstrap_95_ci": [
            0.0,
            0.021428571428571425
          ],
          "prediction_exact_agreement": 0.9333333333333333
        }
      }
    },
    "frozen-static-answer-lora-step128_vs_frozen-static-answer-lora-step0": {
      "candidate": "frozen-static-answer-lora-step128",
      "reference": "frozen-static-answer-lora-step0",
      "samples": 60,
      "mean_f1_delta": 0.01465018011136318,
      "paired_bootstrap_95_ci": [
        -0.03679406508051009,
        0.06421366089820288
      ],
      "prediction_exact_agreement": 0.6666666666666666,
      "per_dataset": {
        "qasper": {
          "samples": 30,
          "mean_f1_delta": 0.008824169746535885,
          "paired_bootstrap_95_ci": [
            -0.010347881087919038,
            0.032912464378790036
          ],
          "prediction_exact_agreement": 0.5666666666666667
        },
        "2wikimqa": {
          "samples": 30,
          "mean_f1_delta": 0.020476190476190478,
          "paired_bootstrap_95_ci": [
            -0.07333333333333333,
            0.12047619047619047
          ],
          "prediction_exact_agreement": 0.7666666666666667
        }
      }
    },
    "frozen-static-answer-lora-step128_vs_q16-adapter-disabled-control": {
      "candidate": "frozen-static-answer-lora-step128",
      "reference": "q16-adapter-disabled-control",
      "samples": 60,
      "mean_f1_delta": 0.002337431134800449,
      "paired_bootstrap_95_ci": [
        -0.027538200602278073,
        0.03032449320239224
      ],
      "prediction_exact_agreement": 0.5833333333333334,
      "per_dataset": {
        "qasper": {
          "samples": 30,
          "mean_f1_delta": 0.01356375115848979,
          "paired_bootstrap_95_ci": [
            -0.0250241709045286,
            0.05289630236660587
          ],
          "prediction_exact_agreement": 0.43333333333333335
        },
        "2wikimqa": {
          "samples": 30,
          "mean_f1_delta": -0.00888888888888889,
          "paired_bootstrap_95_ci": [
            -0.05555555555555556,
            0.03444444444444444
          ],
          "prediction_exact_agreement": 0.7333333333333333
        }
      }
    },
    "frozen-static-answer-lora-step128_vs_dense-adapter-disabled-control": {
      "candidate": "frozen-static-answer-lora-step128",
      "reference": "dense-adapter-disabled-control",
      "samples": 60,
      "mean_f1_delta": 0.00697410508646584,
      "paired_bootstrap_95_ci": [
        -0.02891715440128488,
        0.05197682004139235
      ],
      "prediction_exact_agreement": 0.5833333333333334,
      "per_dataset": {
        "qasper": {
          "samples": 30,
          "mean_f1_delta": 0.0028370990618205713,
          "paired_bootstrap_95_ci": [
            -0.03301319693175842,
            0.03787992297452499
          ],
          "prediction_exact_agreement": 0.43333333333333335
        },
        "2wikimqa": {
          "samples": 30,
          "mean_f1_delta": 0.011111111111111108,
          "paired_bootstrap_95_ci": [
            -0.05000000000000001,
            0.09444444444444443
          ],
          "prediction_exact_agreement": 0.7333333333333333
        }
      }
    },
    "frozen-static-adapter-disabled_vs_q16-adapter-disabled-control": {
      "candidate": "frozen-static-adapter-disabled",
      "reference": "q16-adapter-disabled-control",
      "samples": 60,
      "mean_f1_delta": -0.0032217081517757758,
      "paired_bootstrap_95_ci": [
        -0.019556429904937243,
        0.011365593435525808
      ],
      "prediction_exact_agreement": 0.8833333333333333,
      "per_dataset": {
        "qasper": {
          "samples": 30,
          "mean_f1_delta": -0.0008878607479959935,
          "paired_bootstrap_95_ci": [
            -0.03134939920953446,
            0.025602981742846493
          ],
          "prediction_exact_agreement": 0.8333333333333334
        },
        "2wikimqa": {
          "samples": 30,
          "mean_f1_delta": -0.005555555555555558,
          "paired_bootstrap_95_ci": [
            -0.016666666666666673,
            0.0
          ],
          "prediction_exact_agreement": 0.9333333333333333
        }
      }
    },
    "q16-adapter-disabled-control_vs_dense-adapter-disabled-control": {
      "candidate": "q16-adapter-disabled-control",
      "reference": "dense-adapter-disabled-control",
      "samples": 60,
      "mean_f1_delta": 0.0046366739516653915,
      "paired_bootstrap_95_ci": [
        -0.025438525868215284,
        0.04592377665720781
      ],
      "prediction_exact_agreement": 0.9,
      "per_dataset": {
        "qasper": {
          "samples": 30,
          "mean_f1_delta": -0.010726652096669216,
          "paired_bootstrap_95_ci": [
            -0.0320295566502463,
            0.00514841082216968
          ],
          "prediction_exact_agreement": 0.8666666666666667
        },
        "2wikimqa": {
          "samples": 30,
          "mean_f1_delta": 0.02,
          "paired_bootstrap_95_ci": [
            -0.04000000000000001,
            0.1
          ],
          "prediction_exact_agreement": 0.9333333333333333
        }
      }
    }
  },
  "heldout_selected_vs_disabled": {
    "candidate": "frozen-static-answer-lora-step128",
    "reference": "frozen-static-adapter-disabled",
    "samples": 60,
    "mean_f1_delta": 0.005559139286576225,
    "paired_bootstrap_95_ci": [
      -0.019820749635808908,
      0.030127247754115436
    ],
    "prediction_exact_agreement": 0.65,
    "per_dataset": {
      "qasper": {
        "samples": 30,
        "mean_f1_delta": 0.014451611906485782,
        "paired_bootstrap_95_ci": [
          -0.008175295051790394,
          0.04412516449325119
        ],
        "prediction_exact_agreement": 0.5
      },
      "2wikimqa": {
        "samples": 30,
        "mean_f1_delta": -0.0033333333333333327,
        "paired_bootstrap_95_ci": [
          -0.05,
          0.04000000000000001
        ],
        "prediction_exact_agreement": 0.8
      }
    }
  },
  "two_wiki_answer_type_confusion": {
    "dense-adapter-disabled-control": {
      "labels": [
        "yes",
        "no",
        "entity",
        "abstain"
      ],
      "rows_are_reference_columns_are_prediction": {
        "yes": {
          "yes": 1,
          "no": 1,
          "entity": 0,
          "abstain": 0
        },
        "no": {
          "yes": 0,
          "no": 2,
          "entity": 0,
          "abstain": 0
        },
        "entity": {
          "yes": 0,
          "no": 0,
          "entity": 26,
          "abstain": 0
        },
        "abstain": {
          "yes": 0,
          "no": 0,
          "entity": 0,
          "abstain": 0
        }
      },
      "samples": 30
    },
    "q16-adapter-disabled-control": {
      "labels": [
        "yes",
        "no",
        "entity",
        "abstain"
      ],
      "rows_are_reference_columns_are_prediction": {
        "yes": {
          "yes": 2,
          "no": 0,
          "entity": 0,
          "abstain": 0
        },
        "no": {
          "yes": 0,
          "no": 2,
          "entity": 0,
          "abstain": 0
        },
        "entity": {
          "yes": 0,
          "no": 0,
          "entity": 26,
          "abstain": 0
        },
        "abstain": {
          "yes": 0,
          "no": 0,
          "entity": 0,
          "abstain": 0
        }
      },
      "samples": 30
    },
    "frozen-static-adapter-disabled": {
      "labels": [
        "yes",
        "no",
        "entity",
        "abstain"
      ],
      "rows_are_reference_columns_are_prediction": {
        "yes": {
          "yes": 2,
          "no": 0,
          "entity": 0,
          "abstain": 0
        },
        "no": {
          "yes": 0,
          "no": 2,
          "entity": 0,
          "abstain": 0
        },
        "entity": {
          "yes": 0,
          "no": 0,
          "entity": 26,
          "abstain": 0
        },
        "abstain": {
          "yes": 0,
          "no": 0,
          "entity": 0,
          "abstain": 0
        }
      },
      "samples": 30
    },
    "frozen-static-answer-lora-step0": {
      "labels": [
        "yes",
        "no",
        "entity",
        "abstain"
      ],
      "rows_are_reference_columns_are_prediction": {
        "yes": {
          "yes": 1,
          "no": 1,
          "entity": 0,
          "abstain": 0
        },
        "no": {
          "yes": 0,
          "no": 2,
          "entity": 0,
          "abstain": 0
        },
        "entity": {
          "yes": 0,
          "no": 0,
          "entity": 26,
          "abstain": 0
        },
        "abstain": {
          "yes": 0,
          "no": 0,
          "entity": 0,
          "abstain": 0
        }
      },
      "samples": 30
    },
    "frozen-static-answer-lora-step64": {
      "labels": [
        "yes",
        "no",
        "entity",
        "abstain"
      ],
      "rows_are_reference_columns_are_prediction": {
        "yes": {
          "yes": 2,
          "no": 0,
          "entity": 0,
          "abstain": 0
        },
        "no": {
          "yes": 0,
          "no": 2,
          "entity": 0,
          "abstain": 0
        },
        "entity": {
          "yes": 0,
          "no": 0,
          "entity": 26,
          "abstain": 0
        },
        "abstain": {
          "yes": 0,
          "no": 0,
          "entity": 0,
          "abstain": 0
        }
      },
      "samples": 30
    },
    "frozen-static-answer-lora-step128": {
      "labels": [
        "yes",
        "no",
        "entity",
        "abstain"
      ],
      "rows_are_reference_columns_are_prediction": {
        "yes": {
          "yes": 2,
          "no": 0,
          "entity": 0,
          "abstain": 0
        },
        "no": {
          "yes": 0,
          "no": 2,
          "entity": 0,
          "abstain": 0
        },
        "entity": {
          "yes": 0,
          "no": 0,
          "entity": 26,
          "abstain": 0
        },
        "abstain": {
          "yes": 0,
          "no": 0,
          "entity": 0,
          "abstain": 0
        }
      },
      "samples": 30
    }
  },
  "two_wiki_step_vs_disabled_type_transition": {
    "0": {
      "rows_are_disabled_prediction_columns_are_selected_prediction": {
        "yes": {
          "yes": 1,
          "no": 1,
          "entity": 0,
          "abstain": 0
        },
        "no": {
          "yes": 0,
          "no": 2,
          "entity": 0,
          "abstain": 0
        },
        "entity": {
          "yes": 0,
          "no": 0,
          "entity": 26,
          "abstain": 0
        },
        "abstain": {
          "yes": 0,
          "no": 0,
          "entity": 0,
          "abstain": 0
        }
      },
      "samples": 30,
      "prediction_text_changed": 5,
      "prediction_type_changed": 1,
      "reference_yes": {
        "samples": 2,
        "disabled_prediction_types": {
          "yes": 2,
          "no": 0,
          "entity": 0,
          "abstain": 0
        },
        "selected_prediction_types": {
          "yes": 1,
          "no": 1,
          "entity": 0,
          "abstain": 0
        }
      },
      "purpose": "audit the previously observed yes-to-no failure mode"
    },
    "64": {
      "rows_are_disabled_prediction_columns_are_selected_prediction": {
        "yes": {
          "yes": 2,
          "no": 0,
          "entity": 0,
          "abstain": 0
        },
        "no": {
          "yes": 0,
          "no": 2,
          "entity": 0,
          "abstain": 0
        },
        "entity": {
          "yes": 0,
          "no": 0,
          "entity": 26,
          "abstain": 0
        },
        "abstain": {
          "yes": 0,
          "no": 0,
          "entity": 0,
          "abstain": 0
        }
      },
      "samples": 30,
      "prediction_text_changed": 6,
      "prediction_type_changed": 0,
      "reference_yes": {
        "samples": 2,
        "disabled_prediction_types": {
          "yes": 2,
          "no": 0,
          "entity": 0,
          "abstain": 0
        },
        "selected_prediction_types": {
          "yes": 2,
          "no": 0,
          "entity": 0,
          "abstain": 0
        }
      },
      "purpose": "audit the previously observed yes-to-no failure mode"
    },
    "128": {
      "rows_are_disabled_prediction_columns_are_selected_prediction": {
        "yes": {
          "yes": 2,
          "no": 0,
          "entity": 0,
          "abstain": 0
        },
        "no": {
          "yes": 0,
          "no": 2,
          "entity": 0,
          "abstain": 0
        },
        "entity": {
          "yes": 0,
          "no": 0,
          "entity": 26,
          "abstain": 0
        },
        "abstain": {
          "yes": 0,
          "no": 0,
          "entity": 0,
          "abstain": 0
        }
      },
      "samples": 30,
      "prediction_text_changed": 6,
      "prediction_type_changed": 0,
      "reference_yes": {
        "samples": 2,
        "disabled_prediction_types": {
          "yes": 2,
          "no": 0,
          "entity": 0,
          "abstain": 0
        },
        "selected_prediction_types": {
          "yes": 2,
          "no": 0,
          "entity": 0,
          "abstain": 0
        }
      },
      "purpose": "audit the previously observed yes-to-no failure mode"
    }
  },
  "two_wiki_selected_vs_disabled_type_transition": {
    "rows_are_disabled_prediction_columns_are_selected_prediction": {
      "yes": {
        "yes": 2,
        "no": 0,
        "entity": 0,
        "abstain": 0
      },
      "no": {
        "yes": 0,
        "no": 2,
        "entity": 0,
        "abstain": 0
      },
      "entity": {
        "yes": 0,
        "no": 0,
        "entity": 26,
        "abstain": 0
      },
      "abstain": {
        "yes": 0,
        "no": 0,
        "entity": 0,
        "abstain": 0
      }
    },
    "samples": 30,
    "prediction_text_changed": 6,
    "prediction_type_changed": 0,
    "reference_yes": {
      "samples": 2,
      "disabled_prediction_types": {
        "yes": 2,
        "no": 0,
        "entity": 0,
        "abstain": 0
      },
      "selected_prediction_types": {
        "yes": 2,
        "no": 0,
        "entity": 0,
        "abstain": 0
      }
    },
    "purpose": "audit the previously observed yes-to-no failure mode"
  },
  "protocol": {
    "same_model_process_per_rank": true,
    "same_full_state_caller": true,
    "same_prompt": "longbench-v1-official",
    "same_decoding": "greedy_argmax",
    "paired_examples": true,
    "bootstrap_seed": 20260814,
    "bootstrap_repetitions": 10000,
    "checkpoint_frozen_before_validation_read": true,
    "all_checkpoint_steps_evaluated_regardless_of_validation": true,
    "heldout_selected_alias_reuses_one_of_step_0_64_128_forwards": true,
    "same_8_gpu_job_after_training_stage": true
  },
  "claim_boundaries": {
    "downstream_is_post_selection_attribution_only": true,
    "validation_already_consumed": true,
    "validation_may_select_checkpoint_or_policy": false,
    "validation_step_trajectory_may_reselect_heldout_checkpoint": false,
    "raw_test_v2_read": false,
    "test_v2_source_indices_68_99_used": false,
    "inference_only_after_training": true,
    "q4_q8_q16_apply_to_persistent_document_state_not_model_weights": true,
    "dense_control_has_resident_disabled_adapter": true,
    "shared_adapter_overhead_is_separate_from_per_document_state": true,
    "shared_adapter_overhead_bytes": 106758144,
    "shared_adapter_overhead_mib": 101.8125
  }
}
