[transformers] The fast path is not available because one of the required library is not installed. Falling back to torch implementation. To install follow https://github.com/fla-org/flash-linear-attention#installation and https://github.com/Dao-AILab/causal-conv1d

Loading weights:   0%|          | 0/1026 [00:00<?, ?it/s][ALoading weights: 100%|██████████| 1026/1026 [00:00<00:00, 11456.86it/s]
{"config": "dense", "dataset": "qasper", "source_index": 13, "f1": 0.0, "generated_tokens": 3, "ttft_seconds": 1.0801750230020843, "persistent_mib": null}
{"config": "dense", "dataset": "qasper", "source_index": 21, "f1": 0.14285714285714285, "generated_tokens": 24, "ttft_seconds": 0.6458402989956085, "persistent_mib": null}
{"config": "dense", "dataset": "qasper", "source_index": 29, "f1": 0.6666666666666666, "generated_tokens": 6, "ttft_seconds": 0.6432519529771525, "persistent_mib": null}
{"config": "dense", "dataset": "2wikimqa", "source_index": 7, "f1": 0.0, "generated_tokens": 2, "ttft_seconds": 0.64318878899212, "persistent_mib": null}
{"config": "dense", "dataset": "2wikimqa", "source_index": 15, "f1": 0.0, "generated_tokens": 2, "ttft_seconds": 0.6469345910008997, "persistent_mib": null}
{"config": "dense", "dataset": "2wikimqa", "source_index": 23, "f1": 1.0, "generated_tokens": 5, "ttft_seconds": 0.6538245579868089, "persistent_mib": null}
{"config": "dense", "dataset": "2wikimqa", "source_index": 31, "f1": 0.6666666666666666, "generated_tokens": 4, "ttft_seconds": 0.7029769469809253, "persistent_mib": null}
SAVED /mnt/tidal-alsh-hilab/dataset/diandian/user/liuhanzuo/indep-bench_assets/runs/qcomem/answer-supervised-native-lora-b-20260814a/downstream/answer-downstream-shard-7-dense-adapter-disabled-control.json
{"config": "replay-d7-layer-q16", "dataset": "qasper", "source_index": 13, "f1": 0.0, "generated_tokens": 3, "ttft_seconds": 0.7212348929897416, "persistent_mib": 35.806640625}
{"config": "replay-d7-layer-q16", "dataset": "qasper", "source_index": 21, "f1": 0.14285714285714285, "generated_tokens": 24, "ttft_seconds": 0.6999466739944182, "persistent_mib": 35.783203125}
{"config": "replay-d7-layer-q16", "dataset": "qasper", "source_index": 29, "f1": 0.6666666666666666, "generated_tokens": 6, "ttft_seconds": 0.6626178830047138, "persistent_mib": 35.806640625}
{"config": "replay-d7-layer-q16", "dataset": "2wikimqa", "source_index": 7, "f1": 0.0, "generated_tokens": 2, "ttft_seconds": 0.7109642350114882, "persistent_mib": 36.09375}
{"config": "replay-d7-layer-q16", "dataset": "2wikimqa", "source_index": 15, "f1": 0.0, "generated_tokens": 2, "ttft_seconds": 0.7075252890062984, "persistent_mib": 36.08203125}
{"config": "replay-d7-layer-q16", "dataset": "2wikimqa", "source_index": 23, "f1": 1.0, "generated_tokens": 5, "ttft_seconds": 0.699828779004747, "persistent_mib": 36.05859375}
{"config": "replay-d7-layer-q16", "dataset": "2wikimqa", "source_index": 31, "f1": 0.6666666666666666, "generated_tokens": 4, "ttft_seconds": 0.6986603499972261, "persistent_mib": 36.099609375}
SAVED /mnt/tidal-alsh-hilab/dataset/diandian/user/liuhanzuo/indep-bench_assets/runs/qcomem/answer-supervised-native-lora-b-20260814a/downstream/answer-downstream-shard-7-q16-adapter-disabled-control.json
{"config": "replay-d7-frozen-static", "dataset": "qasper", "source_index": 13, "f1": 0.0, "generated_tokens": 3, "ttft_seconds": 0.6639457440178376, "persistent_mib": 9.97686767578125}
{"config": "replay-d7-frozen-static", "dataset": "qasper", "source_index": 21, "f1": 0.15384615384615385, "generated_tokens": 22, "ttft_seconds": 0.663532906997716, "persistent_mib": 9.97027587890625}
{"config": "replay-d7-frozen-static", "dataset": "qasper", "source_index": 29, "f1": 0.6666666666666666, "generated_tokens": 6, "ttft_seconds": 0.6643395069986582, "persistent_mib": 9.97686767578125}
{"config": "replay-d7-frozen-static", "dataset": "2wikimqa", "source_index": 7, "f1": 0.0, "generated_tokens": 2, "ttft_seconds": 0.6639803959988058, "persistent_mib": 10.0576171875}
{"config": "replay-d7-frozen-static", "dataset": "2wikimqa", "source_index": 15, "f1": 0.0, "generated_tokens": 3, "ttft_seconds": 0.664028708008118, "persistent_mib": 10.0543212890625}
{"config": "replay-d7-frozen-static", "dataset": "2wikimqa", "source_index": 23, "f1": 1.0, "generated_tokens": 5, "ttft_seconds": 0.6628949139849283, "persistent_mib": 10.0477294921875}
{"config": "replay-d7-frozen-static", "dataset": "2wikimqa", "source_index": 31, "f1": 0.6666666666666666, "generated_tokens": 4, "ttft_seconds": 0.6639092370169237, "persistent_mib": 10.05926513671875}
SAVED /mnt/tidal-alsh-hilab/dataset/diandian/user/liuhanzuo/indep-bench_assets/runs/qcomem/answer-supervised-native-lora-b-20260814a/downstream/answer-downstream-shard-7-frozen-static-adapter-disabled.json
{"config": "replay-d7-frozen-static", "dataset": "qasper", "source_index": 13, "f1": 0.0, "generated_tokens": 3, "ttft_seconds": 0.7171012529870495, "persistent_mib": 9.97686767578125}
{"config": "replay-d7-frozen-static", "dataset": "qasper", "source_index": 21, "f1": 0.16666666666666663, "generated_tokens": 25, "ttft_seconds": 0.7060145180148538, "persistent_mib": 9.97027587890625}
{"config": "replay-d7-frozen-static", "dataset": "qasper", "source_index": 29, "f1": 0.6666666666666666, "generated_tokens": 6, "ttft_seconds": 0.70629175400245, "persistent_mib": 9.97686767578125}
{"config": "replay-d7-frozen-static", "dataset": "2wikimqa", "source_index": 7, "f1": 0.0, "generated_tokens": 8, "ttft_seconds": 0.7089506289921701, "persistent_mib": 10.0576171875}
{"config": "replay-d7-frozen-static", "dataset": "2wikimqa", "source_index": 15, "f1": 0.0, "generated_tokens": 3, "ttft_seconds": 0.7126730070158374, "persistent_mib": 10.0543212890625}
{"config": "replay-d7-frozen-static", "dataset": "2wikimqa", "source_index": 23, "f1": 1.0, "generated_tokens": 5, "ttft_seconds": 0.7064567169873044, "persistent_mib": 10.0477294921875}
{"config": "replay-d7-frozen-static", "dataset": "2wikimqa", "source_index": 31, "f1": 0.6666666666666666, "generated_tokens": 4, "ttft_seconds": 0.7066721380106173, "persistent_mib": 10.05926513671875}
SAVED /mnt/tidal-alsh-hilab/dataset/diandian/user/liuhanzuo/indep-bench_assets/runs/qcomem/answer-supervised-native-lora-b-20260814a/downstream/answer-downstream-shard-7-frozen-static-answer-lora-step0.json
{"config": "replay-d7-frozen-static", "dataset": "qasper", "source_index": 13, "f1": 0.0, "generated_tokens": 3, "ttft_seconds": 0.7083406239980832, "persistent_mib": 9.97686767578125}
{"config": "replay-d7-frozen-static", "dataset": "qasper", "source_index": 21, "f1": 0.16666666666666663, "generated_tokens": 25, "ttft_seconds": 0.7056192650052253, "persistent_mib": 9.97027587890625}
{"config": "replay-d7-frozen-static", "dataset": "qasper", "source_index": 29, "f1": 0.6666666666666666, "generated_tokens": 6, "ttft_seconds": 0.7062807100010104, "persistent_mib": 9.97686767578125}
{"config": "replay-d7-frozen-static", "dataset": "2wikimqa", "source_index": 7, "f1": 0.0, "generated_tokens": 4, "ttft_seconds": 0.7073002349934541, "persistent_mib": 10.0576171875}
{"config": "replay-d7-frozen-static", "dataset": "2wikimqa", "source_index": 15, "f1": 0.0, "generated_tokens": 3, "ttft_seconds": 0.7101919960114174, "persistent_mib": 10.0543212890625}
{"config": "replay-d7-frozen-static", "dataset": "2wikimqa", "source_index": 23, "f1": 1.0, "generated_tokens": 5, "ttft_seconds": 0.7113970549835358, "persistent_mib": 10.0477294921875}
{"config": "replay-d7-frozen-static", "dataset": "2wikimqa", "source_index": 31, "f1": 0.6666666666666666, "generated_tokens": 4, "ttft_seconds": 0.7068306329892948, "persistent_mib": 10.05926513671875}
SAVED /mnt/tidal-alsh-hilab/dataset/diandian/user/liuhanzuo/indep-bench_assets/runs/qcomem/answer-supervised-native-lora-b-20260814a/downstream/answer-downstream-shard-7-frozen-static-answer-lora-step64.json
{"config": "replay-d7-frozen-static", "dataset": "qasper", "source_index": 13, "f1": 0.0, "generated_tokens": 3, "ttft_seconds": 0.7056924540083855, "persistent_mib": 9.97686767578125}
{"config": "replay-d7-frozen-static", "dataset": "qasper", "source_index": 21, "f1": 0.16666666666666663, "generated_tokens": 25, "ttft_seconds": 0.7065580500056967, "persistent_mib": 9.97027587890625}
{"config": "replay-d7-frozen-static", "dataset": "qasper", "source_index": 29, "f1": 0.6666666666666666, "generated_tokens": 6, "ttft_seconds": 0.7064932890061755, "persistent_mib": 9.97686767578125}
{"config": "replay-d7-frozen-static", "dataset": "2wikimqa", "source_index": 7, "f1": 0.0, "generated_tokens": 1, "ttft_seconds": 0.707053484977223, "persistent_mib": 10.0576171875}
{"config": "replay-d7-frozen-static", "dataset": "2wikimqa", "source_index": 15, "f1": 0.0, "generated_tokens": 3, "ttft_seconds": 0.709078159998171, "persistent_mib": 10.0543212890625}
{"config": "replay-d7-frozen-static", "dataset": "2wikimqa", "source_index": 23, "f1": 1.0, "generated_tokens": 5, "ttft_seconds": 0.7088253809779417, "persistent_mib": 10.0477294921875}
{"config": "replay-d7-frozen-static", "dataset": "2wikimqa", "source_index": 31, "f1": 0.6666666666666666, "generated_tokens": 4, "ttft_seconds": 0.7073068890022114, "persistent_mib": 10.05926513671875}
SAVED /mnt/tidal-alsh-hilab/dataset/diandian/user/liuhanzuo/indep-bench_assets/runs/qcomem/answer-supervised-native-lora-b-20260814a/downstream/answer-downstream-shard-7-frozen-static-answer-lora-step128.json
