[transformers] The fast path is not available because one of the required library is not installed. Falling back to torch implementation. To install follow https://github.com/fla-org/flash-linear-attention#installation and https://github.com/Dao-AILab/causal-conv1d

Loading weights:   0%|          | 0/1026 [00:00<?, ?it/s][A
Loading weights:  81%|████████  | 833/1026 [00:00<00:00, 8306.68it/s][ALoading weights: 100%|██████████| 1026/1026 [00:00<00:00, 8301.66it/s]
{"config": "dense", "dataset": "qasper", "source_index": 9, "f1": 0.45161290322580644, "generated_tokens": 33, "ttft_seconds": 2.302952539990656, "persistent_mib": null}
{"config": "dense", "dataset": "qasper", "source_index": 17, "f1": 0.75, "generated_tokens": 9, "ttft_seconds": 0.6443982329801656, "persistent_mib": null}
{"config": "dense", "dataset": "qasper", "source_index": 25, "f1": 1.0, "generated_tokens": 3, "ttft_seconds": 0.6430570619995706, "persistent_mib": null}
{"config": "dense", "dataset": "qasper", "source_index": 33, "f1": 0.0, "generated_tokens": 3, "ttft_seconds": 0.6422830850060564, "persistent_mib": null}
{"config": "dense", "dataset": "2wikimqa", "source_index": 11, "f1": 0.3333333333333333, "generated_tokens": 5, "ttft_seconds": 0.6439873889903538, "persistent_mib": null}
{"config": "dense", "dataset": "2wikimqa", "source_index": 19, "f1": 1.0, "generated_tokens": 3, "ttft_seconds": 0.6485549240023829, "persistent_mib": null}
{"config": "dense", "dataset": "2wikimqa", "source_index": 27, "f1": 1.0, "generated_tokens": 1, "ttft_seconds": 0.6443273790064268, "persistent_mib": null}
{"config": "dense", "dataset": "2wikimqa", "source_index": 35, "f1": 0.8, "generated_tokens": 5, "ttft_seconds": 0.6456856990116648, "persistent_mib": null}
SAVED /mnt/tidal-alsh-hilab/dataset/diandian/user/liuhanzuo/indep-bench_assets/runs/qcomem/answer-supervised-native-lora-b-20260814a/downstream/answer-downstream-shard-3-dense-adapter-disabled-control.json
{"config": "replay-d7-layer-q16", "dataset": "qasper", "source_index": 9, "f1": 0.45161290322580644, "generated_tokens": 33, "ttft_seconds": 0.7136215410137083, "persistent_mib": 35.8125}
{"config": "replay-d7-layer-q16", "dataset": "qasper", "source_index": 17, "f1": 0.75, "generated_tokens": 9, "ttft_seconds": 0.7132570190005936, "persistent_mib": 35.80078125}
{"config": "replay-d7-layer-q16", "dataset": "qasper", "source_index": 25, "f1": 1.0, "generated_tokens": 3, "ttft_seconds": 0.659661011013668, "persistent_mib": 35.80078125}
{"config": "replay-d7-layer-q16", "dataset": "qasper", "source_index": 33, "f1": 0.0, "generated_tokens": 3, "ttft_seconds": 0.6608742120151874, "persistent_mib": 35.8125}
{"config": "replay-d7-layer-q16", "dataset": "2wikimqa", "source_index": 11, "f1": 0.3333333333333333, "generated_tokens": 5, "ttft_seconds": 0.7040995019779075, "persistent_mib": 36.064453125}
{"config": "replay-d7-layer-q16", "dataset": "2wikimqa", "source_index": 19, "f1": 1.0, "generated_tokens": 3, "ttft_seconds": 0.6963339200010523, "persistent_mib": 36.076171875}
{"config": "replay-d7-layer-q16", "dataset": "2wikimqa", "source_index": 27, "f1": 1.0, "generated_tokens": 1, "ttft_seconds": 0.6954817399964668, "persistent_mib": 36.0703125}
{"config": "replay-d7-layer-q16", "dataset": "2wikimqa", "source_index": 35, "f1": 0.8, "generated_tokens": 5, "ttft_seconds": 0.6598554930242244, "persistent_mib": 36.0703125}
SAVED /mnt/tidal-alsh-hilab/dataset/diandian/user/liuhanzuo/indep-bench_assets/runs/qcomem/answer-supervised-native-lora-b-20260814a/downstream/answer-downstream-shard-3-q16-adapter-disabled-control.json
{"config": "replay-d7-frozen-static", "dataset": "qasper", "source_index": 9, "f1": 0.45161290322580644, "generated_tokens": 33, "ttft_seconds": 0.6626334500033408, "persistent_mib": 9.978515625}
{"config": "replay-d7-frozen-static", "dataset": "qasper", "source_index": 17, "f1": 0.75, "generated_tokens": 9, "ttft_seconds": 0.6602271670126356, "persistent_mib": 9.9752197265625}
{"config": "replay-d7-frozen-static", "dataset": "qasper", "source_index": 25, "f1": 1.0, "generated_tokens": 3, "ttft_seconds": 0.6616360459884163, "persistent_mib": 9.9752197265625}
{"config": "replay-d7-frozen-static", "dataset": "qasper", "source_index": 33, "f1": 0.0, "generated_tokens": 3, "ttft_seconds": 0.6628034639870748, "persistent_mib": 9.978515625}
{"config": "replay-d7-frozen-static", "dataset": "2wikimqa", "source_index": 11, "f1": 0.3333333333333333, "generated_tokens": 5, "ttft_seconds": 0.6596949769882485, "persistent_mib": 10.04937744140625}
{"config": "replay-d7-frozen-static", "dataset": "2wikimqa", "source_index": 19, "f1": 1.0, "generated_tokens": 3, "ttft_seconds": 0.6612622929969802, "persistent_mib": 10.05267333984375}
{"config": "replay-d7-frozen-static", "dataset": "2wikimqa", "source_index": 27, "f1": 1.0, "generated_tokens": 1, "ttft_seconds": 0.6610295969876461, "persistent_mib": 10.051025390625}
{"config": "replay-d7-frozen-static", "dataset": "2wikimqa", "source_index": 35, "f1": 0.8, "generated_tokens": 5, "ttft_seconds": 0.6615729690238368, "persistent_mib": 10.051025390625}
SAVED /mnt/tidal-alsh-hilab/dataset/diandian/user/liuhanzuo/indep-bench_assets/runs/qcomem/answer-supervised-native-lora-b-20260814a/downstream/answer-downstream-shard-3-frozen-static-adapter-disabled.json
{"config": "replay-d7-frozen-static", "dataset": "qasper", "source_index": 9, "f1": 0.45161290322580644, "generated_tokens": 33, "ttft_seconds": 0.7139316959946882, "persistent_mib": 9.978515625}
{"config": "replay-d7-frozen-static", "dataset": "qasper", "source_index": 17, "f1": 0.75, "generated_tokens": 9, "ttft_seconds": 0.7041620439849794, "persistent_mib": 9.9752197265625}
{"config": "replay-d7-frozen-static", "dataset": "qasper", "source_index": 25, "f1": 1.0, "generated_tokens": 3, "ttft_seconds": 0.7050109489937313, "persistent_mib": 9.9752197265625}
{"config": "replay-d7-frozen-static", "dataset": "qasper", "source_index": 33, "f1": 0.0, "generated_tokens": 3, "ttft_seconds": 0.7052661349880509, "persistent_mib": 9.978515625}
{"config": "replay-d7-frozen-static", "dataset": "2wikimqa", "source_index": 11, "f1": 0.3333333333333333, "generated_tokens": 5, "ttft_seconds": 0.7049112130189314, "persistent_mib": 10.04937744140625}
{"config": "replay-d7-frozen-static", "dataset": "2wikimqa", "source_index": 19, "f1": 1.0, "generated_tokens": 3, "ttft_seconds": 0.7059502449992578, "persistent_mib": 10.05267333984375}
{"config": "replay-d7-frozen-static", "dataset": "2wikimqa", "source_index": 27, "f1": 0.0, "generated_tokens": 1, "ttft_seconds": 0.7032979129871819, "persistent_mib": 10.051025390625}
{"config": "replay-d7-frozen-static", "dataset": "2wikimqa", "source_index": 35, "f1": 0.8, "generated_tokens": 5, "ttft_seconds": 0.7041944070078898, "persistent_mib": 10.051025390625}
SAVED /mnt/tidal-alsh-hilab/dataset/diandian/user/liuhanzuo/indep-bench_assets/runs/qcomem/answer-supervised-native-lora-b-20260814a/downstream/answer-downstream-shard-3-frozen-static-answer-lora-step0.json
{"config": "replay-d7-frozen-static", "dataset": "qasper", "source_index": 9, "f1": 0.4117647058823529, "generated_tokens": 35, "ttft_seconds": 0.7063235879759304, "persistent_mib": 9.978515625}
{"config": "replay-d7-frozen-static", "dataset": "qasper", "source_index": 17, "f1": 0.75, "generated_tokens": 9, "ttft_seconds": 0.7038945270178374, "persistent_mib": 9.9752197265625}
{"config": "replay-d7-frozen-static", "dataset": "qasper", "source_index": 25, "f1": 1.0, "generated_tokens": 3, "ttft_seconds": 0.70562831001007, "persistent_mib": 9.9752197265625}
{"config": "replay-d7-frozen-static", "dataset": "qasper", "source_index": 33, "f1": 0.0, "generated_tokens": 3, "ttft_seconds": 0.7275757120223716, "persistent_mib": 9.978515625}
{"config": "replay-d7-frozen-static", "dataset": "2wikimqa", "source_index": 11, "f1": 0.3333333333333333, "generated_tokens": 5, "ttft_seconds": 0.7046108969952911, "persistent_mib": 10.04937744140625}
{"config": "replay-d7-frozen-static", "dataset": "2wikimqa", "source_index": 19, "f1": 1.0, "generated_tokens": 3, "ttft_seconds": 0.7036972540081479, "persistent_mib": 10.05267333984375}
{"config": "replay-d7-frozen-static", "dataset": "2wikimqa", "source_index": 27, "f1": 1.0, "generated_tokens": 1, "ttft_seconds": 0.7045990269980393, "persistent_mib": 10.051025390625}
{"config": "replay-d7-frozen-static", "dataset": "2wikimqa", "source_index": 35, "f1": 0.8, "generated_tokens": 5, "ttft_seconds": 0.7041612730245106, "persistent_mib": 10.051025390625}
SAVED /mnt/tidal-alsh-hilab/dataset/diandian/user/liuhanzuo/indep-bench_assets/runs/qcomem/answer-supervised-native-lora-b-20260814a/downstream/answer-downstream-shard-3-frozen-static-answer-lora-step64.json
{"config": "replay-d7-frozen-static", "dataset": "qasper", "source_index": 9, "f1": 0.4117647058823529, "generated_tokens": 35, "ttft_seconds": 0.7059330590127502, "persistent_mib": 9.978515625}
{"config": "replay-d7-frozen-static", "dataset": "qasper", "source_index": 17, "f1": 0.75, "generated_tokens": 9, "ttft_seconds": 0.7369142989919055, "persistent_mib": 9.9752197265625}
{"config": "replay-d7-frozen-static", "dataset": "qasper", "source_index": 25, "f1": 1.0, "generated_tokens": 3, "ttft_seconds": 0.7036875039921142, "persistent_mib": 9.9752197265625}
{"config": "replay-d7-frozen-static", "dataset": "qasper", "source_index": 33, "f1": 0.0, "generated_tokens": 3, "ttft_seconds": 0.7055942919978406, "persistent_mib": 9.978515625}
{"config": "replay-d7-frozen-static", "dataset": "2wikimqa", "source_index": 11, "f1": 0.3333333333333333, "generated_tokens": 5, "ttft_seconds": 0.7060915679903701, "persistent_mib": 10.04937744140625}
{"config": "replay-d7-frozen-static", "dataset": "2wikimqa", "source_index": 19, "f1": 1.0, "generated_tokens": 3, "ttft_seconds": 0.7038988969870843, "persistent_mib": 10.05267333984375}
{"config": "replay-d7-frozen-static", "dataset": "2wikimqa", "source_index": 27, "f1": 1.0, "generated_tokens": 1, "ttft_seconds": 0.7029540619987529, "persistent_mib": 10.051025390625}
{"config": "replay-d7-frozen-static", "dataset": "2wikimqa", "source_index": 35, "f1": 0.8, "generated_tokens": 5, "ttft_seconds": 0.7050989519921131, "persistent_mib": 10.051025390625}
SAVED /mnt/tidal-alsh-hilab/dataset/diandian/user/liuhanzuo/indep-bench_assets/runs/qcomem/answer-supervised-native-lora-b-20260814a/downstream/answer-downstream-shard-3-frozen-static-answer-lora-step128.json
