[transformers] The fast path is not available because one of the required library is not installed. Falling back to torch implementation. To install follow https://github.com/fla-org/flash-linear-attention#installation and https://github.com/Dao-AILab/causal-conv1d

Loading weights:   0%|          | 0/1026 [00:00<?, ?it/s][ALoading weights: 100%|██████████| 1026/1026 [00:00<00:00, 11492.23it/s]
{"config": "dense", "dataset": "qasper", "source_index": 11, "f1": 1.0, "generated_tokens": 1, "ttft_seconds": 1.0284475439984817, "persistent_mib": null}
{"config": "dense", "dataset": "qasper", "source_index": 19, "f1": 0.5185185185185186, "generated_tokens": 46, "ttft_seconds": 0.6826999270124361, "persistent_mib": null}
{"config": "dense", "dataset": "qasper", "source_index": 27, "f1": 1.0, "generated_tokens": 1, "ttft_seconds": 0.643541961995652, "persistent_mib": null}
{"config": "dense", "dataset": "qasper", "source_index": 35, "f1": 0.0, "generated_tokens": 6, "ttft_seconds": 0.6432884180103429, "persistent_mib": null}
{"config": "dense", "dataset": "2wikimqa", "source_index": 13, "f1": 0.0, "generated_tokens": 8, "ttft_seconds": 0.6439925119921099, "persistent_mib": null}
{"config": "dense", "dataset": "2wikimqa", "source_index": 21, "f1": 1.0, "generated_tokens": 7, "ttft_seconds": 0.6448043160198722, "persistent_mib": null}
{"config": "dense", "dataset": "2wikimqa", "source_index": 29, "f1": 0.0, "generated_tokens": 5, "ttft_seconds": 0.6576683860039338, "persistent_mib": null}
SAVED /mnt/tidal-alsh-hilab/dataset/diandian/user/liuhanzuo/indep-bench_assets/runs/qcomem/answer-supervised-native-lora-b-20260814a/downstream/answer-downstream-shard-5-dense-adapter-disabled-control.json
{"config": "replay-d7-layer-q16", "dataset": "qasper", "source_index": 11, "f1": 1.0, "generated_tokens": 1, "ttft_seconds": 0.6992661920085084, "persistent_mib": 31.1484375}
{"config": "replay-d7-layer-q16", "dataset": "qasper", "source_index": 19, "f1": 0.5957446808510638, "generated_tokens": 34, "ttft_seconds": 0.7039795519958716, "persistent_mib": 35.818359375}
{"config": "replay-d7-layer-q16", "dataset": "qasper", "source_index": 27, "f1": 1.0, "generated_tokens": 1, "ttft_seconds": 0.7003486540052108, "persistent_mib": 35.783203125}
{"config": "replay-d7-layer-q16", "dataset": "qasper", "source_index": 35, "f1": 0.0, "generated_tokens": 6, "ttft_seconds": 0.6620081590081099, "persistent_mib": 35.818359375}
{"config": "replay-d7-layer-q16", "dataset": "2wikimqa", "source_index": 13, "f1": 0.0, "generated_tokens": 8, "ttft_seconds": 0.7084085530077573, "persistent_mib": 36.08203125}
{"config": "replay-d7-layer-q16", "dataset": "2wikimqa", "source_index": 21, "f1": 1.0, "generated_tokens": 7, "ttft_seconds": 0.6984496539807878, "persistent_mib": 36.0703125}
{"config": "replay-d7-layer-q16", "dataset": "2wikimqa", "source_index": 29, "f1": 0.0, "generated_tokens": 5, "ttft_seconds": 0.6620913130172994, "persistent_mib": 36.0703125}
SAVED /mnt/tidal-alsh-hilab/dataset/diandian/user/liuhanzuo/indep-bench_assets/runs/qcomem/answer-supervised-native-lora-b-20260814a/downstream/answer-downstream-shard-5-q16-adapter-disabled-control.json
{"config": "replay-d7-frozen-static", "dataset": "qasper", "source_index": 11, "f1": 1.0, "generated_tokens": 1, "ttft_seconds": 0.5772178120096214, "persistent_mib": 8.666748046875}
{"config": "replay-d7-frozen-static", "dataset": "qasper", "source_index": 19, "f1": 0.5185185185185186, "generated_tokens": 46, "ttft_seconds": 0.6686609190073796, "persistent_mib": 9.98016357421875}
{"config": "replay-d7-frozen-static", "dataset": "qasper", "source_index": 27, "f1": 1.0, "generated_tokens": 1, "ttft_seconds": 0.6635307789838407, "persistent_mib": 9.97027587890625}
{"config": "replay-d7-frozen-static", "dataset": "qasper", "source_index": 35, "f1": 0.0, "generated_tokens": 6, "ttft_seconds": 0.6650825209799223, "persistent_mib": 9.98016357421875}
{"config": "replay-d7-frozen-static", "dataset": "2wikimqa", "source_index": 13, "f1": 0.0, "generated_tokens": 8, "ttft_seconds": 0.6646919730119407, "persistent_mib": 10.0543212890625}
{"config": "replay-d7-frozen-static", "dataset": "2wikimqa", "source_index": 21, "f1": 1.0, "generated_tokens": 7, "ttft_seconds": 0.664101466012653, "persistent_mib": 10.051025390625}
{"config": "replay-d7-frozen-static", "dataset": "2wikimqa", "source_index": 29, "f1": 0.0, "generated_tokens": 5, "ttft_seconds": 0.6778327799984254, "persistent_mib": 10.051025390625}
SAVED /mnt/tidal-alsh-hilab/dataset/diandian/user/liuhanzuo/indep-bench_assets/runs/qcomem/answer-supervised-native-lora-b-20260814a/downstream/answer-downstream-shard-5-frozen-static-adapter-disabled.json
{"config": "replay-d7-frozen-static", "dataset": "qasper", "source_index": 11, "f1": 1.0, "generated_tokens": 1, "ttft_seconds": 0.6263748159981333, "persistent_mib": 8.666748046875}
{"config": "replay-d7-frozen-static", "dataset": "qasper", "source_index": 19, "f1": 0.5185185185185186, "generated_tokens": 46, "ttft_seconds": 0.7064157809945755, "persistent_mib": 9.98016357421875}
{"config": "replay-d7-frozen-static", "dataset": "qasper", "source_index": 27, "f1": 1.0, "generated_tokens": 1, "ttft_seconds": 0.7101452609931584, "persistent_mib": 9.97027587890625}
{"config": "replay-d7-frozen-static", "dataset": "qasper", "source_index": 35, "f1": 0.0, "generated_tokens": 6, "ttft_seconds": 0.7112921809894033, "persistent_mib": 9.98016357421875}
{"config": "replay-d7-frozen-static", "dataset": "2wikimqa", "source_index": 13, "f1": 1.0, "generated_tokens": 8, "ttft_seconds": 0.7080866080068517, "persistent_mib": 10.0543212890625}
{"config": "replay-d7-frozen-static", "dataset": "2wikimqa", "source_index": 21, "f1": 1.0, "generated_tokens": 7, "ttft_seconds": 0.7065517939918209, "persistent_mib": 10.051025390625}
{"config": "replay-d7-frozen-static", "dataset": "2wikimqa", "source_index": 29, "f1": 0.0, "generated_tokens": 5, "ttft_seconds": 0.7116213809931651, "persistent_mib": 10.051025390625}
SAVED /mnt/tidal-alsh-hilab/dataset/diandian/user/liuhanzuo/indep-bench_assets/runs/qcomem/answer-supervised-native-lora-b-20260814a/downstream/answer-downstream-shard-5-frozen-static-answer-lora-step0.json
{"config": "replay-d7-frozen-static", "dataset": "qasper", "source_index": 11, "f1": 1.0, "generated_tokens": 1, "ttft_seconds": 0.6143104700022377, "persistent_mib": 8.666748046875}
{"config": "replay-d7-frozen-static", "dataset": "qasper", "source_index": 19, "f1": 0.5106382978723404, "generated_tokens": 36, "ttft_seconds": 0.708231105003506, "persistent_mib": 9.98016357421875}
{"config": "replay-d7-frozen-static", "dataset": "qasper", "source_index": 27, "f1": 1.0, "generated_tokens": 1, "ttft_seconds": 0.7075567520223558, "persistent_mib": 9.97027587890625}
{"config": "replay-d7-frozen-static", "dataset": "qasper", "source_index": 35, "f1": 0.0, "generated_tokens": 6, "ttft_seconds": 0.7069444239896256, "persistent_mib": 9.98016357421875}
{"config": "replay-d7-frozen-static", "dataset": "2wikimqa", "source_index": 13, "f1": 0.0, "generated_tokens": 8, "ttft_seconds": 0.707567190984264, "persistent_mib": 10.0543212890625}
{"config": "replay-d7-frozen-static", "dataset": "2wikimqa", "source_index": 21, "f1": 1.0, "generated_tokens": 7, "ttft_seconds": 0.7093512220017146, "persistent_mib": 10.051025390625}
{"config": "replay-d7-frozen-static", "dataset": "2wikimqa", "source_index": 29, "f1": 0.0, "generated_tokens": 5, "ttft_seconds": 0.7077616179885808, "persistent_mib": 10.051025390625}
SAVED /mnt/tidal-alsh-hilab/dataset/diandian/user/liuhanzuo/indep-bench_assets/runs/qcomem/answer-supervised-native-lora-b-20260814a/downstream/answer-downstream-shard-5-frozen-static-answer-lora-step64.json
{"config": "replay-d7-frozen-static", "dataset": "qasper", "source_index": 11, "f1": 1.0, "generated_tokens": 1, "ttft_seconds": 0.6119139599904884, "persistent_mib": 8.666748046875}
{"config": "replay-d7-frozen-static", "dataset": "qasper", "source_index": 19, "f1": 0.5217391304347826, "generated_tokens": 35, "ttft_seconds": 0.7063806229853071, "persistent_mib": 9.98016357421875}
{"config": "replay-d7-frozen-static", "dataset": "qasper", "source_index": 27, "f1": 1.0, "generated_tokens": 1, "ttft_seconds": 0.7065061179746408, "persistent_mib": 9.97027587890625}
{"config": "replay-d7-frozen-static", "dataset": "qasper", "source_index": 35, "f1": 0.0, "generated_tokens": 6, "ttft_seconds": 0.7063909769931342, "persistent_mib": 9.98016357421875}
{"config": "replay-d7-frozen-static", "dataset": "2wikimqa", "source_index": 13, "f1": 0.0, "generated_tokens": 8, "ttft_seconds": 0.7064908620086499, "persistent_mib": 10.0543212890625}
{"config": "replay-d7-frozen-static", "dataset": "2wikimqa", "source_index": 21, "f1": 1.0, "generated_tokens": 7, "ttft_seconds": 0.7056033410190139, "persistent_mib": 10.051025390625}
{"config": "replay-d7-frozen-static", "dataset": "2wikimqa", "source_index": 29, "f1": 0.0, "generated_tokens": 5, "ttft_seconds": 0.7089004819863476, "persistent_mib": 10.051025390625}
SAVED /mnt/tidal-alsh-hilab/dataset/diandian/user/liuhanzuo/indep-bench_assets/runs/qcomem/answer-supervised-native-lora-b-20260814a/downstream/answer-downstream-shard-5-frozen-static-answer-lora-step128.json
