[transformers] The fast path is not available because one of the required library is not installed. Falling back to torch implementation. To install follow https://github.com/fla-org/flash-linear-attention#installation and https://github.com/Dao-AILab/causal-conv1d

Loading weights:   0%|          | 0/1026 [00:00<?, ?it/s][ALoading weights: 100%|██████████| 1026/1026 [00:00<00:00, 11176.71it/s]
{"config": "dense", "dataset": "qasper", "source_index": 7, "f1": 0.3333333333333333, "generated_tokens": 11, "ttft_seconds": 1.079936527996324, "persistent_mib": null}
{"config": "dense", "dataset": "qasper", "source_index": 15, "f1": 0.0, "generated_tokens": 3, "ttft_seconds": 0.6556404729781207, "persistent_mib": null}
{"config": "dense", "dataset": "qasper", "source_index": 23, "f1": 0.7692307692307693, "generated_tokens": 13, "ttft_seconds": 0.6410616229986772, "persistent_mib": null}
{"config": "dense", "dataset": "qasper", "source_index": 31, "f1": 0.14285714285714285, "generated_tokens": 17, "ttft_seconds": 0.6433158130093943, "persistent_mib": null}
{"config": "dense", "dataset": "2wikimqa", "source_index": 9, "f1": 1.0, "generated_tokens": 3, "ttft_seconds": 0.6680358939920552, "persistent_mib": null}
{"config": "dense", "dataset": "2wikimqa", "source_index": 17, "f1": 1.0, "generated_tokens": 1, "ttft_seconds": 0.6598260199825745, "persistent_mib": null}
{"config": "dense", "dataset": "2wikimqa", "source_index": 25, "f1": 1.0, "generated_tokens": 7, "ttft_seconds": 0.42680618399754167, "persistent_mib": null}
{"config": "dense", "dataset": "2wikimqa", "source_index": 33, "f1": 0.0, "generated_tokens": 1, "ttft_seconds": 0.6430749029968865, "persistent_mib": null}
SAVED /mnt/tidal-alsh-hilab/dataset/diandian/user/liuhanzuo/indep-bench_assets/runs/qcomem/answer-supervised-native-lora-b-20260814a/downstream/answer-downstream-shard-1-dense-adapter-disabled-control.json
{"config": "replay-d7-layer-q16", "dataset": "qasper", "source_index": 7, "f1": 0.3333333333333333, "generated_tokens": 11, "ttft_seconds": 0.7394577910017688, "persistent_mib": 35.806640625}
{"config": "replay-d7-layer-q16", "dataset": "qasper", "source_index": 15, "f1": 0.0, "generated_tokens": 3, "ttft_seconds": 1.2287092490005307, "persistent_mib": 35.82421875}
{"config": "replay-d7-layer-q16", "dataset": "qasper", "source_index": 23, "f1": 0.7692307692307693, "generated_tokens": 13, "ttft_seconds": 0.7031500549928751, "persistent_mib": 35.8125}
{"config": "replay-d7-layer-q16", "dataset": "qasper", "source_index": 31, "f1": 0.14285714285714285, "generated_tokens": 16, "ttft_seconds": 0.695451420993777, "persistent_mib": 35.80078125}
{"config": "replay-d7-layer-q16", "dataset": "2wikimqa", "source_index": 9, "f1": 1.0, "generated_tokens": 3, "ttft_seconds": 0.725140160007868, "persistent_mib": 36.08203125}
{"config": "replay-d7-layer-q16", "dataset": "2wikimqa", "source_index": 17, "f1": 1.0, "generated_tokens": 1, "ttft_seconds": 0.7081998669891618, "persistent_mib": 35.994140625}
{"config": "replay-d7-layer-q16", "dataset": "2wikimqa", "source_index": 25, "f1": 1.0, "generated_tokens": 7, "ttft_seconds": 0.442004631011514, "persistent_mib": 22.265625}
{"config": "replay-d7-layer-q16", "dataset": "2wikimqa", "source_index": 33, "f1": 1.0, "generated_tokens": 1, "ttft_seconds": 0.6985232769802678, "persistent_mib": 35.982421875}
SAVED /mnt/tidal-alsh-hilab/dataset/diandian/user/liuhanzuo/indep-bench_assets/runs/qcomem/answer-supervised-native-lora-b-20260814a/downstream/answer-downstream-shard-1-q16-adapter-disabled-control.json
{"config": "replay-d7-frozen-static", "dataset": "qasper", "source_index": 7, "f1": 0.3333333333333333, "generated_tokens": 11, "ttft_seconds": 0.658531185996253, "persistent_mib": 9.97686767578125}
{"config": "replay-d7-frozen-static", "dataset": "qasper", "source_index": 15, "f1": 0.0, "generated_tokens": 3, "ttft_seconds": 0.6682823890005238, "persistent_mib": 9.9818115234375}
{"config": "replay-d7-frozen-static", "dataset": "qasper", "source_index": 23, "f1": 0.7692307692307693, "generated_tokens": 13, "ttft_seconds": 0.6598433539911639, "persistent_mib": 9.978515625}
{"config": "replay-d7-frozen-static", "dataset": "qasper", "source_index": 31, "f1": 0.14285714285714285, "generated_tokens": 16, "ttft_seconds": 0.6584673059987836, "persistent_mib": 9.9752197265625}
{"config": "replay-d7-frozen-static", "dataset": "2wikimqa", "source_index": 9, "f1": 1.0, "generated_tokens": 3, "ttft_seconds": 0.6598556719836779, "persistent_mib": 10.0543212890625}
{"config": "replay-d7-frozen-static", "dataset": "2wikimqa", "source_index": 17, "f1": 1.0, "generated_tokens": 1, "ttft_seconds": 0.6622481669764966, "persistent_mib": 10.02960205078125}
{"config": "replay-d7-frozen-static", "dataset": "2wikimqa", "source_index": 25, "f1": 1.0, "generated_tokens": 7, "ttft_seconds": 0.4017429550003726, "persistent_mib": 6.16845703125}
{"config": "replay-d7-frozen-static", "dataset": "2wikimqa", "source_index": 33, "f1": 1.0, "generated_tokens": 1, "ttft_seconds": 0.6614964419859461, "persistent_mib": 10.02630615234375}
SAVED /mnt/tidal-alsh-hilab/dataset/diandian/user/liuhanzuo/indep-bench_assets/runs/qcomem/answer-supervised-native-lora-b-20260814a/downstream/answer-downstream-shard-1-frozen-static-adapter-disabled.json
{"config": "replay-d7-frozen-static", "dataset": "qasper", "source_index": 7, "f1": 0.3333333333333333, "generated_tokens": 11, "ttft_seconds": 0.7090385939809494, "persistent_mib": 9.97686767578125}
{"config": "replay-d7-frozen-static", "dataset": "qasper", "source_index": 15, "f1": 0.0, "generated_tokens": 3, "ttft_seconds": 0.701722769998014, "persistent_mib": 9.9818115234375}
{"config": "replay-d7-frozen-static", "dataset": "qasper", "source_index": 23, "f1": 0.7692307692307693, "generated_tokens": 13, "ttft_seconds": 0.7019147200044245, "persistent_mib": 9.978515625}
{"config": "replay-d7-frozen-static", "dataset": "qasper", "source_index": 31, "f1": 0.14285714285714285, "generated_tokens": 16, "ttft_seconds": 0.7014837090100627, "persistent_mib": 9.9752197265625}
{"config": "replay-d7-frozen-static", "dataset": "2wikimqa", "source_index": 9, "f1": 1.0, "generated_tokens": 3, "ttft_seconds": 0.7030426230048761, "persistent_mib": 10.0543212890625}
{"config": "replay-d7-frozen-static", "dataset": "2wikimqa", "source_index": 17, "f1": 1.0, "generated_tokens": 1, "ttft_seconds": 0.7047702669806313, "persistent_mib": 10.02960205078125}
{"config": "replay-d7-frozen-static", "dataset": "2wikimqa", "source_index": 25, "f1": 1.0, "generated_tokens": 7, "ttft_seconds": 0.42644910598755814, "persistent_mib": 6.16845703125}
{"config": "replay-d7-frozen-static", "dataset": "2wikimqa", "source_index": 33, "f1": 1.0, "generated_tokens": 1, "ttft_seconds": 0.7061451030021999, "persistent_mib": 10.02630615234375}
SAVED /mnt/tidal-alsh-hilab/dataset/diandian/user/liuhanzuo/indep-bench_assets/runs/qcomem/answer-supervised-native-lora-b-20260814a/downstream/answer-downstream-shard-1-frozen-static-answer-lora-step0.json
{"config": "replay-d7-frozen-static", "dataset": "qasper", "source_index": 7, "f1": 0.3333333333333333, "generated_tokens": 10, "ttft_seconds": 0.7004367409972474, "persistent_mib": 9.97686767578125}
{"config": "replay-d7-frozen-static", "dataset": "qasper", "source_index": 15, "f1": 0.0, "generated_tokens": 3, "ttft_seconds": 0.7005967120057903, "persistent_mib": 9.9818115234375}
{"config": "replay-d7-frozen-static", "dataset": "qasper", "source_index": 23, "f1": 0.7692307692307693, "generated_tokens": 13, "ttft_seconds": 0.7024686929944437, "persistent_mib": 9.978515625}
{"config": "replay-d7-frozen-static", "dataset": "qasper", "source_index": 31, "f1": 0.07407407407407407, "generated_tokens": 5, "ttft_seconds": 0.700148836011067, "persistent_mib": 9.9752197265625}
{"config": "replay-d7-frozen-static", "dataset": "2wikimqa", "source_index": 9, "f1": 1.0, "generated_tokens": 3, "ttft_seconds": 0.7032807329960633, "persistent_mib": 10.0543212890625}
{"config": "replay-d7-frozen-static", "dataset": "2wikimqa", "source_index": 17, "f1": 1.0, "generated_tokens": 1, "ttft_seconds": 0.7032824720081408, "persistent_mib": 10.02960205078125}
{"config": "replay-d7-frozen-static", "dataset": "2wikimqa", "source_index": 25, "f1": 1.0, "generated_tokens": 7, "ttft_seconds": 0.4298798850213643, "persistent_mib": 6.16845703125}
{"config": "replay-d7-frozen-static", "dataset": "2wikimqa", "source_index": 33, "f1": 1.0, "generated_tokens": 1, "ttft_seconds": 0.704236071993364, "persistent_mib": 10.02630615234375}
SAVED /mnt/tidal-alsh-hilab/dataset/diandian/user/liuhanzuo/indep-bench_assets/runs/qcomem/answer-supervised-native-lora-b-20260814a/downstream/answer-downstream-shard-1-frozen-static-answer-lora-step64.json
{"config": "replay-d7-frozen-static", "dataset": "qasper", "source_index": 7, "f1": 0.3333333333333333, "generated_tokens": 10, "ttft_seconds": 0.7007267879962455, "persistent_mib": 9.97686767578125}
{"config": "replay-d7-frozen-static", "dataset": "qasper", "source_index": 15, "f1": 0.0, "generated_tokens": 3, "ttft_seconds": 0.7007459820015356, "persistent_mib": 9.9818115234375}
{"config": "replay-d7-frozen-static", "dataset": "qasper", "source_index": 23, "f1": 0.7692307692307693, "generated_tokens": 13, "ttft_seconds": 0.7024390609876718, "persistent_mib": 9.978515625}
{"config": "replay-d7-frozen-static", "dataset": "qasper", "source_index": 31, "f1": 0.07407407407407407, "generated_tokens": 5, "ttft_seconds": 0.7018896359950304, "persistent_mib": 9.9752197265625}
{"config": "replay-d7-frozen-static", "dataset": "2wikimqa", "source_index": 9, "f1": 1.0, "generated_tokens": 3, "ttft_seconds": 0.7018725700036157, "persistent_mib": 10.0543212890625}
{"config": "replay-d7-frozen-static", "dataset": "2wikimqa", "source_index": 17, "f1": 1.0, "generated_tokens": 1, "ttft_seconds": 0.7034771800099406, "persistent_mib": 10.02960205078125}
{"config": "replay-d7-frozen-static", "dataset": "2wikimqa", "source_index": 25, "f1": 1.0, "generated_tokens": 7, "ttft_seconds": 0.4423164970066864, "persistent_mib": 6.16845703125}
{"config": "replay-d7-frozen-static", "dataset": "2wikimqa", "source_index": 33, "f1": 1.0, "generated_tokens": 1, "ttft_seconds": 0.7065721590188332, "persistent_mib": 10.02630615234375}
SAVED /mnt/tidal-alsh-hilab/dataset/diandian/user/liuhanzuo/indep-bench_assets/runs/qcomem/answer-supervised-native-lora-b-20260814a/downstream/answer-downstream-shard-1-frozen-static-answer-lora-step128.json
