[transformers] The fast path is not available because one of the required library is not installed. Falling back to torch implementation. To install follow https://github.com/fla-org/flash-linear-attention#installation and https://github.com/Dao-AILab/causal-conv1d

Loading weights:   0%|          | 0/1026 [00:00<?, ?it/s][ALoading weights: 100%|██████████| 1026/1026 [00:00<00:00, 11333.48it/s]
{"config": "dense", "dataset": "qasper", "source_index": 12, "f1": 1.0, "generated_tokens": 7, "ttft_seconds": 1.0288130959961563, "persistent_mib": null}
{"config": "dense", "dataset": "qasper", "source_index": 20, "f1": 0.0, "generated_tokens": 3, "ttft_seconds": 0.6305651440052316, "persistent_mib": null}
{"config": "dense", "dataset": "qasper", "source_index": 28, "f1": 1.0, "generated_tokens": 3, "ttft_seconds": 0.5178954189759679, "persistent_mib": null}
{"config": "dense", "dataset": "2wikimqa", "source_index": 6, "f1": 0.0, "generated_tokens": 8, "ttft_seconds": 0.6928758000140078, "persistent_mib": null}
{"config": "dense", "dataset": "2wikimqa", "source_index": 14, "f1": 0.0, "generated_tokens": 1, "ttft_seconds": 0.6522865039878525, "persistent_mib": null}
{"config": "dense", "dataset": "2wikimqa", "source_index": 22, "f1": 1.0, "generated_tokens": 4, "ttft_seconds": 0.6447761370218359, "persistent_mib": null}
{"config": "dense", "dataset": "2wikimqa", "source_index": 30, "f1": 0.8333333333333334, "generated_tokens": 14, "ttft_seconds": 0.6475354100111872, "persistent_mib": null}
SAVED /mnt/tidal-alsh-hilab/dataset/diandian/user/liuhanzuo/indep-bench_assets/runs/qcomem/answer-supervised-native-lora-b-20260814a/downstream/answer-downstream-shard-6-dense-adapter-disabled-control.json
{"config": "replay-d7-layer-q16", "dataset": "qasper", "source_index": 12, "f1": 1.0, "generated_tokens": 7, "ttft_seconds": 0.642536461004056, "persistent_mib": 32.2734375}
{"config": "replay-d7-layer-q16", "dataset": "qasper", "source_index": 20, "f1": 0.0, "generated_tokens": 3, "ttft_seconds": 0.666207194008166, "persistent_mib": 33.64453125}
{"config": "replay-d7-layer-q16", "dataset": "qasper", "source_index": 28, "f1": 1.0, "generated_tokens": 3, "ttft_seconds": 0.6452476970152929, "persistent_mib": 28.740234375}
{"config": "replay-d7-layer-q16", "dataset": "2wikimqa", "source_index": 6, "f1": 0.0, "generated_tokens": 8, "ttft_seconds": 0.7051633599912748, "persistent_mib": 36.017578125}
{"config": "replay-d7-layer-q16", "dataset": "2wikimqa", "source_index": 14, "f1": 0.0, "generated_tokens": 1, "ttft_seconds": 0.6974359409941826, "persistent_mib": 36.08203125}
{"config": "replay-d7-layer-q16", "dataset": "2wikimqa", "source_index": 22, "f1": 1.0, "generated_tokens": 4, "ttft_seconds": 0.7007667520083487, "persistent_mib": 36.041015625}
{"config": "replay-d7-layer-q16", "dataset": "2wikimqa", "source_index": 30, "f1": 0.8333333333333334, "generated_tokens": 14, "ttft_seconds": 0.6968073530006222, "persistent_mib": 36.03515625}
SAVED /mnt/tidal-alsh-hilab/dataset/diandian/user/liuhanzuo/indep-bench_assets/runs/qcomem/answer-supervised-native-lora-b-20260814a/downstream/answer-downstream-shard-6-q16-adapter-disabled-control.json
{"config": "replay-d7-frozen-static", "dataset": "qasper", "source_index": 12, "f1": 0.6666666666666666, "generated_tokens": 3, "ttft_seconds": 0.5945149630133528, "persistent_mib": 8.983154296875}
{"config": "replay-d7-frozen-static", "dataset": "qasper", "source_index": 20, "f1": 0.0, "generated_tokens": 3, "ttft_seconds": 0.6186626259877812, "persistent_mib": 9.3687744140625}
{"config": "replay-d7-frozen-static", "dataset": "qasper", "source_index": 28, "f1": 1.0, "generated_tokens": 3, "ttft_seconds": 0.5263133620028384, "persistent_mib": 7.98944091796875}
{"config": "replay-d7-frozen-static", "dataset": "2wikimqa", "source_index": 6, "f1": 0.0, "generated_tokens": 8, "ttft_seconds": 0.6609426609938964, "persistent_mib": 10.03619384765625}
{"config": "replay-d7-frozen-static", "dataset": "2wikimqa", "source_index": 14, "f1": 0.0, "generated_tokens": 1, "ttft_seconds": 0.6612738069961779, "persistent_mib": 10.0543212890625}
{"config": "replay-d7-frozen-static", "dataset": "2wikimqa", "source_index": 22, "f1": 1.0, "generated_tokens": 4, "ttft_seconds": 0.6605296950147022, "persistent_mib": 10.04278564453125}
{"config": "replay-d7-frozen-static", "dataset": "2wikimqa", "source_index": 30, "f1": 0.6666666666666666, "generated_tokens": 12, "ttft_seconds": 0.6614104819891509, "persistent_mib": 10.0411376953125}
SAVED /mnt/tidal-alsh-hilab/dataset/diandian/user/liuhanzuo/indep-bench_assets/runs/qcomem/answer-supervised-native-lora-b-20260814a/downstream/answer-downstream-shard-6-frozen-static-adapter-disabled.json
{"config": "replay-d7-frozen-static", "dataset": "qasper", "source_index": 12, "f1": 0.6666666666666666, "generated_tokens": 3, "ttft_seconds": 0.6434429610089865, "persistent_mib": 8.983154296875}
{"config": "replay-d7-frozen-static", "dataset": "qasper", "source_index": 20, "f1": 0.0, "generated_tokens": 3, "ttft_seconds": 0.6573170570190996, "persistent_mib": 9.3687744140625}
{"config": "replay-d7-frozen-static", "dataset": "qasper", "source_index": 28, "f1": 1.0, "generated_tokens": 3, "ttft_seconds": 0.5586389339878224, "persistent_mib": 7.98944091796875}
{"config": "replay-d7-frozen-static", "dataset": "2wikimqa", "source_index": 6, "f1": 0.0, "generated_tokens": 8, "ttft_seconds": 0.703116777993273, "persistent_mib": 10.03619384765625}
{"config": "replay-d7-frozen-static", "dataset": "2wikimqa", "source_index": 14, "f1": 0.0, "generated_tokens": 1, "ttft_seconds": 0.7055855359940324, "persistent_mib": 10.0543212890625}
{"config": "replay-d7-frozen-static", "dataset": "2wikimqa", "source_index": 22, "f1": 1.0, "generated_tokens": 4, "ttft_seconds": 0.7037354609929025, "persistent_mib": 10.04278564453125}
{"config": "replay-d7-frozen-static", "dataset": "2wikimqa", "source_index": 30, "f1": 0.6666666666666666, "generated_tokens": 12, "ttft_seconds": 0.7051484000112396, "persistent_mib": 10.0411376953125}
SAVED /mnt/tidal-alsh-hilab/dataset/diandian/user/liuhanzuo/indep-bench_assets/runs/qcomem/answer-supervised-native-lora-b-20260814a/downstream/answer-downstream-shard-6-frozen-static-answer-lora-step0.json
{"config": "replay-d7-frozen-static", "dataset": "qasper", "source_index": 12, "f1": 0.6666666666666666, "generated_tokens": 3, "ttft_seconds": 0.633110646973364, "persistent_mib": 8.983154296875}
{"config": "replay-d7-frozen-static", "dataset": "qasper", "source_index": 20, "f1": 0.0, "generated_tokens": 3, "ttft_seconds": 0.6589209279918578, "persistent_mib": 9.3687744140625}
{"config": "replay-d7-frozen-static", "dataset": "qasper", "source_index": 28, "f1": 1.0, "generated_tokens": 3, "ttft_seconds": 0.5591027759946883, "persistent_mib": 7.98944091796875}
{"config": "replay-d7-frozen-static", "dataset": "2wikimqa", "source_index": 6, "f1": 0.0, "generated_tokens": 8, "ttft_seconds": 0.7042903800029308, "persistent_mib": 10.03619384765625}
{"config": "replay-d7-frozen-static", "dataset": "2wikimqa", "source_index": 14, "f1": 0.0, "generated_tokens": 1, "ttft_seconds": 0.7290428309934214, "persistent_mib": 10.0543212890625}
{"config": "replay-d7-frozen-static", "dataset": "2wikimqa", "source_index": 22, "f1": 1.0, "generated_tokens": 4, "ttft_seconds": 0.7035265290178359, "persistent_mib": 10.04278564453125}
{"config": "replay-d7-frozen-static", "dataset": "2wikimqa", "source_index": 30, "f1": 0.6666666666666666, "generated_tokens": 12, "ttft_seconds": 0.7060410600097384, "persistent_mib": 10.0411376953125}
SAVED /mnt/tidal-alsh-hilab/dataset/diandian/user/liuhanzuo/indep-bench_assets/runs/qcomem/answer-supervised-native-lora-b-20260814a/downstream/answer-downstream-shard-6-frozen-static-answer-lora-step64.json
{"config": "replay-d7-frozen-static", "dataset": "qasper", "source_index": 12, "f1": 0.6666666666666666, "generated_tokens": 3, "ttft_seconds": 0.6657744660042226, "persistent_mib": 8.983154296875}
{"config": "replay-d7-frozen-static", "dataset": "qasper", "source_index": 20, "f1": 0.0, "generated_tokens": 3, "ttft_seconds": 0.6584324459836353, "persistent_mib": 9.3687744140625}
{"config": "replay-d7-frozen-static", "dataset": "qasper", "source_index": 28, "f1": 1.0, "generated_tokens": 3, "ttft_seconds": 0.5645923989941366, "persistent_mib": 7.98944091796875}
{"config": "replay-d7-frozen-static", "dataset": "2wikimqa", "source_index": 6, "f1": 0.0, "generated_tokens": 8, "ttft_seconds": 0.7055512740043923, "persistent_mib": 10.03619384765625}
{"config": "replay-d7-frozen-static", "dataset": "2wikimqa", "source_index": 14, "f1": 0.0, "generated_tokens": 1, "ttft_seconds": 0.705065588990692, "persistent_mib": 10.0543212890625}
{"config": "replay-d7-frozen-static", "dataset": "2wikimqa", "source_index": 22, "f1": 1.0, "generated_tokens": 4, "ttft_seconds": 0.7054504839761648, "persistent_mib": 10.04278564453125}
{"config": "replay-d7-frozen-static", "dataset": "2wikimqa", "source_index": 30, "f1": 0.6666666666666666, "generated_tokens": 12, "ttft_seconds": 0.7032943599915598, "persistent_mib": 10.0411376953125}
SAVED /mnt/tidal-alsh-hilab/dataset/diandian/user/liuhanzuo/indep-bench_assets/runs/qcomem/answer-supervised-native-lora-b-20260814a/downstream/answer-downstream-shard-6-frozen-static-answer-lora-step128.json
