[transformers] The fast path is not available because one of the required library is not installed. Falling back to torch implementation. To install follow https://github.com/fla-org/flash-linear-attention#installation and https://github.com/Dao-AILab/causal-conv1d

Loading weights:   0%|          | 0/1026 [00:00<?, ?it/s][ALoading weights: 100%|██████████| 1026/1026 [00:00<00:00, 10836.28it/s]
{"config": "dense", "dataset": "qasper", "source_index": 6, "f1": 0.1, "generated_tokens": 8, "ttft_seconds": 1.1200484029832296, "persistent_mib": null}
{"config": "dense", "dataset": "qasper", "source_index": 14, "f1": 0.0, "generated_tokens": 1, "ttft_seconds": 0.6545197360101156, "persistent_mib": null}
{"config": "dense", "dataset": "qasper", "source_index": 22, "f1": 0.17647058823529413, "generated_tokens": 38, "ttft_seconds": 0.6488485169829801, "persistent_mib": null}
{"config": "dense", "dataset": "qasper", "source_index": 30, "f1": 0.47619047619047616, "generated_tokens": 51, "ttft_seconds": 0.7000549769727513, "persistent_mib": null}
{"config": "dense", "dataset": "2wikimqa", "source_index": 8, "f1": 0.8571428571428571, "generated_tokens": 6, "ttft_seconds": 0.6485672690032516, "persistent_mib": null}
{"config": "dense", "dataset": "2wikimqa", "source_index": 16, "f1": 1.0, "generated_tokens": 5, "ttft_seconds": 0.5380255120107904, "persistent_mib": null}
{"config": "dense", "dataset": "2wikimqa", "source_index": 24, "f1": 1.0, "generated_tokens": 4, "ttft_seconds": 0.6487595799844712, "persistent_mib": null}
{"config": "dense", "dataset": "2wikimqa", "source_index": 32, "f1": 0.0, "generated_tokens": 1, "ttft_seconds": 0.6485278249892872, "persistent_mib": null}
SAVED /mnt/tidal-alsh-hilab/dataset/diandian/user/liuhanzuo/indep-bench_assets/runs/qcomem/answer-supervised-native-lora-b-20260814a/downstream/answer-downstream-shard-0-dense-adapter-disabled-control.json
{"config": "replay-d7-layer-q16", "dataset": "qasper", "source_index": 6, "f1": 0.1, "generated_tokens": 8, "ttft_seconds": 0.7785339530091733, "persistent_mib": 35.794921875}
{"config": "replay-d7-layer-q16", "dataset": "qasper", "source_index": 14, "f1": 0.0, "generated_tokens": 1, "ttft_seconds": 0.8136571279901545, "persistent_mib": 35.806640625}
{"config": "replay-d7-layer-q16", "dataset": "qasper", "source_index": 22, "f1": 0.17647058823529413, "generated_tokens": 38, "ttft_seconds": 0.723121216025902, "persistent_mib": 35.82421875}
{"config": "replay-d7-layer-q16", "dataset": "qasper", "source_index": 30, "f1": 0.24000000000000002, "generated_tokens": 39, "ttft_seconds": 0.7140672490058932, "persistent_mib": 35.77734375}
{"config": "replay-d7-layer-q16", "dataset": "2wikimqa", "source_index": 8, "f1": 0.8571428571428571, "generated_tokens": 6, "ttft_seconds": 0.7119606570049655, "persistent_mib": 36.10546875}
{"config": "replay-d7-layer-q16", "dataset": "2wikimqa", "source_index": 16, "f1": 1.0, "generated_tokens": 5, "ttft_seconds": 0.5529973199882079, "persistent_mib": 27.685546875}
{"config": "replay-d7-layer-q16", "dataset": "2wikimqa", "source_index": 24, "f1": 1.0, "generated_tokens": 4, "ttft_seconds": 0.7033413710014429, "persistent_mib": 36.03515625}
{"config": "replay-d7-layer-q16", "dataset": "2wikimqa", "source_index": 32, "f1": 0.0, "generated_tokens": 1, "ttft_seconds": 0.7060680100112222, "persistent_mib": 36.0703125}
SAVED /mnt/tidal-alsh-hilab/dataset/diandian/user/liuhanzuo/indep-bench_assets/runs/qcomem/answer-supervised-native-lora-b-20260814a/downstream/answer-downstream-shard-0-q16-adapter-disabled-control.json
{"config": "replay-d7-frozen-static", "dataset": "qasper", "source_index": 6, "f1": 0.1, "generated_tokens": 8, "ttft_seconds": 0.6678144859906752, "persistent_mib": 9.97357177734375}
{"config": "replay-d7-frozen-static", "dataset": "qasper", "source_index": 14, "f1": 0.0, "generated_tokens": 1, "ttft_seconds": 0.6686328689975198, "persistent_mib": 9.97686767578125}
{"config": "replay-d7-frozen-static", "dataset": "qasper", "source_index": 22, "f1": 0.17647058823529413, "generated_tokens": 38, "ttft_seconds": 0.667224951001117, "persistent_mib": 9.9818115234375}
{"config": "replay-d7-frozen-static", "dataset": "qasper", "source_index": 30, "f1": 0.47619047619047616, "generated_tokens": 51, "ttft_seconds": 0.6661036239820533, "persistent_mib": 9.9686279296875}
{"config": "replay-d7-frozen-static", "dataset": "2wikimqa", "source_index": 8, "f1": 0.8571428571428571, "generated_tokens": 6, "ttft_seconds": 0.667962303996319, "persistent_mib": 10.0609130859375}
{"config": "replay-d7-frozen-static", "dataset": "2wikimqa", "source_index": 16, "f1": 1.0, "generated_tokens": 5, "ttft_seconds": 0.5089541999914218, "persistent_mib": 7.69281005859375}
{"config": "replay-d7-frozen-static", "dataset": "2wikimqa", "source_index": 24, "f1": 1.0, "generated_tokens": 4, "ttft_seconds": 0.6692288189951796, "persistent_mib": 10.0411376953125}
{"config": "replay-d7-frozen-static", "dataset": "2wikimqa", "source_index": 32, "f1": 0.0, "generated_tokens": 1, "ttft_seconds": 0.6679687009891495, "persistent_mib": 10.051025390625}
SAVED /mnt/tidal-alsh-hilab/dataset/diandian/user/liuhanzuo/indep-bench_assets/runs/qcomem/answer-supervised-native-lora-b-20260814a/downstream/answer-downstream-shard-0-frozen-static-adapter-disabled.json
{"config": "replay-d7-frozen-static", "dataset": "qasper", "source_index": 6, "f1": 0.1, "generated_tokens": 8, "ttft_seconds": 0.7203569590055849, "persistent_mib": 9.97357177734375}
{"config": "replay-d7-frozen-static", "dataset": "qasper", "source_index": 14, "f1": 0.0, "generated_tokens": 1, "ttft_seconds": 0.7103548680024687, "persistent_mib": 9.97686767578125}
{"config": "replay-d7-frozen-static", "dataset": "qasper", "source_index": 22, "f1": 0.17647058823529413, "generated_tokens": 38, "ttft_seconds": 0.7105944710201584, "persistent_mib": 9.9818115234375}
{"config": "replay-d7-frozen-static", "dataset": "qasper", "source_index": 30, "f1": 0.47619047619047616, "generated_tokens": 51, "ttft_seconds": 0.7102107969985809, "persistent_mib": 9.9686279296875}
{"config": "replay-d7-frozen-static", "dataset": "2wikimqa", "source_index": 8, "f1": 0.8571428571428571, "generated_tokens": 6, "ttft_seconds": 0.7248439220129512, "persistent_mib": 10.0609130859375}
{"config": "replay-d7-frozen-static", "dataset": "2wikimqa", "source_index": 16, "f1": 1.0, "generated_tokens": 5, "ttft_seconds": 0.5417653640033677, "persistent_mib": 7.69281005859375}
{"config": "replay-d7-frozen-static", "dataset": "2wikimqa", "source_index": 24, "f1": 1.0, "generated_tokens": 4, "ttft_seconds": 0.7118948370043654, "persistent_mib": 10.0411376953125}
{"config": "replay-d7-frozen-static", "dataset": "2wikimqa", "source_index": 32, "f1": 0.0, "generated_tokens": 6, "ttft_seconds": 0.7107952350052074, "persistent_mib": 10.051025390625}
SAVED /mnt/tidal-alsh-hilab/dataset/diandian/user/liuhanzuo/indep-bench_assets/runs/qcomem/answer-supervised-native-lora-b-20260814a/downstream/answer-downstream-shard-0-frozen-static-answer-lora-step0.json
{"config": "replay-d7-frozen-static", "dataset": "qasper", "source_index": 6, "f1": 0.08333333333333333, "generated_tokens": 14, "ttft_seconds": 0.7098375799832866, "persistent_mib": 9.97357177734375}
{"config": "replay-d7-frozen-static", "dataset": "qasper", "source_index": 14, "f1": 0.0, "generated_tokens": 1, "ttft_seconds": 0.7115419220062904, "persistent_mib": 9.97686767578125}
{"config": "replay-d7-frozen-static", "dataset": "qasper", "source_index": 22, "f1": 0.4, "generated_tokens": 5, "ttft_seconds": 0.7122871019819286, "persistent_mib": 9.9818115234375}
{"config": "replay-d7-frozen-static", "dataset": "qasper", "source_index": 30, "f1": 0.41025641025641024, "generated_tokens": 38, "ttft_seconds": 0.714014530996792, "persistent_mib": 9.9686279296875}
{"config": "replay-d7-frozen-static", "dataset": "2wikimqa", "source_index": 8, "f1": 0.8571428571428571, "generated_tokens": 6, "ttft_seconds": 0.7195556059887167, "persistent_mib": 10.0609130859375}
{"config": "replay-d7-frozen-static", "dataset": "2wikimqa", "source_index": 16, "f1": 1.0, "generated_tokens": 5, "ttft_seconds": 0.5418592889909633, "persistent_mib": 7.69281005859375}
{"config": "replay-d7-frozen-static", "dataset": "2wikimqa", "source_index": 24, "f1": 1.0, "generated_tokens": 4, "ttft_seconds": 0.7114897510036826, "persistent_mib": 10.0411376953125}
{"config": "replay-d7-frozen-static", "dataset": "2wikimqa", "source_index": 32, "f1": 0.0, "generated_tokens": 6, "ttft_seconds": 0.7115793850098271, "persistent_mib": 10.051025390625}
SAVED /mnt/tidal-alsh-hilab/dataset/diandian/user/liuhanzuo/indep-bench_assets/runs/qcomem/answer-supervised-native-lora-b-20260814a/downstream/answer-downstream-shard-0-frozen-static-answer-lora-step64.json
{"config": "replay-d7-frozen-static", "dataset": "qasper", "source_index": 6, "f1": 0.0, "generated_tokens": 3, "ttft_seconds": 0.714775994012598, "persistent_mib": 9.97357177734375}
{"config": "replay-d7-frozen-static", "dataset": "qasper", "source_index": 14, "f1": 0.0, "generated_tokens": 1, "ttft_seconds": 0.7123238470230717, "persistent_mib": 9.97686767578125}
{"config": "replay-d7-frozen-static", "dataset": "qasper", "source_index": 22, "f1": 0.4, "generated_tokens": 5, "ttft_seconds": 0.711187011009315, "persistent_mib": 9.9818115234375}
{"config": "replay-d7-frozen-static", "dataset": "qasper", "source_index": 30, "f1": 0.47619047619047616, "generated_tokens": 52, "ttft_seconds": 0.714863683009753, "persistent_mib": 9.9686279296875}
{"config": "replay-d7-frozen-static", "dataset": "2wikimqa", "source_index": 8, "f1": 0.8571428571428571, "generated_tokens": 6, "ttft_seconds": 0.7116375069890637, "persistent_mib": 10.0609130859375}
{"config": "replay-d7-frozen-static", "dataset": "2wikimqa", "source_index": 16, "f1": 1.0, "generated_tokens": 5, "ttft_seconds": 0.5437193859834224, "persistent_mib": 7.69281005859375}
{"config": "replay-d7-frozen-static", "dataset": "2wikimqa", "source_index": 24, "f1": 1.0, "generated_tokens": 4, "ttft_seconds": 0.712604733009357, "persistent_mib": 10.0411376953125}
{"config": "replay-d7-frozen-static", "dataset": "2wikimqa", "source_index": 32, "f1": 0.0, "generated_tokens": 6, "ttft_seconds": 0.7106157089874614, "persistent_mib": 10.051025390625}
SAVED /mnt/tidal-alsh-hilab/dataset/diandian/user/liuhanzuo/indep-bench_assets/runs/qcomem/answer-supervised-native-lora-b-20260814a/downstream/answer-downstream-shard-0-frozen-static-answer-lora-step128.json
