[transformers] The fast path is not available because one of the required library is not installed. Falling back to torch implementation. To install follow https://github.com/fla-org/flash-linear-attention#installation and https://github.com/Dao-AILab/causal-conv1d

Loading weights:   0%|          | 0/1026 [00:00<?, ?it/s][ALoading weights: 100%|██████████| 1026/1026 [00:00<00:00, 10953.67it/s]
{"config": "dense", "dataset": "qasper", "source_index": 10, "f1": 0.631578947368421, "generated_tokens": 17, "ttft_seconds": 1.128244904015446, "persistent_mib": null}
{"config": "dense", "dataset": "qasper", "source_index": 18, "f1": 0.8400000000000001, "generated_tokens": 43, "ttft_seconds": 0.6523237240035087, "persistent_mib": null}
{"config": "dense", "dataset": "qasper", "source_index": 26, "f1": 1.0, "generated_tokens": 2, "ttft_seconds": 0.5753931069921236, "persistent_mib": null}
{"config": "dense", "dataset": "qasper", "source_index": 34, "f1": 0.0, "generated_tokens": 3, "ttft_seconds": 0.6529650239972398, "persistent_mib": null}
{"config": "dense", "dataset": "2wikimqa", "source_index": 12, "f1": 1.0, "generated_tokens": 7, "ttft_seconds": 0.45817339699715376, "persistent_mib": null}
{"config": "dense", "dataset": "2wikimqa", "source_index": 20, "f1": 1.0, "generated_tokens": 2, "ttft_seconds": 0.6514596030174289, "persistent_mib": null}
{"config": "dense", "dataset": "2wikimqa", "source_index": 28, "f1": 1.0, "generated_tokens": 6, "ttft_seconds": 0.6518032400053926, "persistent_mib": null}
SAVED /mnt/tidal-alsh-hilab/dataset/diandian/user/liuhanzuo/indep-bench_assets/runs/qcomem/answer-supervised-native-lora-b-20260814a/downstream/answer-downstream-shard-4-dense-adapter-disabled-control.json
{"config": "replay-d7-layer-q16", "dataset": "qasper", "source_index": 10, "f1": 0.631578947368421, "generated_tokens": 17, "ttft_seconds": 0.7213022109935991, "persistent_mib": 35.806640625}
{"config": "replay-d7-layer-q16", "dataset": "qasper", "source_index": 18, "f1": 0.8400000000000001, "generated_tokens": 43, "ttft_seconds": 0.7205224299977999, "persistent_mib": 35.8125}
{"config": "replay-d7-layer-q16", "dataset": "qasper", "source_index": 26, "f1": 1.0, "generated_tokens": 2, "ttft_seconds": 0.6049626679741777, "persistent_mib": 30.697265625}
{"config": "replay-d7-layer-q16", "dataset": "qasper", "source_index": 34, "f1": 0.0, "generated_tokens": 3, "ttft_seconds": 0.7064094170054886, "persistent_mib": 35.765625}
{"config": "replay-d7-layer-q16", "dataset": "2wikimqa", "source_index": 12, "f1": 0.6, "generated_tokens": 7, "ttft_seconds": 0.5212780180154368, "persistent_mib": 26.021484375}
{"config": "replay-d7-layer-q16", "dataset": "2wikimqa", "source_index": 20, "f1": 1.0, "generated_tokens": 2, "ttft_seconds": 0.7039007770072203, "persistent_mib": 36.0703125}
{"config": "replay-d7-layer-q16", "dataset": "2wikimqa", "source_index": 28, "f1": 1.0, "generated_tokens": 6, "ttft_seconds": 0.7049906179890968, "persistent_mib": 36.08203125}
SAVED /mnt/tidal-alsh-hilab/dataset/diandian/user/liuhanzuo/indep-bench_assets/runs/qcomem/answer-supervised-native-lora-b-20260814a/downstream/answer-downstream-shard-4-q16-adapter-disabled-control.json
{"config": "replay-d7-frozen-static", "dataset": "qasper", "source_index": 10, "f1": 0.631578947368421, "generated_tokens": 17, "ttft_seconds": 0.666741669003386, "persistent_mib": 9.97686767578125}
{"config": "replay-d7-frozen-static", "dataset": "qasper", "source_index": 18, "f1": 0.9767441860465117, "generated_tokens": 28, "ttft_seconds": 0.6698097070038784, "persistent_mib": 9.978515625}
{"config": "replay-d7-frozen-static", "dataset": "qasper", "source_index": 26, "f1": 1.0, "generated_tokens": 2, "ttft_seconds": 0.5709844539815094, "persistent_mib": 8.53985595703125}
{"config": "replay-d7-frozen-static", "dataset": "qasper", "source_index": 34, "f1": 0.0, "generated_tokens": 3, "ttft_seconds": 0.6694278070062865, "persistent_mib": 9.96533203125}
{"config": "replay-d7-frozen-static", "dataset": "2wikimqa", "source_index": 12, "f1": 0.6, "generated_tokens": 7, "ttft_seconds": 0.4778858760255389, "persistent_mib": 7.22479248046875}
{"config": "replay-d7-frozen-static", "dataset": "2wikimqa", "source_index": 20, "f1": 1.0, "generated_tokens": 2, "ttft_seconds": 0.6680085370026063, "persistent_mib": 10.051025390625}
{"config": "replay-d7-frozen-static", "dataset": "2wikimqa", "source_index": 28, "f1": 1.0, "generated_tokens": 6, "ttft_seconds": 0.6685034969996195, "persistent_mib": 10.0543212890625}
SAVED /mnt/tidal-alsh-hilab/dataset/diandian/user/liuhanzuo/indep-bench_assets/runs/qcomem/answer-supervised-native-lora-b-20260814a/downstream/answer-downstream-shard-4-frozen-static-adapter-disabled.json
{"config": "replay-d7-frozen-static", "dataset": "qasper", "source_index": 10, "f1": 0.7058823529411764, "generated_tokens": 15, "ttft_seconds": 0.7301315549993888, "persistent_mib": 9.97686767578125}
{"config": "replay-d7-frozen-static", "dataset": "qasper", "source_index": 18, "f1": 0.9767441860465117, "generated_tokens": 28, "ttft_seconds": 0.7137252569955308, "persistent_mib": 9.978515625}
{"config": "replay-d7-frozen-static", "dataset": "qasper", "source_index": 26, "f1": 1.0, "generated_tokens": 2, "ttft_seconds": 0.6075947050121613, "persistent_mib": 8.53985595703125}
{"config": "replay-d7-frozen-static", "dataset": "qasper", "source_index": 34, "f1": 0.0, "generated_tokens": 3, "ttft_seconds": 0.7130807350040413, "persistent_mib": 9.96533203125}
{"config": "replay-d7-frozen-static", "dataset": "2wikimqa", "source_index": 12, "f1": 0.6, "generated_tokens": 7, "ttft_seconds": 0.5087881869985722, "persistent_mib": 7.22479248046875}
{"config": "replay-d7-frozen-static", "dataset": "2wikimqa", "source_index": 20, "f1": 1.0, "generated_tokens": 2, "ttft_seconds": 0.7137865159893408, "persistent_mib": 10.051025390625}
{"config": "replay-d7-frozen-static", "dataset": "2wikimqa", "source_index": 28, "f1": 0.28571428571428575, "generated_tokens": 13, "ttft_seconds": 0.7137305710057262, "persistent_mib": 10.0543212890625}
SAVED /mnt/tidal-alsh-hilab/dataset/diandian/user/liuhanzuo/indep-bench_assets/runs/qcomem/answer-supervised-native-lora-b-20260814a/downstream/answer-downstream-shard-4-frozen-static-answer-lora-step0.json
{"config": "replay-d7-frozen-static", "dataset": "qasper", "source_index": 10, "f1": 0.923076923076923, "generated_tokens": 8, "ttft_seconds": 0.7112452260043938, "persistent_mib": 9.97686767578125}
{"config": "replay-d7-frozen-static", "dataset": "qasper", "source_index": 18, "f1": 0.9130434782608696, "generated_tokens": 37, "ttft_seconds": 0.7122025769785978, "persistent_mib": 9.978515625}
{"config": "replay-d7-frozen-static", "dataset": "qasper", "source_index": 26, "f1": 1.0, "generated_tokens": 2, "ttft_seconds": 0.6078202879871242, "persistent_mib": 8.53985595703125}
{"config": "replay-d7-frozen-static", "dataset": "qasper", "source_index": 34, "f1": 0.0, "generated_tokens": 3, "ttft_seconds": 0.7129649819980841, "persistent_mib": 9.96533203125}
{"config": "replay-d7-frozen-static", "dataset": "2wikimqa", "source_index": 12, "f1": 1.0, "generated_tokens": 7, "ttft_seconds": 0.5202583200007211, "persistent_mib": 7.22479248046875}
{"config": "replay-d7-frozen-static", "dataset": "2wikimqa", "source_index": 20, "f1": 1.0, "generated_tokens": 2, "ttft_seconds": 0.7254662380146328, "persistent_mib": 10.051025390625}
{"config": "replay-d7-frozen-static", "dataset": "2wikimqa", "source_index": 28, "f1": 0.28571428571428575, "generated_tokens": 13, "ttft_seconds": 0.7145579920033924, "persistent_mib": 10.0543212890625}
SAVED /mnt/tidal-alsh-hilab/dataset/diandian/user/liuhanzuo/indep-bench_assets/runs/qcomem/answer-supervised-native-lora-b-20260814a/downstream/answer-downstream-shard-4-frozen-static-answer-lora-step64.json
{"config": "replay-d7-frozen-static", "dataset": "qasper", "source_index": 10, "f1": 0.923076923076923, "generated_tokens": 7, "ttft_seconds": 0.7150431330082938, "persistent_mib": 9.97686767578125}
{"config": "replay-d7-frozen-static", "dataset": "qasper", "source_index": 18, "f1": 0.9767441860465117, "generated_tokens": 28, "ttft_seconds": 0.7165046480076853, "persistent_mib": 9.978515625}
{"config": "replay-d7-frozen-static", "dataset": "qasper", "source_index": 26, "f1": 1.0, "generated_tokens": 2, "ttft_seconds": 0.6272042180062272, "persistent_mib": 8.53985595703125}
{"config": "replay-d7-frozen-static", "dataset": "qasper", "source_index": 34, "f1": 0.0, "generated_tokens": 3, "ttft_seconds": 0.713914110994665, "persistent_mib": 9.96533203125}
{"config": "replay-d7-frozen-static", "dataset": "2wikimqa", "source_index": 12, "f1": 1.0, "generated_tokens": 7, "ttft_seconds": 0.5113450450007804, "persistent_mib": 7.22479248046875}
{"config": "replay-d7-frozen-static", "dataset": "2wikimqa", "source_index": 20, "f1": 1.0, "generated_tokens": 2, "ttft_seconds": 0.7140230659861118, "persistent_mib": 10.051025390625}
{"config": "replay-d7-frozen-static", "dataset": "2wikimqa", "source_index": 28, "f1": 0.5, "generated_tokens": 6, "ttft_seconds": 0.7146720199962147, "persistent_mib": 10.0543212890625}
SAVED /mnt/tidal-alsh-hilab/dataset/diandian/user/liuhanzuo/indep-bench_assets/runs/qcomem/answer-supervised-native-lora-b-20260814a/downstream/answer-downstream-shard-4-frozen-static-answer-lora-step128.json
