Rc files read (in order):
  NONE
Latexmk: This is Latexmk, John Collins, 9 March 2026. Version 4.88.
No existing .aux file, so I'll make a simple one, and require run of *latex.
Latexmk: applying rule 'pdflatex'...
Rule 'pdflatex':  Reasons for rerun
Category 'other':
  Rerun of 'pdflatex' forced or previously required:
    Reason or flag: 'Initial setup'

------------
Run number 1 of rule 'pdflatex'
------------
------------
Running 'pdflatex  -interaction=nonstopmode -halt-on-error -file-line-error -recorder -output-directory="/Users/liuhanzuo/MacLLM-Bench/paper_portfolio_iteration/a11-correlated-majority-vote/build/revision_04_clean_a"  "paper.tex"'
------------
This is pdfTeX, Version 3.141592653-2.6-1.40.29 (TeX Live 2026) (preloaded format=pdflatex)
 restricted \write18 enabled.
entering extended mode
(./paper.tex
LaTeX2e <2025-11-01>
L3 programming layer <2026-01-19>
(/usr/local/texlive/2026/texmf-dist/tex/latex/base/article.cls
Document Class: article 2025/01/22 v1.4n Standard LaTeX document class
(/usr/local/texlive/2026/texmf-dist/tex/latex/base/size10.clo))
(./iclr2027_conference.sty
(/usr/local/texlive/2026/texmf-dist/tex/latex/eso-pic/eso-pic.sty
(/usr/local/texlive/2026/texmf-dist/tex/latex/graphics/keyval.sty)
(/usr/local/texlive/2026/texmf-dist/tex/latex/xcolor/xcolor.sty
(/usr/local/texlive/2026/texmf-dist/tex/latex/graphics-cfg/color.cfg)
(/usr/local/texlive/2026/texmf-dist/tex/latex/graphics-def/pdftex.def)
(/usr/local/texlive/2026/texmf-dist/tex/latex/graphics/mathcolor.ltx)))
(/usr/local/texlive/2026/texmf-dist/tex/latex/fancyhdr/fancyhdr.sty)
(/usr/local/texlive/2026/texmf-dist/tex/latex/natbib/natbib.sty))
(/usr/local/texlive/2026/texmf-dist/tex/latex/psnfss/times.sty)
(/usr/local/texlive/2026/texmf-dist/tex/latex/amsmath/amsmath.sty
For additional information on amsmath, use the `?' option.
(/usr/local/texlive/2026/texmf-dist/tex/latex/amsmath/amstext.sty
(/usr/local/texlive/2026/texmf-dist/tex/latex/amsmath/amsgen.sty))
(/usr/local/texlive/2026/texmf-dist/tex/latex/amsmath/amsbsy.sty)
(/usr/local/texlive/2026/texmf-dist/tex/latex/amsmath/amsopn.sty))
(/usr/local/texlive/2026/texmf-dist/tex/latex/amsfonts/amssymb.sty
(/usr/local/texlive/2026/texmf-dist/tex/latex/amsfonts/amsfonts.sty))
(/usr/local/texlive/2026/texmf-dist/tex/latex/amscls/amsthm.sty)
(/usr/local/texlive/2026/texmf-dist/tex/latex/booktabs/booktabs.sty)
(/usr/local/texlive/2026/texmf-dist/tex/latex/enumitem/enumitem.sty)
(/usr/local/texlive/2026/texmf-dist/tex/latex/graphics/graphicx.sty
(/usr/local/texlive/2026/texmf-dist/tex/latex/graphics/graphics.sty
(/usr/local/texlive/2026/texmf-dist/tex/latex/graphics/trig.sty)
(/usr/local/texlive/2026/texmf-dist/tex/latex/graphics-cfg/graphics.cfg)))
(/usr/local/texlive/2026/texmf-dist/tex/latex/hyperref/hyperref.sty
(/usr/local/texlive/2026/texmf-dist/tex/generic/iftex/iftex.sty)
(/usr/local/texlive/2026/texmf-dist/tex/latex/kvsetkeys/kvsetkeys.sty)
(/usr/local/texlive/2026/texmf-dist/tex/generic/kvdefinekeys/kvdefinekeys.sty)
(/usr/local/texlive/2026/texmf-dist/tex/generic/pdfescape/pdfescape.sty
(/usr/local/texlive/2026/texmf-dist/tex/generic/ltxcmds/ltxcmds.sty)
(/usr/local/texlive/2026/texmf-dist/tex/generic/pdftexcmds/pdftexcmds.sty
(/usr/local/texlive/2026/texmf-dist/tex/generic/infwarerr/infwarerr.sty)))
(/usr/local/texlive/2026/texmf-dist/tex/latex/hycolor/hycolor.sty)
(/usr/local/texlive/2026/texmf-dist/tex/latex/hyperref/nameref.sty
(/usr/local/texlive/2026/texmf-dist/tex/latex/refcount/refcount.sty)
(/usr/local/texlive/2026/texmf-dist/tex/generic/gettitlestring/gettitlestring.s
ty (/usr/local/texlive/2026/texmf-dist/tex/latex/kvoptions/kvoptions.sty)))
(/usr/local/texlive/2026/texmf-dist/tex/latex/etoolbox/etoolbox.sty)
(/usr/local/texlive/2026/texmf-dist/tex/generic/stringenc/stringenc.sty)
(/usr/local/texlive/2026/texmf-dist/tex/latex/hyperref/pd1enc.def)
(/usr/local/texlive/2026/texmf-dist/tex/generic/intcalc/intcalc.sty)
(/usr/local/texlive/2026/texmf-dist/tex/latex/hyperref/puenc.def)
(/usr/local/texlive/2026/texmf-dist/tex/latex/url/url.sty)
(/usr/local/texlive/2026/texmf-dist/tex/generic/bitset/bitset.sty
(/usr/local/texlive/2026/texmf-dist/tex/generic/bigintcalc/bigintcalc.sty)))
(/usr/local/texlive/2026/texmf-dist/tex/latex/hyperref/hpdftex.def
(/usr/local/texlive/2026/texmf-dist/tex/latex/rerunfilecheck/rerunfilecheck.sty

(/usr/local/texlive/2026/texmf-dist/tex/generic/uniquecounter/uniquecounter.sty
))) (/usr/local/texlive/2026/texmf-dist/tex/latex/psnfss/ot1ptm.fd)
(/usr/local/texlive/2026/texmf-dist/tex/latex/l3backend/l3backend-pdftex.def)
(/Users/liuhanzuo/MacLLM-Bench/paper_portfolio_iteration/a11-correlated-majorit
y-vote/build/revision_04_clean_a/paper.aux)
(/usr/local/texlive/2026/texmf-dist/tex/context/base/mkii/supp-pdf.mkii
[Loading MPS to PDF converter (version 2006.09.02).]
) (/usr/local/texlive/2026/texmf-dist/tex/latex/epstopdf-pkg/epstopdf-base.sty
(/usr/local/texlive/2026/texmf-dist/tex/latex/latexconfig/epstopdf-sys.cfg))
(./paper.out) (./paper.out)
(/usr/local/texlive/2026/texmf-dist/tex/latex/amsfonts/umsa.fd)
(/usr/local/texlive/2026/texmf-dist/tex/latex/amsfonts/umsb.fd)

LaTeX Warning: Reference `thm:pop' on page 1 undefined on input line 56.


LaTeX Warning: Reference `thm:pop' on page 1 undefined on input line 93.


LaTeX Warning: Reference `thm:pop' on page 1 undefined on input line 93.


Package natbib Warning: Citation `wang2023selfconsistency' on page 1 undefined 
on input line 97.


Package natbib Warning: Citation `aggarwal2023asc' on page 1 undefined on input
 line 99.


Package natbib Warning: Citation `li2024esc' on page 1 undefined on input line 
100.


Package natbib Warning: Citation `chen2026mars' on page 1 undefined on input li
ne 101.


LaTeX Warning: Reference `sec:model' on page 1 undefined on input line 110.


LaTeX Warning: Reference `lem:exact' on page 1 undefined on input line 120.


LaTeX Warning: Reference `thm:tower' on page 1 undefined on input line 123.


LaTeX Warning: Reference `thm:pop' on page 1 undefined on input line 125.

[1{/usr/local/texlive/2026/texmf-var/fonts/map/pdftex/updmap/pdftex.map}{/usr/l
ocal/texlive/2026/texmf-dist/fonts/enc/dvips/base/8r.enc}]

LaTeX Warning: Reference `sec:model' on page 2 undefined on input line 133.


LaTeX Warning: Reference `thm:tower' on page 2 undefined on input line 136.


LaTeX Warning: Reference `thm:pop' on page 2 undefined on input line 138.


LaTeX Warning: Reference `sec:method' on page 2 undefined on input line 139.


Package natbib Warning: Citation `maurer2009eb' on page 2 undefined on input li
ne 143.


LaTeX Warning: Reference `sec:protocol' on page 2 undefined on input line 145.


LaTeX Warning: Reference `sec:experiments' on page 2 undefined on input line 15
2.


LaTeX Warning: Reference `sec:drift' on page 2 undefined on input line 158.


Package natbib Warning: Citation `aggarwal2023asc' on page 2 undefined on input
 line 164.


Package natbib Warning: Citation `li2024esc' on page 2 undefined on input line 
166.


LaTeX Warning: Reference `tab:main' on page 2 undefined on input line 169.


Package natbib Warning: Citation `chen2026mars' on page 2 undefined on input li
ne 169.


Package natbib Warning: Citation `snell2024scaling' on page 2 undefined on inpu
t line 172.


Underfull \vbox (badness 3375) has occurred while \output is active [2 <./fig1_
round4.pdf>]

Package natbib Warning: Citation `vovk2005algorithmic' on page 3 undefined on i
nput line 175.


Package natbib Warning: Citation `howard2021cs' on page 3 undefined on input li
ne 176.


LaTeX Warning: Reference `thm:pop' on page 3 undefined on input line 181.


Package natbib Warning: Citation `RossellMuller2013SequentialStopping' on page 
3 undefined on input line 184.


Package natbib Warning: Citation `Novikov2010OptimalSequential' on page 3 undef
ined on input line 185.


Package natbib Warning: Citation `WaudbySmithRamdas2020Confidence' on page 3 un
defined on input line 189.


Package natbib Warning: Citation `kish1965deff' on page 3 undefined on input li
ne 197.


LaTeX Warning: Reference `sec:model' on page 3 undefined on input line 199.


Package natbib Warning: Citation `skellam1948betabinomial' on page 3 undefined 
on input line 201.


LaTeX Warning: Reference `tab:feature-compare' on page 3 undefined on input lin
e 204.


LaTeX Warning: Reference `sec:drift' on page 3 undefined on input line 222.


LaTeX Warning: Reference `sec:limits' on page 3 undefined on input line 225.


Underfull \hbox (badness 1484) in paragraph at lines 251--253
 []\OT1/ptm/b/n/10 Exact per-task flip prob-a-bil-ity.[] \OT1/ptm/m/n/10 Given 
count $\OML/cmm/m/it/10 K$\OT1/ptm/m/n/10 , the pre-fix count $\OML/cmm/m/it/10
 x[]$ \OT1/ptm/m/n/10 is hy-per-ge-o-met-ric

Underfull \vbox (badness 1540) has occurred while \output is active [3]

LaTeX Warning: Reference `eq:exact' on page 4 undefined on input line 261.


LaTeX Warning: Reference `app:proofs' on page 4 undefined on input line 273.


LaTeX Warning: Reference `app:dp' on page 4 undefined on input line 328.


LaTeX Warning: Reference `thm:pop' on page 4 undefined on input line 329.


LaTeX Warning: Reference `thm:tower' on page 4 undefined on input line 329.


Package natbib Warning: Citation `maurer2009eb' on page 4 undefined on input li
ne 349.


LaTeX Warning: Reference `sec:protocol' on page 4 undefined on input line 352.

[4]

LaTeX Warning: Reference `app:tau' on page 5 undefined on input line 385.


LaTeX Warning: Reference `sec:protocol' on page 5 undefined on input line 395.


LaTeX Warning: Reference `thm:pop' on page 5 undefined on input line 396.


LaTeX Warning: Reference `thm:pop' on page 5 undefined on input line 407.


LaTeX Warning: Reference `eq:exact' on page 5 undefined on input line 421.


LaTeX Warning: Reference `app:dp' on page 5 undefined on input line 422.

[5]

Package natbib Warning: Citation `moshkov2025openmathreasoning' on page 6 undef
ined on input line 437.

(/usr/local/texlive/2026/texmf-dist/tex/latex/psnfss/ot1pcr.fd)

LaTeX Warning: Reference `sec:drift' on page 6 undefined on input line 449.


LaTeX Warning: Reference `tab:main' on page 6 undefined on input line 451.

[6]

LaTeX Warning: Reference `sec:model' on page 7 undefined on input line 527.


LaTeX Warning: Reference `app:matrix' on page 7 undefined on input line 577.

[7]

LaTeX Warning: Reference `app:drift' on page 8 undefined on input line 602.


LaTeX Warning: Reference `thm:tower' on page 8 undefined on input line 624.


LaTeX Warning: Reference `thm:pop' on page 8 undefined on input line 627.


LaTeX Warning: Reference `sec:drift' on page 8 undefined on input line 628.


LaTeX Warning: Reference `thm:pop' on page 8 undefined on input line 634.


LaTeX Warning: Reference `prop:tv' on page 8 undefined on input line 636.


LaTeX Warning: Reference `app:tau' on page 8 undefined on input line 640.


LaTeX Warning: Reference `thm:tower' on page 8 undefined on input line 644.


LaTeX Warning: Reference `lem:exact' on page 8 undefined on input line 647.


LaTeX Warning: Reference `app:proofs' on page 8 undefined on input line 648.


LaTeX Warning: Reference `thm:pop' on page 8 undefined on input line 664.


Underfull \vbox (badness 10000) has occurred while \output is active [8]

LaTeX Warning: Reference `sec:model' on page 9 undefined on input line 673.


LaTeX Warning: Reference `sec:protocol' on page 9 undefined on input line 673.


LaTeX Warning: Reference `sec:limits' on page 9 undefined on input line 680.


LaTeX Warning: Reference `fig:overview' on page 9 undefined on input line 686.

(./paper.bbl [9]) (./appendix_proofs.tex

LaTeX Warning: Reference `lem:exact' on page 10 undefined on input line 5.


Package hyperref Warning: Token not allowed in a PDF string (Unicode):
(hyperref)                removing `math shift' on input line 5.


Package hyperref Warning: Token not allowed in a PDF string (Unicode):
(hyperref)                removing `math shift' on input line 5.

(/usr/local/texlive/2026/texmf-dist/tex/latex/psnfss/ts1ptm.fd) [10]

LaTeX Warning: Reference `eq:rdiff' on page 11 undefined on input line 86.


LaTeX Warning: Reference `eq:rdiff' on page 11 undefined on input line 122.


LaTeX Warning: Reference `eq:revmain' on page 11 undefined on input line 123.


LaTeX Warning: Reference `eq:rdiff' on page 11 undefined on input line 130.


LaTeX Warning: Reference `thm:tower' on page 11 undefined on input line 142.

[11]

LaTeX Warning: Reference `app:dp' on page 12 undefined on input line 173.


LaTeX Warning: Reference `thm:tower' on page 12 undefined on input line 197.

) (./appendix_dp.tex [12])

Package natbib Warning: Citation `aggarwal2023asc' on page 13 undefined on inpu
t line 711.


Package natbib Warning: Citation `li2024esc' on page 13 undefined on input line
 711.


Underfull \hbox (badness 10000) in paragraph at lines 711--711
[]\OT1/ptm/m/n/9 implementation-specific

Package natbib Warning: Citation `chen2026mars' on page 13 undefined on input l
ine 712.


Underfull \hbox (badness 10000) in paragraph at lines 712--713
[]\OT1/ptm/m/n/9 conservative future-

Package natbib Warning: Citation `vovk2005algorithmic' on page 13 undefined on 
input line 713.


Package natbib Warning: Citation `howard2021cs' on page 13 undefined on input l
ine 713.


Underfull \hbox (badness 10000) in paragraph at lines 713--713
[]\OT1/ptm/m/n/9 exchangeable / i.i.d.-

Underfull \hbox (badness 7869) in paragraph at lines 713--714
[]\OT1/ptm/m/n/9 established marginal or

Underfull \hbox (badness 4416) in paragraph at lines 713--714
\OT1/ptm/m/n/9 any-time tools, not this

Underfull \hbox (badness 10000) in paragraph at lines 714--714
[]\OT1/ptm/m/n/9 count-exchangeable ran-

Underfull \hbox (badness 4242) in paragraph at lines 714--715
[]\OT1/ptm/m/n/9 oracle con-di-tional score

Underfull \hbox (badness 10000) in paragraph at lines 714--715
\OT1/ptm/m/n/9 un-der $\OML/cmm/m/it/9 H[]$\OT1/ptm/m/n/9 ; fitted-score

Underfull \hbox (badness 1546) in paragraph at lines 714--715
\OT1/ptm/m/n/9 FIT/CAL screen-ing; de-

Underfull \hbox (badness 10000) in paragraph at lines 714--715
\OT1/ptm/m/n/9 scrip-tive TEST re-play

LaTeX Warning: Reference `tab:drift_a005' on page 13 undefined on input line 72
4.


LaTeX Warning: Reference `tab:drift_a01' on page 13 undefined on input line 724
.


LaTeX Warning: Reference `sec:drift' on page 13 undefined on input line 725.

(./drift_tables.tex
Underfull \hbox (badness 10000) in paragraph at lines 724--30
\OT1/ptm/m/n/10 Tables [] and [] re-port the com-plete drift stress grid be-hin
d Sec-tion []

LaTeX Warning: `h' float specifier changed to `ht'.


LaTeX Warning: `h' float specifier changed to `ht'.

)

LaTeX Warning: Reference `prop:tv' on page 13 undefined on input line 747.


LaTeX Warning: Reference `prop:tv' on page 13 undefined on input line 747.

[13]

LaTeX Warning: `h' float specifier changed to `ht'.


LaTeX Warning: Reference `fig:tau' on page 14 undefined on input line 750.


LaTeX Warning: Reference `thm:tower' on page 14 undefined on input line 772.

[14]

LaTeX Warning: Reference `tab:matrix' on page 15 undefined on input line 783.


LaTeX Warning: Reference `tab:main' on page 15 undefined on input line 846.


LaTeX Warning: `h' float specifier changed to `ht'.


Package natbib Warning: There were undefined citations.

[15 <./fig_tau_conservation.png>] [16]
(/Users/liuhanzuo/MacLLM-Bench/paper_portfolio_iteration/a11-correlated-majorit
y-vote/build/revision_04_clean_a/paper.aux

Package natbib Warning: Citation(s) may have changed.
(natbib)                Rerun to get citations correct.

)

LaTeX Warning: There were undefined references.


LaTeX Warning: Label(s) may have changed. Rerun to get cross-references right.


Package rerunfilecheck Warning: File `paper.out' has changed.
(rerunfilecheck)                Rerun to get outlines right
(rerunfilecheck)                or use package `bookmark'.

 )
(see the transcript file for additional information)</usr/local/texlive/2026/te
xmf-dist/fonts/type1/public/amsfonts/cm/cmbx10.pfb></usr/local/texlive/2026/tex
mf-dist/fonts/type1/public/amsfonts/cm/cmex10.pfb></usr/local/texlive/2026/texm
f-dist/fonts/type1/public/amsfonts/cmextra/cmex7.pfb></usr/local/texlive/2026/t
exmf-dist/fonts/type1/public/amsfonts/cm/cmmi10.pfb></usr/local/texlive/2026/te
xmf-dist/fonts/type1/public/amsfonts/cm/cmmi5.pfb></usr/local/texlive/2026/texm
f-dist/fonts/type1/public/amsfonts/cm/cmmi6.pfb></usr/local/texlive/2026/texmf-
dist/fonts/type1/public/amsfonts/cm/cmmi7.pfb></usr/local/texlive/2026/texmf-di
st/fonts/type1/public/amsfonts/cm/cmmi9.pfb></usr/local/texlive/2026/texmf-dist
/fonts/type1/public/amsfonts/cm/cmr10.pfb></usr/local/texlive/2026/texmf-dist/f
onts/type1/public/amsfonts/cm/cmr5.pfb></usr/local/texlive/2026/texmf-dist/font
s/type1/public/amsfonts/cm/cmr7.pfb></usr/local/texlive/2026/texmf-dist/fonts/t
ype1/public/amsfonts/cm/cmr9.pfb></usr/local/texlive/2026/texmf-dist/fonts/type
1/public/amsfonts/cm/cmsy10.pfb></usr/local/texlive/2026/texmf-dist/fonts/type1
/public/amsfonts/cm/cmsy6.pfb></usr/local/texlive/2026/texmf-dist/fonts/type1/p
ublic/amsfonts/cm/cmsy7.pfb></usr/local/texlive/2026/texmf-dist/fonts/type1/pub
lic/amsfonts/cm/cmsy9.pfb></usr/local/texlive/2026/texmf-dist/fonts/type1/publi
c/amsfonts/symbols/msbm10.pfb></usr/local/texlive/2026/texmf-dist/fonts/type1/u
rw/courier/ucrr8a.pfb></usr/local/texlive/2026/texmf-dist/fonts/type1/urw/helve
tic/uhvb8a.pfb></usr/local/texlive/2026/texmf-dist/fonts/type1/urw/times/utmb8a
.pfb></usr/local/texlive/2026/texmf-dist/fonts/type1/urw/times/utmr8a.pfb></usr
/local/texlive/2026/texmf-dist/fonts/type1/urw/times/utmri8a.pfb>
Output written on /Users/liuhanzuo/MacLLM-Bench/paper_portfolio_iteration/a11-c
orrelated-majority-vote/build/revision_04_clean_a/paper.pdf (16 pages, 562595 b
ytes).
Transcript written on /Users/liuhanzuo/MacLLM-Bench/paper_portfolio_iteration/a
11-correlated-majority-vote/build/revision_04_clean_a/paper.log.
Latexmk: Getting log file '/Users/liuhanzuo/MacLLM-Bench/paper_portfolio_iteration/a11-correlated-majority-vote/build/revision_04_clean_a/paper.log'
Latexmk: Examining '/Users/liuhanzuo/MacLLM-Bench/paper_portfolio_iteration/a11-correlated-majority-vote/build/revision_04_clean_a/paper.fls'
Latexmk: Examining '/Users/liuhanzuo/MacLLM-Bench/paper_portfolio_iteration/a11-correlated-majority-vote/build/revision_04_clean_a/paper.log'
Latexmk: Found input bbl file 'paper.bbl'
Latexmk: References changed.
Latexmk: References changed.
Latexmk: References changed.
Latexmk: Log file says output to '/Users/liuhanzuo/MacLLM-Bench/paper_portfolio_iteration/a11-correlated-majority-vote/build/revision_04_clean_a/paper.pdf'
Latexmk: Log file says output to '/Users/liuhanzuo/MacLLM-Bench/paper_portfolio_iteration/a11-correlated-majority-vote/build/revision_04_clean_a/paper.pdf'
Latexmk: Using bibtex to make bibliography file(s).
  ===Source file '/Users/liuhanzuo/MacLLM-Bench/paper_portfolio_iteration/a11-correlated-majority-vote/build/revision_04_clean_a/paper.bbl' for 'pdflatex'
Create bibtex /Users/liuhanzuo/MacLLM-Bench/paper_portfolio_iteration/a11-correlated-majority-vote/build/revision_04_clean_a/paper
Latexmk: Found bibliography file(s):
  ./references.bib
Latexmk: applying rule 'bibtex /Users/liuhanzuo/MacLLM-Bench/paper_portfolio_iteration/a11-correlated-majority-vote/build/revision_04_clean_a/paper'...
Rule 'bibtex /Users/liuhanzuo/MacLLM-Bench/paper_portfolio_iteration/a11-correlated-majority-vote/build/revision_04_clean_a/paper':  Reasons for rerun
Category 'other':
  Rerun of 'bibtex /Users/liuhanzuo/MacLLM-Bench/paper_portfolio_iteration/a11-correlated-majority-vote/build/revision_04_clean_a/paper' forced or previously required:
    Reason or flag: 'Initial set up of rule'

------------
Run number 1 of rule 'bibtex /Users/liuhanzuo/MacLLM-Bench/paper_portfolio_iteration/a11-correlated-majority-vote/build/revision_04_clean_a/paper'
------------
Latexmk: Change directory to '/Users/liuhanzuo/MacLLM-Bench/paper_portfolio_iteration/a11-correlated-majority-vote/build/revision_04_clean_a/'.
To assist finding of files in document directory, I set
  BIBINPUTS='/Users/liuhanzuo/MacLLM-Bench/paper_portfolio_iteration/a11-correlated-majority-vote/manuscript:/Users/liuhanzuo/MacLLM-Bench/paper_portfolio_iteration/a11-correlated-majority-vote/build/revision_04_clean_a:'
  BSTINPUTS='/Users/liuhanzuo/MacLLM-Bench/paper_portfolio_iteration/a11-correlated-majority-vote/manuscript:'.
------------
Running 'bibtex  "paper.aux"'
------------
This is BibTeX, Version 0.99e (TeX Live 2026)
The top-level auxiliary file: paper.aux
The style file: iclr2027_conference.bst
Database file #1: references.bib
Latexmk: Change directory back to '/Users/liuhanzuo/MacLLM-Bench/paper_portfolio_iteration/a11-correlated-majority-vote/manuscript'
Latexmk: applying rule 'pdflatex'...
Rule 'pdflatex':  Reasons for rerun
Changed files or newly in use/created:
  /Users/liuhanzuo/MacLLM-Bench/paper_portfolio_iteration/a11-correlated-majority-vote/build/revision_04_clean_a/paper.aux
  /Users/liuhanzuo/MacLLM-Bench/paper_portfolio_iteration/a11-correlated-majority-vote/build/revision_04_clean_a/paper.bbl
  /Users/liuhanzuo/MacLLM-Bench/paper_portfolio_iteration/a11-correlated-majority-vote/build/revision_04_clean_a/paper.out

------------
Run number 2 of rule 'pdflatex'
------------
------------
Running 'pdflatex  -interaction=nonstopmode -halt-on-error -file-line-error -recorder -output-directory="/Users/liuhanzuo/MacLLM-Bench/paper_portfolio_iteration/a11-correlated-majority-vote/build/revision_04_clean_a"  "paper.tex"'
------------
This is pdfTeX, Version 3.141592653-2.6-1.40.29 (TeX Live 2026) (preloaded format=pdflatex)
 restricted \write18 enabled.
entering extended mode
(./paper.tex
LaTeX2e <2025-11-01>
L3 programming layer <2026-01-19>
(/usr/local/texlive/2026/texmf-dist/tex/latex/base/article.cls
Document Class: article 2025/01/22 v1.4n Standard LaTeX document class
(/usr/local/texlive/2026/texmf-dist/tex/latex/base/size10.clo))
(./iclr2027_conference.sty
(/usr/local/texlive/2026/texmf-dist/tex/latex/eso-pic/eso-pic.sty
(/usr/local/texlive/2026/texmf-dist/tex/latex/graphics/keyval.sty)
(/usr/local/texlive/2026/texmf-dist/tex/latex/xcolor/xcolor.sty
(/usr/local/texlive/2026/texmf-dist/tex/latex/graphics-cfg/color.cfg)
(/usr/local/texlive/2026/texmf-dist/tex/latex/graphics-def/pdftex.def)
(/usr/local/texlive/2026/texmf-dist/tex/latex/graphics/mathcolor.ltx)))
(/usr/local/texlive/2026/texmf-dist/tex/latex/fancyhdr/fancyhdr.sty)
(/usr/local/texlive/2026/texmf-dist/tex/latex/natbib/natbib.sty))
(/usr/local/texlive/2026/texmf-dist/tex/latex/psnfss/times.sty)
(/usr/local/texlive/2026/texmf-dist/tex/latex/amsmath/amsmath.sty
For additional information on amsmath, use the `?' option.
(/usr/local/texlive/2026/texmf-dist/tex/latex/amsmath/amstext.sty
(/usr/local/texlive/2026/texmf-dist/tex/latex/amsmath/amsgen.sty))
(/usr/local/texlive/2026/texmf-dist/tex/latex/amsmath/amsbsy.sty)
(/usr/local/texlive/2026/texmf-dist/tex/latex/amsmath/amsopn.sty))
(/usr/local/texlive/2026/texmf-dist/tex/latex/amsfonts/amssymb.sty
(/usr/local/texlive/2026/texmf-dist/tex/latex/amsfonts/amsfonts.sty))
(/usr/local/texlive/2026/texmf-dist/tex/latex/amscls/amsthm.sty)
(/usr/local/texlive/2026/texmf-dist/tex/latex/booktabs/booktabs.sty)
(/usr/local/texlive/2026/texmf-dist/tex/latex/enumitem/enumitem.sty)
(/usr/local/texlive/2026/texmf-dist/tex/latex/graphics/graphicx.sty
(/usr/local/texlive/2026/texmf-dist/tex/latex/graphics/graphics.sty
(/usr/local/texlive/2026/texmf-dist/tex/latex/graphics/trig.sty)
(/usr/local/texlive/2026/texmf-dist/tex/latex/graphics-cfg/graphics.cfg)))
(/usr/local/texlive/2026/texmf-dist/tex/latex/hyperref/hyperref.sty
(/usr/local/texlive/2026/texmf-dist/tex/generic/iftex/iftex.sty)
(/usr/local/texlive/2026/texmf-dist/tex/latex/kvsetkeys/kvsetkeys.sty)
(/usr/local/texlive/2026/texmf-dist/tex/generic/kvdefinekeys/kvdefinekeys.sty)
(/usr/local/texlive/2026/texmf-dist/tex/generic/pdfescape/pdfescape.sty
(/usr/local/texlive/2026/texmf-dist/tex/generic/ltxcmds/ltxcmds.sty)
(/usr/local/texlive/2026/texmf-dist/tex/generic/pdftexcmds/pdftexcmds.sty
(/usr/local/texlive/2026/texmf-dist/tex/generic/infwarerr/infwarerr.sty)))
(/usr/local/texlive/2026/texmf-dist/tex/latex/hycolor/hycolor.sty)
(/usr/local/texlive/2026/texmf-dist/tex/latex/hyperref/nameref.sty
(/usr/local/texlive/2026/texmf-dist/tex/latex/refcount/refcount.sty)
(/usr/local/texlive/2026/texmf-dist/tex/generic/gettitlestring/gettitlestring.s
ty (/usr/local/texlive/2026/texmf-dist/tex/latex/kvoptions/kvoptions.sty)))
(/usr/local/texlive/2026/texmf-dist/tex/latex/etoolbox/etoolbox.sty)
(/usr/local/texlive/2026/texmf-dist/tex/generic/stringenc/stringenc.sty)
(/usr/local/texlive/2026/texmf-dist/tex/latex/hyperref/pd1enc.def)
(/usr/local/texlive/2026/texmf-dist/tex/generic/intcalc/intcalc.sty)
(/usr/local/texlive/2026/texmf-dist/tex/latex/hyperref/puenc.def)
(/usr/local/texlive/2026/texmf-dist/tex/latex/url/url.sty)
(/usr/local/texlive/2026/texmf-dist/tex/generic/bitset/bitset.sty
(/usr/local/texlive/2026/texmf-dist/tex/generic/bigintcalc/bigintcalc.sty)))
(/usr/local/texlive/2026/texmf-dist/tex/latex/hyperref/hpdftex.def
(/usr/local/texlive/2026/texmf-dist/tex/latex/rerunfilecheck/rerunfilecheck.sty

(/usr/local/texlive/2026/texmf-dist/tex/generic/uniquecounter/uniquecounter.sty
))) (/usr/local/texlive/2026/texmf-dist/tex/latex/psnfss/ot1ptm.fd)
(/usr/local/texlive/2026/texmf-dist/tex/latex/l3backend/l3backend-pdftex.def)
(/Users/liuhanzuo/MacLLM-Bench/paper_portfolio_iteration/a11-correlated-majorit
y-vote/build/revision_04_clean_a/paper.aux)
(/usr/local/texlive/2026/texmf-dist/tex/context/base/mkii/supp-pdf.mkii
[Loading MPS to PDF converter (version 2006.09.02).]
) (/usr/local/texlive/2026/texmf-dist/tex/latex/epstopdf-pkg/epstopdf-base.sty
(/usr/local/texlive/2026/texmf-dist/tex/latex/latexconfig/epstopdf-sys.cfg))
(/Users/liuhanzuo/MacLLM-Bench/paper_portfolio_iteration/a11-correlated-majorit
y-vote/build/revision_04_clean_a/paper.out)
(/Users/liuhanzuo/MacLLM-Bench/paper_portfolio_iteration/a11-correlated-majorit
y-vote/build/revision_04_clean_a/paper.out)
(/usr/local/texlive/2026/texmf-dist/tex/latex/amsfonts/umsa.fd)
(/usr/local/texlive/2026/texmf-dist/tex/latex/amsfonts/umsb.fd) [1{/usr/local/t
exlive/2026/texmf-var/fonts/map/pdftex/updmap/pdftex.map}{/usr/local/texlive/20
26/texmf-dist/fonts/enc/dvips/base/8r.enc}] [2 <./fig1_round4.pdf>]

Package natbib Warning: Citation `RossellMuller2013SequentialStopping' on page 
3 undefined on input line 184.


Package natbib Warning: Citation `Novikov2010OptimalSequential' on page 3 undef
ined on input line 185.


Package natbib Warning: Citation `WaudbySmithRamdas2020Confidence' on page 3 un
defined on input line 189.


Underfull \hbox (badness 1484) in paragraph at lines 251--253
 []\OT1/ptm/b/n/10 Exact per-task flip prob-a-bil-ity.[] \OT1/ptm/m/n/10 Given 
count $\OML/cmm/m/it/10 K$\OT1/ptm/m/n/10 , the pre-fix count $\OML/cmm/m/it/10
 x[]$ \OT1/ptm/m/n/10 is hy-per-ge-o-met-ric

Underfull \vbox (badness 1540) has occurred while \output is active [3]
[4] [5] (/usr/local/texlive/2026/texmf-dist/tex/latex/psnfss/ot1pcr.fd)
[6] [7]
Underfull \vbox (badness 10000) has occurred while \output is active [8]
(/Users/liuhanzuo/MacLLM-Bench/paper_portfolio_iteration/a11-correlated-majorit
y-vote/build/revision_04_clean_a/paper.bbl [9]) (./appendix_proofs.tex

Package hyperref Warning: Token not allowed in a PDF string (Unicode):
(hyperref)                removing `math shift' on input line 5.


Package hyperref Warning: Token not allowed in a PDF string (Unicode):
(hyperref)                removing `math shift' on input line 5.

(/usr/local/texlive/2026/texmf-dist/tex/latex/psnfss/ts1ptm.fd) [10] [11])
(./appendix_dp.tex [12])
Underfull \hbox (badness 10000) in paragraph at lines 711--711
[]\OT1/ptm/m/n/9 ASC ([]Ag-gar-wal

Underfull \hbox (badness 10000) in paragraph at lines 711--711
[]\OT1/ptm/m/n/9 implementation-specific

Underfull \hbox (badness 10000) in paragraph at lines 712--712
[]\OT1/ptm/m/n/9 MARS ([]Chen

Underfull \hbox (badness 10000) in paragraph at lines 712--713
[]\OT1/ptm/m/n/9 conservative future-

Underfull \hbox (badness 4013) in paragraph at lines 713--713
[]\OT1/ptm/m/n/9 Conformal ([]Vovk

Underfull \hbox (badness 10000) in paragraph at lines 713--713
\OT1/ptm/m/n/9 ([]Howard et al.[],

Underfull \hbox (badness 10000) in paragraph at lines 713--713
[]\OT1/ptm/m/n/9 exchangeable / i.i.d.-

Underfull \hbox (badness 7869) in paragraph at lines 713--714
[]\OT1/ptm/m/n/9 established marginal or

Underfull \hbox (badness 4416) in paragraph at lines 713--714
\OT1/ptm/m/n/9 any-time tools, not this

Underfull \hbox (badness 10000) in paragraph at lines 714--714
[]\OT1/ptm/m/n/9 count-exchangeable ran-

Underfull \hbox (badness 4242) in paragraph at lines 714--715
[]\OT1/ptm/m/n/9 oracle con-di-tional score

Underfull \hbox (badness 10000) in paragraph at lines 714--715
\OT1/ptm/m/n/9 un-der $\OML/cmm/m/it/9 H[]$\OT1/ptm/m/n/9 ; fitted-score

Underfull \hbox (badness 1546) in paragraph at lines 714--715
\OT1/ptm/m/n/9 FIT/CAL screen-ing; de-

Underfull \hbox (badness 10000) in paragraph at lines 714--715
\OT1/ptm/m/n/9 scrip-tive TEST re-play
(./drift_tables.tex
Underfull \hbox (badness 10000) in paragraph at lines 724--30
\OT1/ptm/m/n/10 Tables []3[] and []4[] re-port the com-plete drift stress grid 
be-hind Sec-tion []7[]
[13])

LaTeX Warning: `h' float specifier changed to `ht'.

[14]

LaTeX Warning: `h' float specifier changed to `ht'.

[15 <./fig_tau_conservation.png>]

Package natbib Warning: There were undefined citations.

[16]
(/Users/liuhanzuo/MacLLM-Bench/paper_portfolio_iteration/a11-correlated-majorit
y-vote/build/revision_04_clean_a/paper.aux

Package natbib Warning: Citation(s) may have changed.
(natbib)                Rerun to get citations correct.

)

LaTeX Warning: Label(s) may have changed. Rerun to get cross-references right.


Package rerunfilecheck Warning: File `paper.out' has changed.
(rerunfilecheck)                Rerun to get outlines right
(rerunfilecheck)                or use package `bookmark'.

 )
(see the transcript file for additional information)</usr/local/texlive/2026/te
xmf-dist/fonts/type1/public/amsfonts/cm/cmbx10.pfb></usr/local/texlive/2026/tex
mf-dist/fonts/type1/public/amsfonts/cm/cmex10.pfb></usr/local/texlive/2026/texm
f-dist/fonts/type1/public/amsfonts/cmextra/cmex7.pfb></usr/local/texlive/2026/t
exmf-dist/fonts/type1/public/amsfonts/cm/cmmi10.pfb></usr/local/texlive/2026/te
xmf-dist/fonts/type1/public/amsfonts/cm/cmmi5.pfb></usr/local/texlive/2026/texm
f-dist/fonts/type1/public/amsfonts/cm/cmmi6.pfb></usr/local/texlive/2026/texmf-
dist/fonts/type1/public/amsfonts/cm/cmmi7.pfb></usr/local/texlive/2026/texmf-di
st/fonts/type1/public/amsfonts/cm/cmmi9.pfb></usr/local/texlive/2026/texmf-dist
/fonts/type1/public/amsfonts/cm/cmr10.pfb></usr/local/texlive/2026/texmf-dist/f
onts/type1/public/amsfonts/cm/cmr5.pfb></usr/local/texlive/2026/texmf-dist/font
s/type1/public/amsfonts/cm/cmr7.pfb></usr/local/texlive/2026/texmf-dist/fonts/t
ype1/public/amsfonts/cm/cmr9.pfb></usr/local/texlive/2026/texmf-dist/fonts/type
1/public/amsfonts/cm/cmsy10.pfb></usr/local/texlive/2026/texmf-dist/fonts/type1
/public/amsfonts/cm/cmsy6.pfb></usr/local/texlive/2026/texmf-dist/fonts/type1/p
ublic/amsfonts/cm/cmsy7.pfb></usr/local/texlive/2026/texmf-dist/fonts/type1/pub
lic/amsfonts/cm/cmsy9.pfb></usr/local/texlive/2026/texmf-dist/fonts/type1/publi
c/amsfonts/symbols/msbm10.pfb></usr/local/texlive/2026/texmf-dist/fonts/type1/u
rw/courier/ucrr8a.pfb></usr/local/texlive/2026/texmf-dist/fonts/type1/urw/helve
tic/uhvb8a.pfb></usr/local/texlive/2026/texmf-dist/fonts/type1/urw/times/utmb8a
.pfb></usr/local/texlive/2026/texmf-dist/fonts/type1/urw/times/utmr8a.pfb></usr
/local/texlive/2026/texmf-dist/fonts/type1/urw/times/utmri8a.pfb>
Output written on /Users/liuhanzuo/MacLLM-Bench/paper_portfolio_iteration/a11-c
orrelated-majority-vote/build/revision_04_clean_a/paper.pdf (16 pages, 568410 b
ytes).
Transcript written on /Users/liuhanzuo/MacLLM-Bench/paper_portfolio_iteration/a
11-correlated-majority-vote/build/revision_04_clean_a/paper.log.
Latexmk: Getting log file '/Users/liuhanzuo/MacLLM-Bench/paper_portfolio_iteration/a11-correlated-majority-vote/build/revision_04_clean_a/paper.log'
Latexmk: Examining '/Users/liuhanzuo/MacLLM-Bench/paper_portfolio_iteration/a11-correlated-majority-vote/build/revision_04_clean_a/paper.fls'
Latexmk: Examining '/Users/liuhanzuo/MacLLM-Bench/paper_portfolio_iteration/a11-correlated-majority-vote/build/revision_04_clean_a/paper.log'
Latexmk: Found input bbl file '/Users/liuhanzuo/MacLLM-Bench/paper_portfolio_iteration/a11-correlated-majority-vote/build/revision_04_clean_a/paper.bbl'
Latexmk: References changed.
Latexmk: References changed.
Latexmk: References changed.
Latexmk: Log file says output to '/Users/liuhanzuo/MacLLM-Bench/paper_portfolio_iteration/a11-correlated-majority-vote/build/revision_04_clean_a/paper.pdf'
Latexmk: Log file says output to '/Users/liuhanzuo/MacLLM-Bench/paper_portfolio_iteration/a11-correlated-majority-vote/build/revision_04_clean_a/paper.pdf'
Latexmk: Using bibtex to make bibliography file(s).
  ===Source file '/Users/liuhanzuo/MacLLM-Bench/paper_portfolio_iteration/a11-correlated-majority-vote/build/revision_04_clean_a/paper.bbl' for 'pdflatex'
Latexmk: Found bibliography file(s):
  ./references.bib
Latexmk: applying rule 'bibtex /Users/liuhanzuo/MacLLM-Bench/paper_portfolio_iteration/a11-correlated-majority-vote/build/revision_04_clean_a/paper'...
Rule 'bibtex /Users/liuhanzuo/MacLLM-Bench/paper_portfolio_iteration/a11-correlated-majority-vote/build/revision_04_clean_a/paper':  Reasons for rerun
Changed files or newly in use/created:
  /Users/liuhanzuo/MacLLM-Bench/paper_portfolio_iteration/a11-correlated-majority-vote/build/revision_04_clean_a/paper.aux

------------
Run number 2 of rule 'bibtex /Users/liuhanzuo/MacLLM-Bench/paper_portfolio_iteration/a11-correlated-majority-vote/build/revision_04_clean_a/paper'
------------
Latexmk: Change directory to '/Users/liuhanzuo/MacLLM-Bench/paper_portfolio_iteration/a11-correlated-majority-vote/build/revision_04_clean_a/'.
To assist finding of files in document directory, I set
  BIBINPUTS='/Users/liuhanzuo/MacLLM-Bench/paper_portfolio_iteration/a11-correlated-majority-vote/manuscript:/Users/liuhanzuo/MacLLM-Bench/paper_portfolio_iteration/a11-correlated-majority-vote/build/revision_04_clean_a:'
  BSTINPUTS='/Users/liuhanzuo/MacLLM-Bench/paper_portfolio_iteration/a11-correlated-majority-vote/manuscript:'.
------------
Running 'bibtex  "paper.aux"'
------------
This is BibTeX, Version 0.99e (TeX Live 2026)
The top-level auxiliary file: paper.aux
The style file: iclr2027_conference.bst
Database file #1: references.bib
Latexmk: Change directory back to '/Users/liuhanzuo/MacLLM-Bench/paper_portfolio_iteration/a11-correlated-majority-vote/manuscript'
Latexmk: applying rule 'pdflatex'...
Rule 'pdflatex':  Reasons for rerun
Changed files or newly in use/created:
  /Users/liuhanzuo/MacLLM-Bench/paper_portfolio_iteration/a11-correlated-majority-vote/build/revision_04_clean_a/paper.aux
  /Users/liuhanzuo/MacLLM-Bench/paper_portfolio_iteration/a11-correlated-majority-vote/build/revision_04_clean_a/paper.out

------------
Run number 3 of rule 'pdflatex'
------------
------------
Running 'pdflatex  -interaction=nonstopmode -halt-on-error -file-line-error -recorder -output-directory="/Users/liuhanzuo/MacLLM-Bench/paper_portfolio_iteration/a11-correlated-majority-vote/build/revision_04_clean_a"  "paper.tex"'
------------
This is pdfTeX, Version 3.141592653-2.6-1.40.29 (TeX Live 2026) (preloaded format=pdflatex)
 restricted \write18 enabled.
entering extended mode
(./paper.tex
LaTeX2e <2025-11-01>
L3 programming layer <2026-01-19>
(/usr/local/texlive/2026/texmf-dist/tex/latex/base/article.cls
Document Class: article 2025/01/22 v1.4n Standard LaTeX document class
(/usr/local/texlive/2026/texmf-dist/tex/latex/base/size10.clo))
(./iclr2027_conference.sty
(/usr/local/texlive/2026/texmf-dist/tex/latex/eso-pic/eso-pic.sty
(/usr/local/texlive/2026/texmf-dist/tex/latex/graphics/keyval.sty)
(/usr/local/texlive/2026/texmf-dist/tex/latex/xcolor/xcolor.sty
(/usr/local/texlive/2026/texmf-dist/tex/latex/graphics-cfg/color.cfg)
(/usr/local/texlive/2026/texmf-dist/tex/latex/graphics-def/pdftex.def)
(/usr/local/texlive/2026/texmf-dist/tex/latex/graphics/mathcolor.ltx)))
(/usr/local/texlive/2026/texmf-dist/tex/latex/fancyhdr/fancyhdr.sty)
(/usr/local/texlive/2026/texmf-dist/tex/latex/natbib/natbib.sty))
(/usr/local/texlive/2026/texmf-dist/tex/latex/psnfss/times.sty)
(/usr/local/texlive/2026/texmf-dist/tex/latex/amsmath/amsmath.sty
For additional information on amsmath, use the `?' option.
(/usr/local/texlive/2026/texmf-dist/tex/latex/amsmath/amstext.sty
(/usr/local/texlive/2026/texmf-dist/tex/latex/amsmath/amsgen.sty))
(/usr/local/texlive/2026/texmf-dist/tex/latex/amsmath/amsbsy.sty)
(/usr/local/texlive/2026/texmf-dist/tex/latex/amsmath/amsopn.sty))
(/usr/local/texlive/2026/texmf-dist/tex/latex/amsfonts/amssymb.sty
(/usr/local/texlive/2026/texmf-dist/tex/latex/amsfonts/amsfonts.sty))
(/usr/local/texlive/2026/texmf-dist/tex/latex/amscls/amsthm.sty)
(/usr/local/texlive/2026/texmf-dist/tex/latex/booktabs/booktabs.sty)
(/usr/local/texlive/2026/texmf-dist/tex/latex/enumitem/enumitem.sty)
(/usr/local/texlive/2026/texmf-dist/tex/latex/graphics/graphicx.sty
(/usr/local/texlive/2026/texmf-dist/tex/latex/graphics/graphics.sty
(/usr/local/texlive/2026/texmf-dist/tex/latex/graphics/trig.sty)
(/usr/local/texlive/2026/texmf-dist/tex/latex/graphics-cfg/graphics.cfg)))
(/usr/local/texlive/2026/texmf-dist/tex/latex/hyperref/hyperref.sty
(/usr/local/texlive/2026/texmf-dist/tex/generic/iftex/iftex.sty)
(/usr/local/texlive/2026/texmf-dist/tex/latex/kvsetkeys/kvsetkeys.sty)
(/usr/local/texlive/2026/texmf-dist/tex/generic/kvdefinekeys/kvdefinekeys.sty)
(/usr/local/texlive/2026/texmf-dist/tex/generic/pdfescape/pdfescape.sty
(/usr/local/texlive/2026/texmf-dist/tex/generic/ltxcmds/ltxcmds.sty)
(/usr/local/texlive/2026/texmf-dist/tex/generic/pdftexcmds/pdftexcmds.sty
(/usr/local/texlive/2026/texmf-dist/tex/generic/infwarerr/infwarerr.sty)))
(/usr/local/texlive/2026/texmf-dist/tex/latex/hycolor/hycolor.sty)
(/usr/local/texlive/2026/texmf-dist/tex/latex/hyperref/nameref.sty
(/usr/local/texlive/2026/texmf-dist/tex/latex/refcount/refcount.sty)
(/usr/local/texlive/2026/texmf-dist/tex/generic/gettitlestring/gettitlestring.s
ty (/usr/local/texlive/2026/texmf-dist/tex/latex/kvoptions/kvoptions.sty)))
(/usr/local/texlive/2026/texmf-dist/tex/latex/etoolbox/etoolbox.sty)
(/usr/local/texlive/2026/texmf-dist/tex/generic/stringenc/stringenc.sty)
(/usr/local/texlive/2026/texmf-dist/tex/latex/hyperref/pd1enc.def)
(/usr/local/texlive/2026/texmf-dist/tex/generic/intcalc/intcalc.sty)
(/usr/local/texlive/2026/texmf-dist/tex/latex/hyperref/puenc.def)
(/usr/local/texlive/2026/texmf-dist/tex/latex/url/url.sty)
(/usr/local/texlive/2026/texmf-dist/tex/generic/bitset/bitset.sty
(/usr/local/texlive/2026/texmf-dist/tex/generic/bigintcalc/bigintcalc.sty)))
(/usr/local/texlive/2026/texmf-dist/tex/latex/hyperref/hpdftex.def
(/usr/local/texlive/2026/texmf-dist/tex/latex/rerunfilecheck/rerunfilecheck.sty

(/usr/local/texlive/2026/texmf-dist/tex/generic/uniquecounter/uniquecounter.sty
))) (/usr/local/texlive/2026/texmf-dist/tex/latex/psnfss/ot1ptm.fd)
(/usr/local/texlive/2026/texmf-dist/tex/latex/l3backend/l3backend-pdftex.def)
(/Users/liuhanzuo/MacLLM-Bench/paper_portfolio_iteration/a11-correlated-majorit
y-vote/build/revision_04_clean_a/paper.aux)
(/usr/local/texlive/2026/texmf-dist/tex/context/base/mkii/supp-pdf.mkii
[Loading MPS to PDF converter (version 2006.09.02).]
) (/usr/local/texlive/2026/texmf-dist/tex/latex/epstopdf-pkg/epstopdf-base.sty
(/usr/local/texlive/2026/texmf-dist/tex/latex/latexconfig/epstopdf-sys.cfg))
(/Users/liuhanzuo/MacLLM-Bench/paper_portfolio_iteration/a11-correlated-majorit
y-vote/build/revision_04_clean_a/paper.out)
(/Users/liuhanzuo/MacLLM-Bench/paper_portfolio_iteration/a11-correlated-majorit
y-vote/build/revision_04_clean_a/paper.out)
(/usr/local/texlive/2026/texmf-dist/tex/latex/amsfonts/umsa.fd)
(/usr/local/texlive/2026/texmf-dist/tex/latex/amsfonts/umsb.fd) [1{/usr/local/t
exlive/2026/texmf-var/fonts/map/pdftex/updmap/pdftex.map}{/usr/local/texlive/20
26/texmf-dist/fonts/enc/dvips/base/8r.enc}] [2 <./fig1_round4.pdf>]
Underfull \hbox (badness 1484) in paragraph at lines 251--253
 []\OT1/ptm/b/n/10 Exact per-task flip prob-a-bil-ity.[] \OT1/ptm/m/n/10 Given 
count $\OML/cmm/m/it/10 K$\OT1/ptm/m/n/10 , the pre-fix count $\OML/cmm/m/it/10
 x[]$ \OT1/ptm/m/n/10 is hy-per-ge-o-met-ric
[3] [4] [5] (/usr/local/texlive/2026/texmf-dist/tex/latex/psnfss/ot1pcr.fd)
[6] [7]
Underfull \vbox (badness 10000) has occurred while \output is active [8]
(/Users/liuhanzuo/MacLLM-Bench/paper_portfolio_iteration/a11-correlated-majorit
y-vote/build/revision_04_clean_a/paper.bbl [9]) (./appendix_proofs.tex

Package hyperref Warning: Token not allowed in a PDF string (Unicode):
(hyperref)                removing `math shift' on input line 5.


Package hyperref Warning: Token not allowed in a PDF string (Unicode):
(hyperref)                removing `math shift' on input line 5.

(/usr/local/texlive/2026/texmf-dist/tex/latex/psnfss/ts1ptm.fd) [10] [11])
(./appendix_dp.tex [12])
Underfull \hbox (badness 10000) in paragraph at lines 711--711
[]\OT1/ptm/m/n/9 ASC ([]Ag-gar-wal

Underfull \hbox (badness 10000) in paragraph at lines 711--711
[]\OT1/ptm/m/n/9 implementation-specific

Underfull \hbox (badness 10000) in paragraph at lines 712--712
[]\OT1/ptm/m/n/9 MARS ([]Chen

Underfull \hbox (badness 10000) in paragraph at lines 712--713
[]\OT1/ptm/m/n/9 conservative future-

Underfull \hbox (badness 4013) in paragraph at lines 713--713
[]\OT1/ptm/m/n/9 Conformal ([]Vovk

Underfull \hbox (badness 10000) in paragraph at lines 713--713
\OT1/ptm/m/n/9 ([]Howard et al.[],

Underfull \hbox (badness 10000) in paragraph at lines 713--713
[]\OT1/ptm/m/n/9 exchangeable / i.i.d.-

Underfull \hbox (badness 7869) in paragraph at lines 713--714
[]\OT1/ptm/m/n/9 established marginal or

Underfull \hbox (badness 4416) in paragraph at lines 713--714
\OT1/ptm/m/n/9 any-time tools, not this

Underfull \hbox (badness 10000) in paragraph at lines 714--714
[]\OT1/ptm/m/n/9 count-exchangeable ran-

Underfull \hbox (badness 4242) in paragraph at lines 714--715
[]\OT1/ptm/m/n/9 oracle con-di-tional score

Underfull \hbox (badness 10000) in paragraph at lines 714--715
\OT1/ptm/m/n/9 un-der $\OML/cmm/m/it/9 H[]$\OT1/ptm/m/n/9 ; fitted-score

Underfull \hbox (badness 1546) in paragraph at lines 714--715
\OT1/ptm/m/n/9 FIT/CAL screen-ing; de-

Underfull \hbox (badness 10000) in paragraph at lines 714--715
\OT1/ptm/m/n/9 scrip-tive TEST re-play
(./drift_tables.tex
Underfull \hbox (badness 10000) in paragraph at lines 724--30
\OT1/ptm/m/n/10 Tables []3[] and []4[] re-port the com-plete drift stress grid 
be-hind Sec-tion []7[]
[13])

LaTeX Warning: `h' float specifier changed to `ht'.

[14]

LaTeX Warning: `h' float specifier changed to `ht'.

[15 <./fig_tau_conservation.png>] [16]
(/Users/liuhanzuo/MacLLM-Bench/paper_portfolio_iteration/a11-correlated-majorit
y-vote/build/revision_04_clean_a/paper.aux) )
(see the transcript file for additional information)</usr/local/texlive/2026/te
xmf-dist/fonts/type1/public/amsfonts/cm/cmbx10.pfb></usr/local/texlive/2026/tex
mf-dist/fonts/type1/public/amsfonts/cm/cmex10.pfb></usr/local/texlive/2026/texm
f-dist/fonts/type1/public/amsfonts/cmextra/cmex7.pfb></usr/local/texlive/2026/t
exmf-dist/fonts/type1/public/amsfonts/cm/cmmi10.pfb></usr/local/texlive/2026/te
xmf-dist/fonts/type1/public/amsfonts/cm/cmmi5.pfb></usr/local/texlive/2026/texm
f-dist/fonts/type1/public/amsfonts/cm/cmmi6.pfb></usr/local/texlive/2026/texmf-
dist/fonts/type1/public/amsfonts/cm/cmmi7.pfb></usr/local/texlive/2026/texmf-di
st/fonts/type1/public/amsfonts/cm/cmmi9.pfb></usr/local/texlive/2026/texmf-dist
/fonts/type1/public/amsfonts/cm/cmr10.pfb></usr/local/texlive/2026/texmf-dist/f
onts/type1/public/amsfonts/cm/cmr5.pfb></usr/local/texlive/2026/texmf-dist/font
s/type1/public/amsfonts/cm/cmr7.pfb></usr/local/texlive/2026/texmf-dist/fonts/t
ype1/public/amsfonts/cm/cmr9.pfb></usr/local/texlive/2026/texmf-dist/fonts/type
1/public/amsfonts/cm/cmsy10.pfb></usr/local/texlive/2026/texmf-dist/fonts/type1
/public/amsfonts/cm/cmsy6.pfb></usr/local/texlive/2026/texmf-dist/fonts/type1/p
ublic/amsfonts/cm/cmsy7.pfb></usr/local/texlive/2026/texmf-dist/fonts/type1/pub
lic/amsfonts/cm/cmsy9.pfb></usr/local/texlive/2026/texmf-dist/fonts/type1/publi
c/amsfonts/symbols/msbm10.pfb></usr/local/texlive/2026/texmf-dist/fonts/type1/u
rw/courier/ucrr8a.pfb></usr/local/texlive/2026/texmf-dist/fonts/type1/urw/helve
tic/uhvb8a.pfb></usr/local/texlive/2026/texmf-dist/fonts/type1/urw/times/utmb8a
.pfb></usr/local/texlive/2026/texmf-dist/fonts/type1/urw/times/utmr8a.pfb></usr
/local/texlive/2026/texmf-dist/fonts/type1/urw/times/utmri8a.pfb>
Output written on /Users/liuhanzuo/MacLLM-Bench/paper_portfolio_iteration/a11-c
orrelated-majority-vote/build/revision_04_clean_a/paper.pdf (16 pages, 568548 b
ytes).
Transcript written on /Users/liuhanzuo/MacLLM-Bench/paper_portfolio_iteration/a
11-correlated-majority-vote/build/revision_04_clean_a/paper.log.
Latexmk: Getting log file '/Users/liuhanzuo/MacLLM-Bench/paper_portfolio_iteration/a11-correlated-majority-vote/build/revision_04_clean_a/paper.log'
Latexmk: Examining '/Users/liuhanzuo/MacLLM-Bench/paper_portfolio_iteration/a11-correlated-majority-vote/build/revision_04_clean_a/paper.fls'
Latexmk: Examining '/Users/liuhanzuo/MacLLM-Bench/paper_portfolio_iteration/a11-correlated-majority-vote/build/revision_04_clean_a/paper.log'
Latexmk: Found input bbl file '/Users/liuhanzuo/MacLLM-Bench/paper_portfolio_iteration/a11-correlated-majority-vote/build/revision_04_clean_a/paper.bbl'
Latexmk: Log file says output to '/Users/liuhanzuo/MacLLM-Bench/paper_portfolio_iteration/a11-correlated-majority-vote/build/revision_04_clean_a/paper.pdf'
Latexmk: Log file says output to '/Users/liuhanzuo/MacLLM-Bench/paper_portfolio_iteration/a11-correlated-majority-vote/build/revision_04_clean_a/paper.pdf'
Latexmk: Using bibtex to make bibliography file(s).
  ===Source file '/Users/liuhanzuo/MacLLM-Bench/paper_portfolio_iteration/a11-correlated-majority-vote/build/revision_04_clean_a/paper.bbl' for 'pdflatex'
Latexmk: Found bibliography file(s):
  ./references.bib
Latexmk: All targets (/Users/liuhanzuo/MacLLM-Bench/paper_portfolio_iteration/a11-correlated-majority-vote/build/revision_04_clean_a/paper.pdf) are up-to-date

