{
  "status": "completed",
  "samples": 8,
  "suite": "mixed",
  "all_replay_tokens_match_dense": false,
  "summary": [
    {
      "config": "dense",
      "depth": null,
      "bits": null,
      "attention_bits": null,
      "linear_bits": null,
      "samples": 8,
      "mean_f1": 0.4097222222222222,
      "prediction_matches_dense": 8,
      "token_matches_dense": 8,
      "all_tokens_match_dense": true,
      "mean_write_seconds": null,
      "mean_generation_seconds": 9.101014976855367,
      "mean_residual_mib": null,
      "mean_lower_cache_mib": null,
      "mean_persistent_mib": null,
      "residual_relative_rmse": null,
      "attention_cache_relative_rmse": null,
      "linear_cache_relative_rmse": null,
      "max_peak_allocated_gib": 65.4095196723938
    },
    {
      "config": "prefix",
      "depth": null,
      "bits": null,
      "attention_bits": null,
      "linear_bits": null,
      "samples": 8,
      "mean_f1": 0.4097222222222222,
      "prediction_matches_dense": 8,
      "token_matches_dense": 8,
      "all_tokens_match_dense": true,
      "mean_write_seconds": 0.6486127572134137,
      "mean_generation_seconds": 1.718549219891429,
      "mean_residual_mib": null,
      "mean_lower_cache_mib": 136.30615234375,
      "mean_persistent_mib": 136.30615234375,
      "residual_relative_rmse": null,
      "attention_cache_relative_rmse": null,
      "linear_cache_relative_rmse": null,
      "max_peak_allocated_gib": 65.52521467208862
    },
    {
      "config": "replay-d7-r4-a8-l8",
      "depth": 7,
      "bits": 4,
      "attention_bits": 8,
      "linear_bits": 8,
      "samples": 8,
      "mean_f1": 0.40555555555555556,
      "prediction_matches_dense": 6,
      "token_matches_dense": 6,
      "all_tokens_match_dense": false,
      "mean_write_seconds": 0.15666351560503244,
      "mean_generation_seconds": 7.299793966114521,
      "mean_residual_mib": 4.1867523193359375,
      "mean_lower_cache_mib": 7.340873718261719,
      "mean_persistent_mib": 11.527626037597656,
      "residual_relative_rmse": 0.14616761180172191,
      "attention_cache_relative_rmse": 0.0058680374814136325,
      "linear_cache_relative_rmse": 0.0062199842263740935,
      "max_peak_allocated_gib": 65.83548212051392
    },
    {
      "config": "replay-d7-r4-a4-l8",
      "depth": 7,
      "bits": 4,
      "attention_bits": 4,
      "linear_bits": 8,
      "samples": 8,
      "mean_f1": 0.40555555555555556,
      "prediction_matches_dense": 5,
      "token_matches_dense": 5,
      "all_tokens_match_dense": false,
      "mean_write_seconds": 0.14943714998662472,
      "mean_generation_seconds": 7.240664073266089,
      "mean_residual_mib": 4.1867523193359375,
      "mean_lower_cache_mib": 5.480094909667969,
      "mean_persistent_mib": 9.666847229003906,
      "residual_relative_rmse": 0.14616761180172191,
      "attention_cache_relative_rmse": 0.09977101081131151,
      "linear_cache_relative_rmse": 0.0062199842263740935,
      "max_peak_allocated_gib": 65.86965608596802
    },
    {
      "config": "replay-d7-r4-a8-l4",
      "depth": 7,
      "bits": 4,
      "attention_bits": 8,
      "linear_bits": 4,
      "samples": 8,
      "mean_f1": 0.36662137681159424,
      "prediction_matches_dense": 3,
      "token_matches_dense": 3,
      "all_tokens_match_dense": false,
      "mean_write_seconds": 0.1367782368324697,
      "mean_generation_seconds": 5.524146149400622,
      "mean_residual_mib": 4.1867523193359375,
      "mean_lower_cache_mib": 5.747123718261719,
      "mean_persistent_mib": 9.933876037597656,
      "residual_relative_rmse": 0.14616761180172191,
      "attention_cache_relative_rmse": 0.0058680374814136325,
      "linear_cache_relative_rmse": 0.09394327434070877,
      "max_peak_allocated_gib": 65.89607524871826
    },
    {
      "config": "replay-d10-r4-a8-l8",
      "depth": 10,
      "bits": 4,
      "attention_bits": 8,
      "linear_bits": 8,
      "samples": 8,
      "mean_f1": 0.4097222222222222,
      "prediction_matches_dense": 7,
      "token_matches_dense": 7,
      "all_tokens_match_dense": false,
      "mean_write_seconds": 0.1717063975520432,
      "mean_generation_seconds": 6.230288681574166,
      "mean_residual_mib": 4.1867523193359375,
      "mean_lower_cache_mib": 12.423934936523438,
      "mean_persistent_mib": 16.610687255859375,
      "residual_relative_rmse": 0.13946932228703482,
      "attention_cache_relative_rmse": 0.005968822435357472,
      "linear_cache_relative_rmse": 0.006064475499730563,
      "max_peak_allocated_gib": 65.89798212051392
    },
    {
      "config": "replay-d10-r4-a4-l8",
      "depth": 10,
      "bits": 4,
      "attention_bits": 4,
      "linear_bits": 8,
      "samples": 8,
      "mean_f1": 0.4097222222222222,
      "prediction_matches_dense": 6,
      "token_matches_dense": 6,
      "all_tokens_match_dense": false,
      "mean_write_seconds": 0.16855617659166455,
      "mean_generation_seconds": 6.589603463187814,
      "mean_residual_mib": 4.1867523193359375,
      "mean_lower_cache_mib": 8.702377319335938,
      "mean_persistent_mib": 12.889129638671875,
      "residual_relative_rmse": 0.13946932228703482,
      "attention_cache_relative_rmse": 0.10148106777317822,
      "linear_cache_relative_rmse": 0.006064475499730563,
      "max_peak_allocated_gib": 65.57639646530151
    },
    {
      "config": "replay-d10-r4-a8-l4",
      "depth": 10,
      "bits": 4,
      "attention_bits": 8,
      "linear_bits": 4,
      "samples": 8,
      "mean_f1": 0.2611344537815126,
      "prediction_matches_dense": 1,
      "token_matches_dense": 1,
      "all_tokens_match_dense": false,
      "mean_write_seconds": 0.17187360394746065,
      "mean_generation_seconds": 7.275825618766248,
      "mean_residual_mib": 4.1867523193359375,
      "mean_lower_cache_mib": 10.298934936523438,
      "mean_persistent_mib": 14.485687255859375,
      "residual_relative_rmse": 0.13946932228703482,
      "attention_cache_relative_rmse": 0.005968822435357472,
      "linear_cache_relative_rmse": 0.09414183941740008,
      "max_peak_allocated_gib": 65.64945650100708
    },
    {
      "config": "replay-d13-r4-a8-l8",
      "depth": 13,
      "bits": 4,
      "attention_bits": 8,
      "linear_bits": 8,
      "samples": 8,
      "mean_f1": 0.4097222222222222,
      "prediction_matches_dense": 8,
      "token_matches_dense": 8,
      "all_tokens_match_dense": true,
      "mean_write_seconds": 0.21210329793393612,
      "mean_generation_seconds": 5.627689830493182,
      "mean_residual_mib": 4.1867523193359375,
      "mean_lower_cache_mib": 17.506996154785156,
      "mean_persistent_mib": 21.693748474121094,
      "residual_relative_rmse": 0.1391607121739325,
      "attention_cache_relative_rmse": 0.006069589446271702,
      "linear_cache_relative_rmse": 0.005996785903623923,
      "max_peak_allocated_gib": 65.72530317306519
    },
    {
      "config": "replay-d13-r4-a4-l8",
      "depth": 13,
      "bits": 4,
      "attention_bits": 4,
      "linear_bits": 8,
      "samples": 8,
      "mean_f1": 0.4097222222222222,
      "prediction_matches_dense": 7,
      "token_matches_dense": 7,
      "all_tokens_match_dense": false,
      "mean_write_seconds": 0.22446002438664436,
      "mean_generation_seconds": 5.962695272639394,
      "mean_residual_mib": 4.1867523193359375,
      "mean_lower_cache_mib": 11.924659729003906,
      "mean_persistent_mib": 16.111412048339844,
      "residual_relative_rmse": 0.1391607121739325,
      "attention_cache_relative_rmse": 0.10319685422036524,
      "linear_cache_relative_rmse": 0.005996785903623923,
      "max_peak_allocated_gib": 65.82659482955933
    },
    {
      "config": "replay-d13-r4-a8-l4",
      "depth": 13,
      "bits": 4,
      "attention_bits": 8,
      "linear_bits": 4,
      "samples": 8,
      "mean_f1": 0.27978975681181567,
      "prediction_matches_dense": 2,
      "token_matches_dense": 2,
      "all_tokens_match_dense": false,
      "mean_write_seconds": 0.21540321502834558,
      "mean_generation_seconds": 5.296631771605462,
      "mean_residual_mib": 4.1867523193359375,
      "mean_lower_cache_mib": 14.850746154785156,
      "mean_persistent_mib": 19.037498474121094,
      "residual_relative_rmse": 0.1391607121739325,
      "attention_cache_relative_rmse": 0.006069589446271702,
      "linear_cache_relative_rmse": 0.09445031488844235,
      "max_peak_allocated_gib": 65.95558023452759
    }
  ]
}
