aggregate_capacity.py: OK
aggregate_deployment.py: OK
aggregate_detached_lora_semantic_gate.py: OK
aggregate_downstream.py: OK
aggregate_hypic_lite.py: OK
aggregate_interface.py: OK
aggregate_interface_lora.py: OK
aggregate_joint_policy_candidates.py: OK
aggregate_joint_policy_eval.py: OK
aggregate_layer_sensitivity.py: OK
aggregate_lora_deployment_semantic_gate.py: OK
aggregate_native_lora_checkpoint_attribution.py: OK
aggregate_native_lora_heldout.py: OK
aggregate_native_lora_semantic_gate.py: OK
aggregate_qcomem_qwen35_paged_real.py: OK
aggregate_replay.py: OK
aggregate_sft_dcp_downstream.py: OK
aggregate_sft_full_qcomem.py: OK
analyze_validation.py: OK
audit_deployment_aware_sft.py: OK
audit_detached_lora_checkpoint.py: OK
audit_supervised_sft_scale.py: OK
build_deployment_aware_sft.py: OK
build_native_lora_domain_view.py: OK
build_sft_overlap_ledger.py: OK
dcp_replicated_load_preflight.py: OK
deployment_aware_fsdp_preflight.py: OK
deployment_aware_sft.py: OK
diagnose_qcomem_qwen35_paged_dtype.py: OK
fp32_master.py: OK
fsdp_dcp_longrun_preflight.py: OK
fsdp_fp32_preflight.py: OK
hypic_lite.py: OK
launch_qcomem_qwen35_vllm_paged_formal_8gpu.sh: OK
preflight_supervised_sft.py: OK
prepare_longbench_subset.py: OK
prepare_pg19_train_subset.py: OK
prepare_supervised_qa_train.py: OK
qcomem_answer_supervised_lora.py: OK
qcomem_deployment.py: OK
qcomem_functional_cache.py: OK
qcomem_joint_policy.py: OK
qcomem_lora.py: OK
qcomem_native_lora_protocol.py: OK
qcomem_paged.py: OK
qcomem_paged_attention.py: OK
qcomem_qwen35_functional_stack.py: OK
qcomem_qwen35_gdn_functional.py: OK
qcomem_qwen35_native_cache.py: OK
qcomem_qwen35_paged_integration.py: OK
qcomem_qwen35_vllm_paged_integration.py: OK
qcomem_suffix_full.py: OK
qcomem_torch.py: OK
qcomem_vllm_paged_kernel.py: OK
run_cached_smoke.py: OK
run_capacity_scaling.py: OK
run_deployment_bench.py: OK
run_detached_lora_semantic_gate.py: OK
run_downstream.py: OK
run_hypic_lite_bench.py: OK
run_interface_diagnostic.py: OK
run_joint_policy_eval.py: OK
run_joint_policy_profile.py: OK
run_layer_sensitivity.py: OK
run_lora_deployment_semantic_gate.py: OK
run_native_lora_checkpoint_attribution.py: OK
run_native_lora_heldout.py: OK
run_native_lora_semantic_gate.py: OK
run_qcomem_qwen35_paged_real.py: OK
run_qcomem_qwen35_vllm_paged_formal.py: OK
run_replay_diagnostic.py: OK
run_sft_dcp_downstream.py: OK
run_sft_full_qcomem_downstream.py: OK
sft_dcp_checkpoint.py: OK
sft_quality_validation.py: OK
split_supervised_sft_scale.py: OK
supervised_sft.py: OK
supervised_sft_longrun.py: OK
test_aggregate_qcomem_qwen35_paged_real.py: OK
test_analyze_validation.py: OK
test_answer_supervised_native_lora.py: OK
test_deployment_aware_sft.py: OK
test_detached_lora_capability.py: OK
test_diagnose_qcomem_qwen35_paged_dtype.py: OK
test_fp32_master.py: OK
test_hypic_lite.py: OK
test_joint_policy_calibration.py: OK
test_lora_deployment_semantic_gate.py: OK
test_mixed_validation.py: OK
test_native_lora_checkpoint_attribution.py: OK
test_prepare_supervised_qa_train.py: OK
test_qcomem_deployment.py: OK
test_qcomem_functional_cache.py: OK
test_qcomem_lora.py: OK
test_qcomem_native_lora_protocol.py: OK
test_qcomem_paged.py: OK
test_qcomem_paged_attention.py: OK
test_qcomem_qwen35_functional_stack.py: OK
test_qcomem_qwen35_gdn_functional.py: OK
test_qcomem_qwen35_native_cache.py: OK
test_qcomem_qwen35_paged_integration.py: OK
test_qcomem_qwen35_vllm_paged_integration.py: OK
test_qcomem_suffix_full.py: OK
test_qcomem_torch.py: OK
test_qcomem_vllm_paged_kernel.py: OK
test_run_downstream.py: OK
test_run_qcomem_qwen35_paged_real.py: OK
test_run_qcomem_qwen35_vllm_paged_formal.py: OK
test_sft_dcp_downstream.py: OK
test_sft_full_qcomem_downstream.py: OK
test_sft_quality_validation.py: OK
test_split_supervised_sft_scale.py: OK
test_supervised_sft.py: OK
test_supervised_sft_longrun.py: OK
train_answer_supervised_native_lora.py: OK
train_deployment_aware_sft.py: OK
train_native_lora_formal.py: OK
train_qcomem_lora.py: OK
train_qcomem_suffix_full.py: OK
train_supervised_sft.py: OK
train_supervised_sft_longrun.py: OK
aggregate_capacity.py: OK
aggregate_deployment.py: OK
aggregate_detached_lora_semantic_gate.py: OK
aggregate_downstream.py: OK
aggregate_hypic_lite.py: OK
aggregate_interface.py: OK
aggregate_interface_lora.py: OK
aggregate_joint_policy_candidates.py: OK
aggregate_joint_policy_eval.py: OK
aggregate_layer_sensitivity.py: OK
aggregate_lora_deployment_semantic_gate.py: OK
aggregate_native_lora_checkpoint_attribution.py: OK
aggregate_native_lora_heldout.py: OK
aggregate_native_lora_semantic_gate.py: OK
aggregate_qcomem_qwen35_paged_real.py: OK
aggregate_replay.py: OK
aggregate_sft_dcp_downstream.py: OK
aggregate_sft_full_qcomem.py: OK
analyze_validation.py: OK
audit_deployment_aware_sft.py: OK
audit_detached_lora_checkpoint.py: OK
audit_supervised_sft_scale.py: OK
build_deployment_aware_sft.py: OK
build_native_lora_domain_view.py: OK
build_sft_overlap_ledger.py: OK
dcp_replicated_load_preflight.py: OK
deployment_aware_fsdp_preflight.py: OK
deployment_aware_sft.py: OK
diagnose_qcomem_qwen35_paged_dtype.py: OK
fp32_master.py: OK
fsdp_dcp_longrun_preflight.py: OK
fsdp_fp32_preflight.py: OK
hypic_lite.py: OK
launch_qcomem_qwen35_vllm_paged_formal_8gpu.sh: OK
preflight_supervised_sft.py: OK
prepare_longbench_subset.py: OK
prepare_pg19_train_subset.py: OK
prepare_supervised_qa_train.py: OK
qcomem_answer_supervised_lora.py: OK
qcomem_deployment.py: OK
qcomem_functional_cache.py: OK
qcomem_joint_policy.py: OK
qcomem_lora.py: OK
qcomem_native_lora_protocol.py: OK
qcomem_paged.py: OK
qcomem_paged_attention.py: OK
qcomem_qwen35_functional_stack.py: OK
qcomem_qwen35_gdn_functional.py: OK
qcomem_qwen35_native_cache.py: OK
qcomem_qwen35_paged_integration.py: OK
qcomem_qwen35_vllm_paged_integration.py: OK
qcomem_suffix_full.py: OK
qcomem_torch.py: OK
qcomem_vllm_paged_kernel.py: OK
run_cached_smoke.py: OK
run_capacity_scaling.py: OK
run_deployment_bench.py: OK
run_detached_lora_semantic_gate.py: OK
run_downstream.py: OK
run_hypic_lite_bench.py: OK
run_interface_diagnostic.py: OK
run_joint_policy_eval.py: OK
run_joint_policy_profile.py: OK
run_layer_sensitivity.py: OK
run_lora_deployment_semantic_gate.py: OK
run_native_lora_checkpoint_attribution.py: OK
run_native_lora_heldout.py: OK
run_native_lora_semantic_gate.py: OK
run_qcomem_qwen35_paged_real.py: OK
run_qcomem_qwen35_vllm_paged_formal.py: OK
run_replay_diagnostic.py: OK
run_sft_dcp_downstream.py: OK
run_sft_full_qcomem_downstream.py: OK
sft_dcp_checkpoint.py: OK
sft_quality_validation.py: OK
split_supervised_sft_scale.py: OK
supervised_sft.py: OK
supervised_sft_longrun.py: OK
test_aggregate_qcomem_qwen35_paged_real.py: OK
test_analyze_validation.py: OK
test_answer_supervised_native_lora.py: OK
test_deployment_aware_sft.py: OK
test_detached_lora_capability.py: OK
test_diagnose_qcomem_qwen35_paged_dtype.py: OK
test_fp32_master.py: OK
test_hypic_lite.py: OK
test_joint_policy_calibration.py: OK
test_lora_deployment_semantic_gate.py: OK
test_mixed_validation.py: OK
test_native_lora_checkpoint_attribution.py: OK
test_prepare_supervised_qa_train.py: OK
test_qcomem_deployment.py: OK
test_qcomem_functional_cache.py: OK
test_qcomem_lora.py: OK
test_qcomem_native_lora_protocol.py: OK
test_qcomem_paged.py: OK
test_qcomem_paged_attention.py: OK
test_qcomem_qwen35_functional_stack.py: OK
test_qcomem_qwen35_gdn_functional.py: OK
test_qcomem_qwen35_native_cache.py: OK
test_qcomem_qwen35_paged_integration.py: OK
test_qcomem_qwen35_vllm_paged_integration.py: OK
test_qcomem_suffix_full.py: OK
test_qcomem_torch.py: OK
test_qcomem_vllm_paged_kernel.py: OK
test_run_downstream.py: OK
test_run_qcomem_qwen35_paged_real.py: OK
test_run_qcomem_qwen35_vllm_paged_formal.py: OK
test_sft_dcp_downstream.py: OK
test_sft_full_qcomem_downstream.py: OK
test_sft_quality_validation.py: OK
test_split_supervised_sft_scale.py: OK
test_supervised_sft.py: OK
test_supervised_sft_longrun.py: OK
train_answer_supervised_native_lora.py: OK
train_deployment_aware_sft.py: OK
train_native_lora_formal.py: OK
train_qcomem_lora.py: OK
train_qcomem_suffix_full.py: OK
train_supervised_sft.py: OK
train_supervised_sft_longrun.py: OK
