{"rank": 1, "configs": ["dense", "prefix", "replay-d7-q8", "replay-d7-q4", "replay-d10-q8", "replay-d10-q4", "replay-d13-q8", "replay-d13-q4"], "suite": "quant", "samples": 1, "source_indices": [1], "torch": "2.11.0+cu129", "transformers": "5.14.1", "gpu": "NVIDIA H20-3e"}
[transformers] The fast path is not available because one of the required library is not installed. Falling back to torch implementation. To install follow https://github.com/fla-org/flash-linear-attention#installation and https://github.com/Dao-AILab/causal-conv1d

Loading weights:   0%|          | 0/1026 [00:00<?, ?it/s][A
Loading weights:  92%|█████████▏| 941/1026 [00:00<00:00, 9398.33it/s][ALoading weights: 100%|██████████| 1026/1026 [00:00<00:00, 9523.29it/s]
{"config": "dense", "dataset": "qasper", "source_index": 1, "f1": 0.37499999999999994, "generated_tokens": 32, "persistent_mib": null}
SAVED /mnt/tidal-alsh-hilab/dataset/diandian/user/liuhanzuo/indep-bench_assets/runs/qcomem/replay-quant-diagnostic-20260811a/shard-1-dense.json
{"config": "prefix", "dataset": "qasper", "source_index": 1, "f1": 0.37499999999999994, "generated_tokens": 32, "persistent_mib": 127.1875}
SAVED /mnt/tidal-alsh-hilab/dataset/diandian/user/liuhanzuo/indep-bench_assets/runs/qcomem/replay-quant-diagnostic-20260811a/shard-1-prefix.json
{"config": "replay-d7-q8", "dataset": "qasper", "source_index": 1, "f1": 0.37499999999999994, "generated_tokens": 32, "persistent_mib": 25.845703125}
SAVED /mnt/tidal-alsh-hilab/dataset/diandian/user/liuhanzuo/indep-bench_assets/runs/qcomem/replay-quant-diagnostic-20260811a/shard-1-replay-d7-q8.json
{"config": "replay-d7-q4", "dataset": "qasper", "source_index": 1, "f1": 0.37499999999999994, "generated_tokens": 32, "persistent_mib": 22.580078125}
SAVED /mnt/tidal-alsh-hilab/dataset/diandian/user/liuhanzuo/indep-bench_assets/runs/qcomem/replay-quant-diagnostic-20260811a/shard-1-replay-d7-q4.json
{"config": "replay-d10-q8", "dataset": "qasper", "source_index": 1, "f1": 0.37499999999999994, "generated_tokens": 32, "persistent_mib": 36.501953125}
SAVED /mnt/tidal-alsh-hilab/dataset/diandian/user/liuhanzuo/indep-bench_assets/runs/qcomem/replay-quant-diagnostic-20260811a/shard-1-replay-d10-q8.json
{"config": "replay-d10-q4", "dataset": "qasper", "source_index": 1, "f1": 0.37499999999999994, "generated_tokens": 32, "persistent_mib": 33.236328125}
SAVED /mnt/tidal-alsh-hilab/dataset/diandian/user/liuhanzuo/indep-bench_assets/runs/qcomem/replay-quant-diagnostic-20260811a/shard-1-replay-d10-q4.json
{"config": "replay-d13-q8", "dataset": "qasper", "source_index": 1, "f1": 0.37499999999999994, "generated_tokens": 32, "persistent_mib": 47.158203125}
SAVED /mnt/tidal-alsh-hilab/dataset/diandian/user/liuhanzuo/indep-bench_assets/runs/qcomem/replay-quant-diagnostic-20260811a/shard-1-replay-d13-q8.json
{"config": "replay-d13-q4", "dataset": "qasper", "source_index": 1, "f1": 0.37499999999999994, "generated_tokens": 32, "persistent_mib": 43.892578125}
SAVED /mnt/tidal-alsh-hilab/dataset/diandian/user/liuhanzuo/indep-bench_assets/runs/qcomem/replay-quant-diagnostic-20260811a/shard-1-replay-d13-q4.json
