{"rank": 3, "configs": ["dense", "prefix", "replay-d7-q8", "replay-d7-q4", "replay-d10-q8", "replay-d10-q4", "replay-d13-q8", "replay-d13-q4"], "suite": "quant", "samples": 1, "source_indices": [3], "torch": "2.11.0+cu129", "transformers": "5.14.1", "gpu": "NVIDIA H20-3e"}
[transformers] The fast path is not available because one of the required library is not installed. Falling back to torch implementation. To install follow https://github.com/fla-org/flash-linear-attention#installation and https://github.com/Dao-AILab/causal-conv1d

Loading weights:   0%|          | 0/1026 [00:00<?, ?it/s][A
Loading weights:  88%|████████▊ | 898/1026 [00:00<00:00, 8950.35it/s][ALoading weights: 100%|██████████| 1026/1026 [00:00<00:00, 8994.78it/s]
{"config": "dense", "dataset": "qasper", "source_index": 3, "f1": 0.5, "generated_tokens": 18, "persistent_mib": null}
SAVED /mnt/tidal-alsh-hilab/dataset/diandian/user/liuhanzuo/indep-bench_assets/runs/qcomem/replay-quant-diagnostic-20260811a/shard-3-dense.json
{"config": "prefix", "dataset": "qasper", "source_index": 3, "f1": 0.5, "generated_tokens": 18, "persistent_mib": 120.15625}
SAVED /mnt/tidal-alsh-hilab/dataset/diandian/user/liuhanzuo/indep-bench_assets/runs/qcomem/replay-quant-diagnostic-20260811a/shard-3-prefix.json
{"config": "replay-d7-q8", "dataset": "qasper", "source_index": 3, "f1": 0.5, "generated_tokens": 18, "persistent_mib": 24.3955078125}
SAVED /mnt/tidal-alsh-hilab/dataset/diandian/user/liuhanzuo/indep-bench_assets/runs/qcomem/replay-quant-diagnostic-20260811a/shard-3-replay-d7-q8.json
{"config": "replay-d7-q4", "dataset": "qasper", "source_index": 3, "f1": 0.5, "generated_tokens": 18, "persistent_mib": 21.4814453125}
SAVED /mnt/tidal-alsh-hilab/dataset/diandian/user/liuhanzuo/indep-bench_assets/runs/qcomem/replay-quant-diagnostic-20260811a/shard-3-replay-d7-q4.json
{"config": "replay-d10-q8", "dataset": "qasper", "source_index": 3, "f1": 0.5, "generated_tokens": 18, "persistent_mib": 34.3486328125}
SAVED /mnt/tidal-alsh-hilab/dataset/diandian/user/liuhanzuo/indep-bench_assets/runs/qcomem/replay-quant-diagnostic-20260811a/shard-3-replay-d10-q8.json
{"config": "replay-d10-q4", "dataset": "qasper", "source_index": 3, "f1": 0.5, "generated_tokens": 18, "persistent_mib": 31.4345703125}
SAVED /mnt/tidal-alsh-hilab/dataset/diandian/user/liuhanzuo/indep-bench_assets/runs/qcomem/replay-quant-diagnostic-20260811a/shard-3-replay-d10-q4.json
{"config": "replay-d13-q8", "dataset": "qasper", "source_index": 3, "f1": 0.5, "generated_tokens": 18, "persistent_mib": 44.3017578125}
SAVED /mnt/tidal-alsh-hilab/dataset/diandian/user/liuhanzuo/indep-bench_assets/runs/qcomem/replay-quant-diagnostic-20260811a/shard-3-replay-d13-q8.json
{"config": "replay-d13-q4", "dataset": "qasper", "source_index": 3, "f1": 0.5, "generated_tokens": 18, "persistent_mib": 41.3876953125}
SAVED /mnt/tidal-alsh-hilab/dataset/diandian/user/liuhanzuo/indep-bench_assets/runs/qcomem/replay-quant-diagnostic-20260811a/shard-3-replay-d13-q4.json
