{"rank": 2, "configs": ["dense", "prefix", "replay-d7-q8", "replay-d7-q4", "replay-d10-q8", "replay-d10-q4", "replay-d13-q8", "replay-d13-q4"], "suite": "quant", "samples": 1, "source_indices": [2], "torch": "2.11.0+cu129", "transformers": "5.14.1", "gpu": "NVIDIA H20-3e"}
[transformers] The fast path is not available because one of the required library is not installed. Falling back to torch implementation. To install follow https://github.com/fla-org/flash-linear-attention#installation and https://github.com/Dao-AILab/causal-conv1d

Loading weights:   0%|          | 0/1026 [00:00<?, ?it/s][A
Loading weights:  83%|████████▎ | 856/1026 [00:00<00:00, 8541.27it/s][ALoading weights: 100%|██████████| 1026/1026 [00:00<00:00, 8608.05it/s]
{"config": "dense", "dataset": "qasper", "source_index": 2, "f1": 0.125, "generated_tokens": 12, "persistent_mib": null}
SAVED /mnt/tidal-alsh-hilab/dataset/diandian/user/liuhanzuo/indep-bench_assets/runs/qcomem/replay-quant-diagnostic-20260811a/shard-2-dense.json
{"config": "prefix", "dataset": "qasper", "source_index": 2, "f1": 0.125, "generated_tokens": 12, "persistent_mib": 139.84375}
SAVED /mnt/tidal-alsh-hilab/dataset/diandian/user/liuhanzuo/indep-bench_assets/runs/qcomem/replay-quant-diagnostic-20260811a/shard-2-prefix.json
{"config": "replay-d7-q8", "dataset": "qasper", "source_index": 2, "f1": 0.125, "generated_tokens": 12, "persistent_mib": 28.4560546875}
SAVED /mnt/tidal-alsh-hilab/dataset/diandian/user/liuhanzuo/indep-bench_assets/runs/qcomem/replay-quant-diagnostic-20260811a/shard-2-replay-d7-q8.json
{"config": "replay-d7-q4", "dataset": "qasper", "source_index": 2, "f1": 0.125, "generated_tokens": 12, "persistent_mib": 24.5576171875}
SAVED /mnt/tidal-alsh-hilab/dataset/diandian/user/liuhanzuo/indep-bench_assets/runs/qcomem/replay-quant-diagnostic-20260811a/shard-2-replay-d7-q4.json
{"config": "replay-d10-q8", "dataset": "qasper", "source_index": 2, "f1": 0.125, "generated_tokens": 12, "persistent_mib": 40.3779296875}
SAVED /mnt/tidal-alsh-hilab/dataset/diandian/user/liuhanzuo/indep-bench_assets/runs/qcomem/replay-quant-diagnostic-20260811a/shard-2-replay-d10-q8.json
{"config": "replay-d10-q4", "dataset": "qasper", "source_index": 2, "f1": 0.125, "generated_tokens": 12, "persistent_mib": 36.4794921875}
SAVED /mnt/tidal-alsh-hilab/dataset/diandian/user/liuhanzuo/indep-bench_assets/runs/qcomem/replay-quant-diagnostic-20260811a/shard-2-replay-d10-q4.json
{"config": "replay-d13-q8", "dataset": "qasper", "source_index": 2, "f1": 0.125, "generated_tokens": 12, "persistent_mib": 52.2998046875}
SAVED /mnt/tidal-alsh-hilab/dataset/diandian/user/liuhanzuo/indep-bench_assets/runs/qcomem/replay-quant-diagnostic-20260811a/shard-2-replay-d13-q8.json
{"config": "replay-d13-q4", "dataset": "qasper", "source_index": 2, "f1": 0.125, "generated_tokens": 12, "persistent_mib": 48.4013671875}
SAVED /mnt/tidal-alsh-hilab/dataset/diandian/user/liuhanzuo/indep-bench_assets/runs/qcomem/replay-quant-diagnostic-20260811a/shard-2-replay-d13-q4.json
