{"rank": 0, "configs": ["dense", "prefix", "replay-d7-q8", "replay-d7-q4", "replay-d10-q8", "replay-d10-q4", "replay-d13-q8", "replay-d13-q4"], "suite": "quant", "samples": 1, "source_indices": [0], "torch": "2.11.0+cu129", "transformers": "5.14.1", "gpu": "NVIDIA H20-3e"}
[transformers] The fast path is not available because one of the required library is not installed. Falling back to torch implementation. To install follow https://github.com/fla-org/flash-linear-attention#installation and https://github.com/Dao-AILab/causal-conv1d

Loading weights:   0%|          | 0/1026 [00:00<?, ?it/s][A
Loading weights:  19%|█▊        | 192/1026 [00:00<00:00, 1860.74it/s][A
Loading weights:  41%|████      | 418/1026 [00:00<00:00, 2076.22it/s][A
Loading weights:  65%|██████▍   | 664/1026 [00:00<00:00, 2163.61it/s][A
Loading weights:  86%|████████▌ | 881/1026 [00:00<00:00, 1987.56it/s][ALoading weights: 100%|██████████| 1026/1026 [00:00<00:00, 2143.72it/s]
{"config": "dense", "dataset": "qasper", "source_index": 0, "f1": 0.2777777777777778, "generated_tokens": 32, "persistent_mib": null}
SAVED /mnt/tidal-alsh-hilab/dataset/diandian/user/liuhanzuo/indep-bench_assets/runs/qcomem/replay-quant-diagnostic-20260811a/shard-0-dense.json
{"config": "prefix", "dataset": "qasper", "source_index": 0, "f1": 0.2777777777777778, "generated_tokens": 32, "persistent_mib": 139.94140625}
SAVED /mnt/tidal-alsh-hilab/dataset/diandian/user/liuhanzuo/indep-bench_assets/runs/qcomem/replay-quant-diagnostic-20260811a/shard-0-prefix.json
{"config": "replay-d7-q8", "dataset": "qasper", "source_index": 0, "f1": 0.2777777777777778, "generated_tokens": 32, "persistent_mib": 28.4761962890625}
SAVED /mnt/tidal-alsh-hilab/dataset/diandian/user/liuhanzuo/indep-bench_assets/runs/qcomem/replay-quant-diagnostic-20260811a/shard-0-replay-d7-q8.json
{"config": "replay-d7-q4", "dataset": "qasper", "source_index": 0, "f1": 0.2777777777777778, "generated_tokens": 32, "persistent_mib": 24.5728759765625}
SAVED /mnt/tidal-alsh-hilab/dataset/diandian/user/liuhanzuo/indep-bench_assets/runs/qcomem/replay-quant-diagnostic-20260811a/shard-0-replay-d7-q4.json
{"config": "replay-d10-q8", "dataset": "qasper", "source_index": 0, "f1": 0.2777777777777778, "generated_tokens": 32, "persistent_mib": 40.4078369140625}
SAVED /mnt/tidal-alsh-hilab/dataset/diandian/user/liuhanzuo/indep-bench_assets/runs/qcomem/replay-quant-diagnostic-20260811a/shard-0-replay-d10-q8.json
{"config": "replay-d10-q4", "dataset": "qasper", "source_index": 0, "f1": 0.2777777777777778, "generated_tokens": 32, "persistent_mib": 36.5045166015625}
SAVED /mnt/tidal-alsh-hilab/dataset/diandian/user/liuhanzuo/indep-bench_assets/runs/qcomem/replay-quant-diagnostic-20260811a/shard-0-replay-d10-q4.json
{"config": "replay-d13-q8", "dataset": "qasper", "source_index": 0, "f1": 0.2777777777777778, "generated_tokens": 32, "persistent_mib": 52.3394775390625}
SAVED /mnt/tidal-alsh-hilab/dataset/diandian/user/liuhanzuo/indep-bench_assets/runs/qcomem/replay-quant-diagnostic-20260811a/shard-0-replay-d13-q8.json
{"config": "replay-d13-q4", "dataset": "qasper", "source_index": 0, "f1": 0.2777777777777778, "generated_tokens": 32, "persistent_mib": 48.4361572265625}
SAVED /mnt/tidal-alsh-hilab/dataset/diandian/user/liuhanzuo/indep-bench_assets/runs/qcomem/replay-quant-diagnostic-20260811a/shard-0-replay-d13-q4.json
