{
  "status": "completed",
  "samples": 8,
  "suite": "quant",
  "all_replay_tokens_match_dense": false,
  "summary": [
    {
      "config": "dense",
      "depth": null,
      "bits": null,
      "samples": 8,
      "mean_f1": 0.4097222222222222,
      "prediction_matches_dense": 8,
      "token_matches_dense": 8,
      "all_tokens_match_dense": true,
      "mean_write_seconds": null,
      "mean_generation_seconds": 9.450580663513392,
      "mean_residual_mib": null,
      "mean_lower_cache_mib": null,
      "mean_persistent_mib": null,
      "residual_relative_rmse": null,
      "max_peak_allocated_gib": 65.4095196723938
    },
    {
      "config": "prefix",
      "depth": null,
      "bits": null,
      "samples": 8,
      "mean_f1": 0.4097222222222222,
      "prediction_matches_dense": 8,
      "token_matches_dense": 8,
      "all_tokens_match_dense": true,
      "mean_write_seconds": 0.6486419518478215,
      "mean_generation_seconds": 1.7431522188708186,
      "mean_residual_mib": null,
      "mean_lower_cache_mib": 136.30615234375,
      "mean_persistent_mib": 136.30615234375,
      "residual_relative_rmse": null,
      "max_peak_allocated_gib": 65.52521467208862
    },
    {
      "config": "replay-d7-q8",
      "depth": 7,
      "bits": 8,
      "samples": 8,
      "mean_f1": 0.4097222222222222,
      "prediction_matches_dense": 8,
      "token_matches_dense": 8,
      "all_tokens_match_dense": true,
      "mean_write_seconds": 0.2214717250317335,
      "mean_generation_seconds": 6.605259681120515,
      "mean_residual_mib": 7.9083099365234375,
      "mean_lower_cache_mib": 19.818115234375,
      "mean_persistent_mib": 27.726425170898438,
      "residual_relative_rmse": 0.009811132806543506,
      "max_peak_allocated_gib": 65.83527898788452
    },
    {
      "config": "replay-d7-q4",
      "depth": 7,
      "bits": 4,
      "samples": 8,
      "mean_f1": 0.4097222222222222,
      "prediction_matches_dense": 7,
      "token_matches_dense": 7,
      "all_tokens_match_dense": false,
      "mean_write_seconds": 0.14637295994907618,
      "mean_generation_seconds": 6.603872931096703,
      "mean_residual_mib": 4.1867523193359375,
      "mean_lower_cache_mib": 19.818115234375,
      "mean_persistent_mib": 24.004867553710938,
      "residual_relative_rmse": 0.14616761180172191,
      "max_peak_allocated_gib": 65.87611436843872
    },
    {
      "config": "replay-d10-q8",
      "depth": 10,
      "bits": 8,
      "samples": 8,
      "mean_f1": 0.4097222222222222,
      "prediction_matches_dense": 8,
      "token_matches_dense": 8,
      "all_tokens_match_dense": true,
      "mean_write_seconds": 0.16727044759318233,
      "mean_generation_seconds": 6.111312458757311,
      "mean_residual_mib": 7.9083099365234375,
      "mean_lower_cache_mib": 31.38623046875,
      "mean_persistent_mib": 39.29454040527344,
      "residual_relative_rmse": 0.00977386118746368,
      "max_peak_allocated_gib": 65.96353006362915
    },
    {
      "config": "replay-d10-q4",
      "depth": 10,
      "bits": 4,
      "samples": 8,
      "mean_f1": 0.4097222222222222,
      "prediction_matches_dense": 8,
      "token_matches_dense": 8,
      "all_tokens_match_dense": true,
      "mean_write_seconds": 0.16381469974294305,
      "mean_generation_seconds": 6.103389922529459,
      "mean_residual_mib": 4.1867523193359375,
      "mean_lower_cache_mib": 31.38623046875,
      "mean_persistent_mib": 35.57298278808594,
      "residual_relative_rmse": 0.13946932228703482,
      "max_peak_allocated_gib": 66.0389199256897
    },
    {
      "config": "replay-d13-q8",
      "depth": 13,
      "bits": 8,
      "samples": 8,
      "mean_f1": 0.4097222222222222,
      "prediction_matches_dense": 8,
      "token_matches_dense": 8,
      "all_tokens_match_dense": true,
      "mean_write_seconds": 0.20534000964835286,
      "mean_generation_seconds": 5.6046982472762465,
      "mean_residual_mib": 7.9083099365234375,
      "mean_lower_cache_mib": 42.954345703125,
      "mean_persistent_mib": 50.86265563964844,
      "residual_relative_rmse": 0.009809226583263622,
      "max_peak_allocated_gib": 66.15325689315796
    },
    {
      "config": "replay-d13-q4",
      "depth": 13,
      "bits": 4,
      "samples": 8,
      "mean_f1": 0.4097222222222222,
      "prediction_matches_dense": 8,
      "token_matches_dense": 8,
      "all_tokens_match_dense": true,
      "mean_write_seconds": 0.2219350258819759,
      "mean_generation_seconds": 5.5898841121234,
      "mean_residual_mib": 4.1867523193359375,
      "mean_lower_cache_mib": 42.954345703125,
      "mean_persistent_mib": 47.14109802246094,
      "residual_relative_rmse": 0.1391607121739325,
      "max_peak_allocated_gib": 66.14944791793823
    }
  ]
}
