This is XeTeX, Version 3.141592653-2.6-0.999998 (TeX Live 2026) (preloaded format=xelatex)
entering extended mode
(./main.tex
LaTeX2e <2025-11-01>
L3 programming layer <2026-01-19>
(/usr/local/texlive/2026/texmf-dist/tex/latex/base/article.cls
Document Class: article 2025/01/22 v1.4n Standard LaTeX document class
(/usr/local/texlive/2026/texmf-dist/tex/latex/base/size10.clo))
(/usr/local/texlive/2026/texmf-dist/tex/latex/base/fontenc.sty
(/usr/local/texlive/2026/texmf-dist/tex/latex/lm/t1lmr.fd))
(./iclr2026_conference.sty
(/usr/local/texlive/2026/texmf-dist/tex/latex/eso-pic/eso-pic.sty
(/usr/local/texlive/2026/texmf-dist/tex/latex/graphics/keyval.sty)
(/usr/local/texlive/2026/texmf-dist/tex/latex/xcolor/xcolor.sty
(/usr/local/texlive/2026/texmf-dist/tex/latex/graphics-cfg/color.cfg)
(/usr/local/texlive/2026/texmf-dist/tex/latex/graphics-def/xetex.def)
(/usr/local/texlive/2026/texmf-dist/tex/latex/graphics/mathcolor.ltx)))
(./fancyhdr.sty) (./natbib.sty))
(/usr/local/texlive/2026/texmf-dist/tex/latex/psnfss/times.sty)
(/usr/local/texlive/2026/texmf-dist/tex/latex/amsmath/amsmath.sty
For additional information on amsmath, use the `?' option.
(/usr/local/texlive/2026/texmf-dist/tex/latex/amsmath/amstext.sty
(/usr/local/texlive/2026/texmf-dist/tex/latex/amsmath/amsgen.sty))
(/usr/local/texlive/2026/texmf-dist/tex/latex/amsmath/amsbsy.sty)
(/usr/local/texlive/2026/texmf-dist/tex/latex/amsmath/amsopn.sty))
(/usr/local/texlive/2026/texmf-dist/tex/latex/amsfonts/amssymb.sty
(/usr/local/texlive/2026/texmf-dist/tex/latex/amsfonts/amsfonts.sty))
(/usr/local/texlive/2026/texmf-dist/tex/latex/tools/array.sty)
(/usr/local/texlive/2026/texmf-dist/tex/latex/booktabs/booktabs.sty)
(/usr/local/texlive/2026/texmf-dist/tex/latex/float/float.sty)
(/usr/local/texlive/2026/texmf-dist/tex/latex/graphics/graphicx.sty
(/usr/local/texlive/2026/texmf-dist/tex/latex/graphics/graphics.sty
(/usr/local/texlive/2026/texmf-dist/tex/latex/graphics/trig.sty)
(/usr/local/texlive/2026/texmf-dist/tex/latex/graphics-cfg/graphics.cfg)))
(/usr/local/texlive/2026/texmf-dist/tex/latex/tools/longtable.sty)
(/usr/local/texlive/2026/texmf-dist/tex/latex/url/url.sty)
(/usr/local/texlive/2026/texmf-dist/tex/latex/placeins/placeins.sty)
(/usr/local/texlive/2026/texmf-dist/tex/latex/tools/tabularx.sty)
(/usr/local/texlive/2026/texmf-dist/tex/latex/hyperref/hyperref.sty
(/usr/local/texlive/2026/texmf-dist/tex/generic/iftex/iftex.sty)
(/usr/local/texlive/2026/texmf-dist/tex/latex/kvsetkeys/kvsetkeys.sty)
(/usr/local/texlive/2026/texmf-dist/tex/generic/kvdefinekeys/kvdefinekeys.sty)
(/usr/local/texlive/2026/texmf-dist/tex/generic/pdfescape/pdfescape.sty
(/usr/local/texlive/2026/texmf-dist/tex/generic/ltxcmds/ltxcmds.sty)
(/usr/local/texlive/2026/texmf-dist/tex/generic/pdftexcmds/pdftexcmds.sty
(/usr/local/texlive/2026/texmf-dist/tex/generic/infwarerr/infwarerr.sty)))
(/usr/local/texlive/2026/texmf-dist/tex/latex/hycolor/hycolor.sty)
(/usr/local/texlive/2026/texmf-dist/tex/latex/hyperref/nameref.sty
(/usr/local/texlive/2026/texmf-dist/tex/latex/refcount/refcount.sty)
(/usr/local/texlive/2026/texmf-dist/tex/generic/gettitlestring/gettitlestring.s
ty (/usr/local/texlive/2026/texmf-dist/tex/latex/kvoptions/kvoptions.sty)))
(/usr/local/texlive/2026/texmf-dist/tex/latex/etoolbox/etoolbox.sty)
(/usr/local/texlive/2026/texmf-dist/tex/generic/stringenc/stringenc.sty)
(/usr/local/texlive/2026/texmf-dist/tex/latex/hyperref/pd1enc.def)
(/usr/local/texlive/2026/texmf-dist/tex/generic/intcalc/intcalc.sty)
(/usr/local/texlive/2026/texmf-dist/tex/latex/hyperref/puenc.def)
(/usr/local/texlive/2026/texmf-dist/tex/generic/bitset/bitset.sty
(/usr/local/texlive/2026/texmf-dist/tex/generic/bigintcalc/bigintcalc.sty)))
(/usr/local/texlive/2026/texmf-dist/tex/latex/hyperref/hxetex.def
(/usr/local/texlive/2026/texmf-dist/tex/latex/rerunfilecheck/rerunfilecheck.sty

(/usr/local/texlive/2026/texmf-dist/tex/generic/uniquecounter/uniquecounter.sty
))) (/usr/local/texlive/2026/texmf-dist/tex/latex/psnfss/t1ptm.fd)
(/usr/local/texlive/2026/texmf-dist/tex/latex/l3backend/l3backend-xetex.def)
(./main.aux) (./main.out) (./main.out)
(/usr/local/texlive/2026/texmf-dist/tex/latex/amsfonts/umsa.fd)
(/usr/local/texlive/2026/texmf-dist/tex/latex/amsfonts/umsb.fd)

Package natbib Warning: Citation `austin2021structured' on page 1 undefined on 
input line 54.


Package natbib Warning: Citation `zheng2023reparameterized' on page 1 undefined
 on input line 54.


Package natbib Warning: Citation `lou2024discrete' on page 1 undefined on input
 line 54.


Package natbib Warning: Citation `shi2024simplified' on page 1 undefined on inp
ut line 54.


Package natbib Warning: Citation `nie2025large' on page 1 undefined on input li
ne 54.


Package natbib Warning: Citation `li2025beyond' on page 1 undefined on input li
ne 56.


Package natbib Warning: Citation `sun2026dystruct' on page 1 undefined on input
 line 56.


Package natbib Warning: Citation `wang2026reversible' on page 1 undefined on in
put line 56.


Package natbib Warning: Citation `nie2025large' on page 1 undefined on input li
ne 62.


Package natbib Warning: Citation `nie2026improved' on page 1 undefined on input
 line 62.

[1]

Package natbib Warning: Citation `cobbe2021gsm8k' on page 2 undefined on input 
line 123.

(/usr/local/texlive/2026/texmf-dist/tex/latex/psnfss/t1pcr.fd)

Package natbib Warning: Citation `ghazvininejad2019maskpredict' on page 2 undef
ined on input line 126.


Package natbib Warning: Citation `nie2025large' on page 2 undefined on input li
ne 126.


Underfull \hbox (badness 4366) in paragraph at lines 122--131
 []\T1/ptm/b/n/10 Model bed.[] \T1/ptm/m/n/10 We use an LLaDA-style masked dLLM
 at the LLaDA-8B-Instruct scale

Underfull \hbox (badness 1596) in paragraph at lines 122--131
\T1/ptm/m/n/10 with a lo-cally reg-is-tered check-point on GSM8K (\T1/ptm/b/n/1
0 ?\T1/ptm/m/n/10 ). De-cod-ing uses tem-per-a-ture $\OT1/cmr/m/n/10 0$ \T1/ptm
/m/n/10 and

Package natbib Warning: Citation `davison1997bootstrap' on page 2 undefined on 
input line 140.

[2] [3]

Package natbib Warning: Citation `ghazvininejad2019maskpredict' on page 4 undef
ined on input line 300.


Package natbib Warning: Citation `nie2025large' on page 4 undefined on input li
ne 300.

[4] [5] [6]

Package natbib Warning: Citation `fisher1929harmonic' on page 7 undefined on in
put line 501.


Package natbib Warning: Citation `nichols2002permutation' on page 7 undefined o
n input line 503.

[7] (/usr/local/texlive/2026/texmf-dist/tex/latex/psnfss/ts1ptm.fd) [8]

Package natbib Warning: Citation `austin2021structured' on page 9 undefined on 
input line 694.


Package natbib Warning: Citation `zheng2023reparameterized' on page 9 undefined
 on input line 695.


Package natbib Warning: Citation `lou2024discrete' on page 9 undefined on input
 line 696.


Package natbib Warning: Citation `shi2024simplified' on page 9 undefined on inp
ut line 697.


Package natbib Warning: Citation `gu2018nonautoregressive' on page 9 undefined 
on input line 723.


Package natbib Warning: Citation `wang2018semi' on page 9 undefined on input li
ne 723.


Package natbib Warning: Citation `ghazvininejad2019maskpredict' on page 9 undef
ined on input line 723.


Package natbib Warning: Citation `nie2025large' on page 9 undefined on input li
ne 723.


Package natbib Warning: Citation `nie2026improved' on page 9 undefined on input
 line 723.


Package natbib Warning: Citation `li2025beyond' on page 9 undefined on input li
ne 723.


Package natbib Warning: Citation `sun2026dystruct' on page 9 undefined on input
 line 723.


Package natbib Warning: Citation `wang2026reversible' on page 9 undefined on in
put line 723.


Package natbib Warning: Citation `gu2018nonautoregressive' on page 9 undefined 
on input line 733.


Package natbib Warning: Citation `wang2018semi' on page 9 undefined on input li
ne 734.


Package natbib Warning: Citation `ghazvininejad2019maskpredict' on page 9 undef
ined on input line 735.


Package natbib Warning: Citation `nie2025large' on page 9 undefined on input li
ne 736.


Package natbib Warning: Citation `nie2026improved' on page 9 undefined on input
 line 736.


Package natbib Warning: Citation `li2025beyond' on page 9 undefined on input li
ne 737.


Package natbib Warning: Citation `sun2026dystruct' on page 9 undefined on input
 line 737.


Package natbib Warning: Citation `wang2026reversible' on page 9 undefined on in
put line 737.

[9]

Package natbib Warning: Citation `sahoo2026linearprobes' on page 10 undefined o
n input line 753.


Package natbib Warning: Citation `jiang2020know' on page 10 undefined on input 
line 757.


Package natbib Warning: Citation `belinkov2018analysis' on page 10 undefined on
 input line 761.


Package natbib Warning: Citation `feng2024monitoring' on page 10 undefined on i
nput line 762.


Package natbib Warning: Citation `stolfo2023mechanistic' on page 10 undefined o
n input line 765.


Package natbib Warning: Citation `westreich2011table2fallacy' on page 10 undefi
ned on input line 778.


Package natbib Warning: Citation `belinkov2018analysis' on page 10 undefined on
 input line 780.


Package natbib Warning: Citation `sahoo2026linearprobes' on page 10 undefined o
n input line 780.


Package natbib Warning: Citation `nosek2018preregistration' on page 10 undefine
d on input line 782.

(./main.bbl) [10] [11] [12] [13]

Package natbib Warning: Citation `austin2021structured' on page 14 undefined on
 input line 1072.


Package natbib Warning: Citation `zheng2023reparameterized' on page 14 undefine
d on input line 1073.


Package natbib Warning: Citation `lou2024discrete' on page 14 undefined on inpu
t line 1074.


Package natbib Warning: Citation `shi2024simplified' on page 14 undefined on in
put line 1075.


Package natbib Warning: Citation `li2025beyond' on page 14 undefined on input l
ine 1076.


Package natbib Warning: Citation `sun2026dystruct' on page 14 undefined on inpu
t line 1077.


Package natbib Warning: Citation `wang2026reversible' on page 14 undefined on i
nput line 1078.


Package natbib Warning: Citation `sahoo2026linearprobes' on page 14 undefined o
n input line 1079.


Package natbib Warning: Citation `jiang2020know' on page 14 undefined on input 
line 1080.


Package natbib Warning: Citation `belinkov2018analysis' on page 14 undefined on
 input line 1081.


Package natbib Warning: Citation `feng2024monitoring' on page 14 undefined on i
nput line 1082.


Package natbib Warning: Citation `stolfo2023mechanistic' on page 14 undefined o
n input line 1083.

 [14]

Package natbib Warning: Citation `jiang2020know' on page 15 undefined on input 
line 1118.


Package natbib Warning: Citation `sahoo2026linearprobes' on page 15 undefined o
n input line 1119.


Package natbib Warning: Citation `feng2024monitoring' on page 15 undefined on i
nput line 1120.

 [15]

Package natbib Warning: Citation `cobbe2021gsm8k' on page 16 undefined on input
 line 1146.

[16] [17]

Package natbib Warning: There were undefined citations.

[18] (./main.aux) )
(see the transcript file for additional information)
Output written on main.pdf (18 pages).
Transcript written on main.log.
This is BibTeX, Version 0.99e (TeX Live 2026)
The top-level auxiliary file: main.aux
The style file: iclr2026_conference.bst
Database file #1: refs.bib
This is XeTeX, Version 3.141592653-2.6-0.999998 (TeX Live 2026) (preloaded format=xelatex)
entering extended mode
(./main.tex
LaTeX2e <2025-11-01>
L3 programming layer <2026-01-19>
(/usr/local/texlive/2026/texmf-dist/tex/latex/base/article.cls
Document Class: article 2025/01/22 v1.4n Standard LaTeX document class
(/usr/local/texlive/2026/texmf-dist/tex/latex/base/size10.clo))
(/usr/local/texlive/2026/texmf-dist/tex/latex/base/fontenc.sty
(/usr/local/texlive/2026/texmf-dist/tex/latex/lm/t1lmr.fd))
(./iclr2026_conference.sty
(/usr/local/texlive/2026/texmf-dist/tex/latex/eso-pic/eso-pic.sty
(/usr/local/texlive/2026/texmf-dist/tex/latex/graphics/keyval.sty)
(/usr/local/texlive/2026/texmf-dist/tex/latex/xcolor/xcolor.sty
(/usr/local/texlive/2026/texmf-dist/tex/latex/graphics-cfg/color.cfg)
(/usr/local/texlive/2026/texmf-dist/tex/latex/graphics-def/xetex.def)
(/usr/local/texlive/2026/texmf-dist/tex/latex/graphics/mathcolor.ltx)))
(./fancyhdr.sty) (./natbib.sty))
(/usr/local/texlive/2026/texmf-dist/tex/latex/psnfss/times.sty)
(/usr/local/texlive/2026/texmf-dist/tex/latex/amsmath/amsmath.sty
For additional information on amsmath, use the `?' option.
(/usr/local/texlive/2026/texmf-dist/tex/latex/amsmath/amstext.sty
(/usr/local/texlive/2026/texmf-dist/tex/latex/amsmath/amsgen.sty))
(/usr/local/texlive/2026/texmf-dist/tex/latex/amsmath/amsbsy.sty)
(/usr/local/texlive/2026/texmf-dist/tex/latex/amsmath/amsopn.sty))
(/usr/local/texlive/2026/texmf-dist/tex/latex/amsfonts/amssymb.sty
(/usr/local/texlive/2026/texmf-dist/tex/latex/amsfonts/amsfonts.sty))
(/usr/local/texlive/2026/texmf-dist/tex/latex/tools/array.sty)
(/usr/local/texlive/2026/texmf-dist/tex/latex/booktabs/booktabs.sty)
(/usr/local/texlive/2026/texmf-dist/tex/latex/float/float.sty)
(/usr/local/texlive/2026/texmf-dist/tex/latex/graphics/graphicx.sty
(/usr/local/texlive/2026/texmf-dist/tex/latex/graphics/graphics.sty
(/usr/local/texlive/2026/texmf-dist/tex/latex/graphics/trig.sty)
(/usr/local/texlive/2026/texmf-dist/tex/latex/graphics-cfg/graphics.cfg)))
(/usr/local/texlive/2026/texmf-dist/tex/latex/tools/longtable.sty)
(/usr/local/texlive/2026/texmf-dist/tex/latex/url/url.sty)
(/usr/local/texlive/2026/texmf-dist/tex/latex/placeins/placeins.sty)
(/usr/local/texlive/2026/texmf-dist/tex/latex/tools/tabularx.sty)
(/usr/local/texlive/2026/texmf-dist/tex/latex/hyperref/hyperref.sty
(/usr/local/texlive/2026/texmf-dist/tex/generic/iftex/iftex.sty)
(/usr/local/texlive/2026/texmf-dist/tex/latex/kvsetkeys/kvsetkeys.sty)
(/usr/local/texlive/2026/texmf-dist/tex/generic/kvdefinekeys/kvdefinekeys.sty)
(/usr/local/texlive/2026/texmf-dist/tex/generic/pdfescape/pdfescape.sty
(/usr/local/texlive/2026/texmf-dist/tex/generic/ltxcmds/ltxcmds.sty)
(/usr/local/texlive/2026/texmf-dist/tex/generic/pdftexcmds/pdftexcmds.sty
(/usr/local/texlive/2026/texmf-dist/tex/generic/infwarerr/infwarerr.sty)))
(/usr/local/texlive/2026/texmf-dist/tex/latex/hycolor/hycolor.sty)
(/usr/local/texlive/2026/texmf-dist/tex/latex/hyperref/nameref.sty
(/usr/local/texlive/2026/texmf-dist/tex/latex/refcount/refcount.sty)
(/usr/local/texlive/2026/texmf-dist/tex/generic/gettitlestring/gettitlestring.s
ty (/usr/local/texlive/2026/texmf-dist/tex/latex/kvoptions/kvoptions.sty)))
(/usr/local/texlive/2026/texmf-dist/tex/latex/etoolbox/etoolbox.sty)
(/usr/local/texlive/2026/texmf-dist/tex/generic/stringenc/stringenc.sty)
(/usr/local/texlive/2026/texmf-dist/tex/latex/hyperref/pd1enc.def)
(/usr/local/texlive/2026/texmf-dist/tex/generic/intcalc/intcalc.sty)
(/usr/local/texlive/2026/texmf-dist/tex/latex/hyperref/puenc.def)
(/usr/local/texlive/2026/texmf-dist/tex/generic/bitset/bitset.sty
(/usr/local/texlive/2026/texmf-dist/tex/generic/bigintcalc/bigintcalc.sty)))
(/usr/local/texlive/2026/texmf-dist/tex/latex/hyperref/hxetex.def
(/usr/local/texlive/2026/texmf-dist/tex/latex/rerunfilecheck/rerunfilecheck.sty

(/usr/local/texlive/2026/texmf-dist/tex/generic/uniquecounter/uniquecounter.sty
))) (/usr/local/texlive/2026/texmf-dist/tex/latex/psnfss/t1ptm.fd)
(/usr/local/texlive/2026/texmf-dist/tex/latex/l3backend/l3backend-xetex.def)
(./main.aux) (./main.out) (./main.out)
(/usr/local/texlive/2026/texmf-dist/tex/latex/amsfonts/umsa.fd)
(/usr/local/texlive/2026/texmf-dist/tex/latex/amsfonts/umsb.fd)

Package natbib Warning: Citation `austin2021structured' on page 1 undefined on 
input line 54.


Package natbib Warning: Citation `zheng2023reparameterized' on page 1 undefined
 on input line 54.


Package natbib Warning: Citation `lou2024discrete' on page 1 undefined on input
 line 54.


Package natbib Warning: Citation `shi2024simplified' on page 1 undefined on inp
ut line 54.


Package natbib Warning: Citation `nie2025large' on page 1 undefined on input li
ne 54.


Package natbib Warning: Citation `li2025beyond' on page 1 undefined on input li
ne 56.


Package natbib Warning: Citation `sun2026dystruct' on page 1 undefined on input
 line 56.


Package natbib Warning: Citation `wang2026reversible' on page 1 undefined on in
put line 56.


Package natbib Warning: Citation `nie2025large' on page 1 undefined on input li
ne 62.


Package natbib Warning: Citation `nie2026improved' on page 1 undefined on input
 line 62.

[1]

Package natbib Warning: Citation `cobbe2021gsm8k' on page 2 undefined on input 
line 123.

(/usr/local/texlive/2026/texmf-dist/tex/latex/psnfss/t1pcr.fd)

Package natbib Warning: Citation `ghazvininejad2019maskpredict' on page 2 undef
ined on input line 126.


Package natbib Warning: Citation `nie2025large' on page 2 undefined on input li
ne 126.


Underfull \hbox (badness 4366) in paragraph at lines 122--131
 []\T1/ptm/b/n/10 Model bed.[] \T1/ptm/m/n/10 We use an LLaDA-style masked dLLM
 at the LLaDA-8B-Instruct scale

Underfull \hbox (badness 1596) in paragraph at lines 122--131
\T1/ptm/m/n/10 with a lo-cally reg-is-tered check-point on GSM8K (\T1/ptm/b/n/1
0 ?\T1/ptm/m/n/10 ). De-cod-ing uses tem-per-a-ture $\OT1/cmr/m/n/10 0$ \T1/ptm
/m/n/10 and

Package natbib Warning: Citation `davison1997bootstrap' on page 2 undefined on 
input line 140.

[2] [3]

Package natbib Warning: Citation `ghazvininejad2019maskpredict' on page 4 undef
ined on input line 300.


Package natbib Warning: Citation `nie2025large' on page 4 undefined on input li
ne 300.

[4] [5] [6]

Package natbib Warning: Citation `fisher1929harmonic' on page 7 undefined on in
put line 501.


Package natbib Warning: Citation `nichols2002permutation' on page 7 undefined o
n input line 503.

[7] (/usr/local/texlive/2026/texmf-dist/tex/latex/psnfss/ts1ptm.fd) [8]

Package natbib Warning: Citation `austin2021structured' on page 9 undefined on 
input line 694.


Package natbib Warning: Citation `zheng2023reparameterized' on page 9 undefined
 on input line 695.


Package natbib Warning: Citation `lou2024discrete' on page 9 undefined on input
 line 696.


Package natbib Warning: Citation `shi2024simplified' on page 9 undefined on inp
ut line 697.


Package natbib Warning: Citation `gu2018nonautoregressive' on page 9 undefined 
on input line 723.


Package natbib Warning: Citation `wang2018semi' on page 9 undefined on input li
ne 723.


Package natbib Warning: Citation `ghazvininejad2019maskpredict' on page 9 undef
ined on input line 723.


Package natbib Warning: Citation `nie2025large' on page 9 undefined on input li
ne 723.


Package natbib Warning: Citation `nie2026improved' on page 9 undefined on input
 line 723.


Package natbib Warning: Citation `li2025beyond' on page 9 undefined on input li
ne 723.


Package natbib Warning: Citation `sun2026dystruct' on page 9 undefined on input
 line 723.


Package natbib Warning: Citation `wang2026reversible' on page 9 undefined on in
put line 723.


Package natbib Warning: Citation `gu2018nonautoregressive' on page 9 undefined 
on input line 733.


Package natbib Warning: Citation `wang2018semi' on page 9 undefined on input li
ne 734.


Package natbib Warning: Citation `ghazvininejad2019maskpredict' on page 9 undef
ined on input line 735.


Package natbib Warning: Citation `nie2025large' on page 9 undefined on input li
ne 736.


Package natbib Warning: Citation `nie2026improved' on page 9 undefined on input
 line 736.


Package natbib Warning: Citation `li2025beyond' on page 9 undefined on input li
ne 737.


Package natbib Warning: Citation `sun2026dystruct' on page 9 undefined on input
 line 737.


Package natbib Warning: Citation `wang2026reversible' on page 9 undefined on in
put line 737.

[9]

Package natbib Warning: Citation `sahoo2026linearprobes' on page 10 undefined o
n input line 753.


Package natbib Warning: Citation `jiang2020know' on page 10 undefined on input 
line 757.


Package natbib Warning: Citation `belinkov2018analysis' on page 10 undefined on
 input line 761.


Package natbib Warning: Citation `feng2024monitoring' on page 10 undefined on i
nput line 762.


Package natbib Warning: Citation `stolfo2023mechanistic' on page 10 undefined o
n input line 765.


Package natbib Warning: Citation `westreich2011table2fallacy' on page 10 undefi
ned on input line 778.


Package natbib Warning: Citation `belinkov2018analysis' on page 10 undefined on
 input line 780.


Package natbib Warning: Citation `sahoo2026linearprobes' on page 10 undefined o
n input line 780.


Package natbib Warning: Citation `nosek2018preregistration' on page 10 undefine
d on input line 782.

(./main.bbl [10] [11]) [12] [13] [14]

Package natbib Warning: Citation `austin2021structured' on page 15 undefined on
 input line 1072.


Package natbib Warning: Citation `zheng2023reparameterized' on page 15 undefine
d on input line 1073.


Package natbib Warning: Citation `lou2024discrete' on page 15 undefined on inpu
t line 1074.


Package natbib Warning: Citation `shi2024simplified' on page 15 undefined on in
put line 1075.


Package natbib Warning: Citation `li2025beyond' on page 15 undefined on input l
ine 1076.


Package natbib Warning: Citation `sun2026dystruct' on page 15 undefined on inpu
t line 1077.


Package natbib Warning: Citation `wang2026reversible' on page 15 undefined on i
nput line 1078.


Package natbib Warning: Citation `sahoo2026linearprobes' on page 15 undefined o
n input line 1079.


Package natbib Warning: Citation `jiang2020know' on page 15 undefined on input 
line 1080.


Package natbib Warning: Citation `belinkov2018analysis' on page 15 undefined on
 input line 1081.


Package natbib Warning: Citation `feng2024monitoring' on page 15 undefined on i
nput line 1082.


Package natbib Warning: Citation `stolfo2023mechanistic' on page 15 undefined o
n input line 1083.

 [15]

Package natbib Warning: Citation `jiang2020know' on page 16 undefined on input 
line 1118.


Package natbib Warning: Citation `sahoo2026linearprobes' on page 16 undefined o
n input line 1119.


Package natbib Warning: Citation `feng2024monitoring' on page 16 undefined on i
nput line 1120.

 [16]

Package natbib Warning: Citation `cobbe2021gsm8k' on page 17 undefined on input
 line 1146.

[17] [18]

Package natbib Warning: There were undefined citations.

[19] (./main.aux

Package natbib Warning: Citation(s) may have changed.
(natbib)                Rerun to get citations correct.

)

LaTeX Warning: Label(s) may have changed. Rerun to get cross-references right.

 )
(see the transcript file for additional information)
Output written on main.pdf (19 pages).
Transcript written on main.log.
This is XeTeX, Version 3.141592653-2.6-0.999998 (TeX Live 2026) (preloaded format=xelatex)
entering extended mode
(./main.tex
LaTeX2e <2025-11-01>
L3 programming layer <2026-01-19>
(/usr/local/texlive/2026/texmf-dist/tex/latex/base/article.cls
Document Class: article 2025/01/22 v1.4n Standard LaTeX document class
(/usr/local/texlive/2026/texmf-dist/tex/latex/base/size10.clo))
(/usr/local/texlive/2026/texmf-dist/tex/latex/base/fontenc.sty
(/usr/local/texlive/2026/texmf-dist/tex/latex/lm/t1lmr.fd))
(./iclr2026_conference.sty
(/usr/local/texlive/2026/texmf-dist/tex/latex/eso-pic/eso-pic.sty
(/usr/local/texlive/2026/texmf-dist/tex/latex/graphics/keyval.sty)
(/usr/local/texlive/2026/texmf-dist/tex/latex/xcolor/xcolor.sty
(/usr/local/texlive/2026/texmf-dist/tex/latex/graphics-cfg/color.cfg)
(/usr/local/texlive/2026/texmf-dist/tex/latex/graphics-def/xetex.def)
(/usr/local/texlive/2026/texmf-dist/tex/latex/graphics/mathcolor.ltx)))
(./fancyhdr.sty) (./natbib.sty))
(/usr/local/texlive/2026/texmf-dist/tex/latex/psnfss/times.sty)
(/usr/local/texlive/2026/texmf-dist/tex/latex/amsmath/amsmath.sty
For additional information on amsmath, use the `?' option.
(/usr/local/texlive/2026/texmf-dist/tex/latex/amsmath/amstext.sty
(/usr/local/texlive/2026/texmf-dist/tex/latex/amsmath/amsgen.sty))
(/usr/local/texlive/2026/texmf-dist/tex/latex/amsmath/amsbsy.sty)
(/usr/local/texlive/2026/texmf-dist/tex/latex/amsmath/amsopn.sty))
(/usr/local/texlive/2026/texmf-dist/tex/latex/amsfonts/amssymb.sty
(/usr/local/texlive/2026/texmf-dist/tex/latex/amsfonts/amsfonts.sty))
(/usr/local/texlive/2026/texmf-dist/tex/latex/tools/array.sty)
(/usr/local/texlive/2026/texmf-dist/tex/latex/booktabs/booktabs.sty)
(/usr/local/texlive/2026/texmf-dist/tex/latex/float/float.sty)
(/usr/local/texlive/2026/texmf-dist/tex/latex/graphics/graphicx.sty
(/usr/local/texlive/2026/texmf-dist/tex/latex/graphics/graphics.sty
(/usr/local/texlive/2026/texmf-dist/tex/latex/graphics/trig.sty)
(/usr/local/texlive/2026/texmf-dist/tex/latex/graphics-cfg/graphics.cfg)))
(/usr/local/texlive/2026/texmf-dist/tex/latex/tools/longtable.sty)
(/usr/local/texlive/2026/texmf-dist/tex/latex/url/url.sty)
(/usr/local/texlive/2026/texmf-dist/tex/latex/placeins/placeins.sty)
(/usr/local/texlive/2026/texmf-dist/tex/latex/tools/tabularx.sty)
(/usr/local/texlive/2026/texmf-dist/tex/latex/hyperref/hyperref.sty
(/usr/local/texlive/2026/texmf-dist/tex/generic/iftex/iftex.sty)
(/usr/local/texlive/2026/texmf-dist/tex/latex/kvsetkeys/kvsetkeys.sty)
(/usr/local/texlive/2026/texmf-dist/tex/generic/kvdefinekeys/kvdefinekeys.sty)
(/usr/local/texlive/2026/texmf-dist/tex/generic/pdfescape/pdfescape.sty
(/usr/local/texlive/2026/texmf-dist/tex/generic/ltxcmds/ltxcmds.sty)
(/usr/local/texlive/2026/texmf-dist/tex/generic/pdftexcmds/pdftexcmds.sty
(/usr/local/texlive/2026/texmf-dist/tex/generic/infwarerr/infwarerr.sty)))
(/usr/local/texlive/2026/texmf-dist/tex/latex/hycolor/hycolor.sty)
(/usr/local/texlive/2026/texmf-dist/tex/latex/hyperref/nameref.sty
(/usr/local/texlive/2026/texmf-dist/tex/latex/refcount/refcount.sty)
(/usr/local/texlive/2026/texmf-dist/tex/generic/gettitlestring/gettitlestring.s
ty (/usr/local/texlive/2026/texmf-dist/tex/latex/kvoptions/kvoptions.sty)))
(/usr/local/texlive/2026/texmf-dist/tex/latex/etoolbox/etoolbox.sty)
(/usr/local/texlive/2026/texmf-dist/tex/generic/stringenc/stringenc.sty)
(/usr/local/texlive/2026/texmf-dist/tex/latex/hyperref/pd1enc.def)
(/usr/local/texlive/2026/texmf-dist/tex/generic/intcalc/intcalc.sty)
(/usr/local/texlive/2026/texmf-dist/tex/latex/hyperref/puenc.def)
(/usr/local/texlive/2026/texmf-dist/tex/generic/bitset/bitset.sty
(/usr/local/texlive/2026/texmf-dist/tex/generic/bigintcalc/bigintcalc.sty)))
(/usr/local/texlive/2026/texmf-dist/tex/latex/hyperref/hxetex.def
(/usr/local/texlive/2026/texmf-dist/tex/latex/rerunfilecheck/rerunfilecheck.sty

(/usr/local/texlive/2026/texmf-dist/tex/generic/uniquecounter/uniquecounter.sty
))) (/usr/local/texlive/2026/texmf-dist/tex/latex/psnfss/t1ptm.fd)
(/usr/local/texlive/2026/texmf-dist/tex/latex/l3backend/l3backend-xetex.def)
(./main.aux) (./main.out) (./main.out)
(/usr/local/texlive/2026/texmf-dist/tex/latex/amsfonts/umsa.fd)
(/usr/local/texlive/2026/texmf-dist/tex/latex/amsfonts/umsb.fd) [1]
(/usr/local/texlive/2026/texmf-dist/tex/latex/psnfss/t1pcr.fd) [2] [3] [4]
[5] [6] [7] (/usr/local/texlive/2026/texmf-dist/tex/latex/psnfss/ts1ptm.fd)
[8] [9] (./main.bbl [10] [11]) [12] [13] [14] [15] [16] [17] [18] [19]
(./main.aux) )
Output written on main.pdf (19 pages).
Transcript written on main.log.
