\BOOKMARK [1][-]{section.1}{\376\377\000I\000n\000t\000r\000o\000d\000u\000c\000t\000i\000o\000n}{}% 1
\BOOKMARK [1][-]{section.2}{\376\377\000S\000e\000t\000u\000p\000\040\000a\000n\000d\000\040\000t\000h\000e\000\040\000O\000b\000j\000e\000c\000t\000\040\000o\000f\000\040\000S\000t\000u\000d\000y}{}% 2
\BOOKMARK [1][-]{section.3}{\376\377\000T\000h\000e\000o\000r\000y}{}% 3
\BOOKMARK [2][-]{subsection.3.1}{\376\377\000T\0001\000:\000\040\000S\000c\000h\000e\000d\000u\000l\000e\000-\000\040\000a\000n\000d\000\040\000u\000p\000d\000a\000t\000e\000-\000c\000o\000u\000n\000t\000\040\000i\000n\000v\000a\000r\000i\000a\000n\000c\000e\000\040\000o\000f\000\040\000a\000l\000w\000a\000y\000s\000-\000o\000n\000\040\000d\000a\000m\000a\000g\000e}{section.3}% 4
\BOOKMARK [2][-]{subsection.3.2}{\376\377\000T\0002\000:\000\040\000E\000r\000a\000s\000u\000r\000e\000\040\000i\000s\000\040\000f\000r\000e\000e\000\040\000v\000i\000a\000\040\000a\000t\000t\000r\000a\000c\000t\000o\000r\000\040\000r\000e\000g\000r\000e\000s\000s\000i\000o\000n}{section.3}% 5
\BOOKMARK [2][-]{subsection.3.3}{\376\377\000T\0003\000:\000\040\000F\000i\000r\000s\000t\000-\000c\000a\000u\000s\000e\000/\000r\000e\000c\000e\000n\000c\000y\000\040\000r\000e\000v\000e\000r\000s\000a\000l\000\040\000i\000s\000\040\000a\000\040\000c\000o\000n\000t\000r\000a\000c\000t\000i\000o\000n\000-\000b\000u\000d\000g\000e\000t\000\040\000c\000r\000o\000s\000s\000i\000n\000g}{section.3}% 6
\BOOKMARK [2][-]{subsection.3.4}{\376\377\000U\000n\000i\000f\000i\000c\000a\000t\000i\000o\000n\000:\000\040\000t\000r\000a\000n\000s\000i\000e\000n\000t\000\040\000v\000s\000.\000\040\000e\000q\000u\000i\000l\000i\000b\000r\000i\000u\000m}{section.3}% 7
\BOOKMARK [1][-]{section.4}{\376\377\000M\000e\000t\000h\000o\000d\000:\000\040\000D\000e\000f\000e\000r\000r\000e\000d\000\040\000D\000e\000t\000e\000c\000t\000i\000o\000n\000\040\000a\000n\000d\000\040\000t\000h\000e\000\040\000B\000u\000d\000g\000e\000t\000\040\000R\000u\000l\000e}{}% 8
\BOOKMARK [1][-]{section.5}{\376\377\000E\000x\000p\000e\000r\000i\000m\000e\000n\000t\000s}{}% 9
\BOOKMARK [2][-]{subsection.5.1}{\376\377\000S\000y\000n\000t\000h\000e\000t\000i\000c\000\040\000c\000o\000n\000v\000e\000x\000\040\000c\000e\000l\000l\000\040\000\050\000p\000i\000l\000o\000t\000s\000\040\0001\040\023\0001\0006\000\051}{section.5}% 10
\BOOKMARK [2][-]{subsection.5.2}{\376\377\000R\000e\000a\000l\000-\000i\000m\000a\000g\000e\000\040\000a\000r\000m\000s\000\040\000\050\000p\000i\000l\000o\000t\000s\000\040\0001\0007\000/\0001\0008\000/\0001\0009\000\051}{section.5}% 11
\BOOKMARK [2][-]{subsection.5.3}{\376\377\000B\000o\000u\000n\000d\000a\000r\000y\000\040\000a\000n\000d\000\040\000n\000e\000g\000a\000t\000i\000v\000e\000\040\000r\000e\000s\000u\000l\000t\000s\000\040\000\050\000h\000o\000n\000e\000s\000t\000\051}{section.5}% 12
\BOOKMARK [1][-]{section.6}{\376\377\000R\000e\000l\000a\000t\000e\000d\000\040\000W\000o\000r\000k}{}% 13
\BOOKMARK [1][-]{section.7}{\376\377\000L\000i\000m\000i\000t\000a\000t\000i\000o\000n\000s}{}% 14
\BOOKMARK [1][-]{section.8}{\376\377\000C\000o\000n\000c\000l\000u\000s\000i\000o\000n}{}% 15
\BOOKMARK [1][-]{appendix.A}{\376\377\000N\000e\000a\000r\000-\000n\000e\000i\000g\000h\000b\000o\000r\000\040\000a\000u\000d\000i\000t}{}% 16
\BOOKMARK [1][-]{appendix.B}{\376\377\000P\000r\000o\000o\000f\000s}{}% 17
\BOOKMARK [2][-]{subsection.B.1}{\376\377\000T\0001\000\040\000\050\000T\000h\000e\000o\000r\000e\000m\000\040\0001\000\051}{appendix.B}% 18
\BOOKMARK [2][-]{subsection.B.2}{\376\377\000T\0002\000\040\000\050\000T\000h\000e\000o\000r\000e\000m\000\040\0001\000\051\000\040\000a\000n\000d\000\040\000L\000e\000m\000m\000a\000\040\0002}{appendix.B}% 19
\BOOKMARK [2][-]{subsection.B.3}{\376\377\000T\0003\000\040\000\050\000T\000h\000e\000o\000r\000e\000m\000\040\0002\000\051}{appendix.B}% 20
\BOOKMARK [1][-]{appendix.C}{\376\377\000R\000e\000p\000r\000o\000d\000u\000c\000i\000b\000i\000l\000i\000t\000y\000\040\000d\000e\000t\000a\000i\000l\000s}{}% 21
