\BOOKMARK [1][-]{section.1}{\376\377\000I\000n\000t\000r\000o\000d\000u\000c\000t\000i\000o\000n}{}% 1
\BOOKMARK [1][-]{section.2}{\376\377\000R\000e\000l\000a\000t\000e\000d\000\040\000W\000o\000r\000k}{}% 2
\BOOKMARK [1][-]{section.3}{\376\377\000P\000i\000p\000e\000l\000i\000n\000e\000\040\000R\000a\000t\000i\000o\000n\000a\000l\000e\000\040\000\050\000B\000a\000c\000k\000g\000r\000o\000u\000n\000d\000\051}{}% 3
\BOOKMARK [1][-]{section.4}{\376\377\000T\000r\000a\000i\000n\000i\000n\000g\000\040\000P\000i\000p\000e\000l\000i\000n\000e}{}% 4
\BOOKMARK [2][-]{subsection.4.1}{\376\377\000R\000e\000p\000o\000r\000t\000e\000d\000\040\000W\000e\000i\000g\000h\000t\000\040\000a\000n\000d\000\040\000M\000a\000s\000k\000\040\000T\000r\000a\000c\000k\000s}{section.4}% 5
\BOOKMARK [2][-]{subsection.4.2}{\376\377\000C\000u\000r\000v\000a\000t\000u\000r\000e\000-\000S\000c\000o\000r\000e\000\040\000B\000a\000c\000k\000g\000r\000o\000u\000n\000d}{section.4}% 6
\BOOKMARK [2][-]{subsection.4.3}{\376\377\000S\000o\000f\000t\000-\000t\000o\000-\000H\000a\000r\000d\000\040\000S\000c\000h\000e\000d\000u\000l\000e\000\040\000a\000n\000d\000\040\000D\000e\000p\000l\000o\000y\000m\000e\000n\000t\000\040\000B\000o\000u\000n\000d\000a\000r\000y}{section.4}% 7
\BOOKMARK [2][-]{subsection.4.4}{\376\377\000N\000o\000t\000a\000t\000i\000o\000n}{section.4}% 8
\BOOKMARK [1][-]{section.5}{\376\377\000E\000x\000p\000e\000r\000i\000m\000e\000n\000t\000s}{}% 9
\BOOKMARK [2][-]{subsection.5.1}{\376\377\000S\000e\000t\000u\000p}{section.5}% 10
\BOOKMARK [2][-]{subsection.5.2}{\376\377\000R\000e\000c\000o\000v\000e\000r\000y\000\040\000C\000o\000m\000p\000r\000e\000s\000s\000i\000o\000n\000\040\000a\000s\000\040\000t\000h\000e\000\040\000L\000o\000a\000d\000-\000B\000e\000a\000r\000i\000n\000g\000\040\000R\000e\000s\000u\000l\000t}{section.5}% 11
\BOOKMARK [2][-]{subsection.5.3}{\376\377\000W\000h\000a\000t\000\040\000t\000h\000e\000\040\000R\000e\000c\000o\000v\000e\000r\000y\000\040\000B\000a\000s\000e\000l\000i\000n\000e\000s\000\040\000E\000s\000t\000a\000b\000l\000i\000s\000h}{section.5}% 12
\BOOKMARK [2][-]{subsection.5.4}{\376\377\000A\000r\000c\000h\000i\000v\000e\000d\000\040\000B\000r\000e\000a\000d\000t\000h\000\040\000a\000n\000d\000\040\000D\000e\000p\000l\000o\000y\000m\000e\000n\000t}{section.5}% 13
\BOOKMARK [1][-]{section.6}{\376\377\000L\000i\000m\000i\000t\000a\000t\000i\000o\000n\000s}{}% 14
\BOOKMARK [1][-]{section.7}{\376\377\000C\000o\000n\000c\000l\000u\000s\000i\000o\000n}{}% 15
\BOOKMARK [1][-]{appendix.A}{\376\377\000S\000t\000a\000t\000i\000s\000t\000i\000c\000a\000l\000\040\000A\000p\000p\000e\000n\000d\000i\000x\000:\000\040\000A\000v\000g\000-\0009\000\040\000U\000n\000c\000e\000r\000t\000a\000i\000n\000t\000y\000\040\000a\000n\000d\000\040\000R\000e\000c\000o\000v\000e\000r\000y\000\040\000C\000o\000m\000p\000r\000e\000s\000s\000i\000o\000n}{}% 16
\BOOKMARK [2][-]{subsection.A.1}{\376\377\000S\000a\000m\000p\000l\000i\000n\000g\000\040\000u\000n\000c\000e\000r\000t\000a\000i\000n\000t\000y\000\040\000o\000f\000\040\000t\000h\000e\000\040\000a\000r\000c\000h\000i\000v\000e\000d\000\040\000S\000p\000a\000r\000s\000e\000F\000o\000r\000g\000e\000\040\000v\000s\000.\000\040\000A\000S\000T\000\040\000m\000a\000r\000g\000i\000n}{appendix.A}% 17
\BOOKMARK [2][-]{subsection.A.2}{\376\377\000R\000e\000c\000o\000v\000e\000r\000y\000\040\000c\000o\000m\000p\000r\000e\000s\000s\000e\000s\000\040\000t\000h\000e\000\040\000c\000r\000o\000s\000s\000-\000s\000u\000p\000p\000o\000r\000t\000\040\000s\000p\000r\000e\000a\000d\000\040\000b\000e\000l\000o\000w\000\040\000t\000h\000e\000\040\000s\000a\000m\000p\000l\000i\000n\000g\000-\000n\000o\000i\000s\000e\000\040\000s\000c\000a\000l\000e}{appendix.A}% 18
\BOOKMARK [1][-]{appendix.B}{\376\377\000E\000L\000S\000A\000\040\000F\000i\000x\000e\000d\000-\000S\000u\000p\000p\000o\000r\000t\000\040\000L\000o\000n\000g\000-\000B\000u\000d\000g\000e\000t\000\040\000F\000a\000i\000l\000u\000r\000e\000\040\000M\000o\000d\000e}{}% 19
\BOOKMARK [1][-]{appendix.C}{\376\377\000I\000m\000p\000l\000e\000m\000e\000n\000t\000a\000t\000i\000o\000n\000\040\000D\000e\000t\000a\000i\000l\000s\000\040\000a\000n\000d\000\040\000A\000r\000t\000i\000f\000a\000c\000t\000\040\000S\000t\000a\000t\000e\000m\000e\000n\000t}{}% 20
\BOOKMARK [2][-]{subsection.C.1}{\376\377\000E\000x\000e\000c\000u\000t\000a\000b\000l\000e\000\040\000a\000l\000t\000e\000r\000n\000a\000t\000i\000n\000g\000\040\000w\000e\000i\000g\000h\000t\000/\000m\000a\000s\000k\000\040\000a\000l\000g\000o\000r\000i\000t\000h\000m}{appendix.C}% 21
\BOOKMARK [2][-]{subsection.C.2}{\376\377\000H\000u\000t\000c\000h\000i\000n\000s\000o\000n\000\040\000d\000i\000a\000g\000o\000n\000a\000l\000\040\000o\000n\000\040\000t\000h\000e\000\040\000t\000r\000a\000i\000n\000i\000n\000g\000\040\000l\000o\000s\000s}{appendix.C}% 22
\BOOKMARK [2][-]{subsection.C.3}{\376\377\000S\000c\000o\000r\000e\000,\000\040\000g\000a\000t\000e\000,\000\040\000s\000c\000h\000e\000d\000u\000l\000e\000s\000,\000\040\000a\000n\000d\000\040\000m\000a\000s\000k\000\040\000r\000e\000c\000u\000r\000r\000e\000n\000c\000e}{appendix.C}% 23
\BOOKMARK [2][-]{subsection.C.4}{\376\377\000T\000i\000e\000\040\000r\000u\000l\000e\000\040\000a\000n\000d\000\040\000e\000x\000a\000c\000t\000-\0002\000:\0004\000\040\000v\000a\000l\000i\000d\000a\000t\000i\000o\000n}{appendix.C}% 24
\BOOKMARK [2][-]{subsection.C.5}{\376\377\000F\000i\000n\000a\000l\000i\000z\000a\000t\000i\000o\000n\000,\000\040\000S\000L\000o\000R\000B\000\040\000f\000o\000l\000d\000\040\000b\000o\000u\000n\000d\000a\000r\000y\000,\000\040\000a\000n\000d\000\040\000E\000X\000T\000-\000M\0003}{appendix.C}% 25
\BOOKMARK [2][-]{subsection.C.6}{\376\377\000O\000p\000t\000i\000m\000i\000z\000e\000r\000\040\000a\000n\000d\000\040\000s\000o\000f\000t\000w\000a\000r\000e\000\040\000e\000n\000v\000i\000r\000o\000n\000m\000e\000n\000t}{appendix.C}% 26
\BOOKMARK [2][-]{subsection.C.7}{\376\377\000A\000r\000c\000h\000i\000v\000e\000d\000-\000c\000h\000e\000c\000k\000p\000o\000i\000n\000t\000\040\000u\000n\000r\000e\000a\000c\000h\000a\000b\000i\000l\000i\000t\000y\000\040\000d\000i\000s\000c\000l\000o\000s\000u\000r\000e}{appendix.C}% 27
\BOOKMARK [1][-]{appendix.D}{\376\377\000A\000r\000c\000h\000i\000v\000e\000d\000\040\000C\000r\000o\000s\000s\000-\000F\000a\000m\000i\000l\000y\000\040\000E\000v\000i\000d\000e\000n\000c\000e}{}% 28
\BOOKMARK [1][-]{appendix.E}{\376\377\000H\000i\000s\000t\000o\000r\000i\000c\000a\000l\000\040\000T\000r\000a\000i\000n\000i\000n\000g\000-\000R\000u\000n\000\040\000V\000a\000r\000i\000a\000b\000i\000l\000i\000t\000y}{}% 29
\BOOKMARK [1][-]{appendix.F}{\376\377\000B\000a\000s\000e\000l\000i\000n\000e\000\040\000D\000i\000s\000p\000e\000r\000s\000i\000o\000n}{}% 30
