Rc files read (in order):
  NONE
Latexmk: This is Latexmk, John Collins, 9 March 2026. Version 4.88.
No existing .aux file, so I'll make a simple one, and require run of *latex.
Latexmk: applying rule 'pdflatex'...
Rule 'pdflatex':  Reasons for rerun
Category 'other':
  Rerun of 'pdflatex' forced or previously required:
    Reason or flag: 'Initial setup'

------------
Run number 1 of rule 'pdflatex'
------------
------------
Running 'pdflatex  -interaction=nonstopmode -halt-on-error -file-line-error -recorder -output-directory="/private/tmp/a11-r5-clean-a.Qqgwcp/out"  "paper.tex"'
------------
This is pdfTeX, Version 3.141592653-2.6-1.40.29 (TeX Live 2026) (preloaded format=pdflatex)
 restricted \write18 enabled.
entering extended mode
(./paper.tex
LaTeX2e <2025-11-01>
L3 programming layer <2026-01-19>
(/usr/local/texlive/2026/texmf-dist/tex/latex/base/article.cls
Document Class: article 2025/01/22 v1.4n Standard LaTeX document class
(/usr/local/texlive/2026/texmf-dist/tex/latex/base/size10.clo))
(./iclr2027_conference.sty
(/usr/local/texlive/2026/texmf-dist/tex/latex/eso-pic/eso-pic.sty
(/usr/local/texlive/2026/texmf-dist/tex/latex/graphics/keyval.sty)
(/usr/local/texlive/2026/texmf-dist/tex/latex/xcolor/xcolor.sty
(/usr/local/texlive/2026/texmf-dist/tex/latex/graphics-cfg/color.cfg)
(/usr/local/texlive/2026/texmf-dist/tex/latex/graphics-def/pdftex.def)
(/usr/local/texlive/2026/texmf-dist/tex/latex/graphics/mathcolor.ltx)))
(/usr/local/texlive/2026/texmf-dist/tex/latex/fancyhdr/fancyhdr.sty)
(/usr/local/texlive/2026/texmf-dist/tex/latex/natbib/natbib.sty))
(/usr/local/texlive/2026/texmf-dist/tex/latex/psnfss/times.sty)
(/usr/local/texlive/2026/texmf-dist/tex/latex/amsmath/amsmath.sty
For additional information on amsmath, use the `?' option.
(/usr/local/texlive/2026/texmf-dist/tex/latex/amsmath/amstext.sty
(/usr/local/texlive/2026/texmf-dist/tex/latex/amsmath/amsgen.sty))
(/usr/local/texlive/2026/texmf-dist/tex/latex/amsmath/amsbsy.sty)
(/usr/local/texlive/2026/texmf-dist/tex/latex/amsmath/amsopn.sty))
(/usr/local/texlive/2026/texmf-dist/tex/latex/amsfonts/amssymb.sty
(/usr/local/texlive/2026/texmf-dist/tex/latex/amsfonts/amsfonts.sty))
(/usr/local/texlive/2026/texmf-dist/tex/latex/amscls/amsthm.sty)
(/usr/local/texlive/2026/texmf-dist/tex/latex/booktabs/booktabs.sty)
(/usr/local/texlive/2026/texmf-dist/tex/latex/enumitem/enumitem.sty)
(/usr/local/texlive/2026/texmf-dist/tex/latex/graphics/graphicx.sty
(/usr/local/texlive/2026/texmf-dist/tex/latex/graphics/graphics.sty
(/usr/local/texlive/2026/texmf-dist/tex/latex/graphics/trig.sty)
(/usr/local/texlive/2026/texmf-dist/tex/latex/graphics-cfg/graphics.cfg)))
(/usr/local/texlive/2026/texmf-dist/tex/latex/hyperref/hyperref.sty
(/usr/local/texlive/2026/texmf-dist/tex/generic/iftex/iftex.sty)
(/usr/local/texlive/2026/texmf-dist/tex/latex/kvsetkeys/kvsetkeys.sty)
(/usr/local/texlive/2026/texmf-dist/tex/generic/kvdefinekeys/kvdefinekeys.sty)
(/usr/local/texlive/2026/texmf-dist/tex/generic/pdfescape/pdfescape.sty
(/usr/local/texlive/2026/texmf-dist/tex/generic/ltxcmds/ltxcmds.sty)
(/usr/local/texlive/2026/texmf-dist/tex/generic/pdftexcmds/pdftexcmds.sty
(/usr/local/texlive/2026/texmf-dist/tex/generic/infwarerr/infwarerr.sty)))
(/usr/local/texlive/2026/texmf-dist/tex/latex/hycolor/hycolor.sty)
(/usr/local/texlive/2026/texmf-dist/tex/latex/hyperref/nameref.sty
(/usr/local/texlive/2026/texmf-dist/tex/latex/refcount/refcount.sty)
(/usr/local/texlive/2026/texmf-dist/tex/generic/gettitlestring/gettitlestring.s
ty (/usr/local/texlive/2026/texmf-dist/tex/latex/kvoptions/kvoptions.sty)))
(/usr/local/texlive/2026/texmf-dist/tex/latex/etoolbox/etoolbox.sty)
(/usr/local/texlive/2026/texmf-dist/tex/generic/stringenc/stringenc.sty)
(/usr/local/texlive/2026/texmf-dist/tex/latex/hyperref/pd1enc.def)
(/usr/local/texlive/2026/texmf-dist/tex/generic/intcalc/intcalc.sty)
(/usr/local/texlive/2026/texmf-dist/tex/latex/hyperref/puenc.def)
(/usr/local/texlive/2026/texmf-dist/tex/latex/url/url.sty)
(/usr/local/texlive/2026/texmf-dist/tex/generic/bitset/bitset.sty
(/usr/local/texlive/2026/texmf-dist/tex/generic/bigintcalc/bigintcalc.sty)))
(/usr/local/texlive/2026/texmf-dist/tex/latex/hyperref/hpdftex.def
(/usr/local/texlive/2026/texmf-dist/tex/latex/rerunfilecheck/rerunfilecheck.sty

(/usr/local/texlive/2026/texmf-dist/tex/generic/uniquecounter/uniquecounter.sty
))) (/usr/local/texlive/2026/texmf-dist/tex/latex/psnfss/ot1ptm.fd)
(/usr/local/texlive/2026/texmf-dist/tex/latex/l3backend/l3backend-pdftex.def)
(/private/tmp/a11-r5-clean-a.Qqgwcp/out/paper.aux)
(/usr/local/texlive/2026/texmf-dist/tex/context/base/mkii/supp-pdf.mkii
[Loading MPS to PDF converter (version 2006.09.02).]
) (/usr/local/texlive/2026/texmf-dist/tex/latex/epstopdf-pkg/epstopdf-base.sty
(/usr/local/texlive/2026/texmf-dist/tex/latex/latexconfig/epstopdf-sys.cfg))
(/usr/local/texlive/2026/texmf-dist/tex/latex/amsfonts/umsa.fd)
(/usr/local/texlive/2026/texmf-dist/tex/latex/amsfonts/umsb.fd)

LaTeX Warning: Reference `thm:pop' on page 1 undefined on input line 56.


LaTeX Warning: Reference `thm:pop' on page 1 undefined on input line 93.


LaTeX Warning: Reference `thm:pop' on page 1 undefined on input line 93.


Package natbib Warning: Citation `wang2023selfconsistency' on page 1 undefined 
on input line 97.


Package natbib Warning: Citation `aggarwal2023asc' on page 1 undefined on input
 line 99.


Package natbib Warning: Citation `li2024esc' on page 1 undefined on input line 
100.


Package natbib Warning: Citation `chen2026mars' on page 1 undefined on input li
ne 101.


LaTeX Warning: Reference `sec:model' on page 1 undefined on input line 110.


LaTeX Warning: Reference `lem:exact' on page 1 undefined on input line 120.


LaTeX Warning: Reference `thm:tower' on page 1 undefined on input line 123.


LaTeX Warning: Reference `thm:pop' on page 1 undefined on input line 125.

[1{/usr/local/texlive/2026/texmf-var/fonts/map/pdftex/updmap/pdftex.map}{/usr/l
ocal/texlive/2026/texmf-dist/fonts/enc/dvips/base/8r.enc}]

LaTeX Warning: Reference `sec:model' on page 2 undefined on input line 133.


LaTeX Warning: Reference `thm:tower' on page 2 undefined on input line 136.


LaTeX Warning: Reference `thm:pop' on page 2 undefined on input line 138.


LaTeX Warning: Reference `sec:method' on page 2 undefined on input line 139.


Package natbib Warning: Citation `maurer2009eb' on page 2 undefined on input li
ne 143.


LaTeX Warning: Reference `sec:protocol' on page 2 undefined on input line 145.


LaTeX Warning: Reference `sec:experiments' on page 2 undefined on input line 15
2.


LaTeX Warning: Reference `sec:drift' on page 2 undefined on input line 158.


Package natbib Warning: Citation `aggarwal2023asc' on page 2 undefined on input
 line 164.


Package natbib Warning: Citation `li2024esc' on page 2 undefined on input line 
166.


LaTeX Warning: Reference `tab:main' on page 2 undefined on input line 169.


Package natbib Warning: Citation `chen2026mars' on page 2 undefined on input li
ne 169.


Package natbib Warning: Citation `snell2024scaling' on page 2 undefined on inpu
t line 172.


Underfull \vbox (badness 3375) has occurred while \output is active [2 <./fig1_
round4.pdf>]

Package natbib Warning: Citation `vovk2005algorithmic' on page 3 undefined on i
nput line 175.


Package natbib Warning: Citation `howard2021cs' on page 3 undefined on input li
ne 176.


LaTeX Warning: Reference `thm:pop' on page 3 undefined on input line 181.


Package natbib Warning: Citation `RossellMuller2013SequentialStopping' on page 
3 undefined on input line 184.


Package natbib Warning: Citation `Novikov2010OptimalSequential' on page 3 undef
ined on input line 185.


Package natbib Warning: Citation `WaudbySmithRamdas2020Confidence' on page 3 un
defined on input line 189.


Package natbib Warning: Citation `kish1965deff' on page 3 undefined on input li
ne 198.


LaTeX Warning: Reference `sec:model' on page 3 undefined on input line 200.


Package natbib Warning: Citation `skellam1948betabinomial' on page 3 undefined 
on input line 202.


LaTeX Warning: Reference `tab:feature-compare' on page 3 undefined on input lin
e 205.


LaTeX Warning: Reference `sec:drift' on page 3 undefined on input line 223.


LaTeX Warning: Reference `sec:limits' on page 3 undefined on input line 226.

[3]
Underfull \hbox (badness 1484) in paragraph at lines 254--256
 []\OT1/ptm/b/n/10 Exact per-task flip prob-a-bil-ity.[] \OT1/ptm/m/n/10 Given 
count $\OML/cmm/m/it/10 K$\OT1/ptm/m/n/10 , the pre-fix count $\OML/cmm/m/it/10
 x[]$ \OT1/ptm/m/n/10 is hy-per-ge-o-met-ric

LaTeX Warning: Reference `eq:exact' on page 4 undefined on input line 264.


LaTeX Warning: Reference `app:proofs' on page 4 undefined on input line 283.


LaTeX Warning: Reference `app:dp' on page 4 undefined on input line 339.


LaTeX Warning: Reference `thm:pop' on page 4 undefined on input line 340.


LaTeX Warning: Reference `thm:tower' on page 4 undefined on input line 340.

[4]

Package natbib Warning: Citation `maurer2009eb' on page 5 undefined on input li
ne 360.


LaTeX Warning: Reference `sec:protocol' on page 5 undefined on input line 363.


LaTeX Warning: Reference `app:tau' on page 5 undefined on input line 399.


LaTeX Warning: Reference `sec:protocol' on page 5 undefined on input line 409.


LaTeX Warning: Reference `thm:pop' on page 5 undefined on input line 410.


LaTeX Warning: Reference `thm:pop' on page 5 undefined on input line 421.


LaTeX Warning: Reference `eq:exact' on page 5 undefined on input line 440.


LaTeX Warning: Reference `app:dp' on page 5 undefined on input line 441.

[5]

Package natbib Warning: Citation `moshkov2025openmathreasoning' on page 6 undef
ined on input line 456.

(/usr/local/texlive/2026/texmf-dist/tex/latex/psnfss/ot1pcr.fd)

LaTeX Warning: Reference `sec:drift' on page 6 undefined on input line 468.


LaTeX Warning: Reference `tab:main' on page 6 undefined on input line 470.


LaTeX Warning: Reference `tab:matrix' on page 6 undefined on input line 474.


Underfull \vbox (badness 2418) has occurred while \output is active [6]

LaTeX Warning: Reference `sec:model' on page 7 undefined on input line 546.


LaTeX Warning: Reference `app:matrix' on page 7 undefined on input line 596.

[7]

LaTeX Warning: Reference `app:drift' on page 8 undefined on input line 621.


LaTeX Warning: Reference `thm:tower' on page 8 undefined on input line 643.


LaTeX Warning: Reference `thm:pop' on page 8 undefined on input line 646.


LaTeX Warning: Reference `sec:drift' on page 8 undefined on input line 647.


LaTeX Warning: Reference `thm:pop' on page 8 undefined on input line 653.


LaTeX Warning: Reference `prop:tv' on page 8 undefined on input line 655.


LaTeX Warning: Reference `app:tau' on page 8 undefined on input line 660.


LaTeX Warning: Reference `thm:tower' on page 8 undefined on input line 664.


LaTeX Warning: Reference `lem:exact' on page 8 undefined on input line 667.


LaTeX Warning: Reference `app:proofs' on page 8 undefined on input line 668.

[8]

LaTeX Warning: Reference `thm:pop' on page 9 undefined on input line 684.


LaTeX Warning: Reference `sec:model' on page 9 undefined on input line 693.


LaTeX Warning: Reference `sec:protocol' on page 9 undefined on input line 693.


LaTeX Warning: Reference `sec:limits' on page 9 undefined on input line 700.


LaTeX Warning: Reference `fig:overview' on page 9 undefined on input line 706.

No file paper.bbl.
(./appendix_proofs.tex

LaTeX Warning: Reference `lem:exact' on page 9 undefined on input line 5.


Package hyperref Warning: Token not allowed in a PDF string (Unicode):
(hyperref)                removing `math shift' on input line 5.


Package hyperref Warning: Token not allowed in a PDF string (Unicode):
(hyperref)                removing `math shift' on input line 5.

(/usr/local/texlive/2026/texmf-dist/tex/latex/psnfss/ts1ptm.fd) [9]

LaTeX Warning: Reference `eq:rdiff' on page 10 undefined on input line 94.

[10]

LaTeX Warning: Reference `eq:rdiff' on page 11 undefined on input line 130.


LaTeX Warning: Reference `eq:revmain' on page 11 undefined on input line 131.


LaTeX Warning: Reference `eq:rdiff' on page 11 undefined on input line 139.


LaTeX Warning: Reference `thm:tower' on page 11 undefined on input line 152.


LaTeX Warning: Reference `app:dp' on page 11 undefined on input line 183.


LaTeX Warning: Reference `thm:tower' on page 11 undefined on input line 207.

) (./appendix_dp.tex [11])

Package natbib Warning: Citation `aggarwal2023asc' on page 12 undefined on inpu
t line 731.


Package natbib Warning: Citation `li2024esc' on page 12 undefined on input line
 731.


Underfull \hbox (badness 10000) in paragraph at lines 731--731
[]\OT1/ptm/m/n/9 implementation-specific

Package natbib Warning: Citation `chen2026mars' on page 12 undefined on input l
ine 732.


Underfull \hbox (badness 10000) in paragraph at lines 732--733
[]\OT1/ptm/m/n/9 conservative future-

Package natbib Warning: Citation `vovk2005algorithmic' on page 12 undefined on 
input line 733.


Package natbib Warning: Citation `howard2021cs' on page 12 undefined on input l
ine 733.


Underfull \hbox (badness 10000) in paragraph at lines 733--733
[]\OT1/ptm/m/n/9 exchangeable / i.i.d.-

Underfull \hbox (badness 7869) in paragraph at lines 733--734
[]\OT1/ptm/m/n/9 established marginal or

Underfull \hbox (badness 4416) in paragraph at lines 733--734
\OT1/ptm/m/n/9 any-time tools, not this

Package natbib Warning: Citation `WaudbySmithRamdas2020Confidence' on page 12 u
ndefined on input line 734.


Underfull \hbox (badness 10000) in paragraph at lines 734--734
[]\OT1/ptm/m/n/9 Waudby-Smith--

Underfull \hbox (badness 5388) in paragraph at lines 734--734
[]\OT1/ptm/m/n/9 full-$\OML/cmm/m/it/9 N$ \OT1/ptm/m/n/9 ma-jor-ity via a

Underfull \hbox (badness 10000) in paragraph at lines 734--735
[]\OT1/ptm/m/n/9 direct same-endpoint

Underfull \hbox (badness 7832) in paragraph at lines 734--735
\OT1/ptm/m/n/9 here, so no ef-fi-ciency

Underfull \hbox (badness 10000) in paragraph at lines 735--735
[]\OT1/ptm/m/n/9 count-exchangeable ran-

Underfull \hbox (badness 4242) in paragraph at lines 735--736
[]\OT1/ptm/m/n/9 oracle con-di-tional score

Underfull \hbox (badness 10000) in paragraph at lines 735--736
\OT1/ptm/m/n/9 un-der $\OML/cmm/m/it/9 H[]$\OT1/ptm/m/n/9 ; fitted-score

Underfull \hbox (badness 1546) in paragraph at lines 735--736
\OT1/ptm/m/n/9 FIT/CAL screen-ing; de-

Underfull \hbox (badness 10000) in paragraph at lines 735--736
\OT1/ptm/m/n/9 scrip-tive TEST re-play

LaTeX Warning: `h' float specifier changed to `ht'.


LaTeX Warning: Reference `tab:drift_a005' on page 12 undefined on input line 74
5.


LaTeX Warning: Reference `tab:drift_a01' on page 12 undefined on input line 745
.


LaTeX Warning: Reference `sec:drift' on page 12 undefined on input line 746.

(./drift_tables.tex
Underfull \hbox (badness 10000) in paragraph at lines 745--30
\OT1/ptm/m/n/10 Tables [] and [] re-port the com-plete drift stress grid be-hin
d Sec-tion []
[12]

LaTeX Warning: `h' float specifier changed to `ht'.

)

LaTeX Warning: Reference `prop:tv' on page 13 undefined on input line 768.


LaTeX Warning: Reference `prop:tv' on page 13 undefined on input line 768.


LaTeX Warning: `h' float specifier changed to `ht'.


LaTeX Warning: Reference `fig:tau' on page 13 undefined on input line 771.


LaTeX Warning: Reference `thm:tower' on page 13 undefined on input line 793.

[13] [14 <./fig_tau_conservation.png>]

LaTeX Warning: Reference `tab:matrix' on page 15 undefined on input line 804.


LaTeX Warning: Reference `tab:main' on page 15 undefined on input line 867.

[15]

Package natbib Warning: There were undefined citations.

[16] (/private/tmp/a11-r5-clean-a.Qqgwcp/out/paper.aux)

LaTeX Warning: There were undefined references.


LaTeX Warning: Label(s) may have changed. Rerun to get cross-references right.


Package rerunfilecheck Warning: File `paper.out' has changed.
(rerunfilecheck)                Rerun to get outlines right
(rerunfilecheck)                or use package `bookmark'.

 )
(see the transcript file for additional information)</usr/local/texlive/2026/te
xmf-dist/fonts/type1/public/amsfonts/cm/cmbx10.pfb></usr/local/texlive/2026/tex
mf-dist/fonts/type1/public/amsfonts/cm/cmex10.pfb></usr/local/texlive/2026/texm
f-dist/fonts/type1/public/amsfonts/cmextra/cmex7.pfb></usr/local/texlive/2026/t
exmf-dist/fonts/type1/public/amsfonts/cm/cmmi10.pfb></usr/local/texlive/2026/te
xmf-dist/fonts/type1/public/amsfonts/cm/cmmi5.pfb></usr/local/texlive/2026/texm
f-dist/fonts/type1/public/amsfonts/cm/cmmi6.pfb></usr/local/texlive/2026/texmf-
dist/fonts/type1/public/amsfonts/cm/cmmi7.pfb></usr/local/texlive/2026/texmf-di
st/fonts/type1/public/amsfonts/cm/cmmi9.pfb></usr/local/texlive/2026/texmf-dist
/fonts/type1/public/amsfonts/cm/cmr10.pfb></usr/local/texlive/2026/texmf-dist/f
onts/type1/public/amsfonts/cm/cmr5.pfb></usr/local/texlive/2026/texmf-dist/font
s/type1/public/amsfonts/cm/cmr7.pfb></usr/local/texlive/2026/texmf-dist/fonts/t
ype1/public/amsfonts/cm/cmr9.pfb></usr/local/texlive/2026/texmf-dist/fonts/type
1/public/amsfonts/cm/cmss10.pfb></usr/local/texlive/2026/texmf-dist/fonts/type1
/public/amsfonts/cm/cmsy10.pfb></usr/local/texlive/2026/texmf-dist/fonts/type1/
public/amsfonts/cm/cmsy6.pfb></usr/local/texlive/2026/texmf-dist/fonts/type1/pu
blic/amsfonts/cm/cmsy7.pfb></usr/local/texlive/2026/texmf-dist/fonts/type1/publ
ic/amsfonts/cm/cmsy9.pfb></usr/local/texlive/2026/texmf-dist/fonts/type1/public
/amsfonts/symbols/msbm10.pfb></usr/local/texlive/2026/texmf-dist/fonts/type1/ur
w/courier/ucrr8a.pfb></usr/local/texlive/2026/texmf-dist/fonts/type1/urw/helvet
ic/uhvb8a.pfb></usr/local/texlive/2026/texmf-dist/fonts/type1/urw/times/utmb8a.
pfb></usr/local/texlive/2026/texmf-dist/fonts/type1/urw/times/utmr8a.pfb></usr/
local/texlive/2026/texmf-dist/fonts/type1/urw/times/utmri8a.pfb>
Output written on /private/tmp/a11-r5-clean-a.Qqgwcp/out/paper.pdf (16 pages, 5
70867 bytes).
Transcript written on /private/tmp/a11-r5-clean-a.Qqgwcp/out/paper.log.
Latexmk: Getting log file '/private/tmp/a11-r5-clean-a.Qqgwcp/out/paper.log'
Latexmk: Examining '/private/tmp/a11-r5-clean-a.Qqgwcp/out/paper.fls'
Latexmk: Examining '/private/tmp/a11-r5-clean-a.Qqgwcp/out/paper.log'
Latexmk: Missing bbl file '/private/tmp/a11-r5-clean-a.Qqgwcp/out/paper.bbl' in following:
 No file paper.bbl.
Latexmk: References changed.
Latexmk: References changed.
Latexmk: Log file says output to '/private/tmp/a11-r5-clean-a.Qqgwcp/out/paper.pdf'
Latexmk: Log file says output to '/private/tmp/a11-r5-clean-a.Qqgwcp/out/paper.pdf'
Latexmk: Using bibtex to make bibliography file(s).
  ===Source file '/private/tmp/a11-r5-clean-a.Qqgwcp/out/paper.bbl' for 'pdflatex'
Create bibtex /private/tmp/a11-r5-clean-a.Qqgwcp/out/paper
Latexmk: Found bibliography file(s):
  ./references.bib
Latexmk: applying rule 'bibtex /private/tmp/a11-r5-clean-a.Qqgwcp/out/paper'...
Rule 'bibtex /private/tmp/a11-r5-clean-a.Qqgwcp/out/paper':  Reasons for rerun
Category 'other':
  Rerun of 'bibtex /private/tmp/a11-r5-clean-a.Qqgwcp/out/paper' forced or previously required:
    Reason or flag: 'Initial set up of rule'

------------
Run number 1 of rule 'bibtex /private/tmp/a11-r5-clean-a.Qqgwcp/out/paper'
------------
Latexmk: Change directory to '/private/tmp/a11-r5-clean-a.Qqgwcp/out/'.
To assist finding of files in document directory, I set
  BIBINPUTS='/private/tmp/a11-r5-clean-a.Qqgwcp/source:/private/tmp/a11-r5-clean-a.Qqgwcp/out:'
  BSTINPUTS='/private/tmp/a11-r5-clean-a.Qqgwcp/source:'.
------------
Running 'bibtex  "paper.aux"'
------------
This is BibTeX, Version 0.99e (TeX Live 2026)
The top-level auxiliary file: paper.aux
The style file: iclr2027_conference.bst
Database file #1: references.bib
Latexmk: Change directory back to '/tmp/a11-r5-clean-a.Qqgwcp/source'
Latexmk: applying rule 'pdflatex'...
Rule 'pdflatex':  Reasons for rerun
Changed files or newly in use/created:
  /private/tmp/a11-r5-clean-a.Qqgwcp/out/paper.aux
  /private/tmp/a11-r5-clean-a.Qqgwcp/out/paper.bbl
  /private/tmp/a11-r5-clean-a.Qqgwcp/out/paper.out

------------
Run number 2 of rule 'pdflatex'
------------
------------
Running 'pdflatex  -interaction=nonstopmode -halt-on-error -file-line-error -recorder -output-directory="/private/tmp/a11-r5-clean-a.Qqgwcp/out"  "paper.tex"'
------------
This is pdfTeX, Version 3.141592653-2.6-1.40.29 (TeX Live 2026) (preloaded format=pdflatex)
 restricted \write18 enabled.
entering extended mode
(./paper.tex
LaTeX2e <2025-11-01>
L3 programming layer <2026-01-19>
(/usr/local/texlive/2026/texmf-dist/tex/latex/base/article.cls
Document Class: article 2025/01/22 v1.4n Standard LaTeX document class
(/usr/local/texlive/2026/texmf-dist/tex/latex/base/size10.clo))
(./iclr2027_conference.sty
(/usr/local/texlive/2026/texmf-dist/tex/latex/eso-pic/eso-pic.sty
(/usr/local/texlive/2026/texmf-dist/tex/latex/graphics/keyval.sty)
(/usr/local/texlive/2026/texmf-dist/tex/latex/xcolor/xcolor.sty
(/usr/local/texlive/2026/texmf-dist/tex/latex/graphics-cfg/color.cfg)
(/usr/local/texlive/2026/texmf-dist/tex/latex/graphics-def/pdftex.def)
(/usr/local/texlive/2026/texmf-dist/tex/latex/graphics/mathcolor.ltx)))
(/usr/local/texlive/2026/texmf-dist/tex/latex/fancyhdr/fancyhdr.sty)
(/usr/local/texlive/2026/texmf-dist/tex/latex/natbib/natbib.sty))
(/usr/local/texlive/2026/texmf-dist/tex/latex/psnfss/times.sty)
(/usr/local/texlive/2026/texmf-dist/tex/latex/amsmath/amsmath.sty
For additional information on amsmath, use the `?' option.
(/usr/local/texlive/2026/texmf-dist/tex/latex/amsmath/amstext.sty
(/usr/local/texlive/2026/texmf-dist/tex/latex/amsmath/amsgen.sty))
(/usr/local/texlive/2026/texmf-dist/tex/latex/amsmath/amsbsy.sty)
(/usr/local/texlive/2026/texmf-dist/tex/latex/amsmath/amsopn.sty))
(/usr/local/texlive/2026/texmf-dist/tex/latex/amsfonts/amssymb.sty
(/usr/local/texlive/2026/texmf-dist/tex/latex/amsfonts/amsfonts.sty))
(/usr/local/texlive/2026/texmf-dist/tex/latex/amscls/amsthm.sty)
(/usr/local/texlive/2026/texmf-dist/tex/latex/booktabs/booktabs.sty)
(/usr/local/texlive/2026/texmf-dist/tex/latex/enumitem/enumitem.sty)
(/usr/local/texlive/2026/texmf-dist/tex/latex/graphics/graphicx.sty
(/usr/local/texlive/2026/texmf-dist/tex/latex/graphics/graphics.sty
(/usr/local/texlive/2026/texmf-dist/tex/latex/graphics/trig.sty)
(/usr/local/texlive/2026/texmf-dist/tex/latex/graphics-cfg/graphics.cfg)))
(/usr/local/texlive/2026/texmf-dist/tex/latex/hyperref/hyperref.sty
(/usr/local/texlive/2026/texmf-dist/tex/generic/iftex/iftex.sty)
(/usr/local/texlive/2026/texmf-dist/tex/latex/kvsetkeys/kvsetkeys.sty)
(/usr/local/texlive/2026/texmf-dist/tex/generic/kvdefinekeys/kvdefinekeys.sty)
(/usr/local/texlive/2026/texmf-dist/tex/generic/pdfescape/pdfescape.sty
(/usr/local/texlive/2026/texmf-dist/tex/generic/ltxcmds/ltxcmds.sty)
(/usr/local/texlive/2026/texmf-dist/tex/generic/pdftexcmds/pdftexcmds.sty
(/usr/local/texlive/2026/texmf-dist/tex/generic/infwarerr/infwarerr.sty)))
(/usr/local/texlive/2026/texmf-dist/tex/latex/hycolor/hycolor.sty)
(/usr/local/texlive/2026/texmf-dist/tex/latex/hyperref/nameref.sty
(/usr/local/texlive/2026/texmf-dist/tex/latex/refcount/refcount.sty)
(/usr/local/texlive/2026/texmf-dist/tex/generic/gettitlestring/gettitlestring.s
ty (/usr/local/texlive/2026/texmf-dist/tex/latex/kvoptions/kvoptions.sty)))
(/usr/local/texlive/2026/texmf-dist/tex/latex/etoolbox/etoolbox.sty)
(/usr/local/texlive/2026/texmf-dist/tex/generic/stringenc/stringenc.sty)
(/usr/local/texlive/2026/texmf-dist/tex/latex/hyperref/pd1enc.def)
(/usr/local/texlive/2026/texmf-dist/tex/generic/intcalc/intcalc.sty)
(/usr/local/texlive/2026/texmf-dist/tex/latex/hyperref/puenc.def)
(/usr/local/texlive/2026/texmf-dist/tex/latex/url/url.sty)
(/usr/local/texlive/2026/texmf-dist/tex/generic/bitset/bitset.sty
(/usr/local/texlive/2026/texmf-dist/tex/generic/bigintcalc/bigintcalc.sty)))
(/usr/local/texlive/2026/texmf-dist/tex/latex/hyperref/hpdftex.def
(/usr/local/texlive/2026/texmf-dist/tex/latex/rerunfilecheck/rerunfilecheck.sty

(/usr/local/texlive/2026/texmf-dist/tex/generic/uniquecounter/uniquecounter.sty
))) (/usr/local/texlive/2026/texmf-dist/tex/latex/psnfss/ot1ptm.fd)
(/usr/local/texlive/2026/texmf-dist/tex/latex/l3backend/l3backend-pdftex.def)
(/private/tmp/a11-r5-clean-a.Qqgwcp/out/paper.aux)
(/usr/local/texlive/2026/texmf-dist/tex/context/base/mkii/supp-pdf.mkii
[Loading MPS to PDF converter (version 2006.09.02).]
) (/usr/local/texlive/2026/texmf-dist/tex/latex/epstopdf-pkg/epstopdf-base.sty
(/usr/local/texlive/2026/texmf-dist/tex/latex/latexconfig/epstopdf-sys.cfg))
(/private/tmp/a11-r5-clean-a.Qqgwcp/out/paper.out)
(/private/tmp/a11-r5-clean-a.Qqgwcp/out/paper.out)
(/usr/local/texlive/2026/texmf-dist/tex/latex/amsfonts/umsa.fd)
(/usr/local/texlive/2026/texmf-dist/tex/latex/amsfonts/umsb.fd)

Package natbib Warning: Citation `wang2023selfconsistency' on page 1 undefined 
on input line 97.


Package natbib Warning: Citation `aggarwal2023asc' on page 1 undefined on input
 line 99.


Package natbib Warning: Citation `li2024esc' on page 1 undefined on input line 
100.


Package natbib Warning: Citation `chen2026mars' on page 1 undefined on input li
ne 101.

[1{/usr/local/texlive/2026/texmf-var/fonts/map/pdftex/updmap/pdftex.map}{/usr/l
ocal/texlive/2026/texmf-dist/fonts/enc/dvips/base/8r.enc}]

Package natbib Warning: Citation `maurer2009eb' on page 2 undefined on input li
ne 143.


Package natbib Warning: Citation `aggarwal2023asc' on page 2 undefined on input
 line 164.


Package natbib Warning: Citation `li2024esc' on page 2 undefined on input line 
166.


Package natbib Warning: Citation `chen2026mars' on page 2 undefined on input li
ne 169.


Package natbib Warning: Citation `snell2024scaling' on page 2 undefined on inpu
t line 172.


Underfull \vbox (badness 3417) has occurred while \output is active [2 <./fig1_
round4.pdf>]

Package natbib Warning: Citation `vovk2005algorithmic' on page 3 undefined on i
nput line 175.


Package natbib Warning: Citation `howard2021cs' on page 3 undefined on input li
ne 176.


Package natbib Warning: Citation `RossellMuller2013SequentialStopping' on page 
3 undefined on input line 184.


Package natbib Warning: Citation `Novikov2010OptimalSequential' on page 3 undef
ined on input line 185.


Package natbib Warning: Citation `WaudbySmithRamdas2020Confidence' on page 3 un
defined on input line 189.


Package natbib Warning: Citation `kish1965deff' on page 3 undefined on input li
ne 198.


Package natbib Warning: Citation `skellam1948betabinomial' on page 3 undefined 
on input line 202.

[3]
Underfull \hbox (badness 1484) in paragraph at lines 254--256
 []\OT1/ptm/b/n/10 Exact per-task flip prob-a-bil-ity.[] \OT1/ptm/m/n/10 Given 
count $\OML/cmm/m/it/10 K$\OT1/ptm/m/n/10 , the pre-fix count $\OML/cmm/m/it/10
 x[]$ \OT1/ptm/m/n/10 is hy-per-ge-o-met-ric
[4]

Package natbib Warning: Citation `maurer2009eb' on page 5 undefined on input li
ne 360.

[5]

Package natbib Warning: Citation `moshkov2025openmathreasoning' on page 6 undef
ined on input line 456.

(/usr/local/texlive/2026/texmf-dist/tex/latex/psnfss/ot1pcr.fd)
Underfull \vbox (badness 2418) has occurred while \output is active [6]
[7] [8] (/private/tmp/a11-r5-clean-a.Qqgwcp/out/paper.bbl [9])
(./appendix_proofs.tex

Package hyperref Warning: Token not allowed in a PDF string (Unicode):
(hyperref)                removing `math shift' on input line 5.


Package hyperref Warning: Token not allowed in a PDF string (Unicode):
(hyperref)                removing `math shift' on input line 5.

(/usr/local/texlive/2026/texmf-dist/tex/latex/psnfss/ts1ptm.fd) [10] [11])
(./appendix_dp.tex [12])

Package natbib Warning: Citation `aggarwal2023asc' on page 13 undefined on inpu
t line 731.


Package natbib Warning: Citation `li2024esc' on page 13 undefined on input line
 731.


Underfull \hbox (badness 10000) in paragraph at lines 731--731
[]\OT1/ptm/m/n/9 implementation-specific

Package natbib Warning: Citation `chen2026mars' on page 13 undefined on input l
ine 732.


Underfull \hbox (badness 10000) in paragraph at lines 732--733
[]\OT1/ptm/m/n/9 conservative future-

Package natbib Warning: Citation `vovk2005algorithmic' on page 13 undefined on 
input line 733.


Package natbib Warning: Citation `howard2021cs' on page 13 undefined on input l
ine 733.


Underfull \hbox (badness 10000) in paragraph at lines 733--733
[]\OT1/ptm/m/n/9 exchangeable / i.i.d.-

Underfull \hbox (badness 7869) in paragraph at lines 733--734
[]\OT1/ptm/m/n/9 established marginal or

Underfull \hbox (badness 4416) in paragraph at lines 733--734
\OT1/ptm/m/n/9 any-time tools, not this

Package natbib Warning: Citation `WaudbySmithRamdas2020Confidence' on page 13 u
ndefined on input line 734.


Underfull \hbox (badness 10000) in paragraph at lines 734--734
[]\OT1/ptm/m/n/9 Waudby-Smith--

Underfull \hbox (badness 5388) in paragraph at lines 734--734
[]\OT1/ptm/m/n/9 full-$\OML/cmm/m/it/9 N$ \OT1/ptm/m/n/9 ma-jor-ity via a

Underfull \hbox (badness 10000) in paragraph at lines 734--735
[]\OT1/ptm/m/n/9 direct same-endpoint

Underfull \hbox (badness 7832) in paragraph at lines 734--735
\OT1/ptm/m/n/9 here, so no ef-fi-ciency

Underfull \hbox (badness 10000) in paragraph at lines 735--735
[]\OT1/ptm/m/n/9 count-exchangeable ran-

Underfull \hbox (badness 4242) in paragraph at lines 735--736
[]\OT1/ptm/m/n/9 oracle con-di-tional score

Underfull \hbox (badness 10000) in paragraph at lines 735--736
\OT1/ptm/m/n/9 un-der $\OML/cmm/m/it/9 H[]$\OT1/ptm/m/n/9 ; fitted-score

Underfull \hbox (badness 1546) in paragraph at lines 735--736
\OT1/ptm/m/n/9 FIT/CAL screen-ing; de-

Underfull \hbox (badness 10000) in paragraph at lines 735--736
\OT1/ptm/m/n/9 scrip-tive TEST re-play

LaTeX Warning: `h' float specifier changed to `ht'.

(./drift_tables.tex
Underfull \hbox (badness 10000) in paragraph at lines 745--30
\OT1/ptm/m/n/10 Tables []3[] and []4[] re-port the com-plete drift stress grid 
be-hind Sec-tion []7[]

LaTeX Warning: `h' float specifier changed to `ht'.


LaTeX Warning: `h' float specifier changed to `ht'.

)

LaTeX Warning: `h' float specifier changed to `ht'.

[13] [14]
Underfull \vbox (badness 10000) has occurred while \output is active [15 <./fig
_tau_conservation.png>]

Package natbib Warning: There were undefined citations.

[16] (/private/tmp/a11-r5-clean-a.Qqgwcp/out/paper.aux

Package natbib Warning: Citation(s) may have changed.
(natbib)                Rerun to get citations correct.

)

LaTeX Warning: Label(s) may have changed. Rerun to get cross-references right.


Package rerunfilecheck Warning: File `paper.out' has changed.
(rerunfilecheck)                Rerun to get outlines right
(rerunfilecheck)                or use package `bookmark'.

 )
(see the transcript file for additional information)</usr/local/texlive/2026/te
xmf-dist/fonts/type1/public/amsfonts/cm/cmbx10.pfb></usr/local/texlive/2026/tex
mf-dist/fonts/type1/public/amsfonts/cm/cmex10.pfb></usr/local/texlive/2026/texm
f-dist/fonts/type1/public/amsfonts/cmextra/cmex7.pfb></usr/local/texlive/2026/t
exmf-dist/fonts/type1/public/amsfonts/cm/cmmi10.pfb></usr/local/texlive/2026/te
xmf-dist/fonts/type1/public/amsfonts/cm/cmmi5.pfb></usr/local/texlive/2026/texm
f-dist/fonts/type1/public/amsfonts/cm/cmmi6.pfb></usr/local/texlive/2026/texmf-
dist/fonts/type1/public/amsfonts/cm/cmmi7.pfb></usr/local/texlive/2026/texmf-di
st/fonts/type1/public/amsfonts/cm/cmmi9.pfb></usr/local/texlive/2026/texmf-dist
/fonts/type1/public/amsfonts/cm/cmr10.pfb></usr/local/texlive/2026/texmf-dist/f
onts/type1/public/amsfonts/cm/cmr5.pfb></usr/local/texlive/2026/texmf-dist/font
s/type1/public/amsfonts/cm/cmr7.pfb></usr/local/texlive/2026/texmf-dist/fonts/t
ype1/public/amsfonts/cm/cmr9.pfb></usr/local/texlive/2026/texmf-dist/fonts/type
1/public/amsfonts/cm/cmss10.pfb></usr/local/texlive/2026/texmf-dist/fonts/type1
/public/amsfonts/cm/cmsy10.pfb></usr/local/texlive/2026/texmf-dist/fonts/type1/
public/amsfonts/cm/cmsy6.pfb></usr/local/texlive/2026/texmf-dist/fonts/type1/pu
blic/amsfonts/cm/cmsy7.pfb></usr/local/texlive/2026/texmf-dist/fonts/type1/publ
ic/amsfonts/cm/cmsy9.pfb></usr/local/texlive/2026/texmf-dist/fonts/type1/public
/amsfonts/symbols/msbm10.pfb></usr/local/texlive/2026/texmf-dist/fonts/type1/ur
w/courier/ucrr8a.pfb></usr/local/texlive/2026/texmf-dist/fonts/type1/urw/helvet
ic/uhvb8a.pfb></usr/local/texlive/2026/texmf-dist/fonts/type1/urw/times/utmb8a.
pfb></usr/local/texlive/2026/texmf-dist/fonts/type1/urw/times/utmr8a.pfb></usr/
local/texlive/2026/texmf-dist/fonts/type1/urw/times/utmri8a.pfb>
Output written on /private/tmp/a11-r5-clean-a.Qqgwcp/out/paper.pdf (16 pages, 5
79385 bytes).
Transcript written on /private/tmp/a11-r5-clean-a.Qqgwcp/out/paper.log.
Latexmk: Getting log file '/private/tmp/a11-r5-clean-a.Qqgwcp/out/paper.log'
Latexmk: Examining '/private/tmp/a11-r5-clean-a.Qqgwcp/out/paper.fls'
Latexmk: Examining '/private/tmp/a11-r5-clean-a.Qqgwcp/out/paper.log'
Latexmk: Found input bbl file '/private/tmp/a11-r5-clean-a.Qqgwcp/out/paper.bbl'
Latexmk: References changed.
Latexmk: References changed.
Latexmk: References changed.
Latexmk: Log file says output to '/private/tmp/a11-r5-clean-a.Qqgwcp/out/paper.pdf'
Latexmk: Log file says output to '/private/tmp/a11-r5-clean-a.Qqgwcp/out/paper.pdf'
Latexmk: Using bibtex to make bibliography file(s).
  ===Source file '/private/tmp/a11-r5-clean-a.Qqgwcp/out/paper.bbl' for 'pdflatex'
Latexmk: Found bibliography file(s):
  ./references.bib
Latexmk: applying rule 'bibtex /private/tmp/a11-r5-clean-a.Qqgwcp/out/paper'...
Rule 'bibtex /private/tmp/a11-r5-clean-a.Qqgwcp/out/paper':  Reasons for rerun
Changed files or newly in use/created:
  /private/tmp/a11-r5-clean-a.Qqgwcp/out/paper.aux

------------
Run number 2 of rule 'bibtex /private/tmp/a11-r5-clean-a.Qqgwcp/out/paper'
------------
Latexmk: Change directory to '/private/tmp/a11-r5-clean-a.Qqgwcp/out/'.
To assist finding of files in document directory, I set
  BIBINPUTS='/private/tmp/a11-r5-clean-a.Qqgwcp/source:/private/tmp/a11-r5-clean-a.Qqgwcp/out:'
  BSTINPUTS='/private/tmp/a11-r5-clean-a.Qqgwcp/source:'.
------------
Running 'bibtex  "paper.aux"'
------------
This is BibTeX, Version 0.99e (TeX Live 2026)
The top-level auxiliary file: paper.aux
The style file: iclr2027_conference.bst
Database file #1: references.bib
Latexmk: Change directory back to '/tmp/a11-r5-clean-a.Qqgwcp/source'
Latexmk: applying rule 'pdflatex'...
Rule 'pdflatex':  Reasons for rerun
Changed files or newly in use/created:
  /private/tmp/a11-r5-clean-a.Qqgwcp/out/paper.aux
  /private/tmp/a11-r5-clean-a.Qqgwcp/out/paper.out

------------
Run number 3 of rule 'pdflatex'
------------
------------
Running 'pdflatex  -interaction=nonstopmode -halt-on-error -file-line-error -recorder -output-directory="/private/tmp/a11-r5-clean-a.Qqgwcp/out"  "paper.tex"'
------------
This is pdfTeX, Version 3.141592653-2.6-1.40.29 (TeX Live 2026) (preloaded format=pdflatex)
 restricted \write18 enabled.
entering extended mode
(./paper.tex
LaTeX2e <2025-11-01>
L3 programming layer <2026-01-19>
(/usr/local/texlive/2026/texmf-dist/tex/latex/base/article.cls
Document Class: article 2025/01/22 v1.4n Standard LaTeX document class
(/usr/local/texlive/2026/texmf-dist/tex/latex/base/size10.clo))
(./iclr2027_conference.sty
(/usr/local/texlive/2026/texmf-dist/tex/latex/eso-pic/eso-pic.sty
(/usr/local/texlive/2026/texmf-dist/tex/latex/graphics/keyval.sty)
(/usr/local/texlive/2026/texmf-dist/tex/latex/xcolor/xcolor.sty
(/usr/local/texlive/2026/texmf-dist/tex/latex/graphics-cfg/color.cfg)
(/usr/local/texlive/2026/texmf-dist/tex/latex/graphics-def/pdftex.def)
(/usr/local/texlive/2026/texmf-dist/tex/latex/graphics/mathcolor.ltx)))
(/usr/local/texlive/2026/texmf-dist/tex/latex/fancyhdr/fancyhdr.sty)
(/usr/local/texlive/2026/texmf-dist/tex/latex/natbib/natbib.sty))
(/usr/local/texlive/2026/texmf-dist/tex/latex/psnfss/times.sty)
(/usr/local/texlive/2026/texmf-dist/tex/latex/amsmath/amsmath.sty
For additional information on amsmath, use the `?' option.
(/usr/local/texlive/2026/texmf-dist/tex/latex/amsmath/amstext.sty
(/usr/local/texlive/2026/texmf-dist/tex/latex/amsmath/amsgen.sty))
(/usr/local/texlive/2026/texmf-dist/tex/latex/amsmath/amsbsy.sty)
(/usr/local/texlive/2026/texmf-dist/tex/latex/amsmath/amsopn.sty))
(/usr/local/texlive/2026/texmf-dist/tex/latex/amsfonts/amssymb.sty
(/usr/local/texlive/2026/texmf-dist/tex/latex/amsfonts/amsfonts.sty))
(/usr/local/texlive/2026/texmf-dist/tex/latex/amscls/amsthm.sty)
(/usr/local/texlive/2026/texmf-dist/tex/latex/booktabs/booktabs.sty)
(/usr/local/texlive/2026/texmf-dist/tex/latex/enumitem/enumitem.sty)
(/usr/local/texlive/2026/texmf-dist/tex/latex/graphics/graphicx.sty
(/usr/local/texlive/2026/texmf-dist/tex/latex/graphics/graphics.sty
(/usr/local/texlive/2026/texmf-dist/tex/latex/graphics/trig.sty)
(/usr/local/texlive/2026/texmf-dist/tex/latex/graphics-cfg/graphics.cfg)))
(/usr/local/texlive/2026/texmf-dist/tex/latex/hyperref/hyperref.sty
(/usr/local/texlive/2026/texmf-dist/tex/generic/iftex/iftex.sty)
(/usr/local/texlive/2026/texmf-dist/tex/latex/kvsetkeys/kvsetkeys.sty)
(/usr/local/texlive/2026/texmf-dist/tex/generic/kvdefinekeys/kvdefinekeys.sty)
(/usr/local/texlive/2026/texmf-dist/tex/generic/pdfescape/pdfescape.sty
(/usr/local/texlive/2026/texmf-dist/tex/generic/ltxcmds/ltxcmds.sty)
(/usr/local/texlive/2026/texmf-dist/tex/generic/pdftexcmds/pdftexcmds.sty
(/usr/local/texlive/2026/texmf-dist/tex/generic/infwarerr/infwarerr.sty)))
(/usr/local/texlive/2026/texmf-dist/tex/latex/hycolor/hycolor.sty)
(/usr/local/texlive/2026/texmf-dist/tex/latex/hyperref/nameref.sty
(/usr/local/texlive/2026/texmf-dist/tex/latex/refcount/refcount.sty)
(/usr/local/texlive/2026/texmf-dist/tex/generic/gettitlestring/gettitlestring.s
ty (/usr/local/texlive/2026/texmf-dist/tex/latex/kvoptions/kvoptions.sty)))
(/usr/local/texlive/2026/texmf-dist/tex/latex/etoolbox/etoolbox.sty)
(/usr/local/texlive/2026/texmf-dist/tex/generic/stringenc/stringenc.sty)
(/usr/local/texlive/2026/texmf-dist/tex/latex/hyperref/pd1enc.def)
(/usr/local/texlive/2026/texmf-dist/tex/generic/intcalc/intcalc.sty)
(/usr/local/texlive/2026/texmf-dist/tex/latex/hyperref/puenc.def)
(/usr/local/texlive/2026/texmf-dist/tex/latex/url/url.sty)
(/usr/local/texlive/2026/texmf-dist/tex/generic/bitset/bitset.sty
(/usr/local/texlive/2026/texmf-dist/tex/generic/bigintcalc/bigintcalc.sty)))
(/usr/local/texlive/2026/texmf-dist/tex/latex/hyperref/hpdftex.def
(/usr/local/texlive/2026/texmf-dist/tex/latex/rerunfilecheck/rerunfilecheck.sty

(/usr/local/texlive/2026/texmf-dist/tex/generic/uniquecounter/uniquecounter.sty
))) (/usr/local/texlive/2026/texmf-dist/tex/latex/psnfss/ot1ptm.fd)
(/usr/local/texlive/2026/texmf-dist/tex/latex/l3backend/l3backend-pdftex.def)
(/private/tmp/a11-r5-clean-a.Qqgwcp/out/paper.aux)
(/usr/local/texlive/2026/texmf-dist/tex/context/base/mkii/supp-pdf.mkii
[Loading MPS to PDF converter (version 2006.09.02).]
) (/usr/local/texlive/2026/texmf-dist/tex/latex/epstopdf-pkg/epstopdf-base.sty
(/usr/local/texlive/2026/texmf-dist/tex/latex/latexconfig/epstopdf-sys.cfg))
(/private/tmp/a11-r5-clean-a.Qqgwcp/out/paper.out)
(/private/tmp/a11-r5-clean-a.Qqgwcp/out/paper.out)
(/usr/local/texlive/2026/texmf-dist/tex/latex/amsfonts/umsa.fd)
(/usr/local/texlive/2026/texmf-dist/tex/latex/amsfonts/umsb.fd) [1{/usr/local/t
exlive/2026/texmf-var/fonts/map/pdftex/updmap/pdftex.map}{/usr/local/texlive/20
26/texmf-dist/fonts/enc/dvips/base/8r.enc}] [2 <./fig1_round4.pdf>] [3]
Underfull \hbox (badness 1484) in paragraph at lines 254--256
 []\OT1/ptm/b/n/10 Exact per-task flip prob-a-bil-ity.[] \OT1/ptm/m/n/10 Given 
count $\OML/cmm/m/it/10 K$\OT1/ptm/m/n/10 , the pre-fix count $\OML/cmm/m/it/10
 x[]$ \OT1/ptm/m/n/10 is hy-per-ge-o-met-ric
[4] [5] (/usr/local/texlive/2026/texmf-dist/tex/latex/psnfss/ot1pcr.fd)
Underfull \vbox (badness 2418) has occurred while \output is active [6]
[7] [8] (/private/tmp/a11-r5-clean-a.Qqgwcp/out/paper.bbl [9])
(./appendix_proofs.tex

Package hyperref Warning: Token not allowed in a PDF string (Unicode):
(hyperref)                removing `math shift' on input line 5.


Package hyperref Warning: Token not allowed in a PDF string (Unicode):
(hyperref)                removing `math shift' on input line 5.

(/usr/local/texlive/2026/texmf-dist/tex/latex/psnfss/ts1ptm.fd) [10] [11])
(./appendix_dp.tex [12])
Underfull \hbox (badness 10000) in paragraph at lines 731--731
[]\OT1/ptm/m/n/9 ASC ([]Ag-gar-wal

Underfull \hbox (badness 10000) in paragraph at lines 731--731
[]\OT1/ptm/m/n/9 implementation-specific

Underfull \hbox (badness 10000) in paragraph at lines 732--732
[]\OT1/ptm/m/n/9 MARS ([]Chen

Underfull \hbox (badness 10000) in paragraph at lines 732--733
[]\OT1/ptm/m/n/9 conservative future-

Underfull \hbox (badness 4013) in paragraph at lines 733--733
[]\OT1/ptm/m/n/9 Conformal ([]Vovk

Underfull \hbox (badness 10000) in paragraph at lines 733--733
\OT1/ptm/m/n/9 ([]Howard et al.[],

Underfull \hbox (badness 10000) in paragraph at lines 733--733
[]\OT1/ptm/m/n/9 exchangeable / i.i.d.-

Underfull \hbox (badness 7869) in paragraph at lines 733--734
[]\OT1/ptm/m/n/9 established marginal or

Underfull \hbox (badness 4416) in paragraph at lines 733--734
\OT1/ptm/m/n/9 any-time tools, not this

Underfull \hbox (badness 10000) in paragraph at lines 734--734
[]\OT1/ptm/m/n/9 Waudby-Smith--

Underfull \hbox (badness 5388) in paragraph at lines 734--734
[]\OT1/ptm/m/n/9 full-$\OML/cmm/m/it/9 N$ \OT1/ptm/m/n/9 ma-jor-ity via a

Underfull \hbox (badness 10000) in paragraph at lines 734--735
[]\OT1/ptm/m/n/9 direct same-endpoint

Underfull \hbox (badness 7832) in paragraph at lines 734--735
\OT1/ptm/m/n/9 here, so no ef-fi-ciency

Underfull \hbox (badness 10000) in paragraph at lines 735--735
[]\OT1/ptm/m/n/9 count-exchangeable ran-

Underfull \hbox (badness 4242) in paragraph at lines 735--736
[]\OT1/ptm/m/n/9 oracle con-di-tional score

Underfull \hbox (badness 10000) in paragraph at lines 735--736
\OT1/ptm/m/n/9 un-der $\OML/cmm/m/it/9 H[]$\OT1/ptm/m/n/9 ; fitted-score

Underfull \hbox (badness 1546) in paragraph at lines 735--736
\OT1/ptm/m/n/9 FIT/CAL screen-ing; de-

Underfull \hbox (badness 10000) in paragraph at lines 735--736
\OT1/ptm/m/n/9 scrip-tive TEST re-play

LaTeX Warning: `h' float specifier changed to `ht'.

(./drift_tables.tex
Underfull \hbox (badness 10000) in paragraph at lines 745--30
\OT1/ptm/m/n/10 Tables []3[] and []4[] re-port the com-plete drift stress grid 
be-hind Sec-tion []7[]

LaTeX Warning: `h' float specifier changed to `ht'.


LaTeX Warning: `h' float specifier changed to `ht'.

)

LaTeX Warning: `h' float specifier changed to `ht'.

[13] [14]
Underfull \vbox (badness 10000) has occurred while \output is active [15 <./fig
_tau_conservation.png>] [16] (/private/tmp/a11-r5-clean-a.Qqgwcp/out/paper.aux)
 )
(see the transcript file for additional information)</usr/local/texlive/2026/te
xmf-dist/fonts/type1/public/amsfonts/cm/cmbx10.pfb></usr/local/texlive/2026/tex
mf-dist/fonts/type1/public/amsfonts/cm/cmex10.pfb></usr/local/texlive/2026/texm
f-dist/fonts/type1/public/amsfonts/cmextra/cmex7.pfb></usr/local/texlive/2026/t
exmf-dist/fonts/type1/public/amsfonts/cm/cmmi10.pfb></usr/local/texlive/2026/te
xmf-dist/fonts/type1/public/amsfonts/cm/cmmi5.pfb></usr/local/texlive/2026/texm
f-dist/fonts/type1/public/amsfonts/cm/cmmi6.pfb></usr/local/texlive/2026/texmf-
dist/fonts/type1/public/amsfonts/cm/cmmi7.pfb></usr/local/texlive/2026/texmf-di
st/fonts/type1/public/amsfonts/cm/cmmi9.pfb></usr/local/texlive/2026/texmf-dist
/fonts/type1/public/amsfonts/cm/cmr10.pfb></usr/local/texlive/2026/texmf-dist/f
onts/type1/public/amsfonts/cm/cmr5.pfb></usr/local/texlive/2026/texmf-dist/font
s/type1/public/amsfonts/cm/cmr7.pfb></usr/local/texlive/2026/texmf-dist/fonts/t
ype1/public/amsfonts/cm/cmr9.pfb></usr/local/texlive/2026/texmf-dist/fonts/type
1/public/amsfonts/cm/cmss10.pfb></usr/local/texlive/2026/texmf-dist/fonts/type1
/public/amsfonts/cm/cmsy10.pfb></usr/local/texlive/2026/texmf-dist/fonts/type1/
public/amsfonts/cm/cmsy6.pfb></usr/local/texlive/2026/texmf-dist/fonts/type1/pu
blic/amsfonts/cm/cmsy7.pfb></usr/local/texlive/2026/texmf-dist/fonts/type1/publ
ic/amsfonts/cm/cmsy9.pfb></usr/local/texlive/2026/texmf-dist/fonts/type1/public
/amsfonts/symbols/msbm10.pfb></usr/local/texlive/2026/texmf-dist/fonts/type1/ur
w/courier/ucrr8a.pfb></usr/local/texlive/2026/texmf-dist/fonts/type1/urw/helvet
ic/uhvb8a.pfb></usr/local/texlive/2026/texmf-dist/fonts/type1/urw/times/utmb8a.
pfb></usr/local/texlive/2026/texmf-dist/fonts/type1/urw/times/utmr8a.pfb></usr/
local/texlive/2026/texmf-dist/fonts/type1/urw/times/utmri8a.pfb>
Output written on /private/tmp/a11-r5-clean-a.Qqgwcp/out/paper.pdf (16 pages, 5
82282 bytes).
Transcript written on /private/tmp/a11-r5-clean-a.Qqgwcp/out/paper.log.
Latexmk: Getting log file '/private/tmp/a11-r5-clean-a.Qqgwcp/out/paper.log'
Latexmk: Examining '/private/tmp/a11-r5-clean-a.Qqgwcp/out/paper.fls'
Latexmk: Examining '/private/tmp/a11-r5-clean-a.Qqgwcp/out/paper.log'
Latexmk: Found input bbl file '/private/tmp/a11-r5-clean-a.Qqgwcp/out/paper.bbl'
Latexmk: Log file says output to '/private/tmp/a11-r5-clean-a.Qqgwcp/out/paper.pdf'
Latexmk: Log file says output to '/private/tmp/a11-r5-clean-a.Qqgwcp/out/paper.pdf'
Latexmk: Using bibtex to make bibliography file(s).
  ===Source file '/private/tmp/a11-r5-clean-a.Qqgwcp/out/paper.bbl' for 'pdflatex'
Latexmk: Found bibliography file(s):
  ./references.bib
Latexmk: All targets (/private/tmp/a11-r5-clean-a.Qqgwcp/out/paper.pdf) are up-to-date

