{
  "status": "completed",
  "samples": 8,
  "all_replay_tokens_match_dense": true,
  "summary": [
    {
      "config": "dense",
      "depth": null,
      "samples": 8,
      "mean_f1": 0.4097222222222222,
      "prediction_matches_dense": 8,
      "token_matches_dense": 8,
      "all_tokens_match_dense": true,
      "mean_write_seconds": null,
      "mean_generation_seconds": 11.399109292775393,
      "mean_residual_mib": null,
      "mean_lower_cache_mib": null,
      "mean_persistent_mib": null,
      "max_peak_allocated_gib": 65.4095196723938
    },
    {
      "config": "replay-d7",
      "depth": 7,
      "samples": 8,
      "mean_f1": 0.4097222222222222,
      "prediction_matches_dense": 8,
      "token_matches_dense": 8,
      "all_tokens_match_dense": true,
      "mean_write_seconds": 0.15751091111451387,
      "mean_generation_seconds": 7.646388286724687,
      "mean_residual_mib": 14.88623046875,
      "mean_lower_cache_mib": 19.818115234375,
      "mean_persistent_mib": 34.704345703125,
      "max_peak_allocated_gib": 65.47055101394653
    },
    {
      "config": "replay-d10",
      "depth": 10,
      "samples": 8,
      "mean_f1": 0.4097222222222222,
      "prediction_matches_dense": 8,
      "token_matches_dense": 8,
      "all_tokens_match_dense": true,
      "mean_write_seconds": 0.16241166647523642,
      "mean_generation_seconds": 6.086581705603749,
      "mean_residual_mib": 14.88623046875,
      "mean_lower_cache_mib": 31.38623046875,
      "mean_persistent_mib": 46.2724609375,
      "max_peak_allocated_gib": 65.503089427948
    },
    {
      "config": "replay-d13",
      "depth": 13,
      "samples": 8,
      "mean_f1": 0.4097222222222222,
      "prediction_matches_dense": 8,
      "token_matches_dense": 8,
      "all_tokens_match_dense": true,
      "mean_write_seconds": 0.22010974027216434,
      "mean_generation_seconds": 5.592280237469822,
      "mean_residual_mib": 14.88623046875,
      "mean_lower_cache_mib": 42.954345703125,
      "mean_persistent_mib": 57.840576171875,
      "max_peak_allocated_gib": 65.61239528656006
    }
  ]
}
