Traceback (most recent call last):
  File "/tmp/rwd5-hypic-store-freeze-k/code/run_hypic_retained_state_bytes.py", line 897, in <module>
    main()
  File "/tmp/rwd5-hypic-store-freeze-k/code/run_hypic_retained_state_bytes.py", line 872, in main
    client_stage(args)
  File "/tmp/rwd5-hypic-store-freeze-k/code/run_hypic_retained_state_bytes.py", line 514, in client_stage
    prime = stream_completion(
            ^^^^^^^^^^^^^^^^^^
  File "/tmp/rwd5-hypic-store-freeze-k/code/run_related_work_serving_baseline.py", line 214, in stream_completion
    with opener(request, timeout=timeout) as response:
         ^^^^^^^^^^^^^^^^^^^^^^^^^^^^^^^^
  File "/root/miniconda3/lib/python3.11/urllib/request.py", line 216, in urlopen
    return opener.open(url, data, timeout)
           ^^^^^^^^^^^^^^^^^^^^^^^^^^^^^^^
  File "/root/miniconda3/lib/python3.11/urllib/request.py", line 519, in open
    response = self._open(req, data)
               ^^^^^^^^^^^^^^^^^^^^^
  File "/root/miniconda3/lib/python3.11/urllib/request.py", line 536, in _open
    result = self._call_chain(self.handle_open, protocol, protocol +
             ^^^^^^^^^^^^^^^^^^^^^^^^^^^^^^^^^^^^^^^^^^^^^^^^^^^^^^^
  File "/root/miniconda3/lib/python3.11/urllib/request.py", line 496, in _call_chain
    result = func(*args)
             ^^^^^^^^^^^
  File "/root/miniconda3/lib/python3.11/urllib/request.py", line 1377, in http_open
    return self.do_open(http.client.HTTPConnection, req)
           ^^^^^^^^^^^^^^^^^^^^^^^^^^^^^^^^^^^^^^^^^^^^^
  File "/root/miniconda3/lib/python3.11/urllib/request.py", line 1352, in do_open
    r = h.getresponse()
        ^^^^^^^^^^^^^^^
  File "/root/miniconda3/lib/python3.11/http/client.py", line 1395, in getresponse
    response.begin()
  File "/root/miniconda3/lib/python3.11/http/client.py", line 325, in begin
    version, status, reason = self._read_status()
                              ^^^^^^^^^^^^^^^^^^^
  File "/root/miniconda3/lib/python3.11/http/client.py", line 294, in _read_status
    raise RemoteDisconnected("Remote end closed connection without"
http.client.RemoteDisconnected: Remote end closed connection without response
