/mnt/tidal-alsh-hilab/dataset/diandian/user/liuhanzuo/indep-bench/qcomem_gpu/train_deployment_aware_sft.py: OK
/mnt/tidal-alsh-hilab/dataset/diandian/user/liuhanzuo/indep-bench/qcomem_gpu/deployment_aware_sft.py: OK
/mnt/tidal-alsh-hilab/dataset/diandian/user/liuhanzuo/indep-bench/qcomem_gpu/build_deployment_aware_sft.py: OK
/mnt/tidal-alsh-hilab/dataset/diandian/user/liuhanzuo/indep-bench/qcomem_gpu/audit_deployment_aware_sft.py: OK
/mnt/tidal-alsh-hilab/dataset/diandian/user/liuhanzuo/indep-bench/qcomem_gpu/test_deployment_aware_sft.py: OK
/mnt/tidal-alsh-hilab/dataset/diandian/user/liuhanzuo/indep-bench/qcomem_gpu/deployment_aware_fsdp_preflight.py: OK
/mnt/tidal-alsh-hilab/dataset/diandian/user/liuhanzuo/indep-bench/qcomem_gpu/launch_deployment_aware_sft_8gpu.sh: OK
/mnt/tidal-alsh-hilab/dataset/diandian/user/liuhanzuo/indep-bench/qcomem_gpu/configs/deployment_aware_sft_4k_128.json: OK
/mnt/tidal-alsh-hilab/dataset/diandian/user/liuhanzuo/indep-bench/qcomem_gpu/fp32_master.py: OK
/mnt/tidal-alsh-hilab/dataset/diandian/user/liuhanzuo/indep-bench/qcomem_gpu/qcomem_torch.py: OK
/mnt/tidal-alsh-hilab/dataset/diandian/user/liuhanzuo/indep-bench/qcomem_gpu/sft_dcp_checkpoint.py: OK
/mnt/tidal-alsh-hilab/dataset/diandian/user/liuhanzuo/indep-bench/qcomem_gpu/supervised_sft.py: OK
/mnt/tidal-alsh-hilab/dataset/diandian/user/liuhanzuo/indep-bench/qcomem_gpu/supervised_sft_longrun.py: OK
/mnt/tidal-alsh-hilab/dataset/diandian/user/liuhanzuo/indep-bench/qcomem_gpu/train_deployment_aware_sft.py: OK
/mnt/tidal-alsh-hilab/dataset/diandian/user/liuhanzuo/indep-bench/qcomem_gpu/deployment_aware_sft.py: OK
/mnt/tidal-alsh-hilab/dataset/diandian/user/liuhanzuo/indep-bench/qcomem_gpu/build_deployment_aware_sft.py: OK
/mnt/tidal-alsh-hilab/dataset/diandian/user/liuhanzuo/indep-bench/qcomem_gpu/audit_deployment_aware_sft.py: OK
/mnt/tidal-alsh-hilab/dataset/diandian/user/liuhanzuo/indep-bench/qcomem_gpu/test_deployment_aware_sft.py: OK
/mnt/tidal-alsh-hilab/dataset/diandian/user/liuhanzuo/indep-bench/qcomem_gpu/deployment_aware_fsdp_preflight.py: OK
/mnt/tidal-alsh-hilab/dataset/diandian/user/liuhanzuo/indep-bench/qcomem_gpu/launch_deployment_aware_sft_8gpu.sh: OK
/mnt/tidal-alsh-hilab/dataset/diandian/user/liuhanzuo/indep-bench/qcomem_gpu/configs/deployment_aware_sft_4k_128.json: OK
/mnt/tidal-alsh-hilab/dataset/diandian/user/liuhanzuo/indep-bench/qcomem_gpu/fp32_master.py: OK
/mnt/tidal-alsh-hilab/dataset/diandian/user/liuhanzuo/indep-bench/qcomem_gpu/qcomem_torch.py: OK
/mnt/tidal-alsh-hilab/dataset/diandian/user/liuhanzuo/indep-bench/qcomem_gpu/sft_dcp_checkpoint.py: OK
/mnt/tidal-alsh-hilab/dataset/diandian/user/liuhanzuo/indep-bench/qcomem_gpu/supervised_sft.py: OK
/mnt/tidal-alsh-hilab/dataset/diandian/user/liuhanzuo/indep-bench/qcomem_gpu/supervised_sft_longrun.py: OK
