/usr/local/lib/python3.10/dist-packages/sklearn/svm/_base.py:1244: ConvergenceWarning: Liblinear failed to converge, increase the number of iterations.
  warnings.warn(
/usr/local/lib/python3.10/dist-packages/sklearn/svm/_base.py:1244: ConvergenceWarning: Liblinear failed to converge, increase the number of iterations.
  warnings.warn(
/usr/local/lib/python3.10/dist-packages/sklearn/neural_network/_multilayer_perceptron.py:679: ConvergenceWarning: Stochastic Optimizer: Maximum iterations (600) reached and the optimization hasn't converged yet.
  warnings.warn(
/usr/local/lib/python3.10/dist-packages/sklearn/neural_network/_multilayer_perceptron.py:679: ConvergenceWarning: Stochastic Optimizer: Maximum iterations (600) reached and the optimization hasn't converged yet.
  warnings.warn(
/usr/local/lib/python3.10/dist-packages/sklearn/neural_network/_multilayer_perceptron.py:679: ConvergenceWarning: Stochastic Optimizer: Maximum iterations (600) reached and the optimization hasn't converged yet.
  warnings.warn(
/usr/local/lib/python3.10/dist-packages/sklearn/neural_network/_multilayer_perceptron.py:679: ConvergenceWarning: Stochastic Optimizer: Maximum iterations (600) reached and the optimization hasn't converged yet.
  warnings.warn(
/usr/local/lib/python3.10/dist-packages/sklearn/neural_network/_multilayer_perceptron.py:679: ConvergenceWarning: Stochastic Optimizer: Maximum iterations (600) reached and the optimization hasn't converged yet.
  warnings.warn(
/usr/local/lib/python3.10/dist-packages/sklearn/neural_network/_multilayer_perceptron.py:679: ConvergenceWarning: Stochastic Optimizer: Maximum iterations (600) reached and the optimization hasn't converged yet.
  warnings.warn(
/usr/local/lib/python3.10/dist-packages/sklearn/neural_network/_multilayer_perceptron.py:679: ConvergenceWarning: Stochastic Optimizer: Maximum iterations (600) reached and the optimization hasn't converged yet.
  warnings.warn(
/usr/local/lib/python3.10/dist-packages/sklearn/neural_network/_multilayer_perceptron.py:679: ConvergenceWarning: Stochastic Optimizer: Maximum iterations (600) reached and the optimization hasn't converged yet.
  warnings.warn(
M6 reproduction: EXACT (normal band = frozen r1906).  M2.5 base: EXACT (frozen 5seed).
AGG: {
  "n_rows": 350,
  "seeds": [
    0,
    1,
    2,
    3,
    4
  ],
  "delta": 0.1,
  "cal_frac": 0.3,
  "tau_abs": 0.04,
  "finite_sample_bands": [
    "hoef",
    "mpb"
  ],
  "asymptotic_band": "normal",
  "normal": {
    "commit_rate": 0.6629,
    "sq_no_worse_cov_upgraded": 1.0,
    "sq_mean_upgraded": -0.0022,
    "sq_max_upgraded": 0.0,
    "or_mean_all": 0.0079,
    "or_max_all": 0.1496,
    "or_max_committed": 0.0546
  },
  "hoef": {
    "commit_rate": 0.6457,
    "sq_no_worse_cov_upgraded": 1.0,
    "sq_mean_upgraded": 0.0,
    "sq_max_upgraded": 0.0,
    "or_mean_all": 0.0094,
    "or_max_all": 0.1496,
    "or_max_committed": 0.0546
  },
  "mpb": {
    "commit_rate": 0.6457,
    "sq_no_worse_cov_upgraded": 1.0,
    "sq_mean_upgraded": 0.0,
    "sq_max_upgraded": 0.0,
    "or_mean_all": 0.0094,
    "or_max_all": 0.1496,
    "or_max_committed": 0.0546
  }
}
  digits: {'normal': {'commit_rate': 0.773, 'sq_no_worse_cov_upgraded': 1.0}, 'hoef': {'commit_rate': 0.773, 'sq_no_worse_cov_upgraded': 1.0}, 'mpb': {'commit_rate': 0.773, 'sq_no_worse_cov_upgraded': 1.0}, 'F0_is_chosen_frac': 0.773}
  fashion: {'normal': {'commit_rate': 0.56, 'sq_no_worse_cov_upgraded': 1.0}, 'hoef': {'commit_rate': 0.533, 'sq_no_worse_cov_upgraded': 1.0}, 'mpb': {'commit_rate': 0.533, 'sq_no_worse_cov_upgraded': 1.0}, 'F0_is_chosen_frac': 0.533}
  mnist: {'normal': {'commit_rate': 1.0, 'sq_no_worse_cov_upgraded': 1.0}, 'hoef': {'commit_rate': 1.0, 'sq_no_worse_cov_upgraded': 1.0}, 'mpb': {'commit_rate': 1.0, 'sq_no_worse_cov_upgraded': 1.0}, 'F0_is_chosen_frac': 1.0}
  news: {'normal': {'commit_rate': 0.456, 'sq_no_worse_cov_upgraded': 1.0}, 'hoef': {'commit_rate': 0.424, 'sq_no_worse_cov_upgraded': 1.0}, 'mpb': {'commit_rate': 0.424, 'sq_no_worse_cov_upgraded': 1.0}, 'F0_is_chosen_frac': 0.424}
