/usr/local/lib/python3.10/dist-packages/sklearn/neural_network/_multilayer_perceptron.py:679: ConvergenceWarning: Stochastic Optimizer: Maximum iterations (600) reached and the optimization hasn't converged yet.
  warnings.warn(
/usr/local/lib/python3.10/dist-packages/sklearn/neural_network/_multilayer_perceptron.py:679: ConvergenceWarning: Stochastic Optimizer: Maximum iterations (600) reached and the optimization hasn't converged yet.
  warnings.warn(
/usr/local/lib/python3.10/dist-packages/sklearn/neural_network/_multilayer_perceptron.py:679: ConvergenceWarning: Stochastic Optimizer: Maximum iterations (600) reached and the optimization hasn't converged yet.
  warnings.warn(
M8 switch proposals (i*!=F0 & commit_normal): 6 [('fashion', 1, 'skew_peak6'), ('fashion', 4, 'skew_peak0'), ('news', 2, 'skew_peak0'), ('news', 2, 'skew_peak18'), ('news', 2, 'skew_peak19'), ('news', 3, 'skew_peak19')]
M8 reproduction: EXACT.
AGG: {
  "n_switch": 6,
  "n_grid": [
    1,
    2,
    5,
    10,
    20,
    50,
    100,
    200,
    500,
    1000
  ],
  "delta": 0.1,
  "cal_frac": 0.3,
  "tau_abs": 0.04,
  "seeds": [
    0,
    1,
    2,
    3,
    4
  ],
  "hoef": {
    "Nstar_min": 2,
    "Nstar_max": 20,
    "Nstar_median": 10.0,
    "opens_within_grid_frac": 1.0,
    "Nstar_per_row": {
      "('fashion', 4, 'skew_peak0')": 2,
      "('fashion', 1, 'skew_peak6')": 10,
      "('news', 2, 'skew_peak0')": 20,
      "('news', 2, 'skew_peak19')": 5,
      "('news', 2, 'skew_peak18')": 10,
      "('news', 3, 'skew_peak19')": 10
    }
  },
  "mpb": {
    "Nstar_min": 2,
    "Nstar_max": 10,
    "Nstar_median": 5.0,
    "opens_within_grid_frac": 1.0,
    "Nstar_per_row": {
      "('fashion', 4, 'skew_peak0')": 2,
      "('fashion', 1, 'skew_peak6')": 5,
      "('news', 2, 'skew_peak0')": 10,
      "('news', 2, 'skew_peak19')": 5,
      "('news', 2, 'skew_peak18')": 5,
      "('news', 3, 'skew_peak19')": 5
    }
  }
}
Switch-open soundness: {
  "('fashion', 1, 'skew_peak6')": {
    "oracle_switch_gain_abs": 0.0779,
    "switch_beneficial": true
  },
  "('fashion', 4, 'skew_peak0')": {
    "oracle_switch_gain_abs": 0.034,
    "switch_beneficial": true
  },
  "('news', 2, 'skew_peak0')": {
    "oracle_switch_gain_abs": 0.0699,
    "switch_beneficial": true
  },
  "('news', 2, 'skew_peak18')": {
    "oracle_switch_gain_abs": 0.1118,
    "switch_beneficial": true
  },
  "('news', 2, 'skew_peak19')": {
    "oracle_switch_gain_abs": 0.1296,
    "switch_beneficial": true
  },
  "('news', 3, 'skew_peak19')": {
    "oracle_switch_gain_abs": 0.0891,
    "switch_beneficial": true
  }
}
