paper_autonomous_multifork_iteration/evidence/r39_blind_faults/executor/r39_contract.py: OK
paper_autonomous_multifork_iteration/evidence/r39_blind_faults/executor/r39_live_common.py: OK
paper_autonomous_multifork_iteration/evidence/r39_blind_faults/executor/r39_preflight.py: OK
paper_autonomous_multifork_iteration/evidence/r39_blind_faults/executor/r39_lane.py: OK
paper_autonomous_multifork_iteration/evidence/r39_blind_faults/executor/r39_replay.py: OK
paper_autonomous_multifork_iteration/evidence/r39_blind_faults/executor/r39_run_fault.py: OK
paper_autonomous_multifork_iteration/evidence/r39_blind_faults/executor/r39_aggregate.py: OK
paper_autonomous_multifork_iteration/evidence/r39_blind_faults/executor/r39_launch_8gpu.sh: OK
paper_autonomous_multifork_iteration/evidence/r39_blind_faults/executor/r39_formal_existing_trial.sh: OK
paper_autonomous_multifork_iteration/evidence/r39_blind_faults/executor/tests/test_r39_executor.py: OK
paper_autonomous_multifork_iteration/evidence/r39_blind_faults/executor/preregistration.json: OK
paper_autonomous_multifork_iteration/evidence/r39_blind_faults/executor/README.md: OK
paper_autonomous_multifork_iteration/evidence/r39_blind_faults/executor/validation_report.json: OK
paper_autonomous_multifork_iteration/evidence/r39_blind_faults/designer_freeze/PROTOCOL.md: OK
paper_autonomous_multifork_iteration/evidence/r39_blind_faults/designer_freeze/plan.json: OK
paper_autonomous_multifork_iteration/evidence/r29_heldout_faults/cross_execution/execution-input-v3.json: OK
gpu/r29_execute_heldout_faults.py: OK
gpu/qcomem_forkaudit_storage_witness.py: OK
gpu/qcomem_joint_policy.py: OK
gpu/qcomem_single_token_gdn_ownership.py: OK
gpu/qcomem_vllm_paged_kernel.py: OK
gpu/qcomem_vllm_paged_multifork_resident.py: OK
gpu/qcomem_vllm_paged_fair_control.py: OK
gpu/qcomem_qwen35_functional_stack.py: OK
gpu/run_qcomem_qwen35_forkaudit_review_revision.py: OK
gpu/run_qcomem_qwen35_vllm_paged_multifork_resident.py: OK
