/mnt/tidal-alsh-hilab/dataset/diandian/user/liuhanzuo/indep-bench/qcomem_gpu_vllm_paged_fair_v2_20260814c/aggregate_answer_lora_full_state_downstream.py: OK
/mnt/tidal-alsh-hilab/dataset/diandian/user/liuhanzuo/indep-bench/qcomem_gpu_vllm_paged_fair_v2_20260814c/aggregate_capacity.py: OK
/mnt/tidal-alsh-hilab/dataset/diandian/user/liuhanzuo/indep-bench/qcomem_gpu_vllm_paged_fair_v2_20260814c/aggregate_deployment.py: OK
/mnt/tidal-alsh-hilab/dataset/diandian/user/liuhanzuo/indep-bench/qcomem_gpu_vllm_paged_fair_v2_20260814c/aggregate_detached_lora_semantic_gate.py: OK
/mnt/tidal-alsh-hilab/dataset/diandian/user/liuhanzuo/indep-bench/qcomem_gpu_vllm_paged_fair_v2_20260814c/aggregate_downstream.py: OK
/mnt/tidal-alsh-hilab/dataset/diandian/user/liuhanzuo/indep-bench/qcomem_gpu_vllm_paged_fair_v2_20260814c/aggregate_hypic_lite.py: OK
/mnt/tidal-alsh-hilab/dataset/diandian/user/liuhanzuo/indep-bench/qcomem_gpu_vllm_paged_fair_v2_20260814c/aggregate_interface.py: OK
/mnt/tidal-alsh-hilab/dataset/diandian/user/liuhanzuo/indep-bench/qcomem_gpu_vllm_paged_fair_v2_20260814c/aggregate_interface_lora.py: OK
/mnt/tidal-alsh-hilab/dataset/diandian/user/liuhanzuo/indep-bench/qcomem_gpu_vllm_paged_fair_v2_20260814c/aggregate_joint_policy_candidates.py: OK
/mnt/tidal-alsh-hilab/dataset/diandian/user/liuhanzuo/indep-bench/qcomem_gpu_vllm_paged_fair_v2_20260814c/aggregate_joint_policy_eval.py: OK
/mnt/tidal-alsh-hilab/dataset/diandian/user/liuhanzuo/indep-bench/qcomem_gpu_vllm_paged_fair_v2_20260814c/aggregate_layer_sensitivity.py: OK
/mnt/tidal-alsh-hilab/dataset/diandian/user/liuhanzuo/indep-bench/qcomem_gpu_vllm_paged_fair_v2_20260814c/aggregate_lora_deployment_semantic_gate.py: OK
/mnt/tidal-alsh-hilab/dataset/diandian/user/liuhanzuo/indep-bench/qcomem_gpu_vllm_paged_fair_v2_20260814c/aggregate_native_lora_checkpoint_attribution.py: OK
/mnt/tidal-alsh-hilab/dataset/diandian/user/liuhanzuo/indep-bench/qcomem_gpu_vllm_paged_fair_v2_20260814c/aggregate_native_lora_heldout.py: OK
/mnt/tidal-alsh-hilab/dataset/diandian/user/liuhanzuo/indep-bench/qcomem_gpu_vllm_paged_fair_v2_20260814c/aggregate_native_lora_semantic_gate.py: OK
/mnt/tidal-alsh-hilab/dataset/diandian/user/liuhanzuo/indep-bench/qcomem_gpu_vllm_paged_fair_v2_20260814c/aggregate_qcomem_qwen35_paged_real.py: OK
/mnt/tidal-alsh-hilab/dataset/diandian/user/liuhanzuo/indep-bench/qcomem_gpu_vllm_paged_fair_v2_20260814c/aggregate_replay.py: OK
/mnt/tidal-alsh-hilab/dataset/diandian/user/liuhanzuo/indep-bench/qcomem_gpu_vllm_paged_fair_v2_20260814c/aggregate_sft_dcp_downstream.py: OK
/mnt/tidal-alsh-hilab/dataset/diandian/user/liuhanzuo/indep-bench/qcomem_gpu_vllm_paged_fair_v2_20260814c/aggregate_sft_full_qcomem.py: OK
/mnt/tidal-alsh-hilab/dataset/diandian/user/liuhanzuo/indep-bench/qcomem_gpu_vllm_paged_fair_v2_20260814c/analyze_validation.py: OK
/mnt/tidal-alsh-hilab/dataset/diandian/user/liuhanzuo/indep-bench/qcomem_gpu_vllm_paged_fair_v2_20260814c/audit_deployment_aware_sft.py: OK
/mnt/tidal-alsh-hilab/dataset/diandian/user/liuhanzuo/indep-bench/qcomem_gpu_vllm_paged_fair_v2_20260814c/audit_detached_lora_checkpoint.py: OK
/mnt/tidal-alsh-hilab/dataset/diandian/user/liuhanzuo/indep-bench/qcomem_gpu_vllm_paged_fair_v2_20260814c/audit_supervised_sft_scale.py: OK
/mnt/tidal-alsh-hilab/dataset/diandian/user/liuhanzuo/indep-bench/qcomem_gpu_vllm_paged_fair_v2_20260814c/build_deployment_aware_sft.py: OK
/mnt/tidal-alsh-hilab/dataset/diandian/user/liuhanzuo/indep-bench/qcomem_gpu_vllm_paged_fair_v2_20260814c/build_native_lora_domain_view.py: OK
/mnt/tidal-alsh-hilab/dataset/diandian/user/liuhanzuo/indep-bench/qcomem_gpu_vllm_paged_fair_v2_20260814c/build_sft_overlap_ledger.py: OK
/mnt/tidal-alsh-hilab/dataset/diandian/user/liuhanzuo/indep-bench/qcomem_gpu_vllm_paged_fair_v2_20260814c/dcp_replicated_load_preflight.py: OK
/mnt/tidal-alsh-hilab/dataset/diandian/user/liuhanzuo/indep-bench/qcomem_gpu_vllm_paged_fair_v2_20260814c/deployment_aware_fsdp_preflight.py: OK
/mnt/tidal-alsh-hilab/dataset/diandian/user/liuhanzuo/indep-bench/qcomem_gpu_vllm_paged_fair_v2_20260814c/deployment_aware_sft.py: OK
/mnt/tidal-alsh-hilab/dataset/diandian/user/liuhanzuo/indep-bench/qcomem_gpu_vllm_paged_fair_v2_20260814c/diagnose_qcomem_qwen35_paged_dtype.py: OK
/mnt/tidal-alsh-hilab/dataset/diandian/user/liuhanzuo/indep-bench/qcomem_gpu_vllm_paged_fair_v2_20260814c/fp32_master.py: OK
/mnt/tidal-alsh-hilab/dataset/diandian/user/liuhanzuo/indep-bench/qcomem_gpu_vllm_paged_fair_v2_20260814c/fsdp_dcp_longrun_preflight.py: OK
/mnt/tidal-alsh-hilab/dataset/diandian/user/liuhanzuo/indep-bench/qcomem_gpu_vllm_paged_fair_v2_20260814c/fsdp_fp32_preflight.py: OK
/mnt/tidal-alsh-hilab/dataset/diandian/user/liuhanzuo/indep-bench/qcomem_gpu_vllm_paged_fair_v2_20260814c/hypic_lite.py: OK
/mnt/tidal-alsh-hilab/dataset/diandian/user/liuhanzuo/indep-bench/qcomem_gpu_vllm_paged_fair_v2_20260814c/preflight_supervised_sft.py: OK
/mnt/tidal-alsh-hilab/dataset/diandian/user/liuhanzuo/indep-bench/qcomem_gpu_vllm_paged_fair_v2_20260814c/prepare_longbench_subset.py: OK
/mnt/tidal-alsh-hilab/dataset/diandian/user/liuhanzuo/indep-bench/qcomem_gpu_vllm_paged_fair_v2_20260814c/prepare_pg19_train_subset.py: OK
/mnt/tidal-alsh-hilab/dataset/diandian/user/liuhanzuo/indep-bench/qcomem_gpu_vllm_paged_fair_v2_20260814c/prepare_supervised_qa_train.py: OK
/mnt/tidal-alsh-hilab/dataset/diandian/user/liuhanzuo/indep-bench/qcomem_gpu_vllm_paged_fair_v2_20260814c/qcomem_answer_supervised_lora.py: OK
/mnt/tidal-alsh-hilab/dataset/diandian/user/liuhanzuo/indep-bench/qcomem_gpu_vllm_paged_fair_v2_20260814c/qcomem_deployment.py: OK
/mnt/tidal-alsh-hilab/dataset/diandian/user/liuhanzuo/indep-bench/qcomem_gpu_vllm_paged_fair_v2_20260814c/qcomem_functional_cache.py: OK
/mnt/tidal-alsh-hilab/dataset/diandian/user/liuhanzuo/indep-bench/qcomem_gpu_vllm_paged_fair_v2_20260814c/qcomem_joint_policy.py: OK
/mnt/tidal-alsh-hilab/dataset/diandian/user/liuhanzuo/indep-bench/qcomem_gpu_vllm_paged_fair_v2_20260814c/qcomem_lora.py: OK
/mnt/tidal-alsh-hilab/dataset/diandian/user/liuhanzuo/indep-bench/qcomem_gpu_vllm_paged_fair_v2_20260814c/qcomem_native_lora_protocol.py: OK
/mnt/tidal-alsh-hilab/dataset/diandian/user/liuhanzuo/indep-bench/qcomem_gpu_vllm_paged_fair_v2_20260814c/qcomem_paged.py: OK
/mnt/tidal-alsh-hilab/dataset/diandian/user/liuhanzuo/indep-bench/qcomem_gpu_vllm_paged_fair_v2_20260814c/qcomem_paged_attention.py: OK
/mnt/tidal-alsh-hilab/dataset/diandian/user/liuhanzuo/indep-bench/qcomem_gpu_vllm_paged_fair_v2_20260814c/qcomem_qwen35_functional_stack.py: OK
/mnt/tidal-alsh-hilab/dataset/diandian/user/liuhanzuo/indep-bench/qcomem_gpu_vllm_paged_fair_v2_20260814c/qcomem_qwen35_gdn_functional.py: OK
/mnt/tidal-alsh-hilab/dataset/diandian/user/liuhanzuo/indep-bench/qcomem_gpu_vllm_paged_fair_v2_20260814c/qcomem_qwen35_native_cache.py: OK
/mnt/tidal-alsh-hilab/dataset/diandian/user/liuhanzuo/indep-bench/qcomem_gpu_vllm_paged_fair_v2_20260814c/qcomem_qwen35_paged_integration.py: OK
/mnt/tidal-alsh-hilab/dataset/diandian/user/liuhanzuo/indep-bench/qcomem_gpu_vllm_paged_fair_v2_20260814c/qcomem_qwen35_vllm_paged_integration.py: OK
/mnt/tidal-alsh-hilab/dataset/diandian/user/liuhanzuo/indep-bench/qcomem_gpu_vllm_paged_fair_v2_20260814c/qcomem_suffix_full.py: OK
/mnt/tidal-alsh-hilab/dataset/diandian/user/liuhanzuo/indep-bench/qcomem_gpu_vllm_paged_fair_v2_20260814c/qcomem_torch.py: OK
/mnt/tidal-alsh-hilab/dataset/diandian/user/liuhanzuo/indep-bench/qcomem_gpu_vllm_paged_fair_v2_20260814c/qcomem_vllm_paged_fair_control.py: OK
/mnt/tidal-alsh-hilab/dataset/diandian/user/liuhanzuo/indep-bench/qcomem_gpu_vllm_paged_fair_v2_20260814c/qcomem_vllm_paged_kernel.py: OK
/mnt/tidal-alsh-hilab/dataset/diandian/user/liuhanzuo/indep-bench/qcomem_gpu_vllm_paged_fair_v2_20260814c/run_answer_lora_full_state_downstream.py: OK
/mnt/tidal-alsh-hilab/dataset/diandian/user/liuhanzuo/indep-bench/qcomem_gpu_vllm_paged_fair_v2_20260814c/run_cached_smoke.py: OK
/mnt/tidal-alsh-hilab/dataset/diandian/user/liuhanzuo/indep-bench/qcomem_gpu_vllm_paged_fair_v2_20260814c/run_capacity_scaling.py: OK
/mnt/tidal-alsh-hilab/dataset/diandian/user/liuhanzuo/indep-bench/qcomem_gpu_vllm_paged_fair_v2_20260814c/run_deployment_bench.py: OK
/mnt/tidal-alsh-hilab/dataset/diandian/user/liuhanzuo/indep-bench/qcomem_gpu_vllm_paged_fair_v2_20260814c/run_detached_lora_semantic_gate.py: OK
/mnt/tidal-alsh-hilab/dataset/diandian/user/liuhanzuo/indep-bench/qcomem_gpu_vllm_paged_fair_v2_20260814c/run_downstream.py: OK
/mnt/tidal-alsh-hilab/dataset/diandian/user/liuhanzuo/indep-bench/qcomem_gpu_vllm_paged_fair_v2_20260814c/run_hypic_lite_bench.py: OK
/mnt/tidal-alsh-hilab/dataset/diandian/user/liuhanzuo/indep-bench/qcomem_gpu_vllm_paged_fair_v2_20260814c/run_interface_diagnostic.py: OK
/mnt/tidal-alsh-hilab/dataset/diandian/user/liuhanzuo/indep-bench/qcomem_gpu_vllm_paged_fair_v2_20260814c/run_joint_policy_eval.py: OK
/mnt/tidal-alsh-hilab/dataset/diandian/user/liuhanzuo/indep-bench/qcomem_gpu_vllm_paged_fair_v2_20260814c/run_joint_policy_profile.py: OK
/mnt/tidal-alsh-hilab/dataset/diandian/user/liuhanzuo/indep-bench/qcomem_gpu_vllm_paged_fair_v2_20260814c/run_layer_sensitivity.py: OK
/mnt/tidal-alsh-hilab/dataset/diandian/user/liuhanzuo/indep-bench/qcomem_gpu_vllm_paged_fair_v2_20260814c/run_lora_deployment_semantic_gate.py: OK
/mnt/tidal-alsh-hilab/dataset/diandian/user/liuhanzuo/indep-bench/qcomem_gpu_vllm_paged_fair_v2_20260814c/run_native_lora_checkpoint_attribution.py: OK
/mnt/tidal-alsh-hilab/dataset/diandian/user/liuhanzuo/indep-bench/qcomem_gpu_vllm_paged_fair_v2_20260814c/run_native_lora_heldout.py: OK
/mnt/tidal-alsh-hilab/dataset/diandian/user/liuhanzuo/indep-bench/qcomem_gpu_vllm_paged_fair_v2_20260814c/run_native_lora_semantic_gate.py: OK
/mnt/tidal-alsh-hilab/dataset/diandian/user/liuhanzuo/indep-bench/qcomem_gpu_vllm_paged_fair_v2_20260814c/run_qcomem_qwen35_paged_real.py: OK
/mnt/tidal-alsh-hilab/dataset/diandian/user/liuhanzuo/indep-bench/qcomem_gpu_vllm_paged_fair_v2_20260814c/run_qcomem_qwen35_vllm_paged_fair_v2.py: OK
/mnt/tidal-alsh-hilab/dataset/diandian/user/liuhanzuo/indep-bench/qcomem_gpu_vllm_paged_fair_v2_20260814c/run_qcomem_qwen35_vllm_paged_formal.py: OK
/mnt/tidal-alsh-hilab/dataset/diandian/user/liuhanzuo/indep-bench/qcomem_gpu_vllm_paged_fair_v2_20260814c/run_replay_diagnostic.py: OK
/mnt/tidal-alsh-hilab/dataset/diandian/user/liuhanzuo/indep-bench/qcomem_gpu_vllm_paged_fair_v2_20260814c/run_sft_dcp_downstream.py: OK
/mnt/tidal-alsh-hilab/dataset/diandian/user/liuhanzuo/indep-bench/qcomem_gpu_vllm_paged_fair_v2_20260814c/run_sft_full_qcomem_downstream.py: OK
/mnt/tidal-alsh-hilab/dataset/diandian/user/liuhanzuo/indep-bench/qcomem_gpu_vllm_paged_fair_v2_20260814c/sft_dcp_checkpoint.py: OK
/mnt/tidal-alsh-hilab/dataset/diandian/user/liuhanzuo/indep-bench/qcomem_gpu_vllm_paged_fair_v2_20260814c/sft_quality_validation.py: OK
/mnt/tidal-alsh-hilab/dataset/diandian/user/liuhanzuo/indep-bench/qcomem_gpu_vllm_paged_fair_v2_20260814c/split_supervised_sft_scale.py: OK
/mnt/tidal-alsh-hilab/dataset/diandian/user/liuhanzuo/indep-bench/qcomem_gpu_vllm_paged_fair_v2_20260814c/supervised_sft.py: OK
/mnt/tidal-alsh-hilab/dataset/diandian/user/liuhanzuo/indep-bench/qcomem_gpu_vllm_paged_fair_v2_20260814c/supervised_sft_longrun.py: OK
/mnt/tidal-alsh-hilab/dataset/diandian/user/liuhanzuo/indep-bench/qcomem_gpu_vllm_paged_fair_v2_20260814c/test_aggregate_qcomem_qwen35_paged_real.py: OK
/mnt/tidal-alsh-hilab/dataset/diandian/user/liuhanzuo/indep-bench/qcomem_gpu_vllm_paged_fair_v2_20260814c/test_analyze_validation.py: OK
/mnt/tidal-alsh-hilab/dataset/diandian/user/liuhanzuo/indep-bench/qcomem_gpu_vllm_paged_fair_v2_20260814c/test_answer_lora_full_state_downstream.py: OK
/mnt/tidal-alsh-hilab/dataset/diandian/user/liuhanzuo/indep-bench/qcomem_gpu_vllm_paged_fair_v2_20260814c/test_answer_supervised_native_lora.py: OK
/mnt/tidal-alsh-hilab/dataset/diandian/user/liuhanzuo/indep-bench/qcomem_gpu_vllm_paged_fair_v2_20260814c/test_deployment_aware_sft.py: OK
/mnt/tidal-alsh-hilab/dataset/diandian/user/liuhanzuo/indep-bench/qcomem_gpu_vllm_paged_fair_v2_20260814c/test_detached_lora_capability.py: OK
/mnt/tidal-alsh-hilab/dataset/diandian/user/liuhanzuo/indep-bench/qcomem_gpu_vllm_paged_fair_v2_20260814c/test_diagnose_qcomem_qwen35_paged_dtype.py: OK
/mnt/tidal-alsh-hilab/dataset/diandian/user/liuhanzuo/indep-bench/qcomem_gpu_vllm_paged_fair_v2_20260814c/test_fp32_master.py: OK
/mnt/tidal-alsh-hilab/dataset/diandian/user/liuhanzuo/indep-bench/qcomem_gpu_vllm_paged_fair_v2_20260814c/test_hypic_lite.py: OK
/mnt/tidal-alsh-hilab/dataset/diandian/user/liuhanzuo/indep-bench/qcomem_gpu_vllm_paged_fair_v2_20260814c/test_joint_policy_calibration.py: OK
/mnt/tidal-alsh-hilab/dataset/diandian/user/liuhanzuo/indep-bench/qcomem_gpu_vllm_paged_fair_v2_20260814c/test_lora_deployment_semantic_gate.py: OK
/mnt/tidal-alsh-hilab/dataset/diandian/user/liuhanzuo/indep-bench/qcomem_gpu_vllm_paged_fair_v2_20260814c/test_mixed_validation.py: OK
/mnt/tidal-alsh-hilab/dataset/diandian/user/liuhanzuo/indep-bench/qcomem_gpu_vllm_paged_fair_v2_20260814c/test_native_lora_checkpoint_attribution.py: OK
/mnt/tidal-alsh-hilab/dataset/diandian/user/liuhanzuo/indep-bench/qcomem_gpu_vllm_paged_fair_v2_20260814c/test_prepare_supervised_qa_train.py: OK
/mnt/tidal-alsh-hilab/dataset/diandian/user/liuhanzuo/indep-bench/qcomem_gpu_vllm_paged_fair_v2_20260814c/test_qcomem_deployment.py: OK
/mnt/tidal-alsh-hilab/dataset/diandian/user/liuhanzuo/indep-bench/qcomem_gpu_vllm_paged_fair_v2_20260814c/test_qcomem_functional_cache.py: OK
/mnt/tidal-alsh-hilab/dataset/diandian/user/liuhanzuo/indep-bench/qcomem_gpu_vllm_paged_fair_v2_20260814c/test_qcomem_lora.py: OK
/mnt/tidal-alsh-hilab/dataset/diandian/user/liuhanzuo/indep-bench/qcomem_gpu_vllm_paged_fair_v2_20260814c/test_qcomem_native_lora_protocol.py: OK
/mnt/tidal-alsh-hilab/dataset/diandian/user/liuhanzuo/indep-bench/qcomem_gpu_vllm_paged_fair_v2_20260814c/test_qcomem_paged.py: OK
/mnt/tidal-alsh-hilab/dataset/diandian/user/liuhanzuo/indep-bench/qcomem_gpu_vllm_paged_fair_v2_20260814c/test_qcomem_paged_attention.py: OK
/mnt/tidal-alsh-hilab/dataset/diandian/user/liuhanzuo/indep-bench/qcomem_gpu_vllm_paged_fair_v2_20260814c/test_qcomem_qwen35_functional_stack.py: OK
/mnt/tidal-alsh-hilab/dataset/diandian/user/liuhanzuo/indep-bench/qcomem_gpu_vllm_paged_fair_v2_20260814c/test_qcomem_qwen35_gdn_functional.py: OK
/mnt/tidal-alsh-hilab/dataset/diandian/user/liuhanzuo/indep-bench/qcomem_gpu_vllm_paged_fair_v2_20260814c/test_qcomem_qwen35_native_cache.py: OK
/mnt/tidal-alsh-hilab/dataset/diandian/user/liuhanzuo/indep-bench/qcomem_gpu_vllm_paged_fair_v2_20260814c/test_qcomem_qwen35_paged_integration.py: OK
/mnt/tidal-alsh-hilab/dataset/diandian/user/liuhanzuo/indep-bench/qcomem_gpu_vllm_paged_fair_v2_20260814c/test_qcomem_qwen35_vllm_paged_integration.py: OK
/mnt/tidal-alsh-hilab/dataset/diandian/user/liuhanzuo/indep-bench/qcomem_gpu_vllm_paged_fair_v2_20260814c/test_qcomem_suffix_full.py: OK
/mnt/tidal-alsh-hilab/dataset/diandian/user/liuhanzuo/indep-bench/qcomem_gpu_vllm_paged_fair_v2_20260814c/test_qcomem_torch.py: OK
/mnt/tidal-alsh-hilab/dataset/diandian/user/liuhanzuo/indep-bench/qcomem_gpu_vllm_paged_fair_v2_20260814c/test_qcomem_vllm_paged_fair_control.py: OK
/mnt/tidal-alsh-hilab/dataset/diandian/user/liuhanzuo/indep-bench/qcomem_gpu_vllm_paged_fair_v2_20260814c/test_qcomem_vllm_paged_kernel.py: OK
/mnt/tidal-alsh-hilab/dataset/diandian/user/liuhanzuo/indep-bench/qcomem_gpu_vllm_paged_fair_v2_20260814c/test_run_downstream.py: OK
/mnt/tidal-alsh-hilab/dataset/diandian/user/liuhanzuo/indep-bench/qcomem_gpu_vllm_paged_fair_v2_20260814c/test_run_qcomem_qwen35_paged_real.py: OK
/mnt/tidal-alsh-hilab/dataset/diandian/user/liuhanzuo/indep-bench/qcomem_gpu_vllm_paged_fair_v2_20260814c/test_run_qcomem_qwen35_vllm_paged_fair_v2.py: OK
/mnt/tidal-alsh-hilab/dataset/diandian/user/liuhanzuo/indep-bench/qcomem_gpu_vllm_paged_fair_v2_20260814c/test_run_qcomem_qwen35_vllm_paged_formal.py: OK
/mnt/tidal-alsh-hilab/dataset/diandian/user/liuhanzuo/indep-bench/qcomem_gpu_vllm_paged_fair_v2_20260814c/test_sft_dcp_downstream.py: OK
/mnt/tidal-alsh-hilab/dataset/diandian/user/liuhanzuo/indep-bench/qcomem_gpu_vllm_paged_fair_v2_20260814c/test_sft_full_qcomem_downstream.py: OK
/mnt/tidal-alsh-hilab/dataset/diandian/user/liuhanzuo/indep-bench/qcomem_gpu_vllm_paged_fair_v2_20260814c/test_sft_quality_validation.py: OK
/mnt/tidal-alsh-hilab/dataset/diandian/user/liuhanzuo/indep-bench/qcomem_gpu_vllm_paged_fair_v2_20260814c/test_split_supervised_sft_scale.py: OK
/mnt/tidal-alsh-hilab/dataset/diandian/user/liuhanzuo/indep-bench/qcomem_gpu_vllm_paged_fair_v2_20260814c/test_supervised_sft.py: OK
/mnt/tidal-alsh-hilab/dataset/diandian/user/liuhanzuo/indep-bench/qcomem_gpu_vllm_paged_fair_v2_20260814c/test_supervised_sft_longrun.py: OK
/mnt/tidal-alsh-hilab/dataset/diandian/user/liuhanzuo/indep-bench/qcomem_gpu_vllm_paged_fair_v2_20260814c/train_answer_supervised_native_lora.py: OK
/mnt/tidal-alsh-hilab/dataset/diandian/user/liuhanzuo/indep-bench/qcomem_gpu_vllm_paged_fair_v2_20260814c/train_deployment_aware_sft.py: OK
/mnt/tidal-alsh-hilab/dataset/diandian/user/liuhanzuo/indep-bench/qcomem_gpu_vllm_paged_fair_v2_20260814c/train_native_lora_formal.py: OK
/mnt/tidal-alsh-hilab/dataset/diandian/user/liuhanzuo/indep-bench/qcomem_gpu_vllm_paged_fair_v2_20260814c/train_qcomem_lora.py: OK
/mnt/tidal-alsh-hilab/dataset/diandian/user/liuhanzuo/indep-bench/qcomem_gpu_vllm_paged_fair_v2_20260814c/train_qcomem_suffix_full.py: OK
/mnt/tidal-alsh-hilab/dataset/diandian/user/liuhanzuo/indep-bench/qcomem_gpu_vllm_paged_fair_v2_20260814c/train_supervised_sft.py: OK
/mnt/tidal-alsh-hilab/dataset/diandian/user/liuhanzuo/indep-bench/qcomem_gpu_vllm_paged_fair_v2_20260814c/train_supervised_sft_longrun.py: OK
/mnt/tidal-alsh-hilab/dataset/diandian/user/liuhanzuo/indep-bench/qcomem_gpu_vllm_paged_fair_v2_20260814c/launch_qcomem_qwen35_vllm_paged_fair_v2_8gpu.sh: OK
/mnt/tidal-alsh-hilab/dataset/diandian/user/liuhanzuo/indep-bench/qcomem_gpu_vllm_paged_fair_v2_20260814c/aggregate_answer_lora_full_state_downstream.py: OK
/mnt/tidal-alsh-hilab/dataset/diandian/user/liuhanzuo/indep-bench/qcomem_gpu_vllm_paged_fair_v2_20260814c/aggregate_capacity.py: OK
/mnt/tidal-alsh-hilab/dataset/diandian/user/liuhanzuo/indep-bench/qcomem_gpu_vllm_paged_fair_v2_20260814c/aggregate_deployment.py: OK
/mnt/tidal-alsh-hilab/dataset/diandian/user/liuhanzuo/indep-bench/qcomem_gpu_vllm_paged_fair_v2_20260814c/aggregate_detached_lora_semantic_gate.py: OK
/mnt/tidal-alsh-hilab/dataset/diandian/user/liuhanzuo/indep-bench/qcomem_gpu_vllm_paged_fair_v2_20260814c/aggregate_downstream.py: OK
/mnt/tidal-alsh-hilab/dataset/diandian/user/liuhanzuo/indep-bench/qcomem_gpu_vllm_paged_fair_v2_20260814c/aggregate_hypic_lite.py: OK
/mnt/tidal-alsh-hilab/dataset/diandian/user/liuhanzuo/indep-bench/qcomem_gpu_vllm_paged_fair_v2_20260814c/aggregate_interface.py: OK
/mnt/tidal-alsh-hilab/dataset/diandian/user/liuhanzuo/indep-bench/qcomem_gpu_vllm_paged_fair_v2_20260814c/aggregate_interface_lora.py: OK
/mnt/tidal-alsh-hilab/dataset/diandian/user/liuhanzuo/indep-bench/qcomem_gpu_vllm_paged_fair_v2_20260814c/aggregate_joint_policy_candidates.py: OK
/mnt/tidal-alsh-hilab/dataset/diandian/user/liuhanzuo/indep-bench/qcomem_gpu_vllm_paged_fair_v2_20260814c/aggregate_joint_policy_eval.py: OK
/mnt/tidal-alsh-hilab/dataset/diandian/user/liuhanzuo/indep-bench/qcomem_gpu_vllm_paged_fair_v2_20260814c/aggregate_layer_sensitivity.py: OK
/mnt/tidal-alsh-hilab/dataset/diandian/user/liuhanzuo/indep-bench/qcomem_gpu_vllm_paged_fair_v2_20260814c/aggregate_lora_deployment_semantic_gate.py: OK
/mnt/tidal-alsh-hilab/dataset/diandian/user/liuhanzuo/indep-bench/qcomem_gpu_vllm_paged_fair_v2_20260814c/aggregate_native_lora_checkpoint_attribution.py: OK
/mnt/tidal-alsh-hilab/dataset/diandian/user/liuhanzuo/indep-bench/qcomem_gpu_vllm_paged_fair_v2_20260814c/aggregate_native_lora_heldout.py: OK
/mnt/tidal-alsh-hilab/dataset/diandian/user/liuhanzuo/indep-bench/qcomem_gpu_vllm_paged_fair_v2_20260814c/aggregate_native_lora_semantic_gate.py: OK
/mnt/tidal-alsh-hilab/dataset/diandian/user/liuhanzuo/indep-bench/qcomem_gpu_vllm_paged_fair_v2_20260814c/aggregate_qcomem_qwen35_paged_real.py: OK
/mnt/tidal-alsh-hilab/dataset/diandian/user/liuhanzuo/indep-bench/qcomem_gpu_vllm_paged_fair_v2_20260814c/aggregate_replay.py: OK
/mnt/tidal-alsh-hilab/dataset/diandian/user/liuhanzuo/indep-bench/qcomem_gpu_vllm_paged_fair_v2_20260814c/aggregate_sft_dcp_downstream.py: OK
/mnt/tidal-alsh-hilab/dataset/diandian/user/liuhanzuo/indep-bench/qcomem_gpu_vllm_paged_fair_v2_20260814c/aggregate_sft_full_qcomem.py: OK
/mnt/tidal-alsh-hilab/dataset/diandian/user/liuhanzuo/indep-bench/qcomem_gpu_vllm_paged_fair_v2_20260814c/analyze_validation.py: OK
/mnt/tidal-alsh-hilab/dataset/diandian/user/liuhanzuo/indep-bench/qcomem_gpu_vllm_paged_fair_v2_20260814c/audit_deployment_aware_sft.py: OK
/mnt/tidal-alsh-hilab/dataset/diandian/user/liuhanzuo/indep-bench/qcomem_gpu_vllm_paged_fair_v2_20260814c/audit_detached_lora_checkpoint.py: OK
/mnt/tidal-alsh-hilab/dataset/diandian/user/liuhanzuo/indep-bench/qcomem_gpu_vllm_paged_fair_v2_20260814c/audit_supervised_sft_scale.py: OK
/mnt/tidal-alsh-hilab/dataset/diandian/user/liuhanzuo/indep-bench/qcomem_gpu_vllm_paged_fair_v2_20260814c/build_deployment_aware_sft.py: OK
/mnt/tidal-alsh-hilab/dataset/diandian/user/liuhanzuo/indep-bench/qcomem_gpu_vllm_paged_fair_v2_20260814c/build_native_lora_domain_view.py: OK
/mnt/tidal-alsh-hilab/dataset/diandian/user/liuhanzuo/indep-bench/qcomem_gpu_vllm_paged_fair_v2_20260814c/build_sft_overlap_ledger.py: OK
/mnt/tidal-alsh-hilab/dataset/diandian/user/liuhanzuo/indep-bench/qcomem_gpu_vllm_paged_fair_v2_20260814c/dcp_replicated_load_preflight.py: OK
/mnt/tidal-alsh-hilab/dataset/diandian/user/liuhanzuo/indep-bench/qcomem_gpu_vllm_paged_fair_v2_20260814c/deployment_aware_fsdp_preflight.py: OK
/mnt/tidal-alsh-hilab/dataset/diandian/user/liuhanzuo/indep-bench/qcomem_gpu_vllm_paged_fair_v2_20260814c/deployment_aware_sft.py: OK
/mnt/tidal-alsh-hilab/dataset/diandian/user/liuhanzuo/indep-bench/qcomem_gpu_vllm_paged_fair_v2_20260814c/diagnose_qcomem_qwen35_paged_dtype.py: OK
/mnt/tidal-alsh-hilab/dataset/diandian/user/liuhanzuo/indep-bench/qcomem_gpu_vllm_paged_fair_v2_20260814c/fp32_master.py: OK
/mnt/tidal-alsh-hilab/dataset/diandian/user/liuhanzuo/indep-bench/qcomem_gpu_vllm_paged_fair_v2_20260814c/fsdp_dcp_longrun_preflight.py: OK
/mnt/tidal-alsh-hilab/dataset/diandian/user/liuhanzuo/indep-bench/qcomem_gpu_vllm_paged_fair_v2_20260814c/fsdp_fp32_preflight.py: OK
/mnt/tidal-alsh-hilab/dataset/diandian/user/liuhanzuo/indep-bench/qcomem_gpu_vllm_paged_fair_v2_20260814c/hypic_lite.py: OK
/mnt/tidal-alsh-hilab/dataset/diandian/user/liuhanzuo/indep-bench/qcomem_gpu_vllm_paged_fair_v2_20260814c/preflight_supervised_sft.py: OK
/mnt/tidal-alsh-hilab/dataset/diandian/user/liuhanzuo/indep-bench/qcomem_gpu_vllm_paged_fair_v2_20260814c/prepare_longbench_subset.py: OK
/mnt/tidal-alsh-hilab/dataset/diandian/user/liuhanzuo/indep-bench/qcomem_gpu_vllm_paged_fair_v2_20260814c/prepare_pg19_train_subset.py: OK
/mnt/tidal-alsh-hilab/dataset/diandian/user/liuhanzuo/indep-bench/qcomem_gpu_vllm_paged_fair_v2_20260814c/prepare_supervised_qa_train.py: OK
/mnt/tidal-alsh-hilab/dataset/diandian/user/liuhanzuo/indep-bench/qcomem_gpu_vllm_paged_fair_v2_20260814c/qcomem_answer_supervised_lora.py: OK
/mnt/tidal-alsh-hilab/dataset/diandian/user/liuhanzuo/indep-bench/qcomem_gpu_vllm_paged_fair_v2_20260814c/qcomem_deployment.py: OK
/mnt/tidal-alsh-hilab/dataset/diandian/user/liuhanzuo/indep-bench/qcomem_gpu_vllm_paged_fair_v2_20260814c/qcomem_functional_cache.py: OK
/mnt/tidal-alsh-hilab/dataset/diandian/user/liuhanzuo/indep-bench/qcomem_gpu_vllm_paged_fair_v2_20260814c/qcomem_joint_policy.py: OK
/mnt/tidal-alsh-hilab/dataset/diandian/user/liuhanzuo/indep-bench/qcomem_gpu_vllm_paged_fair_v2_20260814c/qcomem_lora.py: OK
/mnt/tidal-alsh-hilab/dataset/diandian/user/liuhanzuo/indep-bench/qcomem_gpu_vllm_paged_fair_v2_20260814c/qcomem_native_lora_protocol.py: OK
/mnt/tidal-alsh-hilab/dataset/diandian/user/liuhanzuo/indep-bench/qcomem_gpu_vllm_paged_fair_v2_20260814c/qcomem_paged.py: OK
/mnt/tidal-alsh-hilab/dataset/diandian/user/liuhanzuo/indep-bench/qcomem_gpu_vllm_paged_fair_v2_20260814c/qcomem_paged_attention.py: OK
/mnt/tidal-alsh-hilab/dataset/diandian/user/liuhanzuo/indep-bench/qcomem_gpu_vllm_paged_fair_v2_20260814c/qcomem_qwen35_functional_stack.py: OK
/mnt/tidal-alsh-hilab/dataset/diandian/user/liuhanzuo/indep-bench/qcomem_gpu_vllm_paged_fair_v2_20260814c/qcomem_qwen35_gdn_functional.py: OK
/mnt/tidal-alsh-hilab/dataset/diandian/user/liuhanzuo/indep-bench/qcomem_gpu_vllm_paged_fair_v2_20260814c/qcomem_qwen35_native_cache.py: OK
/mnt/tidal-alsh-hilab/dataset/diandian/user/liuhanzuo/indep-bench/qcomem_gpu_vllm_paged_fair_v2_20260814c/qcomem_qwen35_paged_integration.py: OK
/mnt/tidal-alsh-hilab/dataset/diandian/user/liuhanzuo/indep-bench/qcomem_gpu_vllm_paged_fair_v2_20260814c/qcomem_qwen35_vllm_paged_integration.py: OK
/mnt/tidal-alsh-hilab/dataset/diandian/user/liuhanzuo/indep-bench/qcomem_gpu_vllm_paged_fair_v2_20260814c/qcomem_suffix_full.py: OK
/mnt/tidal-alsh-hilab/dataset/diandian/user/liuhanzuo/indep-bench/qcomem_gpu_vllm_paged_fair_v2_20260814c/qcomem_torch.py: OK
/mnt/tidal-alsh-hilab/dataset/diandian/user/liuhanzuo/indep-bench/qcomem_gpu_vllm_paged_fair_v2_20260814c/qcomem_vllm_paged_fair_control.py: OK
/mnt/tidal-alsh-hilab/dataset/diandian/user/liuhanzuo/indep-bench/qcomem_gpu_vllm_paged_fair_v2_20260814c/qcomem_vllm_paged_kernel.py: OK
/mnt/tidal-alsh-hilab/dataset/diandian/user/liuhanzuo/indep-bench/qcomem_gpu_vllm_paged_fair_v2_20260814c/run_answer_lora_full_state_downstream.py: OK
/mnt/tidal-alsh-hilab/dataset/diandian/user/liuhanzuo/indep-bench/qcomem_gpu_vllm_paged_fair_v2_20260814c/run_cached_smoke.py: OK
/mnt/tidal-alsh-hilab/dataset/diandian/user/liuhanzuo/indep-bench/qcomem_gpu_vllm_paged_fair_v2_20260814c/run_capacity_scaling.py: OK
/mnt/tidal-alsh-hilab/dataset/diandian/user/liuhanzuo/indep-bench/qcomem_gpu_vllm_paged_fair_v2_20260814c/run_deployment_bench.py: OK
/mnt/tidal-alsh-hilab/dataset/diandian/user/liuhanzuo/indep-bench/qcomem_gpu_vllm_paged_fair_v2_20260814c/run_detached_lora_semantic_gate.py: OK
/mnt/tidal-alsh-hilab/dataset/diandian/user/liuhanzuo/indep-bench/qcomem_gpu_vllm_paged_fair_v2_20260814c/run_downstream.py: OK
/mnt/tidal-alsh-hilab/dataset/diandian/user/liuhanzuo/indep-bench/qcomem_gpu_vllm_paged_fair_v2_20260814c/run_hypic_lite_bench.py: OK
/mnt/tidal-alsh-hilab/dataset/diandian/user/liuhanzuo/indep-bench/qcomem_gpu_vllm_paged_fair_v2_20260814c/run_interface_diagnostic.py: OK
/mnt/tidal-alsh-hilab/dataset/diandian/user/liuhanzuo/indep-bench/qcomem_gpu_vllm_paged_fair_v2_20260814c/run_joint_policy_eval.py: OK
/mnt/tidal-alsh-hilab/dataset/diandian/user/liuhanzuo/indep-bench/qcomem_gpu_vllm_paged_fair_v2_20260814c/run_joint_policy_profile.py: OK
/mnt/tidal-alsh-hilab/dataset/diandian/user/liuhanzuo/indep-bench/qcomem_gpu_vllm_paged_fair_v2_20260814c/run_layer_sensitivity.py: OK
/mnt/tidal-alsh-hilab/dataset/diandian/user/liuhanzuo/indep-bench/qcomem_gpu_vllm_paged_fair_v2_20260814c/run_lora_deployment_semantic_gate.py: OK
/mnt/tidal-alsh-hilab/dataset/diandian/user/liuhanzuo/indep-bench/qcomem_gpu_vllm_paged_fair_v2_20260814c/run_native_lora_checkpoint_attribution.py: OK
/mnt/tidal-alsh-hilab/dataset/diandian/user/liuhanzuo/indep-bench/qcomem_gpu_vllm_paged_fair_v2_20260814c/run_native_lora_heldout.py: OK
/mnt/tidal-alsh-hilab/dataset/diandian/user/liuhanzuo/indep-bench/qcomem_gpu_vllm_paged_fair_v2_20260814c/run_native_lora_semantic_gate.py: OK
/mnt/tidal-alsh-hilab/dataset/diandian/user/liuhanzuo/indep-bench/qcomem_gpu_vllm_paged_fair_v2_20260814c/run_qcomem_qwen35_paged_real.py: OK
/mnt/tidal-alsh-hilab/dataset/diandian/user/liuhanzuo/indep-bench/qcomem_gpu_vllm_paged_fair_v2_20260814c/run_qcomem_qwen35_vllm_paged_fair_v2.py: OK
/mnt/tidal-alsh-hilab/dataset/diandian/user/liuhanzuo/indep-bench/qcomem_gpu_vllm_paged_fair_v2_20260814c/run_qcomem_qwen35_vllm_paged_formal.py: OK
/mnt/tidal-alsh-hilab/dataset/diandian/user/liuhanzuo/indep-bench/qcomem_gpu_vllm_paged_fair_v2_20260814c/run_replay_diagnostic.py: OK
/mnt/tidal-alsh-hilab/dataset/diandian/user/liuhanzuo/indep-bench/qcomem_gpu_vllm_paged_fair_v2_20260814c/run_sft_dcp_downstream.py: OK
/mnt/tidal-alsh-hilab/dataset/diandian/user/liuhanzuo/indep-bench/qcomem_gpu_vllm_paged_fair_v2_20260814c/run_sft_full_qcomem_downstream.py: OK
/mnt/tidal-alsh-hilab/dataset/diandian/user/liuhanzuo/indep-bench/qcomem_gpu_vllm_paged_fair_v2_20260814c/sft_dcp_checkpoint.py: OK
/mnt/tidal-alsh-hilab/dataset/diandian/user/liuhanzuo/indep-bench/qcomem_gpu_vllm_paged_fair_v2_20260814c/sft_quality_validation.py: OK
/mnt/tidal-alsh-hilab/dataset/diandian/user/liuhanzuo/indep-bench/qcomem_gpu_vllm_paged_fair_v2_20260814c/split_supervised_sft_scale.py: OK
/mnt/tidal-alsh-hilab/dataset/diandian/user/liuhanzuo/indep-bench/qcomem_gpu_vllm_paged_fair_v2_20260814c/supervised_sft.py: OK
/mnt/tidal-alsh-hilab/dataset/diandian/user/liuhanzuo/indep-bench/qcomem_gpu_vllm_paged_fair_v2_20260814c/supervised_sft_longrun.py: OK
/mnt/tidal-alsh-hilab/dataset/diandian/user/liuhanzuo/indep-bench/qcomem_gpu_vllm_paged_fair_v2_20260814c/test_aggregate_qcomem_qwen35_paged_real.py: OK
/mnt/tidal-alsh-hilab/dataset/diandian/user/liuhanzuo/indep-bench/qcomem_gpu_vllm_paged_fair_v2_20260814c/test_analyze_validation.py: OK
/mnt/tidal-alsh-hilab/dataset/diandian/user/liuhanzuo/indep-bench/qcomem_gpu_vllm_paged_fair_v2_20260814c/test_answer_lora_full_state_downstream.py: OK
/mnt/tidal-alsh-hilab/dataset/diandian/user/liuhanzuo/indep-bench/qcomem_gpu_vllm_paged_fair_v2_20260814c/test_answer_supervised_native_lora.py: OK
/mnt/tidal-alsh-hilab/dataset/diandian/user/liuhanzuo/indep-bench/qcomem_gpu_vllm_paged_fair_v2_20260814c/test_deployment_aware_sft.py: OK
/mnt/tidal-alsh-hilab/dataset/diandian/user/liuhanzuo/indep-bench/qcomem_gpu_vllm_paged_fair_v2_20260814c/test_detached_lora_capability.py: OK
/mnt/tidal-alsh-hilab/dataset/diandian/user/liuhanzuo/indep-bench/qcomem_gpu_vllm_paged_fair_v2_20260814c/test_diagnose_qcomem_qwen35_paged_dtype.py: OK
/mnt/tidal-alsh-hilab/dataset/diandian/user/liuhanzuo/indep-bench/qcomem_gpu_vllm_paged_fair_v2_20260814c/test_fp32_master.py: OK
/mnt/tidal-alsh-hilab/dataset/diandian/user/liuhanzuo/indep-bench/qcomem_gpu_vllm_paged_fair_v2_20260814c/test_hypic_lite.py: OK
/mnt/tidal-alsh-hilab/dataset/diandian/user/liuhanzuo/indep-bench/qcomem_gpu_vllm_paged_fair_v2_20260814c/test_joint_policy_calibration.py: OK
/mnt/tidal-alsh-hilab/dataset/diandian/user/liuhanzuo/indep-bench/qcomem_gpu_vllm_paged_fair_v2_20260814c/test_lora_deployment_semantic_gate.py: OK
/mnt/tidal-alsh-hilab/dataset/diandian/user/liuhanzuo/indep-bench/qcomem_gpu_vllm_paged_fair_v2_20260814c/test_mixed_validation.py: OK
/mnt/tidal-alsh-hilab/dataset/diandian/user/liuhanzuo/indep-bench/qcomem_gpu_vllm_paged_fair_v2_20260814c/test_native_lora_checkpoint_attribution.py: OK
/mnt/tidal-alsh-hilab/dataset/diandian/user/liuhanzuo/indep-bench/qcomem_gpu_vllm_paged_fair_v2_20260814c/test_prepare_supervised_qa_train.py: OK
/mnt/tidal-alsh-hilab/dataset/diandian/user/liuhanzuo/indep-bench/qcomem_gpu_vllm_paged_fair_v2_20260814c/test_qcomem_deployment.py: OK
/mnt/tidal-alsh-hilab/dataset/diandian/user/liuhanzuo/indep-bench/qcomem_gpu_vllm_paged_fair_v2_20260814c/test_qcomem_functional_cache.py: OK
/mnt/tidal-alsh-hilab/dataset/diandian/user/liuhanzuo/indep-bench/qcomem_gpu_vllm_paged_fair_v2_20260814c/test_qcomem_lora.py: OK
/mnt/tidal-alsh-hilab/dataset/diandian/user/liuhanzuo/indep-bench/qcomem_gpu_vllm_paged_fair_v2_20260814c/test_qcomem_native_lora_protocol.py: OK
/mnt/tidal-alsh-hilab/dataset/diandian/user/liuhanzuo/indep-bench/qcomem_gpu_vllm_paged_fair_v2_20260814c/test_qcomem_paged.py: OK
/mnt/tidal-alsh-hilab/dataset/diandian/user/liuhanzuo/indep-bench/qcomem_gpu_vllm_paged_fair_v2_20260814c/test_qcomem_paged_attention.py: OK
/mnt/tidal-alsh-hilab/dataset/diandian/user/liuhanzuo/indep-bench/qcomem_gpu_vllm_paged_fair_v2_20260814c/test_qcomem_qwen35_functional_stack.py: OK
/mnt/tidal-alsh-hilab/dataset/diandian/user/liuhanzuo/indep-bench/qcomem_gpu_vllm_paged_fair_v2_20260814c/test_qcomem_qwen35_gdn_functional.py: OK
/mnt/tidal-alsh-hilab/dataset/diandian/user/liuhanzuo/indep-bench/qcomem_gpu_vllm_paged_fair_v2_20260814c/test_qcomem_qwen35_native_cache.py: OK
/mnt/tidal-alsh-hilab/dataset/diandian/user/liuhanzuo/indep-bench/qcomem_gpu_vllm_paged_fair_v2_20260814c/test_qcomem_qwen35_paged_integration.py: OK
/mnt/tidal-alsh-hilab/dataset/diandian/user/liuhanzuo/indep-bench/qcomem_gpu_vllm_paged_fair_v2_20260814c/test_qcomem_qwen35_vllm_paged_integration.py: OK
/mnt/tidal-alsh-hilab/dataset/diandian/user/liuhanzuo/indep-bench/qcomem_gpu_vllm_paged_fair_v2_20260814c/test_qcomem_suffix_full.py: OK
/mnt/tidal-alsh-hilab/dataset/diandian/user/liuhanzuo/indep-bench/qcomem_gpu_vllm_paged_fair_v2_20260814c/test_qcomem_torch.py: OK
/mnt/tidal-alsh-hilab/dataset/diandian/user/liuhanzuo/indep-bench/qcomem_gpu_vllm_paged_fair_v2_20260814c/test_qcomem_vllm_paged_fair_control.py: OK
/mnt/tidal-alsh-hilab/dataset/diandian/user/liuhanzuo/indep-bench/qcomem_gpu_vllm_paged_fair_v2_20260814c/test_qcomem_vllm_paged_kernel.py: OK
/mnt/tidal-alsh-hilab/dataset/diandian/user/liuhanzuo/indep-bench/qcomem_gpu_vllm_paged_fair_v2_20260814c/test_run_downstream.py: OK
/mnt/tidal-alsh-hilab/dataset/diandian/user/liuhanzuo/indep-bench/qcomem_gpu_vllm_paged_fair_v2_20260814c/test_run_qcomem_qwen35_paged_real.py: OK
/mnt/tidal-alsh-hilab/dataset/diandian/user/liuhanzuo/indep-bench/qcomem_gpu_vllm_paged_fair_v2_20260814c/test_run_qcomem_qwen35_vllm_paged_fair_v2.py: OK
/mnt/tidal-alsh-hilab/dataset/diandian/user/liuhanzuo/indep-bench/qcomem_gpu_vllm_paged_fair_v2_20260814c/test_run_qcomem_qwen35_vllm_paged_formal.py: OK
/mnt/tidal-alsh-hilab/dataset/diandian/user/liuhanzuo/indep-bench/qcomem_gpu_vllm_paged_fair_v2_20260814c/test_sft_dcp_downstream.py: OK
/mnt/tidal-alsh-hilab/dataset/diandian/user/liuhanzuo/indep-bench/qcomem_gpu_vllm_paged_fair_v2_20260814c/test_sft_full_qcomem_downstream.py: OK
/mnt/tidal-alsh-hilab/dataset/diandian/user/liuhanzuo/indep-bench/qcomem_gpu_vllm_paged_fair_v2_20260814c/test_sft_quality_validation.py: OK
/mnt/tidal-alsh-hilab/dataset/diandian/user/liuhanzuo/indep-bench/qcomem_gpu_vllm_paged_fair_v2_20260814c/test_split_supervised_sft_scale.py: OK
/mnt/tidal-alsh-hilab/dataset/diandian/user/liuhanzuo/indep-bench/qcomem_gpu_vllm_paged_fair_v2_20260814c/test_supervised_sft.py: OK
/mnt/tidal-alsh-hilab/dataset/diandian/user/liuhanzuo/indep-bench/qcomem_gpu_vllm_paged_fair_v2_20260814c/test_supervised_sft_longrun.py: OK
/mnt/tidal-alsh-hilab/dataset/diandian/user/liuhanzuo/indep-bench/qcomem_gpu_vllm_paged_fair_v2_20260814c/train_answer_supervised_native_lora.py: OK
/mnt/tidal-alsh-hilab/dataset/diandian/user/liuhanzuo/indep-bench/qcomem_gpu_vllm_paged_fair_v2_20260814c/train_deployment_aware_sft.py: OK
/mnt/tidal-alsh-hilab/dataset/diandian/user/liuhanzuo/indep-bench/qcomem_gpu_vllm_paged_fair_v2_20260814c/train_native_lora_formal.py: OK
/mnt/tidal-alsh-hilab/dataset/diandian/user/liuhanzuo/indep-bench/qcomem_gpu_vllm_paged_fair_v2_20260814c/train_qcomem_lora.py: OK
/mnt/tidal-alsh-hilab/dataset/diandian/user/liuhanzuo/indep-bench/qcomem_gpu_vllm_paged_fair_v2_20260814c/train_qcomem_suffix_full.py: OK
/mnt/tidal-alsh-hilab/dataset/diandian/user/liuhanzuo/indep-bench/qcomem_gpu_vllm_paged_fair_v2_20260814c/train_supervised_sft.py: OK
/mnt/tidal-alsh-hilab/dataset/diandian/user/liuhanzuo/indep-bench/qcomem_gpu_vllm_paged_fair_v2_20260814c/train_supervised_sft_longrun.py: OK
/mnt/tidal-alsh-hilab/dataset/diandian/user/liuhanzuo/indep-bench/qcomem_gpu_vllm_paged_fair_v2_20260814c/launch_qcomem_qwen35_vllm_paged_fair_v2_8gpu.sh: OK
