{
  "schema_version": "qcomem-native-lora-checkpoint-attribution-v1",
  "status": "completed",
  "experiment": "preregistered_experiment_A_checkpoint_attribution",
  "source_job_id": 235749,
  "source_trial_id": 1834056,
  "samples": 60,
  "validation_data_sha256": "1553739496b3c209988de56a4ccf574d407379b6b7937ddfafacbe66925069fe",
  "source_indices": [
    6,
    35
  ],
  "excluded_calibration_indices": [
    4,
    5
  ],
  "checkpoint_sha256": {
    "0": "5e53f4a90facbf83ba41e4b7fdbe46a0460dc7a87ec9211491680c8c68a9ac9a",
    "64": "29d30bc121494f4e868b20cdfa605a69466798115c8e5cc1746d252ad457b9fb",
    "128": "a47cfba5e5a8c8e62674fbc0a0e3bd716c366f4d1380100eb42da1c2db903843"
  },
  "store_policy": {
    "mode": "replay",
    "depth": 7,
    "residual_bits": 4,
    "attention_bits": 4,
    "linear_bits": 8,
    "cache_layer_bits": [
      8,
      8,
      8,
      4,
      8,
      8,
      8
    ],
    "name": "replay-d7-frozen-static",
    "state_scope": "residual plus complete lower-layer KV/recurrent/conv state"
  },
  "protocol": {
    "same_model_process_per_rank": true,
    "same_store_policy": true,
    "same_caller": "run_replay_diagnostic.run_config/full_state_replay",
    "same_prompt": "longbench-v1-official",
    "same_decoding": "greedy_argmax",
    "max_input_tokens": 4096,
    "dataset_max_new_tokens": {
      "qasper": 128,
      "2wikimqa": 32
    },
    "paired_examples": true,
    "bootstrap_seed": 20260831,
    "bootstrap_repetitions": 10000,
    "four_conditions_run_sequentially_in_one_8_gpu_job": true
  },
  "mean_f1": {
    "adapter-disabled": {
      "overall": 0.5436007989787979,
      "qasper": 0.4230746138306117,
      "2wikimqa": 0.6641269841269841
    },
    "native-lora-step0": {
      "overall": 0.5339249628323735,
      "qasper": 0.42753246534728667,
      "2wikimqa": 0.6403174603174603
    },
    "native-lora-step64": {
      "overall": 0.5213804925780201,
      "qasper": 0.3891101915052466,
      "2wikimqa": 0.6536507936507937
    },
    "native-lora-step128": {
      "overall": 0.5282977039069962,
      "qasper": 0.43627794749653204,
      "2wikimqa": 0.6203174603174604
    }
  },
  "paired_comparisons": {
    "native-lora-step0_vs_adapter-disabled": {
      "candidate": "native-lora-step0",
      "reference": "adapter-disabled",
      "samples": 60,
      "mean_f1_delta": -0.009675836146424381,
      "paired_bootstrap_95_ci": [
        -0.06328976034858387,
        0.04004345327874739
      ],
      "prediction_exact_agreement": 0.8333333333333334,
      "token_sequence_exact_agreement": 0.8333333333333334,
      "mean_token_position_agreement": 0.8842110042735043,
      "per_dataset": {
        "2wikimqa": {
          "samples": 30,
          "mean_f1_delta": -0.023809523809523805,
          "paired_bootstrap_95_ci": [
            -0.12857142857142856,
            0.07619047619047618
          ],
          "prediction_exact_agreement": 0.8333333333333334,
          "token_sequence_exact_agreement": 0.8333333333333334,
          "mean_token_position_agreement": 0.8583333333333333
        },
        "qasper": {
          "samples": 30,
          "mean_f1_delta": 0.0044578515166750435,
          "paired_bootstrap_95_ci": [
            0.0,
            0.011211664152840618
          ],
          "prediction_exact_agreement": 0.8333333333333334,
          "token_sequence_exact_agreement": 0.8333333333333334,
          "mean_token_position_agreement": 0.9100886752136752
        }
      }
    },
    "native-lora-step64_vs_adapter-disabled": {
      "candidate": "native-lora-step64",
      "reference": "adapter-disabled",
      "samples": 60,
      "mean_f1_delta": -0.022220306400777757,
      "paired_bootstrap_95_ci": [
        -0.09073870573870572,
        0.03818367758476651
      ],
      "prediction_exact_agreement": 0.8,
      "token_sequence_exact_agreement": 0.8,
      "mean_token_position_agreement": 0.865274433686518,
      "per_dataset": {
        "2wikimqa": {
          "samples": 30,
          "mean_f1_delta": -0.010476190476190472,
          "paired_bootstrap_95_ci": [
            -0.12095238095238094,
            0.09333333333333332
          ],
          "prediction_exact_agreement": 0.8,
          "token_sequence_exact_agreement": 0.8,
          "mean_token_position_agreement": 0.8488095238095238
        },
        "qasper": {
          "samples": 30,
          "mean_f1_delta": -0.033964422325365035,
          "paired_bootstrap_95_ci": [
            -0.10438760672314108,
            0.00514841082216968
          ],
          "prediction_exact_agreement": 0.8,
          "token_sequence_exact_agreement": 0.8,
          "mean_token_position_agreement": 0.8817393435635125
        }
      }
    },
    "native-lora-step128_vs_adapter-disabled": {
      "candidate": "native-lora-step128",
      "reference": "adapter-disabled",
      "samples": 60,
      "mean_f1_delta": -0.01530309507180172,
      "paired_bootstrap_95_ci": [
        -0.06410208527855586,
        0.022667305179107207
      ],
      "prediction_exact_agreement": 0.8166666666666667,
      "token_sequence_exact_agreement": 0.8166666666666667,
      "mean_token_position_agreement": 0.8677595527341372,
      "per_dataset": {
        "2wikimqa": {
          "samples": 30,
          "mean_f1_delta": -0.043809523809523805,
          "paired_bootstrap_95_ci": [
            -0.13809523809523808,
            0.02666666666666667
          ],
          "prediction_exact_agreement": 0.8333333333333334,
          "token_sequence_exact_agreement": 0.8333333333333334,
          "mean_token_position_agreement": 0.8654761904761905
        },
        "qasper": {
          "samples": 30,
          "mean_f1_delta": 0.013203333665920365,
          "paired_bootstrap_95_ci": [
            -0.004665851014735396,
            0.03905820071860956
          ],
          "prediction_exact_agreement": 0.8,
          "token_sequence_exact_agreement": 0.8,
          "mean_token_position_agreement": 0.8700429149920837
        }
      }
    },
    "native-lora-step64_vs_native-lora-step0": {
      "candidate": "native-lora-step64",
      "reference": "native-lora-step0",
      "samples": 60,
      "mean_f1_delta": -0.012544470254353374,
      "paired_bootstrap_95_ci": [
        -0.053831572959895796,
        0.01629169272064543
      ],
      "prediction_exact_agreement": 0.85,
      "token_sequence_exact_agreement": 0.85,
      "mean_token_position_agreement": 0.9214527582214603,
      "per_dataset": {
        "2wikimqa": {
          "samples": 30,
          "mean_f1_delta": 0.013333333333333334,
          "paired_bootstrap_95_ci": [
            0.0,
            0.04000000000000001
          ],
          "prediction_exact_agreement": 0.9666666666666667,
          "token_sequence_exact_agreement": 0.9666666666666667,
          "mean_token_position_agreement": 0.9904761904761905
        },
        "qasper": {
          "samples": 30,
          "mean_f1_delta": -0.03842227384204008,
          "paired_bootstrap_95_ci": [
            -0.11037273146806616,
            0.002536250499221444
          ],
          "prediction_exact_agreement": 0.7333333333333333,
          "token_sequence_exact_agreement": 0.7333333333333333,
          "mean_token_position_agreement": 0.85242932596673
        }
      }
    },
    "native-lora-step128_vs_native-lora-step0": {
      "candidate": "native-lora-step128",
      "reference": "native-lora-step0",
      "samples": 60,
      "mean_f1_delta": -0.005627258925377339,
      "paired_bootstrap_95_ci": [
        -0.0487358880516162,
        0.02583583537459639
      ],
      "prediction_exact_agreement": 0.8666666666666667,
      "token_sequence_exact_agreement": 0.8666666666666667,
      "mean_token_position_agreement": 0.9270628772690793,
      "per_dataset": {
        "2wikimqa": {
          "samples": 30,
          "mean_f1_delta": -0.02,
          "paired_bootstrap_95_ci": [
            -0.1,
            0.04000000000000001
          ],
          "prediction_exact_agreement": 0.9333333333333333,
          "token_sequence_exact_agreement": 0.9333333333333333,
          "mean_token_position_agreement": 0.9738095238095238
        },
        "qasper": {
          "samples": 30,
          "mean_f1_delta": 0.00874548214924532,
          "paired_bootstrap_95_ci": [
            -0.009782243520574935,
            0.035907538744418176
          ],
          "prediction_exact_agreement": 0.8,
          "token_sequence_exact_agreement": 0.8,
          "mean_token_position_agreement": 0.8803162307286349
        }
      }
    },
    "native-lora-step128_vs_native-lora-step64": {
      "candidate": "native-lora-step128",
      "reference": "native-lora-step64",
      "samples": 60,
      "mean_f1_delta": 0.006917211328976035,
      "paired_bootstrap_95_ci": [
        -0.04308278867102397,
        0.05555555555555556
      ],
      "prediction_exact_agreement": 0.9166666666666666,
      "token_sequence_exact_agreement": 0.9166666666666666,
      "mean_token_position_agreement": 0.9491517857142857,
      "per_dataset": {
        "2wikimqa": {
          "samples": 30,
          "mean_f1_delta": -0.03333333333333333,
          "paired_bootstrap_95_ci": [
            -0.1,
            0.0
          ],
          "prediction_exact_agreement": 0.9666666666666667,
          "token_sequence_exact_agreement": 0.9666666666666667,
          "mean_token_position_agreement": 0.9833333333333333
        },
        "qasper": {
          "samples": 30,
          "mean_f1_delta": 0.04716775599128541,
          "paired_bootstrap_95_ci": [
            0.0,
            0.12494553376906319
          ],
          "prediction_exact_agreement": 0.8666666666666667,
          "token_sequence_exact_agreement": 0.8666666666666667,
          "mean_token_position_agreement": 0.9149702380952381
        }
      }
    }
  },
  "two_wiki_answer_type_confusion": {
    "adapter-disabled": {
      "labels": [
        "yes",
        "no",
        "entity",
        "abstain"
      ],
      "rows_are_reference_columns_are_prediction": {
        "yes": {
          "yes": 2,
          "no": 0,
          "entity": 0,
          "abstain": 0
        },
        "no": {
          "yes": 0,
          "no": 2,
          "entity": 0,
          "abstain": 0
        },
        "entity": {
          "yes": 0,
          "no": 0,
          "entity": 26,
          "abstain": 0
        },
        "abstain": {
          "yes": 0,
          "no": 0,
          "entity": 0,
          "abstain": 0
        }
      },
      "reference_counts": {
        "yes": 2,
        "no": 2,
        "entity": 26,
        "abstain": 0
      },
      "prediction_counts": {
        "yes": 2,
        "no": 2,
        "entity": 26,
        "abstain": 0
      },
      "type_exact_accuracy": 1.0,
      "samples": 30,
      "classification_rule": {
        "normalization": "LongBench answer normalization (lowercase, punctuation/articles removed)",
        "yes": "normalized answer is exactly yes",
        "no": "normalized answer is exactly no",
        "abstain": [
          "",
          "cannot answer",
          "cannot be determined",
          "insufficient information",
          "not enough information",
          "unanswerable",
          "unknown"
        ],
        "entity": "every other non-abstaining answer"
      }
    },
    "native-lora-step0": {
      "labels": [
        "yes",
        "no",
        "entity",
        "abstain"
      ],
      "rows_are_reference_columns_are_prediction": {
        "yes": {
          "yes": 1,
          "no": 1,
          "entity": 0,
          "abstain": 0
        },
        "no": {
          "yes": 0,
          "no": 2,
          "entity": 0,
          "abstain": 0
        },
        "entity": {
          "yes": 0,
          "no": 0,
          "entity": 26,
          "abstain": 0
        },
        "abstain": {
          "yes": 0,
          "no": 0,
          "entity": 0,
          "abstain": 0
        }
      },
      "reference_counts": {
        "yes": 2,
        "no": 2,
        "entity": 26,
        "abstain": 0
      },
      "prediction_counts": {
        "yes": 1,
        "no": 3,
        "entity": 26,
        "abstain": 0
      },
      "type_exact_accuracy": 0.9666666666666667,
      "samples": 30,
      "classification_rule": {
        "normalization": "LongBench answer normalization (lowercase, punctuation/articles removed)",
        "yes": "normalized answer is exactly yes",
        "no": "normalized answer is exactly no",
        "abstain": [
          "",
          "cannot answer",
          "cannot be determined",
          "insufficient information",
          "not enough information",
          "unanswerable",
          "unknown"
        ],
        "entity": "every other non-abstaining answer"
      }
    },
    "native-lora-step64": {
      "labels": [
        "yes",
        "no",
        "entity",
        "abstain"
      ],
      "rows_are_reference_columns_are_prediction": {
        "yes": {
          "yes": 1,
          "no": 1,
          "entity": 0,
          "abstain": 0
        },
        "no": {
          "yes": 0,
          "no": 2,
          "entity": 0,
          "abstain": 0
        },
        "entity": {
          "yes": 0,
          "no": 0,
          "entity": 26,
          "abstain": 0
        },
        "abstain": {
          "yes": 0,
          "no": 0,
          "entity": 0,
          "abstain": 0
        }
      },
      "reference_counts": {
        "yes": 2,
        "no": 2,
        "entity": 26,
        "abstain": 0
      },
      "prediction_counts": {
        "yes": 1,
        "no": 3,
        "entity": 26,
        "abstain": 0
      },
      "type_exact_accuracy": 0.9666666666666667,
      "samples": 30,
      "classification_rule": {
        "normalization": "LongBench answer normalization (lowercase, punctuation/articles removed)",
        "yes": "normalized answer is exactly yes",
        "no": "normalized answer is exactly no",
        "abstain": [
          "",
          "cannot answer",
          "cannot be determined",
          "insufficient information",
          "not enough information",
          "unanswerable",
          "unknown"
        ],
        "entity": "every other non-abstaining answer"
      }
    },
    "native-lora-step128": {
      "labels": [
        "yes",
        "no",
        "entity",
        "abstain"
      ],
      "rows_are_reference_columns_are_prediction": {
        "yes": {
          "yes": 1,
          "no": 1,
          "entity": 0,
          "abstain": 0
        },
        "no": {
          "yes": 0,
          "no": 2,
          "entity": 0,
          "abstain": 0
        },
        "entity": {
          "yes": 0,
          "no": 0,
          "entity": 26,
          "abstain": 0
        },
        "abstain": {
          "yes": 0,
          "no": 0,
          "entity": 0,
          "abstain": 0
        }
      },
      "reference_counts": {
        "yes": 2,
        "no": 2,
        "entity": 26,
        "abstain": 0
      },
      "prediction_counts": {
        "yes": 1,
        "no": 3,
        "entity": 26,
        "abstain": 0
      },
      "type_exact_accuracy": 0.9666666666666667,
      "samples": 30,
      "classification_rule": {
        "normalization": "LongBench answer normalization (lowercase, punctuation/articles removed)",
        "yes": "normalized answer is exactly yes",
        "no": "normalized answer is exactly no",
        "abstain": [
          "",
          "cannot answer",
          "cannot be determined",
          "insufficient information",
          "not enough information",
          "unanswerable",
          "unknown"
        ],
        "entity": "every other non-abstaining answer"
      }
    }
  },
  "claim_boundaries": {
    "attribution_only": true,
    "validation_already_consumed": true,
    "validation_may_select_checkpoint_or_policy": false,
    "checkpoint_selection_was_completed_before_this_experiment": true,
    "raw_test_v2_read": false,
    "test_v2_source_indices_68_99_used": false,
    "inference_only_no_new_training": true,
    "q4_q8_applies_to_persistent_document_state_not_model_weights": true
  }
}
