This is XeTeX, Version 3.141592653-2.6-0.999998 (TeX Live 2026) (preloaded format=xelatex)
entering extended mode
(./main.tex
LaTeX2e <2025-11-01>
L3 programming layer <2026-01-19>
(/usr/local/texlive/2026/texmf-dist/tex/latex/base/article.cls
Document Class: article 2025/01/22 v1.4n Standard LaTeX document class
(/usr/local/texlive/2026/texmf-dist/tex/latex/base/size10.clo))
(/usr/local/texlive/2026/texmf-dist/tex/latex/base/fontenc.sty
(/usr/local/texlive/2026/texmf-dist/tex/latex/lm/t1lmr.fd))
(./iclr2026_conference.sty
(/usr/local/texlive/2026/texmf-dist/tex/latex/eso-pic/eso-pic.sty
(/usr/local/texlive/2026/texmf-dist/tex/latex/graphics/keyval.sty)
(/usr/local/texlive/2026/texmf-dist/tex/latex/xcolor/xcolor.sty
(/usr/local/texlive/2026/texmf-dist/tex/latex/graphics-cfg/color.cfg)
(/usr/local/texlive/2026/texmf-dist/tex/latex/graphics-def/xetex.def)
(/usr/local/texlive/2026/texmf-dist/tex/latex/graphics/mathcolor.ltx)))
(./fancyhdr.sty) (./natbib.sty))
(/usr/local/texlive/2026/texmf-dist/tex/latex/psnfss/times.sty)
(/usr/local/texlive/2026/texmf-dist/tex/latex/amsmath/amsmath.sty
For additional information on amsmath, use the `?' option.
(/usr/local/texlive/2026/texmf-dist/tex/latex/amsmath/amstext.sty
(/usr/local/texlive/2026/texmf-dist/tex/latex/amsmath/amsgen.sty))
(/usr/local/texlive/2026/texmf-dist/tex/latex/amsmath/amsbsy.sty)
(/usr/local/texlive/2026/texmf-dist/tex/latex/amsmath/amsopn.sty))
(/usr/local/texlive/2026/texmf-dist/tex/latex/amsfonts/amssymb.sty
(/usr/local/texlive/2026/texmf-dist/tex/latex/amsfonts/amsfonts.sty))
(/usr/local/texlive/2026/texmf-dist/tex/latex/booktabs/booktabs.sty)
(/usr/local/texlive/2026/texmf-dist/tex/latex/graphics/graphicx.sty
(/usr/local/texlive/2026/texmf-dist/tex/latex/graphics/graphics.sty
(/usr/local/texlive/2026/texmf-dist/tex/latex/graphics/trig.sty)
(/usr/local/texlive/2026/texmf-dist/tex/latex/graphics-cfg/graphics.cfg)))
(/usr/local/texlive/2026/texmf-dist/tex/latex/microtype/microtype.sty
(/usr/local/texlive/2026/texmf-dist/tex/latex/etoolbox/etoolbox.sty)
(/usr/local/texlive/2026/texmf-dist/tex/latex/microtype/microtype-xetex.def)
(/usr/local/texlive/2026/texmf-dist/tex/latex/microtype/microtype.cfg))
(/usr/local/texlive/2026/texmf-dist/tex/latex/multirow/multirow.sty)
(/usr/local/texlive/2026/texmf-dist/tex/latex/tools/tabularx.sty
(/usr/local/texlive/2026/texmf-dist/tex/latex/tools/array.sty))
(/usr/local/texlive/2026/texmf-dist/tex/latex/hyperref/hyperref.sty
(/usr/local/texlive/2026/texmf-dist/tex/generic/iftex/iftex.sty)
(/usr/local/texlive/2026/texmf-dist/tex/latex/kvsetkeys/kvsetkeys.sty)
(/usr/local/texlive/2026/texmf-dist/tex/generic/kvdefinekeys/kvdefinekeys.sty)
(/usr/local/texlive/2026/texmf-dist/tex/generic/pdfescape/pdfescape.sty
(/usr/local/texlive/2026/texmf-dist/tex/generic/ltxcmds/ltxcmds.sty)
(/usr/local/texlive/2026/texmf-dist/tex/generic/pdftexcmds/pdftexcmds.sty
(/usr/local/texlive/2026/texmf-dist/tex/generic/infwarerr/infwarerr.sty)))
(/usr/local/texlive/2026/texmf-dist/tex/latex/hycolor/hycolor.sty)
(/usr/local/texlive/2026/texmf-dist/tex/latex/hyperref/nameref.sty
(/usr/local/texlive/2026/texmf-dist/tex/latex/refcount/refcount.sty)
(/usr/local/texlive/2026/texmf-dist/tex/generic/gettitlestring/gettitlestring.s
ty (/usr/local/texlive/2026/texmf-dist/tex/latex/kvoptions/kvoptions.sty)))
(/usr/local/texlive/2026/texmf-dist/tex/generic/stringenc/stringenc.sty)
(/usr/local/texlive/2026/texmf-dist/tex/latex/hyperref/pd1enc.def)
(/usr/local/texlive/2026/texmf-dist/tex/generic/intcalc/intcalc.sty)
(/usr/local/texlive/2026/texmf-dist/tex/latex/hyperref/puenc.def)
(/usr/local/texlive/2026/texmf-dist/tex/latex/url/url.sty)
(/usr/local/texlive/2026/texmf-dist/tex/generic/bitset/bitset.sty
(/usr/local/texlive/2026/texmf-dist/tex/generic/bigintcalc/bigintcalc.sty)))
(/usr/local/texlive/2026/texmf-dist/tex/latex/hyperref/hxetex.def
(/usr/local/texlive/2026/texmf-dist/tex/latex/rerunfilecheck/rerunfilecheck.sty

(/usr/local/texlive/2026/texmf-dist/tex/generic/uniquecounter/uniquecounter.sty
))) (/usr/local/texlive/2026/texmf-dist/tex/latex/psnfss/t1ptm.fd)
(/usr/local/texlive/2026/texmf-dist/tex/latex/l3backend/l3backend-xetex.def)
(./main.aux) (/usr/local/texlive/2026/texmf-dist/tex/latex/microtype/mt-ptm.cfg
) (./main.out) (./main.out)
(/usr/local/texlive/2026/texmf-dist/tex/latex/microtype/mt-cmr.cfg)
(/usr/local/texlive/2026/texmf-dist/tex/latex/amsfonts/umsa.fd)
(/usr/local/texlive/2026/texmf-dist/tex/latex/microtype/mt-msa.cfg)
(/usr/local/texlive/2026/texmf-dist/tex/latex/amsfonts/umsb.fd)
(/usr/local/texlive/2026/texmf-dist/tex/latex/microtype/mt-msb.cfg)
(/usr/local/texlive/2026/texmf-dist/tex/latex/psnfss/t1pcr.fd)
Underfull \hbox (badness 1158) in paragraph at lines 27--43
\T1/ptm/m/n/10 ($\OT1/cmr/m/n/10 +0\OML/cmm/m/it/10 :\OT1/cmr/m/n/10 0278$\T1/p
tm/m/n/10 ; review-driven, post-alignment ex-ploratory anal-y-sis), while ev-er
y

Package natbib Warning: Citation `chow1970character' on page 1 undefined on inp
ut line 50.


Package natbib Warning: Citation `elyaniv2010foundations' on page 1 undefined o
n input line 50.


Package natbib Warning: Citation `bartlett2008classification' on page 1 undefin
ed on input line 50.


Package natbib Warning: Citation `geifman2017selective' on page 1 undefined on 
input line 50.


Package natbib Warning: Citation `altman1995absence' on page 1 undefined on inp
ut line 55.


Underfull \vbox (badness 10000) has occurred while \output is active [1]

Package natbib Warning: Citation `field2007cluster' on page 2 undefined on inpu
t line 143.


Package natbib Warning: Citation `holm1979simple' on page 2 undefined on input 
line 144.


Package natbib Warning: Citation `schuirmann1987comparison' on page 2 undefined
 on input line 147.


Underfull \vbox (badness 7869) has occurred while \output is active [2]

Package natbib Warning: Citation `hoenig2001abuse' on page 3 undefined on input
 line 156.


Package natbib Warning: Citation `holm1979simple' on page 3 undefined on input 
line 163.


Package natbib Warning: Citation `field2007cluster' on page 3 undefined on inpu
t line 163.


Package natbib Warning: Citation `schuirmann1987comparison' on page 3 undefined
 on input line 163.


Package natbib Warning: Citation `altman1995absence' on page 3 undefined on inp
ut line 163.

[3]
Underfull \hbox (badness 6792) in paragraph at lines 278--278
[]\T1/ptm/m/n/10 Table 5: []Headline aligned con-trast from the frozen r204 pai
red-contrast as-set (ex-

Underfull \hbox (badness 5519) in paragraph at lines 278--278
\T1/ptm/m/n/10 ploratory, post-alignment anal-y-sis). Two pan-els share the sam
e frozen, block-mean

Underfull \hbox (badness 10000) in paragraph at lines 278--278
\T1/ptm/m/n/10 de-code scores and a decode-cluster boot-strap ($\OML/cmm/m/it/1
0 B \OT1/cmr/m/n/10 = 2000$\T1/ptm/m/n/10 ; r217 re-com-pu-ta-tion

Underfull \hbox (badness 2707) in paragraph at lines 329--333
[]\T1/ptm/m/n/10 Bootstrap cen-ter-ing is not driv-ing the fam-ily de-ci-sion: 
observed-centered, null-centered,

Underfull \hbox (badness 10000) in paragraph at lines 329--333
\T1/ptm/m/n/10 and permutation-calibrated twin-$\OML/cmm/m/it/10 p$ \T1/ptm/m/n
/10 vari-ants all yield an empty Holm(3) sur-vivor set

Package natbib Warning: Citation `llda' on page 4 undefined on input line 438.


Package natbib Warning: Citation `cobbe2021training' on page 4 undefined on inp
ut line 439.


Underfull \vbox (badness 2334) has occurred while \output is active [4]
Underfull \hbox (badness 10000) in paragraph at lines 477--485
[]\T1/ptm/m/n/10 The anal-y-sis layer is de-ter-min-is-tic. The event stream is
 iden-ti-fied by SHA256

Underfull \hbox (badness 10000) in paragraph at lines 477--485
\T1/pcr/m/n/10 6e39e0ad3d4a42340ab6ef31474a20a2bdf7356dac9c9dbf6c0de63968b85972
\T1/ptm/m/n/10 ;

Underfull \hbox (badness 7047) in paragraph at lines 477--485
\T1/ptm/m/n/10 its meta-data ta-ble by \T1/pcr/m/n/10 2b5c1f9d116257a7ccab6403c
619cf0b74526472e4cabe11
[5]

Package natbib Warning: Citation `austin2021structured' on page 6 undefined on 
input line 496.


Package natbib Warning: Citation `sahoo2024mdlm' on page 6 undefined on input l
ine 496.


Package natbib Warning: Citation `llda' on page 6 undefined on input line 496.


Package natbib Warning: Citation `ssdlm' on page 6 undefined on input line 496.



Package natbib Warning: Citation `dream2025' on page 6 undefined on input line 
496.


Package natbib Warning: Citation `hendrycks2017baseline' on page 6 undefined on
 input line 501.


Package natbib Warning: Citation `guo2017calibration' on page 6 undefined on in
put line 501.


Package natbib Warning: Citation `lin2022teaching' on page 6 undefined on input
 line 501.


Package natbib Warning: Citation `kadavath2022mostly' on page 6 undefined on in
put line 501.


Package natbib Warning: Citation `kuhn2023semantic' on page 6 undefined on inpu
t line 501.


Package natbib Warning: Citation `chow1970character' on page 6 undefined on inp
ut line 504.


Package natbib Warning: Citation `elyaniv2010foundations' on page 6 undefined o
n input line 504.


Package natbib Warning: Citation `geifman2017selective' on page 6 undefined on 
input line 504.


Package natbib Warning: Citation `geifman2019selectivenet' on page 6 undefined 
on input line 504.


Package natbib Warning: Citation `ding2020revisiting' on page 6 undefined on in
put line 504.


Package natbib Warning: Citation `wu2025fastdllm' on page 6 undefined on input 
line 508.


Package natbib Warning: Citation `halting' on page 6 undefined on input line 51
1.


Package natbib Warning: Citation `wang2023selfconsistency' on page 6 undefined 
on input line 511.


Package natbib Warning: Citation `llda' on page 6 undefined on input line 513.


Package natbib Warning: Citation `vovk2005algorithmic' on page 6 undefined on i
nput line 524.


Package natbib Warning: Citation `bates2021distributionfree' on page 6 undefine
d on input line 525.


Package natbib Warning: Citation `angelopoulos2023conformal' on page 6 undefine
d on input line 525.


Package natbib Warning: Citation `geifman2017selective' on page 6 undefined on 
input line 526.

[6]

Package natbib Warning: Citation `llda' on page 7 undefined on input line 561.


Package natbib Warning: Citation `wu2025fastdllm' on page 7 undefined on input 
line 561.


Package natbib Warning: Citation `halting' on page 7 undefined on input line 56
1.


Package natbib Warning: Citation `wang2023selfconsistency' on page 7 undefined 
on input line 561.


Package natbib Warning: Citation `guo2017calibration' on page 7 undefined on in
put line 561.


Package natbib Warning: Citation `chow1970character' on page 7 undefined on inp
ut line 561.


Package natbib Warning: Citation `geifman2019selectivenet' on page 7 undefined 
on input line 561.


Package natbib Warning: Citation `hendrycks2017baseline' on page 7 undefined on
 input line 561.


Package natbib Warning: Citation `kadavath2022mostly' on page 7 undefined on in
put line 561.


Underfull \hbox (badness 4181) in paragraph at lines 561--561
[]|\T1/ptm/b/n/9 paired clus-tered boot-

Underfull \vbox (badness 10000) has occurred while \output is active [7]
Underfull \vbox (badness 10000) has occurred while \output is active [8]
Underfull \hbox (badness 10000) in paragraph at lines 595--608
 []\T1/ptm/b/n/10 Data and anal-y-sis re-lease.[] \T1/ptm/m/n/10 The anal-y-sis
 layer----runtime meta-data, schemas, anal-

Underfull \hbox (badness 10000) in paragraph at lines 595--608
\T1/ptm/m/n/10 y-sis scripts, a co-located man-i-fest, and the fixed iden-ti-fi
ers of the frozen event

Underfull \hbox (badness 10000) in paragraph at lines 595--608
\T1/ptm/m/n/10 stream (SHA256 \T1/pcr/m/n/10 6e39e0ad3d4a42340ab6ef31474a20a2bd
f7356dac9c9dbf

Underfull \hbox (badness 10000) in paragraph at lines 595--608
\T1/pcr/m/n/10 6c0de63968b85972\T1/ptm/m/n/10 ; meta-data \T1/pcr/m/n/10 2b5c1f
9d116257a7ccab6403c619cf0b

Underfull \hbox (badness 3989) in paragraph at lines 595--608
\T1/pcr/m/n/10 74526472e4cabe110ed8a97cdf6258a5\T1/ptm/m/n/10 )----is re-leased
 with-out pre-con-di-tion, and the
(./main.bbl) [9]

Package natbib Warning: Citation `geifman2017selective' on page 10 undefined on
 input line 791.


Package natbib Warning: Citation `elyaniv2010foundations' on page 10 undefined 
on input line 791.


Package natbib Warning: Citation `agarwal2005rank' on page 10 undefined on inpu
t line 793.


Package natbib Warning: Citation `clemencon2008ranking' on page 10 undefined on
 input line 793.

[10]

LaTeX Warning: `!h' float specifier changed to `!ht'.

[11]

Package natbib Warning: There were undefined citations.

[12] (./main.aux) )
(see the transcript file for additional information)
Output written on main.pdf (12 pages).
Transcript written on main.log.
This is BibTeX, Version 0.99e (TeX Live 2026)
The top-level auxiliary file: main.aux
The style file: iclr2026_conference.bst
Database file #1: refs.bib
Warning--can't use both volume and number fields in bates2021distributionfree
(There was 1 warning)
This is XeTeX, Version 3.141592653-2.6-0.999998 (TeX Live 2026) (preloaded format=xelatex)
entering extended mode
(./main.tex
LaTeX2e <2025-11-01>
L3 programming layer <2026-01-19>
(/usr/local/texlive/2026/texmf-dist/tex/latex/base/article.cls
Document Class: article 2025/01/22 v1.4n Standard LaTeX document class
(/usr/local/texlive/2026/texmf-dist/tex/latex/base/size10.clo))
(/usr/local/texlive/2026/texmf-dist/tex/latex/base/fontenc.sty
(/usr/local/texlive/2026/texmf-dist/tex/latex/lm/t1lmr.fd))
(./iclr2026_conference.sty
(/usr/local/texlive/2026/texmf-dist/tex/latex/eso-pic/eso-pic.sty
(/usr/local/texlive/2026/texmf-dist/tex/latex/graphics/keyval.sty)
(/usr/local/texlive/2026/texmf-dist/tex/latex/xcolor/xcolor.sty
(/usr/local/texlive/2026/texmf-dist/tex/latex/graphics-cfg/color.cfg)
(/usr/local/texlive/2026/texmf-dist/tex/latex/graphics-def/xetex.def)
(/usr/local/texlive/2026/texmf-dist/tex/latex/graphics/mathcolor.ltx)))
(./fancyhdr.sty) (./natbib.sty))
(/usr/local/texlive/2026/texmf-dist/tex/latex/psnfss/times.sty)
(/usr/local/texlive/2026/texmf-dist/tex/latex/amsmath/amsmath.sty
For additional information on amsmath, use the `?' option.
(/usr/local/texlive/2026/texmf-dist/tex/latex/amsmath/amstext.sty
(/usr/local/texlive/2026/texmf-dist/tex/latex/amsmath/amsgen.sty))
(/usr/local/texlive/2026/texmf-dist/tex/latex/amsmath/amsbsy.sty)
(/usr/local/texlive/2026/texmf-dist/tex/latex/amsmath/amsopn.sty))
(/usr/local/texlive/2026/texmf-dist/tex/latex/amsfonts/amssymb.sty
(/usr/local/texlive/2026/texmf-dist/tex/latex/amsfonts/amsfonts.sty))
(/usr/local/texlive/2026/texmf-dist/tex/latex/booktabs/booktabs.sty)
(/usr/local/texlive/2026/texmf-dist/tex/latex/graphics/graphicx.sty
(/usr/local/texlive/2026/texmf-dist/tex/latex/graphics/graphics.sty
(/usr/local/texlive/2026/texmf-dist/tex/latex/graphics/trig.sty)
(/usr/local/texlive/2026/texmf-dist/tex/latex/graphics-cfg/graphics.cfg)))
(/usr/local/texlive/2026/texmf-dist/tex/latex/microtype/microtype.sty
(/usr/local/texlive/2026/texmf-dist/tex/latex/etoolbox/etoolbox.sty)
(/usr/local/texlive/2026/texmf-dist/tex/latex/microtype/microtype-xetex.def)
(/usr/local/texlive/2026/texmf-dist/tex/latex/microtype/microtype.cfg))
(/usr/local/texlive/2026/texmf-dist/tex/latex/multirow/multirow.sty)
(/usr/local/texlive/2026/texmf-dist/tex/latex/tools/tabularx.sty
(/usr/local/texlive/2026/texmf-dist/tex/latex/tools/array.sty))
(/usr/local/texlive/2026/texmf-dist/tex/latex/hyperref/hyperref.sty
(/usr/local/texlive/2026/texmf-dist/tex/generic/iftex/iftex.sty)
(/usr/local/texlive/2026/texmf-dist/tex/latex/kvsetkeys/kvsetkeys.sty)
(/usr/local/texlive/2026/texmf-dist/tex/generic/kvdefinekeys/kvdefinekeys.sty)
(/usr/local/texlive/2026/texmf-dist/tex/generic/pdfescape/pdfescape.sty
(/usr/local/texlive/2026/texmf-dist/tex/generic/ltxcmds/ltxcmds.sty)
(/usr/local/texlive/2026/texmf-dist/tex/generic/pdftexcmds/pdftexcmds.sty
(/usr/local/texlive/2026/texmf-dist/tex/generic/infwarerr/infwarerr.sty)))
(/usr/local/texlive/2026/texmf-dist/tex/latex/hycolor/hycolor.sty)
(/usr/local/texlive/2026/texmf-dist/tex/latex/hyperref/nameref.sty
(/usr/local/texlive/2026/texmf-dist/tex/latex/refcount/refcount.sty)
(/usr/local/texlive/2026/texmf-dist/tex/generic/gettitlestring/gettitlestring.s
ty (/usr/local/texlive/2026/texmf-dist/tex/latex/kvoptions/kvoptions.sty)))
(/usr/local/texlive/2026/texmf-dist/tex/generic/stringenc/stringenc.sty)
(/usr/local/texlive/2026/texmf-dist/tex/latex/hyperref/pd1enc.def)
(/usr/local/texlive/2026/texmf-dist/tex/generic/intcalc/intcalc.sty)
(/usr/local/texlive/2026/texmf-dist/tex/latex/hyperref/puenc.def)
(/usr/local/texlive/2026/texmf-dist/tex/latex/url/url.sty)
(/usr/local/texlive/2026/texmf-dist/tex/generic/bitset/bitset.sty
(/usr/local/texlive/2026/texmf-dist/tex/generic/bigintcalc/bigintcalc.sty)))
(/usr/local/texlive/2026/texmf-dist/tex/latex/hyperref/hxetex.def
(/usr/local/texlive/2026/texmf-dist/tex/latex/rerunfilecheck/rerunfilecheck.sty

(/usr/local/texlive/2026/texmf-dist/tex/generic/uniquecounter/uniquecounter.sty
))) (/usr/local/texlive/2026/texmf-dist/tex/latex/psnfss/t1ptm.fd)
(/usr/local/texlive/2026/texmf-dist/tex/latex/l3backend/l3backend-xetex.def)
(./main.aux) (/usr/local/texlive/2026/texmf-dist/tex/latex/microtype/mt-ptm.cfg
) (./main.out) (./main.out)
(/usr/local/texlive/2026/texmf-dist/tex/latex/microtype/mt-cmr.cfg)
(/usr/local/texlive/2026/texmf-dist/tex/latex/amsfonts/umsa.fd)
(/usr/local/texlive/2026/texmf-dist/tex/latex/microtype/mt-msa.cfg)
(/usr/local/texlive/2026/texmf-dist/tex/latex/amsfonts/umsb.fd)
(/usr/local/texlive/2026/texmf-dist/tex/latex/microtype/mt-msb.cfg)
(/usr/local/texlive/2026/texmf-dist/tex/latex/psnfss/t1pcr.fd)
Underfull \hbox (badness 1158) in paragraph at lines 27--43
\T1/ptm/m/n/10 ($\OT1/cmr/m/n/10 +0\OML/cmm/m/it/10 :\OT1/cmr/m/n/10 0278$\T1/p
tm/m/n/10 ; review-driven, post-alignment ex-ploratory anal-y-sis), while ev-er
y

Package natbib Warning: Citation `chow1970character' on page 1 undefined on inp
ut line 50.


Package natbib Warning: Citation `elyaniv2010foundations' on page 1 undefined o
n input line 50.


Package natbib Warning: Citation `bartlett2008classification' on page 1 undefin
ed on input line 50.


Package natbib Warning: Citation `geifman2017selective' on page 1 undefined on 
input line 50.


Package natbib Warning: Citation `altman1995absence' on page 1 undefined on inp
ut line 55.


Underfull \vbox (badness 10000) has occurred while \output is active [1]

Package natbib Warning: Citation `field2007cluster' on page 2 undefined on inpu
t line 143.


Package natbib Warning: Citation `holm1979simple' on page 2 undefined on input 
line 144.


Package natbib Warning: Citation `schuirmann1987comparison' on page 2 undefined
 on input line 147.


Underfull \vbox (badness 7869) has occurred while \output is active [2]

Package natbib Warning: Citation `hoenig2001abuse' on page 3 undefined on input
 line 156.


Package natbib Warning: Citation `holm1979simple' on page 3 undefined on input 
line 163.


Package natbib Warning: Citation `field2007cluster' on page 3 undefined on inpu
t line 163.


Package natbib Warning: Citation `schuirmann1987comparison' on page 3 undefined
 on input line 163.


Package natbib Warning: Citation `altman1995absence' on page 3 undefined on inp
ut line 163.

[3]
Underfull \hbox (badness 6792) in paragraph at lines 278--278
[]\T1/ptm/m/n/10 Table 5: []Headline aligned con-trast from the frozen r204 pai
red-contrast as-set (ex-

Underfull \hbox (badness 5519) in paragraph at lines 278--278
\T1/ptm/m/n/10 ploratory, post-alignment anal-y-sis). Two pan-els share the sam
e frozen, block-mean

Underfull \hbox (badness 10000) in paragraph at lines 278--278
\T1/ptm/m/n/10 de-code scores and a decode-cluster boot-strap ($\OML/cmm/m/it/1
0 B \OT1/cmr/m/n/10 = 2000$\T1/ptm/m/n/10 ; r217 re-com-pu-ta-tion

Underfull \hbox (badness 2707) in paragraph at lines 329--333
[]\T1/ptm/m/n/10 Bootstrap cen-ter-ing is not driv-ing the fam-ily de-ci-sion: 
observed-centered, null-centered,

Underfull \hbox (badness 10000) in paragraph at lines 329--333
\T1/ptm/m/n/10 and permutation-calibrated twin-$\OML/cmm/m/it/10 p$ \T1/ptm/m/n
/10 vari-ants all yield an empty Holm(3) sur-vivor set

Package natbib Warning: Citation `llda' on page 4 undefined on input line 438.


Package natbib Warning: Citation `cobbe2021training' on page 4 undefined on inp
ut line 439.


Underfull \vbox (badness 2334) has occurred while \output is active [4]
Underfull \hbox (badness 10000) in paragraph at lines 477--485
[]\T1/ptm/m/n/10 The anal-y-sis layer is de-ter-min-is-tic. The event stream is
 iden-ti-fied by SHA256

Underfull \hbox (badness 10000) in paragraph at lines 477--485
\T1/pcr/m/n/10 6e39e0ad3d4a42340ab6ef31474a20a2bdf7356dac9c9dbf6c0de63968b85972
\T1/ptm/m/n/10 ;

Underfull \hbox (badness 7047) in paragraph at lines 477--485
\T1/ptm/m/n/10 its meta-data ta-ble by \T1/pcr/m/n/10 2b5c1f9d116257a7ccab6403c
619cf0b74526472e4cabe11
[5]

Package natbib Warning: Citation `austin2021structured' on page 6 undefined on 
input line 496.


Package natbib Warning: Citation `sahoo2024mdlm' on page 6 undefined on input l
ine 496.


Package natbib Warning: Citation `llda' on page 6 undefined on input line 496.


Package natbib Warning: Citation `ssdlm' on page 6 undefined on input line 496.



Package natbib Warning: Citation `dream2025' on page 6 undefined on input line 
496.


Package natbib Warning: Citation `hendrycks2017baseline' on page 6 undefined on
 input line 501.


Package natbib Warning: Citation `guo2017calibration' on page 6 undefined on in
put line 501.


Package natbib Warning: Citation `lin2022teaching' on page 6 undefined on input
 line 501.


Package natbib Warning: Citation `kadavath2022mostly' on page 6 undefined on in
put line 501.


Package natbib Warning: Citation `kuhn2023semantic' on page 6 undefined on inpu
t line 501.


Package natbib Warning: Citation `chow1970character' on page 6 undefined on inp
ut line 504.


Package natbib Warning: Citation `elyaniv2010foundations' on page 6 undefined o
n input line 504.


Package natbib Warning: Citation `geifman2017selective' on page 6 undefined on 
input line 504.


Package natbib Warning: Citation `geifman2019selectivenet' on page 6 undefined 
on input line 504.


Package natbib Warning: Citation `ding2020revisiting' on page 6 undefined on in
put line 504.


Package natbib Warning: Citation `wu2025fastdllm' on page 6 undefined on input 
line 508.


Package natbib Warning: Citation `halting' on page 6 undefined on input line 51
1.


Package natbib Warning: Citation `wang2023selfconsistency' on page 6 undefined 
on input line 511.


Package natbib Warning: Citation `llda' on page 6 undefined on input line 513.


Package natbib Warning: Citation `vovk2005algorithmic' on page 6 undefined on i
nput line 524.


Package natbib Warning: Citation `bates2021distributionfree' on page 6 undefine
d on input line 525.


Package natbib Warning: Citation `angelopoulos2023conformal' on page 6 undefine
d on input line 525.


Package natbib Warning: Citation `geifman2017selective' on page 6 undefined on 
input line 526.

[6]

Package natbib Warning: Citation `llda' on page 7 undefined on input line 561.


Package natbib Warning: Citation `wu2025fastdllm' on page 7 undefined on input 
line 561.


Package natbib Warning: Citation `halting' on page 7 undefined on input line 56
1.


Package natbib Warning: Citation `wang2023selfconsistency' on page 7 undefined 
on input line 561.


Package natbib Warning: Citation `guo2017calibration' on page 7 undefined on in
put line 561.


Package natbib Warning: Citation `chow1970character' on page 7 undefined on inp
ut line 561.


Package natbib Warning: Citation `geifman2019selectivenet' on page 7 undefined 
on input line 561.


Package natbib Warning: Citation `hendrycks2017baseline' on page 7 undefined on
 input line 561.


Package natbib Warning: Citation `kadavath2022mostly' on page 7 undefined on in
put line 561.


Underfull \hbox (badness 4181) in paragraph at lines 561--561
[]|\T1/ptm/b/n/9 paired clus-tered boot-

Underfull \vbox (badness 10000) has occurred while \output is active [7]
Underfull \vbox (badness 10000) has occurred while \output is active [8]
Underfull \hbox (badness 10000) in paragraph at lines 595--608
 []\T1/ptm/b/n/10 Data and anal-y-sis re-lease.[] \T1/ptm/m/n/10 The anal-y-sis
 layer----runtime meta-data, schemas, anal-

Underfull \hbox (badness 10000) in paragraph at lines 595--608
\T1/ptm/m/n/10 y-sis scripts, a co-located man-i-fest, and the fixed iden-ti-fi
ers of the frozen event

Underfull \hbox (badness 10000) in paragraph at lines 595--608
\T1/ptm/m/n/10 stream (SHA256 \T1/pcr/m/n/10 6e39e0ad3d4a42340ab6ef31474a20a2bd
f7356dac9c9dbf

Underfull \hbox (badness 10000) in paragraph at lines 595--608
\T1/pcr/m/n/10 6c0de63968b85972\T1/ptm/m/n/10 ; meta-data \T1/pcr/m/n/10 2b5c1f
9d116257a7ccab6403c619cf0b

Underfull \hbox (badness 3989) in paragraph at lines 595--608
\T1/pcr/m/n/10 74526472e4cabe110ed8a97cdf6258a5\T1/ptm/m/n/10 )----is re-leased
 with-out pre-con-di-tion, and the
(./main.bbl [9] [10]) [11]

Package natbib Warning: Citation `geifman2017selective' on page 12 undefined on
 input line 791.


Package natbib Warning: Citation `elyaniv2010foundations' on page 12 undefined 
on input line 791.


Package natbib Warning: Citation `agarwal2005rank' on page 12 undefined on inpu
t line 793.


Package natbib Warning: Citation `clemencon2008ranking' on page 12 undefined on
 input line 793.

[12]

Package natbib Warning: There were undefined citations.

[13] [14] (./main.aux

Package natbib Warning: Citation(s) may have changed.
(natbib)                Rerun to get citations correct.

)

LaTeX Warning: Label(s) may have changed. Rerun to get cross-references right.

 )
(see the transcript file for additional information)
Output written on main.pdf (14 pages).
Transcript written on main.log.
This is XeTeX, Version 3.141592653-2.6-0.999998 (TeX Live 2026) (preloaded format=xelatex)
entering extended mode
(./main.tex
LaTeX2e <2025-11-01>
L3 programming layer <2026-01-19>
(/usr/local/texlive/2026/texmf-dist/tex/latex/base/article.cls
Document Class: article 2025/01/22 v1.4n Standard LaTeX document class
(/usr/local/texlive/2026/texmf-dist/tex/latex/base/size10.clo))
(/usr/local/texlive/2026/texmf-dist/tex/latex/base/fontenc.sty
(/usr/local/texlive/2026/texmf-dist/tex/latex/lm/t1lmr.fd))
(./iclr2026_conference.sty
(/usr/local/texlive/2026/texmf-dist/tex/latex/eso-pic/eso-pic.sty
(/usr/local/texlive/2026/texmf-dist/tex/latex/graphics/keyval.sty)
(/usr/local/texlive/2026/texmf-dist/tex/latex/xcolor/xcolor.sty
(/usr/local/texlive/2026/texmf-dist/tex/latex/graphics-cfg/color.cfg)
(/usr/local/texlive/2026/texmf-dist/tex/latex/graphics-def/xetex.def)
(/usr/local/texlive/2026/texmf-dist/tex/latex/graphics/mathcolor.ltx)))
(./fancyhdr.sty) (./natbib.sty))
(/usr/local/texlive/2026/texmf-dist/tex/latex/psnfss/times.sty)
(/usr/local/texlive/2026/texmf-dist/tex/latex/amsmath/amsmath.sty
For additional information on amsmath, use the `?' option.
(/usr/local/texlive/2026/texmf-dist/tex/latex/amsmath/amstext.sty
(/usr/local/texlive/2026/texmf-dist/tex/latex/amsmath/amsgen.sty))
(/usr/local/texlive/2026/texmf-dist/tex/latex/amsmath/amsbsy.sty)
(/usr/local/texlive/2026/texmf-dist/tex/latex/amsmath/amsopn.sty))
(/usr/local/texlive/2026/texmf-dist/tex/latex/amsfonts/amssymb.sty
(/usr/local/texlive/2026/texmf-dist/tex/latex/amsfonts/amsfonts.sty))
(/usr/local/texlive/2026/texmf-dist/tex/latex/booktabs/booktabs.sty)
(/usr/local/texlive/2026/texmf-dist/tex/latex/graphics/graphicx.sty
(/usr/local/texlive/2026/texmf-dist/tex/latex/graphics/graphics.sty
(/usr/local/texlive/2026/texmf-dist/tex/latex/graphics/trig.sty)
(/usr/local/texlive/2026/texmf-dist/tex/latex/graphics-cfg/graphics.cfg)))
(/usr/local/texlive/2026/texmf-dist/tex/latex/microtype/microtype.sty
(/usr/local/texlive/2026/texmf-dist/tex/latex/etoolbox/etoolbox.sty)
(/usr/local/texlive/2026/texmf-dist/tex/latex/microtype/microtype-xetex.def)
(/usr/local/texlive/2026/texmf-dist/tex/latex/microtype/microtype.cfg))
(/usr/local/texlive/2026/texmf-dist/tex/latex/multirow/multirow.sty)
(/usr/local/texlive/2026/texmf-dist/tex/latex/tools/tabularx.sty
(/usr/local/texlive/2026/texmf-dist/tex/latex/tools/array.sty))
(/usr/local/texlive/2026/texmf-dist/tex/latex/hyperref/hyperref.sty
(/usr/local/texlive/2026/texmf-dist/tex/generic/iftex/iftex.sty)
(/usr/local/texlive/2026/texmf-dist/tex/latex/kvsetkeys/kvsetkeys.sty)
(/usr/local/texlive/2026/texmf-dist/tex/generic/kvdefinekeys/kvdefinekeys.sty)
(/usr/local/texlive/2026/texmf-dist/tex/generic/pdfescape/pdfescape.sty
(/usr/local/texlive/2026/texmf-dist/tex/generic/ltxcmds/ltxcmds.sty)
(/usr/local/texlive/2026/texmf-dist/tex/generic/pdftexcmds/pdftexcmds.sty
(/usr/local/texlive/2026/texmf-dist/tex/generic/infwarerr/infwarerr.sty)))
(/usr/local/texlive/2026/texmf-dist/tex/latex/hycolor/hycolor.sty)
(/usr/local/texlive/2026/texmf-dist/tex/latex/hyperref/nameref.sty
(/usr/local/texlive/2026/texmf-dist/tex/latex/refcount/refcount.sty)
(/usr/local/texlive/2026/texmf-dist/tex/generic/gettitlestring/gettitlestring.s
ty (/usr/local/texlive/2026/texmf-dist/tex/latex/kvoptions/kvoptions.sty)))
(/usr/local/texlive/2026/texmf-dist/tex/generic/stringenc/stringenc.sty)
(/usr/local/texlive/2026/texmf-dist/tex/latex/hyperref/pd1enc.def)
(/usr/local/texlive/2026/texmf-dist/tex/generic/intcalc/intcalc.sty)
(/usr/local/texlive/2026/texmf-dist/tex/latex/hyperref/puenc.def)
(/usr/local/texlive/2026/texmf-dist/tex/latex/url/url.sty)
(/usr/local/texlive/2026/texmf-dist/tex/generic/bitset/bitset.sty
(/usr/local/texlive/2026/texmf-dist/tex/generic/bigintcalc/bigintcalc.sty)))
(/usr/local/texlive/2026/texmf-dist/tex/latex/hyperref/hxetex.def
(/usr/local/texlive/2026/texmf-dist/tex/latex/rerunfilecheck/rerunfilecheck.sty

(/usr/local/texlive/2026/texmf-dist/tex/generic/uniquecounter/uniquecounter.sty
))) (/usr/local/texlive/2026/texmf-dist/tex/latex/psnfss/t1ptm.fd)
(/usr/local/texlive/2026/texmf-dist/tex/latex/l3backend/l3backend-xetex.def)
(./main.aux) (/usr/local/texlive/2026/texmf-dist/tex/latex/microtype/mt-ptm.cfg
) (./main.out) (./main.out)
(/usr/local/texlive/2026/texmf-dist/tex/latex/microtype/mt-cmr.cfg)
(/usr/local/texlive/2026/texmf-dist/tex/latex/amsfonts/umsa.fd)
(/usr/local/texlive/2026/texmf-dist/tex/latex/microtype/mt-msa.cfg)
(/usr/local/texlive/2026/texmf-dist/tex/latex/amsfonts/umsb.fd)
(/usr/local/texlive/2026/texmf-dist/tex/latex/microtype/mt-msb.cfg)
(/usr/local/texlive/2026/texmf-dist/tex/latex/psnfss/t1pcr.fd)
Underfull \hbox (badness 1158) in paragraph at lines 27--43
\T1/ptm/m/n/10 ($\OT1/cmr/m/n/10 +0\OML/cmm/m/it/10 :\OT1/cmr/m/n/10 0278$\T1/p
tm/m/n/10 ; review-driven, post-alignment ex-ploratory anal-y-sis), while ev-er
y

Underfull \vbox (badness 2469) has occurred while \output is active [1]
Underfull \vbox (badness 7869) has occurred while \output is active [2]
Underfull \vbox (badness 2005) has occurred while \output is active [3]
Underfull \hbox (badness 6792) in paragraph at lines 278--278
[]\T1/ptm/m/n/10 Table 5: []Headline aligned con-trast from the frozen r204 pai
red-contrast as-set (ex-

Underfull \hbox (badness 5519) in paragraph at lines 278--278
\T1/ptm/m/n/10 ploratory, post-alignment anal-y-sis). Two pan-els share the sam
e frozen, block-mean

Underfull \hbox (badness 10000) in paragraph at lines 278--278
\T1/ptm/m/n/10 de-code scores and a decode-cluster boot-strap ($\OML/cmm/m/it/1
0 B \OT1/cmr/m/n/10 = 2000$\T1/ptm/m/n/10 ; r217 re-com-pu-ta-tion

Underfull \hbox (badness 2707) in paragraph at lines 329--333
[]\T1/ptm/m/n/10 Bootstrap cen-ter-ing is not driv-ing the fam-ily de-ci-sion: 
observed-centered, null-centered,

Underfull \hbox (badness 10000) in paragraph at lines 329--333
\T1/ptm/m/n/10 and permutation-calibrated twin-$\OML/cmm/m/it/10 p$ \T1/ptm/m/n
/10 vari-ants all yield an empty Holm(3) sur-vivor set
[4]
Underfull \hbox (badness 10000) in paragraph at lines 477--485
[]\T1/ptm/m/n/10 The anal-y-sis layer is de-ter-min-is-tic. The event stream is
 iden-ti-fied by SHA256

Underfull \hbox (badness 10000) in paragraph at lines 477--485
\T1/pcr/m/n/10 6e39e0ad3d4a42340ab6ef31474a20a2bdf7356dac9c9dbf6c0de63968b85972
\T1/ptm/m/n/10 ;

Underfull \hbox (badness 7047) in paragraph at lines 477--485
\T1/ptm/m/n/10 its meta-data ta-ble by \T1/pcr/m/n/10 2b5c1f9d116257a7ccab6403c
619cf0b74526472e4cabe11
[5]
Underfull \vbox (badness 2990) has occurred while \output is active [6]
[7]
Underfull \hbox (badness 4181) in paragraph at lines 561--561
[]|\T1/ptm/b/n/9 paired clus-tered boot-
[8]
Underfull \hbox (badness 10000) in paragraph at lines 595--608
 []\T1/ptm/b/n/10 Data and anal-y-sis re-lease.[] \T1/ptm/m/n/10 The anal-y-sis
 layer----runtime meta-data, schemas, anal-

Underfull \hbox (badness 10000) in paragraph at lines 595--608
\T1/ptm/m/n/10 y-sis scripts, a co-located man-i-fest, and the fixed iden-ti-fi
ers of the frozen event

Underfull \hbox (badness 10000) in paragraph at lines 595--608
\T1/ptm/m/n/10 stream (SHA256 \T1/pcr/m/n/10 6e39e0ad3d4a42340ab6ef31474a20a2bd
f7356dac9c9dbf

Underfull \hbox (badness 10000) in paragraph at lines 595--608
\T1/pcr/m/n/10 6c0de63968b85972\T1/ptm/m/n/10 ; meta-data \T1/pcr/m/n/10 2b5c1f
9d116257a7ccab6403c619cf0b

Underfull \hbox (badness 3989) in paragraph at lines 595--608
\T1/pcr/m/n/10 74526472e4cabe110ed8a97cdf6258a5\T1/ptm/m/n/10 )----is re-leased
 with-out pre-con-di-tion, and the
(./main.bbl [9] [10]) [11] [12]
Underfull \vbox (badness 1067) has occurred while \output is active [13]
[14] (./main.aux)

LaTeX Warning: Label(s) may have changed. Rerun to get cross-references right.

 )
(see the transcript file for additional information)
Output written on main.pdf (14 pages).
Transcript written on main.log.
