This is XeTeX, Version 3.141592653-2.6-0.999998 (TeX Live 2026) (preloaded format=xelatex)
entering extended mode
(./main.tex
LaTeX2e <2025-11-01>
L3 programming layer <2026-01-19>
(/usr/local/texlive/2026/texmf-dist/tex/latex/base/article.cls
Document Class: article 2025/01/22 v1.4n Standard LaTeX document class
(/usr/local/texlive/2026/texmf-dist/tex/latex/base/size10.clo))
(/usr/local/texlive/2026/texmf-dist/tex/latex/base/fontenc.sty
(/usr/local/texlive/2026/texmf-dist/tex/latex/lm/t1lmr.fd))
(./iclr2026_conference.sty
(/usr/local/texlive/2026/texmf-dist/tex/latex/eso-pic/eso-pic.sty
(/usr/local/texlive/2026/texmf-dist/tex/latex/graphics/keyval.sty)
(/usr/local/texlive/2026/texmf-dist/tex/latex/xcolor/xcolor.sty
(/usr/local/texlive/2026/texmf-dist/tex/latex/graphics-cfg/color.cfg)
(/usr/local/texlive/2026/texmf-dist/tex/latex/graphics-def/xetex.def)
(/usr/local/texlive/2026/texmf-dist/tex/latex/graphics/mathcolor.ltx)))
(./fancyhdr.sty) (./natbib.sty))
(/usr/local/texlive/2026/texmf-dist/tex/latex/psnfss/times.sty)
(/usr/local/texlive/2026/texmf-dist/tex/latex/amsmath/amsmath.sty
For additional information on amsmath, use the `?' option.
(/usr/local/texlive/2026/texmf-dist/tex/latex/amsmath/amstext.sty
(/usr/local/texlive/2026/texmf-dist/tex/latex/amsmath/amsgen.sty))
(/usr/local/texlive/2026/texmf-dist/tex/latex/amsmath/amsbsy.sty)
(/usr/local/texlive/2026/texmf-dist/tex/latex/amsmath/amsopn.sty))
(/usr/local/texlive/2026/texmf-dist/tex/latex/amsfonts/amssymb.sty
(/usr/local/texlive/2026/texmf-dist/tex/latex/amsfonts/amsfonts.sty))
(/usr/local/texlive/2026/texmf-dist/tex/latex/booktabs/booktabs.sty)
(/usr/local/texlive/2026/texmf-dist/tex/latex/graphics/graphicx.sty
(/usr/local/texlive/2026/texmf-dist/tex/latex/graphics/graphics.sty
(/usr/local/texlive/2026/texmf-dist/tex/latex/graphics/trig.sty)
(/usr/local/texlive/2026/texmf-dist/tex/latex/graphics-cfg/graphics.cfg)))
(/usr/local/texlive/2026/texmf-dist/tex/latex/microtype/microtype.sty
(/usr/local/texlive/2026/texmf-dist/tex/latex/etoolbox/etoolbox.sty)
(/usr/local/texlive/2026/texmf-dist/tex/latex/microtype/microtype-xetex.def)
(/usr/local/texlive/2026/texmf-dist/tex/latex/microtype/microtype.cfg))
(/usr/local/texlive/2026/texmf-dist/tex/latex/multirow/multirow.sty)
(/usr/local/texlive/2026/texmf-dist/tex/latex/tools/tabularx.sty
(/usr/local/texlive/2026/texmf-dist/tex/latex/tools/array.sty))
(/usr/local/texlive/2026/texmf-dist/tex/latex/hyperref/hyperref.sty
(/usr/local/texlive/2026/texmf-dist/tex/generic/iftex/iftex.sty)
(/usr/local/texlive/2026/texmf-dist/tex/latex/kvsetkeys/kvsetkeys.sty)
(/usr/local/texlive/2026/texmf-dist/tex/generic/kvdefinekeys/kvdefinekeys.sty)
(/usr/local/texlive/2026/texmf-dist/tex/generic/pdfescape/pdfescape.sty
(/usr/local/texlive/2026/texmf-dist/tex/generic/ltxcmds/ltxcmds.sty)
(/usr/local/texlive/2026/texmf-dist/tex/generic/pdftexcmds/pdftexcmds.sty
(/usr/local/texlive/2026/texmf-dist/tex/generic/infwarerr/infwarerr.sty)))
(/usr/local/texlive/2026/texmf-dist/tex/latex/hycolor/hycolor.sty)
(/usr/local/texlive/2026/texmf-dist/tex/latex/hyperref/nameref.sty
(/usr/local/texlive/2026/texmf-dist/tex/latex/refcount/refcount.sty)
(/usr/local/texlive/2026/texmf-dist/tex/generic/gettitlestring/gettitlestring.s
ty (/usr/local/texlive/2026/texmf-dist/tex/latex/kvoptions/kvoptions.sty)))
(/usr/local/texlive/2026/texmf-dist/tex/generic/stringenc/stringenc.sty)
(/usr/local/texlive/2026/texmf-dist/tex/latex/hyperref/pd1enc.def)
(/usr/local/texlive/2026/texmf-dist/tex/generic/intcalc/intcalc.sty)
(/usr/local/texlive/2026/texmf-dist/tex/latex/hyperref/puenc.def)
(/usr/local/texlive/2026/texmf-dist/tex/latex/url/url.sty)
(/usr/local/texlive/2026/texmf-dist/tex/generic/bitset/bitset.sty
(/usr/local/texlive/2026/texmf-dist/tex/generic/bigintcalc/bigintcalc.sty)))
(/usr/local/texlive/2026/texmf-dist/tex/latex/hyperref/hxetex.def
(/usr/local/texlive/2026/texmf-dist/tex/latex/rerunfilecheck/rerunfilecheck.sty

(/usr/local/texlive/2026/texmf-dist/tex/generic/uniquecounter/uniquecounter.sty
))) (/usr/local/texlive/2026/texmf-dist/tex/latex/psnfss/t1ptm.fd)
(/usr/local/texlive/2026/texmf-dist/tex/latex/l3backend/l3backend-xetex.def)
(./main.aux) (/usr/local/texlive/2026/texmf-dist/tex/latex/microtype/mt-ptm.cfg
) (./main.out) (./main.out)
(/usr/local/texlive/2026/texmf-dist/tex/latex/microtype/mt-cmr.cfg)
(/usr/local/texlive/2026/texmf-dist/tex/latex/amsfonts/umsa.fd)
(/usr/local/texlive/2026/texmf-dist/tex/latex/microtype/mt-msa.cfg)
(/usr/local/texlive/2026/texmf-dist/tex/latex/amsfonts/umsb.fd)
(/usr/local/texlive/2026/texmf-dist/tex/latex/microtype/mt-msb.cfg)
(/usr/local/texlive/2026/texmf-dist/tex/latex/psnfss/t1pcr.fd)

Package natbib Warning: Citation `wang2023selfconsistency' on page 1 undefined 
on input line 66.


Package natbib Warning: Citation `guo2017calibration' on page 1 undefined on in
put line 66.


LaTeX Warning: Reference `sec:method:estimand' on page 1 undefined on input lin
e 75.

[1] (/usr/local/texlive/2026/texmf-dist/tex/latex/psnfss/ts1ptm.fd)

LaTeX Warning: Reference `sec:method' on page 2 undefined on input line 97.


LaTeX Warning: Reference `sec:results' on page 2 undefined on input line 106.


LaTeX Warning: Reference `fig:teaser' on page 2 undefined on input line 133.


LaTeX Warning: `h' float specifier changed to `ht'.

[2] [3]

LaTeX Warning: Reference `tab:results' on page 4 undefined on input line 203.


LaTeX Warning: Reference `tab:r3grid' on page 4 undefined on input line 204.


LaTeX Warning: Reference `tab:readouts' on page 4 undefined on input line 209.


LaTeX Warning: Reference `tab:results' on page 4 undefined on input line 219.


LaTeX Warning: Reference `tab:r3grid' on page 4 undefined on input line 227.


LaTeX Warning: Reference `tab:anchormde' on page 4 undefined on input line 228.



LaTeX Warning: Reference `tab:r3grid' on page 4 undefined on input line 232.


LaTeX Warning: Reference `tab:anchormde' on page 4 undefined on input line 233.



LaTeX Warning: Reference `tab:powerplan' on page 4 undefined on input line 238.


[4]

LaTeX Warning: Reference `tab:results' on page 5 undefined on input line 286.


LaTeX Warning: Reference `tab:results' on page 5 undefined on input line 292.


LaTeX Warning: Reference `tab:results' on page 5 undefined on input line 295.


LaTeX Warning: Reference `tab:results' on page 5 undefined on input line 307.


Underfull \hbox (badness 1803) in paragraph at lines 299--313
\T1/ptm/m/n/10 an independent-information ex-pla-na-tion be-yond the re-li-a-bi
l-ity gap. \T1/ptm/b/n/10 Bound-ary: \T1/ptm/m/n/10 R2 con-

Underfull \hbox (badness 1371) in paragraph at lines 299--313
\T1/ptm/m/n/10 rests on the (pos-i-tively es-ti-mated) residual-covariance cor-
rec-tion $[][]$: breakeven anal-y-sis

LaTeX Warning: Reference `eq:r3-intra-arm' on page 5 undefined on input line 31
6.


LaTeX Warning: Reference `tab:r3grid' on page 5 undefined on input line 319.


LaTeX Warning: Reference `tab:anchormde' on page 5 undefined on input line 322.



LaTeX Warning: Reference `tab:r3grid' on page 5 undefined on input line 326.


LaTeX Warning: Reference `tab:r3grid' on page 5 undefined on input line 329.


LaTeX Warning: Reference `tab:r3grid' on page 5 undefined on input line 335.


LaTeX Warning: Reference `tab:powerplan' on page 5 undefined on input line 337.



LaTeX Warning: Reference `tab:results' on page 5 undefined on input line 339.

[5]

LaTeX Warning: Reference `tab:results' on page 6 undefined on input line 354.


LaTeX Warning: Reference `tab:results' on page 6 undefined on input line 380.


LaTeX Warning: Reference `fig:dELcov' on page 6 undefined on input line 381.


LaTeX Warning: Reference `eq:r3-intra-arm' on page 6 undefined on input line 40
9.


LaTeX Warning: Reference `tab:r3grid' on page 6 undefined on input line 409.


LaTeX Warning: Reference `fig:dELcov' on page 6 undefined on input line 413.


LaTeX Warning: Float too large for page by 8.55643pt on input line 420.


LaTeX Warning: Reference `tab:results' on page 6 undefined on input line 433.


LaTeX Warning: Reference `tab:results' on page 6 undefined on input line 433.


LaTeX Warning: Reference `tab:r3grid' on page 6 undefined on input line 449.


LaTeX Warning: Reference `tab:r3grid' on page 6 undefined on input line 449.


LaTeX Warning: Reference `eq:r3-intra-arm' on page 6 undefined on input line 49
0.


LaTeX Warning: Reference `eq:r3-intra-arm' on page 6 undefined on input line 49
0.


Underfull \hbox (badness 5681) in paragraph at lines 490--490
[]\T1/ptm/m/n/10 Table 4: []Complete reg-is-tered R3 decision-anchor grid: the 
intra-block between-arm

Underfull \hbox (badness 10000) in paragraph at lines 490--490
\T1/ptm/m/n/10 se-lec-tion in-cre-ment de-fined by [] (risk@coverage per block,
 av-er-aged over the

Underfull \hbox (badness 6412) in paragraph at lines 490--490
\OT1/cmr/m/n/10 8$ \T1/ptm/m/n/10 blocks; cluster-bootstrap $\OML/cmm/m/it/10 B
[]\OT1/cmr/m/n/10 2000$\T1/ptm/m/n/10 , seed \T1/pcr/m/n/10 20260821\T1/ptm/m/n
/10 ). All val-ues ver-ba-tim from

Underfull \hbox (badness 2698) in paragraph at lines 490--490
\T1/pcr/m/n/10 r12b_withinblock_riskcoverage.json::partD\T1/ptm/m/n/10 , with t
he full-width $[][] \OT1/cmr/m/n/10 =

LaTeX Warning: Reference `tab:r3grid' on page 6 undefined on input line 520.


LaTeX Warning: Reference `sec:setup' on page 6 undefined on input line 527.


LaTeX Warning: Reference `tab:readouts' on page 6 undefined on input line 528.


Package natbib Warning: Citation `cobbe2021training' on page 6 undefined on inp
ut line 534.


LaTeX Warning: Reference `tab:readouts' on page 6 undefined on input line 539.

[6] [7] [8]

LaTeX Warning: Reference `tab:readouts' on page 9 undefined on input line 590.

[9]
Underfull \hbox (badness 1205) in paragraph at lines 598--602
[]\T1/ptm/b/n/10 Descriptive shape / power bound-ary\T1/ptm/m/n/10 : the fine-g
rid R5 shape is de-scrip-tive and

Underfull \hbox (badness 10000) in paragraph at lines 605--609
[]\T1/ptm/b/n/10 Citation live-recheck gap (dis-closed)\T1/ptm/m/n/10 : 5 of th
e 12 bib-li-og-ra-phy en-

Underfull \hbox (badness 10000) in paragraph at lines 605--609
\T1/ptm/m/n/10 tries have not yet been live-rechecked at re-lease egress (ci-ta
-tion lock:

Underfull \hbox (badness 1281) in paragraph at lines 605--609
\T1/pcr/m/n/10 literature/citation_lock.json\T1/ptm/m/n/10 ); meta-data are pin
ned lo-cally but a fi-nal

Package natbib Warning: Citation `llda' on page 10 undefined on input line 616.



Package natbib Warning: Citation `ssdlm' on page 10 undefined on input line 616
.


Package natbib Warning: Citation `halting' on page 10 undefined on input line 6
17.


Package natbib Warning: Citation `wu2025fastdllm' on page 10 undefined on input
 line 618.


Package natbib Warning: Citation `guo2017calibration' on page 10 undefined on i
nput line 620.


Package natbib Warning: Citation `kuhn2023semantic' on page 10 undefined on inp
ut line 620.


Package natbib Warning: Citation `wang2023selfconsistency' on page 10 undefined
 on input line 621.


Package natbib Warning: Citation `chow1970character' on page 10 undefined on in
put line 637.


Package natbib Warning: Citation `bartlett2008classification' on page 10 undefi
ned on input line 637.


Package natbib Warning: Citation `elyaniv2010foundations' on page 10 undefined 
on input line 637.


Package natbib Warning: Citation `geifman2017selective' on page 10 undefined on
 input line 637.


Package natbib Warning: Citation `kuhn2023semantic' on page 10 undefined on inp
ut line 638.


Package natbib Warning: Citation `lin2022teaching' on page 10 undefined on inpu
t line 638.


Package natbib Warning: Citation `halting' on page 10 undefined on input line 6
39.


Package natbib Warning: Citation `wu2025fastdllm' on page 10 undefined on input
 line 645.


LaTeX Warning: Reference `tab:r3grid' on page 10 undefined on input line 669.


LaTeX Warning: Reference `tab:r3grid' on page 10 undefined on input line 670.


Underfull \vbox (badness 2035) has occurred while \output is active [10]
(./main.bbl [11] [12])

LaTeX Warning: Reference `tab:anchormde' on page 13 undefined on input line 709
.


Package hyperref Warning: Token not allowed in a PDF string (Unicode):
(hyperref)                removing `math shift' on input line 726.


Package hyperref Warning: Token not allowed in a PDF string (Unicode):
(hyperref)                removing `\delta' on input line 726.


Package hyperref Warning: Token not allowed in a PDF string (Unicode):
(hyperref)                removing `subscript' on input line 726.


Package hyperref Warning: Token not allowed in a PDF string (Unicode):
(hyperref)                removing `math shift' on input line 726.


LaTeX Warning: Reference `tab:readouts' on page 13 undefined on input line 743.



LaTeX Warning: Reference `tab:results' on page 13 undefined on input line 748.


LaTeX Warning: Reference `tab:anchormde' on page 13 undefined on input line 748
.


Package natbib Warning: There were undefined citations.

[13] (./main.aux

Package natbib Warning: Citation(s) may have changed.
(natbib)                Rerun to get citations correct.

)

LaTeX Warning: There were undefined references.


LaTeX Warning: Label(s) may have changed. Rerun to get cross-references right.


Package rerunfilecheck Warning: File `main.out' has changed.
(rerunfilecheck)                Rerun to get outlines right
(rerunfilecheck)                or use package `bookmark'.

 )
(see the transcript file for additional information)
Output written on main.pdf (13 pages).
Transcript written on main.log.
This is BibTeX, Version 0.99e (TeX Live 2026)
The top-level auxiliary file: main.aux
The style file: iclr2026_conference.bst
Database file #1: refs.bib
This is XeTeX, Version 3.141592653-2.6-0.999998 (TeX Live 2026) (preloaded format=xelatex)
entering extended mode
(./main.tex
LaTeX2e <2025-11-01>
L3 programming layer <2026-01-19>
(/usr/local/texlive/2026/texmf-dist/tex/latex/base/article.cls
Document Class: article 2025/01/22 v1.4n Standard LaTeX document class
(/usr/local/texlive/2026/texmf-dist/tex/latex/base/size10.clo))
(/usr/local/texlive/2026/texmf-dist/tex/latex/base/fontenc.sty
(/usr/local/texlive/2026/texmf-dist/tex/latex/lm/t1lmr.fd))
(./iclr2026_conference.sty
(/usr/local/texlive/2026/texmf-dist/tex/latex/eso-pic/eso-pic.sty
(/usr/local/texlive/2026/texmf-dist/tex/latex/graphics/keyval.sty)
(/usr/local/texlive/2026/texmf-dist/tex/latex/xcolor/xcolor.sty
(/usr/local/texlive/2026/texmf-dist/tex/latex/graphics-cfg/color.cfg)
(/usr/local/texlive/2026/texmf-dist/tex/latex/graphics-def/xetex.def)
(/usr/local/texlive/2026/texmf-dist/tex/latex/graphics/mathcolor.ltx)))
(./fancyhdr.sty) (./natbib.sty))
(/usr/local/texlive/2026/texmf-dist/tex/latex/psnfss/times.sty)
(/usr/local/texlive/2026/texmf-dist/tex/latex/amsmath/amsmath.sty
For additional information on amsmath, use the `?' option.
(/usr/local/texlive/2026/texmf-dist/tex/latex/amsmath/amstext.sty
(/usr/local/texlive/2026/texmf-dist/tex/latex/amsmath/amsgen.sty))
(/usr/local/texlive/2026/texmf-dist/tex/latex/amsmath/amsbsy.sty)
(/usr/local/texlive/2026/texmf-dist/tex/latex/amsmath/amsopn.sty))
(/usr/local/texlive/2026/texmf-dist/tex/latex/amsfonts/amssymb.sty
(/usr/local/texlive/2026/texmf-dist/tex/latex/amsfonts/amsfonts.sty))
(/usr/local/texlive/2026/texmf-dist/tex/latex/booktabs/booktabs.sty)
(/usr/local/texlive/2026/texmf-dist/tex/latex/graphics/graphicx.sty
(/usr/local/texlive/2026/texmf-dist/tex/latex/graphics/graphics.sty
(/usr/local/texlive/2026/texmf-dist/tex/latex/graphics/trig.sty)
(/usr/local/texlive/2026/texmf-dist/tex/latex/graphics-cfg/graphics.cfg)))
(/usr/local/texlive/2026/texmf-dist/tex/latex/microtype/microtype.sty
(/usr/local/texlive/2026/texmf-dist/tex/latex/etoolbox/etoolbox.sty)
(/usr/local/texlive/2026/texmf-dist/tex/latex/microtype/microtype-xetex.def)
(/usr/local/texlive/2026/texmf-dist/tex/latex/microtype/microtype.cfg))
(/usr/local/texlive/2026/texmf-dist/tex/latex/multirow/multirow.sty)
(/usr/local/texlive/2026/texmf-dist/tex/latex/tools/tabularx.sty
(/usr/local/texlive/2026/texmf-dist/tex/latex/tools/array.sty))
(/usr/local/texlive/2026/texmf-dist/tex/latex/hyperref/hyperref.sty
(/usr/local/texlive/2026/texmf-dist/tex/generic/iftex/iftex.sty)
(/usr/local/texlive/2026/texmf-dist/tex/latex/kvsetkeys/kvsetkeys.sty)
(/usr/local/texlive/2026/texmf-dist/tex/generic/kvdefinekeys/kvdefinekeys.sty)
(/usr/local/texlive/2026/texmf-dist/tex/generic/pdfescape/pdfescape.sty
(/usr/local/texlive/2026/texmf-dist/tex/generic/ltxcmds/ltxcmds.sty)
(/usr/local/texlive/2026/texmf-dist/tex/generic/pdftexcmds/pdftexcmds.sty
(/usr/local/texlive/2026/texmf-dist/tex/generic/infwarerr/infwarerr.sty)))
(/usr/local/texlive/2026/texmf-dist/tex/latex/hycolor/hycolor.sty)
(/usr/local/texlive/2026/texmf-dist/tex/latex/hyperref/nameref.sty
(/usr/local/texlive/2026/texmf-dist/tex/latex/refcount/refcount.sty)
(/usr/local/texlive/2026/texmf-dist/tex/generic/gettitlestring/gettitlestring.s
ty (/usr/local/texlive/2026/texmf-dist/tex/latex/kvoptions/kvoptions.sty)))
(/usr/local/texlive/2026/texmf-dist/tex/generic/stringenc/stringenc.sty)
(/usr/local/texlive/2026/texmf-dist/tex/latex/hyperref/pd1enc.def)
(/usr/local/texlive/2026/texmf-dist/tex/generic/intcalc/intcalc.sty)
(/usr/local/texlive/2026/texmf-dist/tex/latex/hyperref/puenc.def)
(/usr/local/texlive/2026/texmf-dist/tex/latex/url/url.sty)
(/usr/local/texlive/2026/texmf-dist/tex/generic/bitset/bitset.sty
(/usr/local/texlive/2026/texmf-dist/tex/generic/bigintcalc/bigintcalc.sty)))
(/usr/local/texlive/2026/texmf-dist/tex/latex/hyperref/hxetex.def
(/usr/local/texlive/2026/texmf-dist/tex/latex/rerunfilecheck/rerunfilecheck.sty

(/usr/local/texlive/2026/texmf-dist/tex/generic/uniquecounter/uniquecounter.sty
))) (/usr/local/texlive/2026/texmf-dist/tex/latex/psnfss/t1ptm.fd)
(/usr/local/texlive/2026/texmf-dist/tex/latex/l3backend/l3backend-xetex.def)
(./main.aux) (/usr/local/texlive/2026/texmf-dist/tex/latex/microtype/mt-ptm.cfg
) (./main.out) (./main.out)
(/usr/local/texlive/2026/texmf-dist/tex/latex/microtype/mt-cmr.cfg)
(/usr/local/texlive/2026/texmf-dist/tex/latex/amsfonts/umsa.fd)
(/usr/local/texlive/2026/texmf-dist/tex/latex/microtype/mt-msa.cfg)
(/usr/local/texlive/2026/texmf-dist/tex/latex/amsfonts/umsb.fd)
(/usr/local/texlive/2026/texmf-dist/tex/latex/microtype/mt-msb.cfg)
(/usr/local/texlive/2026/texmf-dist/tex/latex/psnfss/t1pcr.fd) [1]
(/usr/local/texlive/2026/texmf-dist/tex/latex/psnfss/ts1ptm.fd)

LaTeX Warning: `h' float specifier changed to `ht'.

[2] [3] [4]
Underfull \hbox (badness 1803) in paragraph at lines 299--313
\T1/ptm/m/n/10 an independent-information ex-pla-na-tion be-yond the re-li-a-bi
l-ity gap. \T1/ptm/b/n/10 Bound-ary: \T1/ptm/m/n/10 R2 con-

Underfull \hbox (badness 1371) in paragraph at lines 299--313
\T1/ptm/m/n/10 rests on the (pos-i-tively es-ti-mated) residual-covariance cor-
rec-tion $[][]$: breakeven anal-y-sis
[5]

LaTeX Warning: Float too large for page by 8.55643pt on input line 420.


Underfull \hbox (badness 10000) in paragraph at lines 490--490
[]\T1/ptm/m/n/10 Table 4: []Complete reg-is-tered R3 decision-anchor grid: the 
intra-block between-

Underfull \hbox (badness 4846) in paragraph at lines 490--490
\T1/ptm/m/n/10 arm se-lec-tion in-cre-ment de-fined by [] (risk@coverage per bl
ock, av-er-aged over the

Underfull \hbox (badness 6412) in paragraph at lines 490--490
\OT1/cmr/m/n/10 8$ \T1/ptm/m/n/10 blocks; cluster-bootstrap $\OML/cmm/m/it/10 B
[]\OT1/cmr/m/n/10 2000$\T1/ptm/m/n/10 , seed \T1/pcr/m/n/10 20260821\T1/ptm/m/n
/10 ). All val-ues ver-ba-tim from

Underfull \hbox (badness 2698) in paragraph at lines 490--490
\T1/pcr/m/n/10 r12b_withinblock_riskcoverage.json::partD\T1/ptm/m/n/10 , with t
he full-width $[][] \OT1/cmr/m/n/10 =
[6] [7] [8] [9]
Underfull \hbox (badness 1205) in paragraph at lines 598--602
[]\T1/ptm/b/n/10 Descriptive shape / power bound-ary\T1/ptm/m/n/10 : the fine-g
rid R5 shape is de-scrip-tive and

Underfull \hbox (badness 10000) in paragraph at lines 605--609
[]\T1/ptm/b/n/10 Citation live-recheck gap (dis-closed)\T1/ptm/m/n/10 : 5 of th
e 12 bib-li-og-ra-phy en-

Underfull \hbox (badness 10000) in paragraph at lines 605--609
\T1/ptm/m/n/10 tries have not yet been live-rechecked at re-lease egress (ci-ta
-tion lock:

Underfull \hbox (badness 1281) in paragraph at lines 605--609
\T1/pcr/m/n/10 literature/citation_lock.json\T1/ptm/m/n/10 ); meta-data are pin
ned lo-cally but a fi-nal
[10] (./main.bbl [11])

Package hyperref Warning: Token not allowed in a PDF string (Unicode):
(hyperref)                removing `math shift' on input line 726.


Package hyperref Warning: Token not allowed in a PDF string (Unicode):
(hyperref)                removing `\delta' on input line 726.


Package hyperref Warning: Token not allowed in a PDF string (Unicode):
(hyperref)                removing `subscript' on input line 726.


Package hyperref Warning: Token not allowed in a PDF string (Unicode):
(hyperref)                removing `math shift' on input line 726.

[12] (./main.aux

Package natbib Warning: Citation(s) may have changed.
(natbib)                Rerun to get citations correct.

)

LaTeX Warning: Label(s) may have changed. Rerun to get cross-references right.

 )
(see the transcript file for additional information)
Output written on main.pdf (12 pages).
Transcript written on main.log.
This is XeTeX, Version 3.141592653-2.6-0.999998 (TeX Live 2026) (preloaded format=xelatex)
entering extended mode
(./main.tex
LaTeX2e <2025-11-01>
L3 programming layer <2026-01-19>
(/usr/local/texlive/2026/texmf-dist/tex/latex/base/article.cls
Document Class: article 2025/01/22 v1.4n Standard LaTeX document class
(/usr/local/texlive/2026/texmf-dist/tex/latex/base/size10.clo))
(/usr/local/texlive/2026/texmf-dist/tex/latex/base/fontenc.sty
(/usr/local/texlive/2026/texmf-dist/tex/latex/lm/t1lmr.fd))
(./iclr2026_conference.sty
(/usr/local/texlive/2026/texmf-dist/tex/latex/eso-pic/eso-pic.sty
(/usr/local/texlive/2026/texmf-dist/tex/latex/graphics/keyval.sty)
(/usr/local/texlive/2026/texmf-dist/tex/latex/xcolor/xcolor.sty
(/usr/local/texlive/2026/texmf-dist/tex/latex/graphics-cfg/color.cfg)
(/usr/local/texlive/2026/texmf-dist/tex/latex/graphics-def/xetex.def)
(/usr/local/texlive/2026/texmf-dist/tex/latex/graphics/mathcolor.ltx)))
(./fancyhdr.sty) (./natbib.sty))
(/usr/local/texlive/2026/texmf-dist/tex/latex/psnfss/times.sty)
(/usr/local/texlive/2026/texmf-dist/tex/latex/amsmath/amsmath.sty
For additional information on amsmath, use the `?' option.
(/usr/local/texlive/2026/texmf-dist/tex/latex/amsmath/amstext.sty
(/usr/local/texlive/2026/texmf-dist/tex/latex/amsmath/amsgen.sty))
(/usr/local/texlive/2026/texmf-dist/tex/latex/amsmath/amsbsy.sty)
(/usr/local/texlive/2026/texmf-dist/tex/latex/amsmath/amsopn.sty))
(/usr/local/texlive/2026/texmf-dist/tex/latex/amsfonts/amssymb.sty
(/usr/local/texlive/2026/texmf-dist/tex/latex/amsfonts/amsfonts.sty))
(/usr/local/texlive/2026/texmf-dist/tex/latex/booktabs/booktabs.sty)
(/usr/local/texlive/2026/texmf-dist/tex/latex/graphics/graphicx.sty
(/usr/local/texlive/2026/texmf-dist/tex/latex/graphics/graphics.sty
(/usr/local/texlive/2026/texmf-dist/tex/latex/graphics/trig.sty)
(/usr/local/texlive/2026/texmf-dist/tex/latex/graphics-cfg/graphics.cfg)))
(/usr/local/texlive/2026/texmf-dist/tex/latex/microtype/microtype.sty
(/usr/local/texlive/2026/texmf-dist/tex/latex/etoolbox/etoolbox.sty)
(/usr/local/texlive/2026/texmf-dist/tex/latex/microtype/microtype-xetex.def)
(/usr/local/texlive/2026/texmf-dist/tex/latex/microtype/microtype.cfg))
(/usr/local/texlive/2026/texmf-dist/tex/latex/multirow/multirow.sty)
(/usr/local/texlive/2026/texmf-dist/tex/latex/tools/tabularx.sty
(/usr/local/texlive/2026/texmf-dist/tex/latex/tools/array.sty))
(/usr/local/texlive/2026/texmf-dist/tex/latex/hyperref/hyperref.sty
(/usr/local/texlive/2026/texmf-dist/tex/generic/iftex/iftex.sty)
(/usr/local/texlive/2026/texmf-dist/tex/latex/kvsetkeys/kvsetkeys.sty)
(/usr/local/texlive/2026/texmf-dist/tex/generic/kvdefinekeys/kvdefinekeys.sty)
(/usr/local/texlive/2026/texmf-dist/tex/generic/pdfescape/pdfescape.sty
(/usr/local/texlive/2026/texmf-dist/tex/generic/ltxcmds/ltxcmds.sty)
(/usr/local/texlive/2026/texmf-dist/tex/generic/pdftexcmds/pdftexcmds.sty
(/usr/local/texlive/2026/texmf-dist/tex/generic/infwarerr/infwarerr.sty)))
(/usr/local/texlive/2026/texmf-dist/tex/latex/hycolor/hycolor.sty)
(/usr/local/texlive/2026/texmf-dist/tex/latex/hyperref/nameref.sty
(/usr/local/texlive/2026/texmf-dist/tex/latex/refcount/refcount.sty)
(/usr/local/texlive/2026/texmf-dist/tex/generic/gettitlestring/gettitlestring.s
ty (/usr/local/texlive/2026/texmf-dist/tex/latex/kvoptions/kvoptions.sty)))
(/usr/local/texlive/2026/texmf-dist/tex/generic/stringenc/stringenc.sty)
(/usr/local/texlive/2026/texmf-dist/tex/latex/hyperref/pd1enc.def)
(/usr/local/texlive/2026/texmf-dist/tex/generic/intcalc/intcalc.sty)
(/usr/local/texlive/2026/texmf-dist/tex/latex/hyperref/puenc.def)
(/usr/local/texlive/2026/texmf-dist/tex/latex/url/url.sty)
(/usr/local/texlive/2026/texmf-dist/tex/generic/bitset/bitset.sty
(/usr/local/texlive/2026/texmf-dist/tex/generic/bigintcalc/bigintcalc.sty)))
(/usr/local/texlive/2026/texmf-dist/tex/latex/hyperref/hxetex.def
(/usr/local/texlive/2026/texmf-dist/tex/latex/rerunfilecheck/rerunfilecheck.sty

(/usr/local/texlive/2026/texmf-dist/tex/generic/uniquecounter/uniquecounter.sty
))) (/usr/local/texlive/2026/texmf-dist/tex/latex/psnfss/t1ptm.fd)
(/usr/local/texlive/2026/texmf-dist/tex/latex/l3backend/l3backend-xetex.def)
(./main.aux) (/usr/local/texlive/2026/texmf-dist/tex/latex/microtype/mt-ptm.cfg
) (./main.out) (./main.out)
(/usr/local/texlive/2026/texmf-dist/tex/latex/microtype/mt-cmr.cfg)
(/usr/local/texlive/2026/texmf-dist/tex/latex/amsfonts/umsa.fd)
(/usr/local/texlive/2026/texmf-dist/tex/latex/microtype/mt-msa.cfg)
(/usr/local/texlive/2026/texmf-dist/tex/latex/amsfonts/umsb.fd)
(/usr/local/texlive/2026/texmf-dist/tex/latex/microtype/mt-msb.cfg)
(/usr/local/texlive/2026/texmf-dist/tex/latex/psnfss/t1pcr.fd) [1]
(/usr/local/texlive/2026/texmf-dist/tex/latex/psnfss/ts1ptm.fd)

LaTeX Warning: `h' float specifier changed to `ht'.

[2] [3] [4]
Underfull \hbox (badness 1803) in paragraph at lines 299--313
\T1/ptm/m/n/10 an independent-information ex-pla-na-tion be-yond the re-li-a-bi
l-ity gap. \T1/ptm/b/n/10 Bound-ary: \T1/ptm/m/n/10 R2 con-

Underfull \hbox (badness 1371) in paragraph at lines 299--313
\T1/ptm/m/n/10 rests on the (pos-i-tively es-ti-mated) residual-covariance cor-
rec-tion $[][]$: breakeven anal-y-sis
[5]

LaTeX Warning: Float too large for page by 8.55643pt on input line 420.


Underfull \hbox (badness 10000) in paragraph at lines 490--490
[]\T1/ptm/m/n/10 Table 4: []Complete reg-is-tered R3 decision-anchor grid: the 
intra-block between-

Underfull \hbox (badness 4846) in paragraph at lines 490--490
\T1/ptm/m/n/10 arm se-lec-tion in-cre-ment de-fined by [] (risk@coverage per bl
ock, av-er-aged over the

Underfull \hbox (badness 6412) in paragraph at lines 490--490
\OT1/cmr/m/n/10 8$ \T1/ptm/m/n/10 blocks; cluster-bootstrap $\OML/cmm/m/it/10 B
[]\OT1/cmr/m/n/10 2000$\T1/ptm/m/n/10 , seed \T1/pcr/m/n/10 20260821\T1/ptm/m/n
/10 ). All val-ues ver-ba-tim from

Underfull \hbox (badness 2698) in paragraph at lines 490--490
\T1/pcr/m/n/10 r12b_withinblock_riskcoverage.json::partD\T1/ptm/m/n/10 , with t
he full-width $[][] \OT1/cmr/m/n/10 =
[6] [7] [8] [9]
Underfull \hbox (badness 1205) in paragraph at lines 598--602
[]\T1/ptm/b/n/10 Descriptive shape / power bound-ary\T1/ptm/m/n/10 : the fine-g
rid R5 shape is de-scrip-tive and

Underfull \hbox (badness 10000) in paragraph at lines 605--609
[]\T1/ptm/b/n/10 Citation live-recheck gap (dis-closed)\T1/ptm/m/n/10 : 5 of th
e 12 bib-li-og-ra-phy en-

Underfull \hbox (badness 10000) in paragraph at lines 605--609
\T1/ptm/m/n/10 tries have not yet been live-rechecked at re-lease egress (ci-ta
-tion lock:

Underfull \hbox (badness 1281) in paragraph at lines 605--609
\T1/pcr/m/n/10 literature/citation_lock.json\T1/ptm/m/n/10 ); meta-data are pin
ned lo-cally but a fi-nal
[10] (./main.bbl [11])

Package hyperref Warning: Token not allowed in a PDF string (Unicode):
(hyperref)                removing `math shift' on input line 726.


Package hyperref Warning: Token not allowed in a PDF string (Unicode):
(hyperref)                removing `\delta' on input line 726.


Package hyperref Warning: Token not allowed in a PDF string (Unicode):
(hyperref)                removing `subscript' on input line 726.


Package hyperref Warning: Token not allowed in a PDF string (Unicode):
(hyperref)                removing `math shift' on input line 726.

[12] (./main.aux) )
(see the transcript file for additional information)
Output written on main.pdf (12 pages).
Transcript written on main.log.
