This is XeTeX, Version 3.141592653-2.6-0.999998 (TeX Live 2026) (preloaded format=xelatex)
entering extended mode
(./main.tex
LaTeX2e <2025-11-01>
L3 programming layer <2026-01-19>
(/usr/local/texlive/2026/texmf-dist/tex/latex/base/article.cls
Document Class: article 2025/01/22 v1.4n Standard LaTeX document class
(/usr/local/texlive/2026/texmf-dist/tex/latex/base/size10.clo))
(./iclr2026_conference.sty
(/usr/local/texlive/2026/texmf-dist/tex/latex/eso-pic/eso-pic.sty
(/usr/local/texlive/2026/texmf-dist/tex/latex/graphics/keyval.sty)
(/usr/local/texlive/2026/texmf-dist/tex/latex/xcolor/xcolor.sty
(/usr/local/texlive/2026/texmf-dist/tex/latex/graphics-cfg/color.cfg)
(/usr/local/texlive/2026/texmf-dist/tex/latex/graphics-def/xetex.def)
(/usr/local/texlive/2026/texmf-dist/tex/latex/graphics/mathcolor.ltx)))
(./fancyhdr.sty) (./natbib.sty))
(/usr/local/texlive/2026/texmf-dist/tex/latex/psnfss/times.sty)
(/usr/local/texlive/2026/texmf-dist/tex/latex/amsmath/amsmath.sty
For additional information on amsmath, use the `?' option.
(/usr/local/texlive/2026/texmf-dist/tex/latex/amsmath/amstext.sty
(/usr/local/texlive/2026/texmf-dist/tex/latex/amsmath/amsgen.sty))
(/usr/local/texlive/2026/texmf-dist/tex/latex/amsmath/amsbsy.sty)
(/usr/local/texlive/2026/texmf-dist/tex/latex/amsmath/amsopn.sty))
(/usr/local/texlive/2026/texmf-dist/tex/latex/amsfonts/amssymb.sty
(/usr/local/texlive/2026/texmf-dist/tex/latex/amsfonts/amsfonts.sty))
(/usr/local/texlive/2026/texmf-dist/tex/latex/booktabs/booktabs.sty)
(/usr/local/texlive/2026/texmf-dist/tex/latex/graphics/graphicx.sty
(/usr/local/texlive/2026/texmf-dist/tex/latex/graphics/graphics.sty
(/usr/local/texlive/2026/texmf-dist/tex/latex/graphics/trig.sty)
(/usr/local/texlive/2026/texmf-dist/tex/latex/graphics-cfg/graphics.cfg)))
(/usr/local/texlive/2026/texmf-dist/tex/latex/microtype/microtype.sty
(/usr/local/texlive/2026/texmf-dist/tex/latex/etoolbox/etoolbox.sty)
(/usr/local/texlive/2026/texmf-dist/tex/latex/microtype/microtype-xetex.def)
(/usr/local/texlive/2026/texmf-dist/tex/latex/microtype/microtype.cfg))
(/usr/local/texlive/2026/texmf-dist/tex/latex/tools/array.sty)
(/usr/local/texlive/2026/texmf-dist/tex/latex/tools/tabularx.sty)
(/usr/local/texlive/2026/texmf-dist/tex/latex/float/float.sty)
(/usr/local/texlive/2026/texmf-dist/tex/latex/hyperref/hyperref.sty
(/usr/local/texlive/2026/texmf-dist/tex/generic/iftex/iftex.sty)
(/usr/local/texlive/2026/texmf-dist/tex/latex/kvsetkeys/kvsetkeys.sty)
(/usr/local/texlive/2026/texmf-dist/tex/generic/kvdefinekeys/kvdefinekeys.sty)
(/usr/local/texlive/2026/texmf-dist/tex/generic/pdfescape/pdfescape.sty
(/usr/local/texlive/2026/texmf-dist/tex/generic/ltxcmds/ltxcmds.sty)
(/usr/local/texlive/2026/texmf-dist/tex/generic/pdftexcmds/pdftexcmds.sty
(/usr/local/texlive/2026/texmf-dist/tex/generic/infwarerr/infwarerr.sty)))
(/usr/local/texlive/2026/texmf-dist/tex/latex/hycolor/hycolor.sty)
(/usr/local/texlive/2026/texmf-dist/tex/latex/hyperref/nameref.sty
(/usr/local/texlive/2026/texmf-dist/tex/latex/refcount/refcount.sty)
(/usr/local/texlive/2026/texmf-dist/tex/generic/gettitlestring/gettitlestring.s
ty (/usr/local/texlive/2026/texmf-dist/tex/latex/kvoptions/kvoptions.sty)))
(/usr/local/texlive/2026/texmf-dist/tex/generic/stringenc/stringenc.sty)
(/usr/local/texlive/2026/texmf-dist/tex/latex/hyperref/pd1enc.def)
(/usr/local/texlive/2026/texmf-dist/tex/generic/intcalc/intcalc.sty)
(/usr/local/texlive/2026/texmf-dist/tex/latex/hyperref/puenc.def)
(/usr/local/texlive/2026/texmf-dist/tex/latex/url/url.sty)
(/usr/local/texlive/2026/texmf-dist/tex/generic/bitset/bitset.sty
(/usr/local/texlive/2026/texmf-dist/tex/generic/bigintcalc/bigintcalc.sty)))
(/usr/local/texlive/2026/texmf-dist/tex/latex/hyperref/hxetex.def
(/usr/local/texlive/2026/texmf-dist/tex/latex/rerunfilecheck/rerunfilecheck.sty

(/usr/local/texlive/2026/texmf-dist/tex/generic/uniquecounter/uniquecounter.sty
)))

LaTeX Font Warning: Font shape `TU/ptm/m/n' undefined
(Font)              using `TU/lmr/m/n' instead on input line 32.

(/usr/local/texlive/2026/texmf-dist/tex/latex/l3backend/l3backend-xetex.def)
(./main.aux) (/usr/local/texlive/2026/texmf-dist/tex/latex/microtype/mt-ptm.cfg
) (./main.out) (./main.out)

LaTeX Font Warning: Font shape `TU/ptm/m/sc' undefined
(Font)              using `TU/ptm/m/n' instead on input line 35.

(/usr/local/texlive/2026/texmf-dist/tex/latex/microtype/mt-cmr.cfg)
(/usr/local/texlive/2026/texmf-dist/tex/latex/amsfonts/umsa.fd)
(/usr/local/texlive/2026/texmf-dist/tex/latex/microtype/mt-msa.cfg)
(/usr/local/texlive/2026/texmf-dist/tex/latex/amsfonts/umsb.fd)
(/usr/local/texlive/2026/texmf-dist/tex/latex/microtype/mt-msb.cfg)

LaTeX Font Warning: Font shape `TU/ptm/b/n' undefined
(Font)              using `TU/ptm/m/n' instead on input line 35.


LaTeX Font Warning: Font shape `TU/ptm/m/it' undefined
(Font)              using `TU/ptm/m/n' instead on input line 103.


LaTeX Warning: `!h' float specifier changed to `!ht'.

[1]

Package natbib Warning: Citation `nie2025llada' on page 2 undefined on input li
ne 132.


LaTeX Font Warning: Font shape `TU/pcr/m/n' undefined
(Font)              using `TU/lmr/m/n' instead on input line 133.


(/usr/local/texlive/2026/texmf-dist/tex/latex/microtype/mt-LatinModernRoman.cfg
)

Package natbib Warning: Citation `cobbe2021gsm8k' on page 2 undefined on input 
line 143.


Package natbib Warning: Citation `li2025daedal' on page 2 undefined on input li
ne 158.

[2]

Package natbib Warning: Citation `cobbe2021gsm8k' on page 3 undefined on input 
line 215.


Package natbib Warning: Citation `nie2025llada' on page 3 undefined on input li
ne 216.


Package natbib Warning: Citation `zhou2026dllm' on page 3 undefined on input li
ne 218.


Package natbib Warning: Citation `ye2025dream' on page 3 undefined on input lin
e 218.


Package natbib Warning: Citation `li2025daedal' on page 3 undefined on input li
ne 218.


Package natbib Warning: Citation `wu2026dreamon' on page 3 undefined on input l
ine 218.


Package natbib Warning: Citation `wu2025fastdllm' on page 3 undefined on input 
line 218.


Package natbib Warning: Citation `wu2025fastdllmv2' on page 3 undefined on inpu
t line 218.


Package natbib Warning: Citation `zheng2023judging' on page 3 undefined on inpu
t line 219.


Package natbib Warning: Citation `jo2025finding' on page 3 undefined on input l
ine 222.


Package natbib Warning: Citation `yu2024xfinder' on page 3 undefined on input l
ine 224.


Package natbib Warning: Citation `elyaniv2010selective' on page 3 undefined on 
input line 231.


Package natbib Warning: Citation `wilson1927probable' on page 3 undefined on in
put line 241.


Package natbib Warning: Citation `clopper1934use' on page 3 undefined on input 
line 243.


Package natbib Warning: Citation `mcnemar1947note' on page 3 undefined on input
 line 246.


Package natbib Warning: Citation `schuirmann1987comparison' on page 3 undefined
 on input line 249.


Package natbib Warning: Citation `dunn1961multiple' on page 3 undefined on inpu
t line 251.


Package natbib Warning: Citation `elwert2014endogenous' on page 3 undefined on 
input line 253.


Package natbib Warning: Citation `jo2025finding' on page 3 undefined on input l
ine 256.


Package natbib Warning: Citation `yu2024xfinder' on page 3 undefined on input l
ine 256.


Package natbib Warning: Citation `forde2019scientific' on page 3 undefined on i
nput line 258.


Package natbib Warning: Citation `jo2025finding' on page 3 undefined on input l
ine 273.


Package natbib Warning: Citation `yu2024xfinder' on page 3 undefined on input l
ine 273.


Package natbib Warning: Citation `elyaniv2010selective' on page 3 undefined on 
input line 274.


Package natbib Warning: Citation `mcnemar1947note' on page 3 undefined on input
 line 275.


Package natbib Warning: Citation `dunn1961multiple' on page 3 undefined on inpu
t line 275.


Package natbib Warning: Citation `forde2019scientific' on page 3 undefined on i
nput line 276.


Package natbib Warning: Citation `elwert2014endogenous' on page 3 undefined on 
input line 277.

[3]

Package natbib Warning: Citation `elwert2014endogenous' on page 4 undefined on 
input line 288.


Package natbib Warning: Citation `mcnemar1947note' on page 4 undefined on input
 line 289.


Package natbib Warning: Citation `dunn1961multiple' on page 4 undefined on inpu
t line 289.


Package natbib Warning: Citation `jo2025finding' on page 4 undefined on input l
ine 291.


Package natbib Warning: Citation `yu2024xfinder' on page 4 undefined on input l
ine 291.


Package natbib Warning: Citation `forde2019scientific' on page 4 undefined on i
nput line 294.

[4] [5] [6] [7] [8] [9] [10]

LaTeX Warning: `!h' float specifier changed to `!ht'.

[11] [12] (./main.bbl) [13]

Package natbib Warning: Citation `ye2025dream' on page 14 undefined on input li
ne 1081.


Package natbib Warning: Citation `wu2025fastdllm' on page 14 undefined on input
 line 1081.


Package natbib Warning: Citation `wu2025fastdllmv2' on page 14 undefined on inp
ut line 1081.


Package natbib Warning: Citation `wu2026dreamon' on page 14 undefined on input 
line 1081.


Package natbib Warning: Citation `jo2025finding' on page 14 undefined on input 
line 1081.


Package natbib Warning: Citation `yu2024xfinder' on page 14 undefined on input 
line 1081.


Package natbib Warning: Citation `elyaniv2010selective' on page 14 undefined on
 input line 1081.

[14]

Package natbib Warning: Citation `cobbe2021gsm8k' on page 15 undefined on input
 line 1095.


Package natbib Warning: Citation `nie2025llada' on page 15 undefined on input l
ine 1095.


Package natbib Warning: Citation `li2025daedal' on page 15 undefined on input l
ine 1095.


Package natbib Warning: Citation `zhou2026dllm' on page 15 undefined on input l
ine 1095.


Package natbib Warning: Citation `zheng2023judging' on page 15 undefined on inp
ut line 1095.


LaTeX Warning: `!h' float specifier changed to `!ht'.

[15]
Overfull \vbox (36.41142pt too high) has occurred while \output is active
[16] [17]

Package natbib Warning: Citation `yu2024xfinder' on page 18 undefined on input 
line 1379.

[18] [19] [20] [21]

Package natbib Warning: There were undefined citations.

[22] (./main.aux)

LaTeX Font Warning: Some font shapes were not available, defaults substituted.

 )
(see the transcript file for additional information)
Output written on main.pdf (22 pages).
Transcript written on main.log.
This is BibTeX, Version 0.99e (TeX Live 2026)
The top-level auxiliary file: main.aux
The style file: iclr2026_conference.bst
Database file #1: refs.bib
This is XeTeX, Version 3.141592653-2.6-0.999998 (TeX Live 2026) (preloaded format=xelatex)
entering extended mode
(./main.tex
LaTeX2e <2025-11-01>
L3 programming layer <2026-01-19>
(/usr/local/texlive/2026/texmf-dist/tex/latex/base/article.cls
Document Class: article 2025/01/22 v1.4n Standard LaTeX document class
(/usr/local/texlive/2026/texmf-dist/tex/latex/base/size10.clo))
(./iclr2026_conference.sty
(/usr/local/texlive/2026/texmf-dist/tex/latex/eso-pic/eso-pic.sty
(/usr/local/texlive/2026/texmf-dist/tex/latex/graphics/keyval.sty)
(/usr/local/texlive/2026/texmf-dist/tex/latex/xcolor/xcolor.sty
(/usr/local/texlive/2026/texmf-dist/tex/latex/graphics-cfg/color.cfg)
(/usr/local/texlive/2026/texmf-dist/tex/latex/graphics-def/xetex.def)
(/usr/local/texlive/2026/texmf-dist/tex/latex/graphics/mathcolor.ltx)))
(./fancyhdr.sty) (./natbib.sty))
(/usr/local/texlive/2026/texmf-dist/tex/latex/psnfss/times.sty)
(/usr/local/texlive/2026/texmf-dist/tex/latex/amsmath/amsmath.sty
For additional information on amsmath, use the `?' option.
(/usr/local/texlive/2026/texmf-dist/tex/latex/amsmath/amstext.sty
(/usr/local/texlive/2026/texmf-dist/tex/latex/amsmath/amsgen.sty))
(/usr/local/texlive/2026/texmf-dist/tex/latex/amsmath/amsbsy.sty)
(/usr/local/texlive/2026/texmf-dist/tex/latex/amsmath/amsopn.sty))
(/usr/local/texlive/2026/texmf-dist/tex/latex/amsfonts/amssymb.sty
(/usr/local/texlive/2026/texmf-dist/tex/latex/amsfonts/amsfonts.sty))
(/usr/local/texlive/2026/texmf-dist/tex/latex/booktabs/booktabs.sty)
(/usr/local/texlive/2026/texmf-dist/tex/latex/graphics/graphicx.sty
(/usr/local/texlive/2026/texmf-dist/tex/latex/graphics/graphics.sty
(/usr/local/texlive/2026/texmf-dist/tex/latex/graphics/trig.sty)
(/usr/local/texlive/2026/texmf-dist/tex/latex/graphics-cfg/graphics.cfg)))
(/usr/local/texlive/2026/texmf-dist/tex/latex/microtype/microtype.sty
(/usr/local/texlive/2026/texmf-dist/tex/latex/etoolbox/etoolbox.sty)
(/usr/local/texlive/2026/texmf-dist/tex/latex/microtype/microtype-xetex.def)
(/usr/local/texlive/2026/texmf-dist/tex/latex/microtype/microtype.cfg))
(/usr/local/texlive/2026/texmf-dist/tex/latex/tools/array.sty)
(/usr/local/texlive/2026/texmf-dist/tex/latex/tools/tabularx.sty)
(/usr/local/texlive/2026/texmf-dist/tex/latex/float/float.sty)
(/usr/local/texlive/2026/texmf-dist/tex/latex/hyperref/hyperref.sty
(/usr/local/texlive/2026/texmf-dist/tex/generic/iftex/iftex.sty)
(/usr/local/texlive/2026/texmf-dist/tex/latex/kvsetkeys/kvsetkeys.sty)
(/usr/local/texlive/2026/texmf-dist/tex/generic/kvdefinekeys/kvdefinekeys.sty)
(/usr/local/texlive/2026/texmf-dist/tex/generic/pdfescape/pdfescape.sty
(/usr/local/texlive/2026/texmf-dist/tex/generic/ltxcmds/ltxcmds.sty)
(/usr/local/texlive/2026/texmf-dist/tex/generic/pdftexcmds/pdftexcmds.sty
(/usr/local/texlive/2026/texmf-dist/tex/generic/infwarerr/infwarerr.sty)))
(/usr/local/texlive/2026/texmf-dist/tex/latex/hycolor/hycolor.sty)
(/usr/local/texlive/2026/texmf-dist/tex/latex/hyperref/nameref.sty
(/usr/local/texlive/2026/texmf-dist/tex/latex/refcount/refcount.sty)
(/usr/local/texlive/2026/texmf-dist/tex/generic/gettitlestring/gettitlestring.s
ty (/usr/local/texlive/2026/texmf-dist/tex/latex/kvoptions/kvoptions.sty)))
(/usr/local/texlive/2026/texmf-dist/tex/generic/stringenc/stringenc.sty)
(/usr/local/texlive/2026/texmf-dist/tex/latex/hyperref/pd1enc.def)
(/usr/local/texlive/2026/texmf-dist/tex/generic/intcalc/intcalc.sty)
(/usr/local/texlive/2026/texmf-dist/tex/latex/hyperref/puenc.def)
(/usr/local/texlive/2026/texmf-dist/tex/latex/url/url.sty)
(/usr/local/texlive/2026/texmf-dist/tex/generic/bitset/bitset.sty
(/usr/local/texlive/2026/texmf-dist/tex/generic/bigintcalc/bigintcalc.sty)))
(/usr/local/texlive/2026/texmf-dist/tex/latex/hyperref/hxetex.def
(/usr/local/texlive/2026/texmf-dist/tex/latex/rerunfilecheck/rerunfilecheck.sty

(/usr/local/texlive/2026/texmf-dist/tex/generic/uniquecounter/uniquecounter.sty
)))

LaTeX Font Warning: Font shape `TU/ptm/m/n' undefined
(Font)              using `TU/lmr/m/n' instead on input line 32.

(/usr/local/texlive/2026/texmf-dist/tex/latex/l3backend/l3backend-xetex.def)
(./main.aux) (/usr/local/texlive/2026/texmf-dist/tex/latex/microtype/mt-ptm.cfg
) (./main.out) (./main.out)

LaTeX Font Warning: Font shape `TU/ptm/m/sc' undefined
(Font)              using `TU/ptm/m/n' instead on input line 35.

(/usr/local/texlive/2026/texmf-dist/tex/latex/microtype/mt-cmr.cfg)
(/usr/local/texlive/2026/texmf-dist/tex/latex/amsfonts/umsa.fd)
(/usr/local/texlive/2026/texmf-dist/tex/latex/microtype/mt-msa.cfg)
(/usr/local/texlive/2026/texmf-dist/tex/latex/amsfonts/umsb.fd)
(/usr/local/texlive/2026/texmf-dist/tex/latex/microtype/mt-msb.cfg)

LaTeX Font Warning: Font shape `TU/ptm/b/n' undefined
(Font)              using `TU/ptm/m/n' instead on input line 35.


LaTeX Font Warning: Font shape `TU/ptm/m/it' undefined
(Font)              using `TU/ptm/m/n' instead on input line 103.


LaTeX Warning: `!h' float specifier changed to `!ht'.

[1]

Package natbib Warning: Citation `nie2025llada' on page 2 undefined on input li
ne 132.


LaTeX Font Warning: Font shape `TU/pcr/m/n' undefined
(Font)              using `TU/lmr/m/n' instead on input line 133.


(/usr/local/texlive/2026/texmf-dist/tex/latex/microtype/mt-LatinModernRoman.cfg
)

Package natbib Warning: Citation `cobbe2021gsm8k' on page 2 undefined on input 
line 143.


Package natbib Warning: Citation `li2025daedal' on page 2 undefined on input li
ne 158.

[2]

Package natbib Warning: Citation `cobbe2021gsm8k' on page 3 undefined on input 
line 215.


Package natbib Warning: Citation `nie2025llada' on page 3 undefined on input li
ne 216.


Package natbib Warning: Citation `zhou2026dllm' on page 3 undefined on input li
ne 218.


Package natbib Warning: Citation `ye2025dream' on page 3 undefined on input lin
e 218.


Package natbib Warning: Citation `li2025daedal' on page 3 undefined on input li
ne 218.


Package natbib Warning: Citation `wu2026dreamon' on page 3 undefined on input l
ine 218.


Package natbib Warning: Citation `wu2025fastdllm' on page 3 undefined on input 
line 218.


Package natbib Warning: Citation `wu2025fastdllmv2' on page 3 undefined on inpu
t line 218.


Package natbib Warning: Citation `zheng2023judging' on page 3 undefined on inpu
t line 219.


Package natbib Warning: Citation `jo2025finding' on page 3 undefined on input l
ine 222.


Package natbib Warning: Citation `yu2024xfinder' on page 3 undefined on input l
ine 224.


Package natbib Warning: Citation `elyaniv2010selective' on page 3 undefined on 
input line 231.


Package natbib Warning: Citation `wilson1927probable' on page 3 undefined on in
put line 241.


Package natbib Warning: Citation `clopper1934use' on page 3 undefined on input 
line 243.


Package natbib Warning: Citation `mcnemar1947note' on page 3 undefined on input
 line 246.


Package natbib Warning: Citation `schuirmann1987comparison' on page 3 undefined
 on input line 249.


Package natbib Warning: Citation `dunn1961multiple' on page 3 undefined on inpu
t line 251.


Package natbib Warning: Citation `elwert2014endogenous' on page 3 undefined on 
input line 253.


Package natbib Warning: Citation `jo2025finding' on page 3 undefined on input l
ine 256.


Package natbib Warning: Citation `yu2024xfinder' on page 3 undefined on input l
ine 256.


Package natbib Warning: Citation `forde2019scientific' on page 3 undefined on i
nput line 258.


Package natbib Warning: Citation `jo2025finding' on page 3 undefined on input l
ine 273.


Package natbib Warning: Citation `yu2024xfinder' on page 3 undefined on input l
ine 273.


Package natbib Warning: Citation `elyaniv2010selective' on page 3 undefined on 
input line 274.


Package natbib Warning: Citation `mcnemar1947note' on page 3 undefined on input
 line 275.


Package natbib Warning: Citation `dunn1961multiple' on page 3 undefined on inpu
t line 275.


Package natbib Warning: Citation `forde2019scientific' on page 3 undefined on i
nput line 276.


Package natbib Warning: Citation `elwert2014endogenous' on page 3 undefined on 
input line 277.

[3]

Package natbib Warning: Citation `elwert2014endogenous' on page 4 undefined on 
input line 288.


Package natbib Warning: Citation `mcnemar1947note' on page 4 undefined on input
 line 289.


Package natbib Warning: Citation `dunn1961multiple' on page 4 undefined on inpu
t line 289.


Package natbib Warning: Citation `jo2025finding' on page 4 undefined on input l
ine 291.


Package natbib Warning: Citation `yu2024xfinder' on page 4 undefined on input l
ine 291.


Package natbib Warning: Citation `forde2019scientific' on page 4 undefined on i
nput line 294.

[4] [5] [6] [7] [8] [9] [10]

LaTeX Warning: `!h' float specifier changed to `!ht'.

[11] [12] (./main.bbl [13]) [14] [15]

Package natbib Warning: Citation `ye2025dream' on page 16 undefined on input li
ne 1081.


Package natbib Warning: Citation `wu2025fastdllm' on page 16 undefined on input
 line 1081.


Package natbib Warning: Citation `wu2025fastdllmv2' on page 16 undefined on inp
ut line 1081.


Package natbib Warning: Citation `wu2026dreamon' on page 16 undefined on input 
line 1081.


Package natbib Warning: Citation `jo2025finding' on page 16 undefined on input 
line 1081.


Package natbib Warning: Citation `yu2024xfinder' on page 16 undefined on input 
line 1081.


Package natbib Warning: Citation `elyaniv2010selective' on page 16 undefined on
 input line 1081.


Package natbib Warning: Citation `cobbe2021gsm8k' on page 16 undefined on input
 line 1095.


Package natbib Warning: Citation `nie2025llada' on page 16 undefined on input l
ine 1095.


Package natbib Warning: Citation `li2025daedal' on page 16 undefined on input l
ine 1095.


Package natbib Warning: Citation `zhou2026dllm' on page 16 undefined on input l
ine 1095.


Package natbib Warning: Citation `zheng2023judging' on page 16 undefined on inp
ut line 1095.


LaTeX Warning: `!h' float specifier changed to `!ht'.

[16] [17] [18] [19]

Package natbib Warning: Citation `yu2024xfinder' on page 20 undefined on input 
line 1379.

[20] [21] [22]

Package natbib Warning: There were undefined citations.

[23] (./main.aux

Package natbib Warning: Citation(s) may have changed.
(natbib)                Rerun to get citations correct.

)

LaTeX Font Warning: Some font shapes were not available, defaults substituted.


LaTeX Warning: Label(s) may have changed. Rerun to get cross-references right.

 )
Output written on main.pdf (23 pages).
Transcript written on main.log.
This is XeTeX, Version 3.141592653-2.6-0.999998 (TeX Live 2026) (preloaded format=xelatex)
entering extended mode
(./main.tex
LaTeX2e <2025-11-01>
L3 programming layer <2026-01-19>
(/usr/local/texlive/2026/texmf-dist/tex/latex/base/article.cls
Document Class: article 2025/01/22 v1.4n Standard LaTeX document class
(/usr/local/texlive/2026/texmf-dist/tex/latex/base/size10.clo))
(./iclr2026_conference.sty
(/usr/local/texlive/2026/texmf-dist/tex/latex/eso-pic/eso-pic.sty
(/usr/local/texlive/2026/texmf-dist/tex/latex/graphics/keyval.sty)
(/usr/local/texlive/2026/texmf-dist/tex/latex/xcolor/xcolor.sty
(/usr/local/texlive/2026/texmf-dist/tex/latex/graphics-cfg/color.cfg)
(/usr/local/texlive/2026/texmf-dist/tex/latex/graphics-def/xetex.def)
(/usr/local/texlive/2026/texmf-dist/tex/latex/graphics/mathcolor.ltx)))
(./fancyhdr.sty) (./natbib.sty))
(/usr/local/texlive/2026/texmf-dist/tex/latex/psnfss/times.sty)
(/usr/local/texlive/2026/texmf-dist/tex/latex/amsmath/amsmath.sty
For additional information on amsmath, use the `?' option.
(/usr/local/texlive/2026/texmf-dist/tex/latex/amsmath/amstext.sty
(/usr/local/texlive/2026/texmf-dist/tex/latex/amsmath/amsgen.sty))
(/usr/local/texlive/2026/texmf-dist/tex/latex/amsmath/amsbsy.sty)
(/usr/local/texlive/2026/texmf-dist/tex/latex/amsmath/amsopn.sty))
(/usr/local/texlive/2026/texmf-dist/tex/latex/amsfonts/amssymb.sty
(/usr/local/texlive/2026/texmf-dist/tex/latex/amsfonts/amsfonts.sty))
(/usr/local/texlive/2026/texmf-dist/tex/latex/booktabs/booktabs.sty)
(/usr/local/texlive/2026/texmf-dist/tex/latex/graphics/graphicx.sty
(/usr/local/texlive/2026/texmf-dist/tex/latex/graphics/graphics.sty
(/usr/local/texlive/2026/texmf-dist/tex/latex/graphics/trig.sty)
(/usr/local/texlive/2026/texmf-dist/tex/latex/graphics-cfg/graphics.cfg)))
(/usr/local/texlive/2026/texmf-dist/tex/latex/microtype/microtype.sty
(/usr/local/texlive/2026/texmf-dist/tex/latex/etoolbox/etoolbox.sty)
(/usr/local/texlive/2026/texmf-dist/tex/latex/microtype/microtype-xetex.def)
(/usr/local/texlive/2026/texmf-dist/tex/latex/microtype/microtype.cfg))
(/usr/local/texlive/2026/texmf-dist/tex/latex/tools/array.sty)
(/usr/local/texlive/2026/texmf-dist/tex/latex/tools/tabularx.sty)
(/usr/local/texlive/2026/texmf-dist/tex/latex/float/float.sty)
(/usr/local/texlive/2026/texmf-dist/tex/latex/hyperref/hyperref.sty
(/usr/local/texlive/2026/texmf-dist/tex/generic/iftex/iftex.sty)
(/usr/local/texlive/2026/texmf-dist/tex/latex/kvsetkeys/kvsetkeys.sty)
(/usr/local/texlive/2026/texmf-dist/tex/generic/kvdefinekeys/kvdefinekeys.sty)
(/usr/local/texlive/2026/texmf-dist/tex/generic/pdfescape/pdfescape.sty
(/usr/local/texlive/2026/texmf-dist/tex/generic/ltxcmds/ltxcmds.sty)
(/usr/local/texlive/2026/texmf-dist/tex/generic/pdftexcmds/pdftexcmds.sty
(/usr/local/texlive/2026/texmf-dist/tex/generic/infwarerr/infwarerr.sty)))
(/usr/local/texlive/2026/texmf-dist/tex/latex/hycolor/hycolor.sty)
(/usr/local/texlive/2026/texmf-dist/tex/latex/hyperref/nameref.sty
(/usr/local/texlive/2026/texmf-dist/tex/latex/refcount/refcount.sty)
(/usr/local/texlive/2026/texmf-dist/tex/generic/gettitlestring/gettitlestring.s
ty (/usr/local/texlive/2026/texmf-dist/tex/latex/kvoptions/kvoptions.sty)))
(/usr/local/texlive/2026/texmf-dist/tex/generic/stringenc/stringenc.sty)
(/usr/local/texlive/2026/texmf-dist/tex/latex/hyperref/pd1enc.def)
(/usr/local/texlive/2026/texmf-dist/tex/generic/intcalc/intcalc.sty)
(/usr/local/texlive/2026/texmf-dist/tex/latex/hyperref/puenc.def)
(/usr/local/texlive/2026/texmf-dist/tex/latex/url/url.sty)
(/usr/local/texlive/2026/texmf-dist/tex/generic/bitset/bitset.sty
(/usr/local/texlive/2026/texmf-dist/tex/generic/bigintcalc/bigintcalc.sty)))
(/usr/local/texlive/2026/texmf-dist/tex/latex/hyperref/hxetex.def
(/usr/local/texlive/2026/texmf-dist/tex/latex/rerunfilecheck/rerunfilecheck.sty

(/usr/local/texlive/2026/texmf-dist/tex/generic/uniquecounter/uniquecounter.sty
)))

LaTeX Font Warning: Font shape `TU/ptm/m/n' undefined
(Font)              using `TU/lmr/m/n' instead on input line 32.

(/usr/local/texlive/2026/texmf-dist/tex/latex/l3backend/l3backend-xetex.def)
(./main.aux) (/usr/local/texlive/2026/texmf-dist/tex/latex/microtype/mt-ptm.cfg
) (./main.out) (./main.out)

LaTeX Font Warning: Font shape `TU/ptm/m/sc' undefined
(Font)              using `TU/ptm/m/n' instead on input line 35.

(/usr/local/texlive/2026/texmf-dist/tex/latex/microtype/mt-cmr.cfg)
(/usr/local/texlive/2026/texmf-dist/tex/latex/amsfonts/umsa.fd)
(/usr/local/texlive/2026/texmf-dist/tex/latex/microtype/mt-msa.cfg)
(/usr/local/texlive/2026/texmf-dist/tex/latex/amsfonts/umsb.fd)
(/usr/local/texlive/2026/texmf-dist/tex/latex/microtype/mt-msb.cfg)

LaTeX Font Warning: Font shape `TU/ptm/b/n' undefined
(Font)              using `TU/ptm/m/n' instead on input line 35.


LaTeX Font Warning: Font shape `TU/ptm/m/it' undefined
(Font)              using `TU/ptm/m/n' instead on input line 103.


LaTeX Warning: `!h' float specifier changed to `!ht'.

[1]

LaTeX Font Warning: Font shape `TU/pcr/m/n' undefined
(Font)              using `TU/lmr/m/n' instead on input line 133.


(/usr/local/texlive/2026/texmf-dist/tex/latex/microtype/mt-LatinModernRoman.cfg
) [2] [3] [4] [5] [6] [7] [8] [9] [10] [11] [12] (./main.bbl [13] [14])
[15] [16] [17] [18] [19] [20] [21] [22] [23] (./main.aux)

LaTeX Font Warning: Some font shapes were not available, defaults substituted.


LaTeX Warning: Label(s) may have changed. Rerun to get cross-references right.

 )
Output written on main.pdf (23 pages).
Transcript written on main.log.
