/mnt/tidal-alsh-hilab/dataset/diandian/user/liuhanzuo/indep-bench/qcomem_gpu_vllm_paged_multifork_resident_20260814a/aggregate_answer_lora_full_state_downstream.py: OK
/mnt/tidal-alsh-hilab/dataset/diandian/user/liuhanzuo/indep-bench/qcomem_gpu_vllm_paged_multifork_resident_20260814a/aggregate_capacity.py: OK
/mnt/tidal-alsh-hilab/dataset/diandian/user/liuhanzuo/indep-bench/qcomem_gpu_vllm_paged_multifork_resident_20260814a/aggregate_deployment.py: OK
/mnt/tidal-alsh-hilab/dataset/diandian/user/liuhanzuo/indep-bench/qcomem_gpu_vllm_paged_multifork_resident_20260814a/aggregate_detached_lora_semantic_gate.py: OK
/mnt/tidal-alsh-hilab/dataset/diandian/user/liuhanzuo/indep-bench/qcomem_gpu_vllm_paged_multifork_resident_20260814a/aggregate_downstream.py: OK
/mnt/tidal-alsh-hilab/dataset/diandian/user/liuhanzuo/indep-bench/qcomem_gpu_vllm_paged_multifork_resident_20260814a/aggregate_hypic_lite.py: OK
/mnt/tidal-alsh-hilab/dataset/diandian/user/liuhanzuo/indep-bench/qcomem_gpu_vllm_paged_multifork_resident_20260814a/aggregate_interface.py: OK
/mnt/tidal-alsh-hilab/dataset/diandian/user/liuhanzuo/indep-bench/qcomem_gpu_vllm_paged_multifork_resident_20260814a/aggregate_interface_lora.py: OK
/mnt/tidal-alsh-hilab/dataset/diandian/user/liuhanzuo/indep-bench/qcomem_gpu_vllm_paged_multifork_resident_20260814a/aggregate_joint_policy_candidates.py: OK
/mnt/tidal-alsh-hilab/dataset/diandian/user/liuhanzuo/indep-bench/qcomem_gpu_vllm_paged_multifork_resident_20260814a/aggregate_joint_policy_eval.py: OK
/mnt/tidal-alsh-hilab/dataset/diandian/user/liuhanzuo/indep-bench/qcomem_gpu_vllm_paged_multifork_resident_20260814a/aggregate_layer_sensitivity.py: OK
/mnt/tidal-alsh-hilab/dataset/diandian/user/liuhanzuo/indep-bench/qcomem_gpu_vllm_paged_multifork_resident_20260814a/aggregate_lora_deployment_semantic_gate.py: OK
/mnt/tidal-alsh-hilab/dataset/diandian/user/liuhanzuo/indep-bench/qcomem_gpu_vllm_paged_multifork_resident_20260814a/aggregate_native_lora_checkpoint_attribution.py: OK
/mnt/tidal-alsh-hilab/dataset/diandian/user/liuhanzuo/indep-bench/qcomem_gpu_vllm_paged_multifork_resident_20260814a/aggregate_native_lora_heldout.py: OK
/mnt/tidal-alsh-hilab/dataset/diandian/user/liuhanzuo/indep-bench/qcomem_gpu_vllm_paged_multifork_resident_20260814a/aggregate_native_lora_semantic_gate.py: OK
/mnt/tidal-alsh-hilab/dataset/diandian/user/liuhanzuo/indep-bench/qcomem_gpu_vllm_paged_multifork_resident_20260814a/aggregate_qcomem_qwen35_paged_real.py: OK
/mnt/tidal-alsh-hilab/dataset/diandian/user/liuhanzuo/indep-bench/qcomem_gpu_vllm_paged_multifork_resident_20260814a/aggregate_replay.py: OK
/mnt/tidal-alsh-hilab/dataset/diandian/user/liuhanzuo/indep-bench/qcomem_gpu_vllm_paged_multifork_resident_20260814a/aggregate_sft_dcp_downstream.py: OK
/mnt/tidal-alsh-hilab/dataset/diandian/user/liuhanzuo/indep-bench/qcomem_gpu_vllm_paged_multifork_resident_20260814a/aggregate_sft_full_qcomem.py: OK
/mnt/tidal-alsh-hilab/dataset/diandian/user/liuhanzuo/indep-bench/qcomem_gpu_vllm_paged_multifork_resident_20260814a/analyze_validation.py: OK
/mnt/tidal-alsh-hilab/dataset/diandian/user/liuhanzuo/indep-bench/qcomem_gpu_vllm_paged_multifork_resident_20260814a/audit_deployment_aware_sft.py: OK
/mnt/tidal-alsh-hilab/dataset/diandian/user/liuhanzuo/indep-bench/qcomem_gpu_vllm_paged_multifork_resident_20260814a/audit_detached_lora_checkpoint.py: OK
/mnt/tidal-alsh-hilab/dataset/diandian/user/liuhanzuo/indep-bench/qcomem_gpu_vllm_paged_multifork_resident_20260814a/audit_supervised_sft_scale.py: OK
/mnt/tidal-alsh-hilab/dataset/diandian/user/liuhanzuo/indep-bench/qcomem_gpu_vllm_paged_multifork_resident_20260814a/build_deployment_aware_sft.py: OK
/mnt/tidal-alsh-hilab/dataset/diandian/user/liuhanzuo/indep-bench/qcomem_gpu_vllm_paged_multifork_resident_20260814a/build_native_lora_domain_view.py: OK
/mnt/tidal-alsh-hilab/dataset/diandian/user/liuhanzuo/indep-bench/qcomem_gpu_vllm_paged_multifork_resident_20260814a/build_qcomem_qwen35_vllm_paged_multifork_manifest.py: OK
/mnt/tidal-alsh-hilab/dataset/diandian/user/liuhanzuo/indep-bench/qcomem_gpu_vllm_paged_multifork_resident_20260814a/build_sft_overlap_ledger.py: OK
/mnt/tidal-alsh-hilab/dataset/diandian/user/liuhanzuo/indep-bench/qcomem_gpu_vllm_paged_multifork_resident_20260814a/dcp_replicated_load_preflight.py: OK
/mnt/tidal-alsh-hilab/dataset/diandian/user/liuhanzuo/indep-bench/qcomem_gpu_vllm_paged_multifork_resident_20260814a/deployment_aware_fsdp_preflight.py: OK
/mnt/tidal-alsh-hilab/dataset/diandian/user/liuhanzuo/indep-bench/qcomem_gpu_vllm_paged_multifork_resident_20260814a/deployment_aware_sft.py: OK
/mnt/tidal-alsh-hilab/dataset/diandian/user/liuhanzuo/indep-bench/qcomem_gpu_vllm_paged_multifork_resident_20260814a/diagnose_qcomem_qwen35_paged_dtype.py: OK
/mnt/tidal-alsh-hilab/dataset/diandian/user/liuhanzuo/indep-bench/qcomem_gpu_vllm_paged_multifork_resident_20260814a/fp32_master.py: OK
/mnt/tidal-alsh-hilab/dataset/diandian/user/liuhanzuo/indep-bench/qcomem_gpu_vllm_paged_multifork_resident_20260814a/fsdp_dcp_longrun_preflight.py: OK
/mnt/tidal-alsh-hilab/dataset/diandian/user/liuhanzuo/indep-bench/qcomem_gpu_vllm_paged_multifork_resident_20260814a/fsdp_fp32_preflight.py: OK
/mnt/tidal-alsh-hilab/dataset/diandian/user/liuhanzuo/indep-bench/qcomem_gpu_vllm_paged_multifork_resident_20260814a/hypic_lite.py: OK
/mnt/tidal-alsh-hilab/dataset/diandian/user/liuhanzuo/indep-bench/qcomem_gpu_vllm_paged_multifork_resident_20260814a/preflight_supervised_sft.py: OK
/mnt/tidal-alsh-hilab/dataset/diandian/user/liuhanzuo/indep-bench/qcomem_gpu_vllm_paged_multifork_resident_20260814a/prepare_longbench_subset.py: OK
/mnt/tidal-alsh-hilab/dataset/diandian/user/liuhanzuo/indep-bench/qcomem_gpu_vllm_paged_multifork_resident_20260814a/prepare_pg19_train_subset.py: OK
/mnt/tidal-alsh-hilab/dataset/diandian/user/liuhanzuo/indep-bench/qcomem_gpu_vllm_paged_multifork_resident_20260814a/prepare_supervised_qa_train.py: OK
/mnt/tidal-alsh-hilab/dataset/diandian/user/liuhanzuo/indep-bench/qcomem_gpu_vllm_paged_multifork_resident_20260814a/qcomem_answer_supervised_lora.py: OK
/mnt/tidal-alsh-hilab/dataset/diandian/user/liuhanzuo/indep-bench/qcomem_gpu_vllm_paged_multifork_resident_20260814a/qcomem_deployment.py: OK
/mnt/tidal-alsh-hilab/dataset/diandian/user/liuhanzuo/indep-bench/qcomem_gpu_vllm_paged_multifork_resident_20260814a/qcomem_functional_cache.py: OK
/mnt/tidal-alsh-hilab/dataset/diandian/user/liuhanzuo/indep-bench/qcomem_gpu_vllm_paged_multifork_resident_20260814a/qcomem_joint_policy.py: OK
/mnt/tidal-alsh-hilab/dataset/diandian/user/liuhanzuo/indep-bench/qcomem_gpu_vllm_paged_multifork_resident_20260814a/qcomem_lora.py: OK
/mnt/tidal-alsh-hilab/dataset/diandian/user/liuhanzuo/indep-bench/qcomem_gpu_vllm_paged_multifork_resident_20260814a/qcomem_native_lora_protocol.py: OK
/mnt/tidal-alsh-hilab/dataset/diandian/user/liuhanzuo/indep-bench/qcomem_gpu_vllm_paged_multifork_resident_20260814a/qcomem_paged.py: OK
/mnt/tidal-alsh-hilab/dataset/diandian/user/liuhanzuo/indep-bench/qcomem_gpu_vllm_paged_multifork_resident_20260814a/qcomem_paged_attention.py: OK
/mnt/tidal-alsh-hilab/dataset/diandian/user/liuhanzuo/indep-bench/qcomem_gpu_vllm_paged_multifork_resident_20260814a/qcomem_qwen35_functional_stack.py: OK
/mnt/tidal-alsh-hilab/dataset/diandian/user/liuhanzuo/indep-bench/qcomem_gpu_vllm_paged_multifork_resident_20260814a/qcomem_qwen35_gdn_functional.py: OK
/mnt/tidal-alsh-hilab/dataset/diandian/user/liuhanzuo/indep-bench/qcomem_gpu_vllm_paged_multifork_resident_20260814a/qcomem_qwen35_native_cache.py: OK
/mnt/tidal-alsh-hilab/dataset/diandian/user/liuhanzuo/indep-bench/qcomem_gpu_vllm_paged_multifork_resident_20260814a/qcomem_qwen35_paged_integration.py: OK
/mnt/tidal-alsh-hilab/dataset/diandian/user/liuhanzuo/indep-bench/qcomem_gpu_vllm_paged_multifork_resident_20260814a/qcomem_qwen35_vllm_paged_integration.py: OK
/mnt/tidal-alsh-hilab/dataset/diandian/user/liuhanzuo/indep-bench/qcomem_gpu_vllm_paged_multifork_resident_20260814a/qcomem_suffix_full.py: OK
/mnt/tidal-alsh-hilab/dataset/diandian/user/liuhanzuo/indep-bench/qcomem_gpu_vllm_paged_multifork_resident_20260814a/qcomem_torch.py: OK
/mnt/tidal-alsh-hilab/dataset/diandian/user/liuhanzuo/indep-bench/qcomem_gpu_vllm_paged_multifork_resident_20260814a/qcomem_vllm_paged_fair_control.py: OK
/mnt/tidal-alsh-hilab/dataset/diandian/user/liuhanzuo/indep-bench/qcomem_gpu_vllm_paged_multifork_resident_20260814a/qcomem_vllm_paged_kernel.py: OK
/mnt/tidal-alsh-hilab/dataset/diandian/user/liuhanzuo/indep-bench/qcomem_gpu_vllm_paged_multifork_resident_20260814a/qcomem_vllm_paged_multifork_resident.py: OK
/mnt/tidal-alsh-hilab/dataset/diandian/user/liuhanzuo/indep-bench/qcomem_gpu_vllm_paged_multifork_resident_20260814a/run_answer_lora_full_state_downstream.py: OK
/mnt/tidal-alsh-hilab/dataset/diandian/user/liuhanzuo/indep-bench/qcomem_gpu_vllm_paged_multifork_resident_20260814a/run_cached_smoke.py: OK
/mnt/tidal-alsh-hilab/dataset/diandian/user/liuhanzuo/indep-bench/qcomem_gpu_vllm_paged_multifork_resident_20260814a/run_capacity_scaling.py: OK
/mnt/tidal-alsh-hilab/dataset/diandian/user/liuhanzuo/indep-bench/qcomem_gpu_vllm_paged_multifork_resident_20260814a/run_deployment_bench.py: OK
/mnt/tidal-alsh-hilab/dataset/diandian/user/liuhanzuo/indep-bench/qcomem_gpu_vllm_paged_multifork_resident_20260814a/run_detached_lora_semantic_gate.py: OK
/mnt/tidal-alsh-hilab/dataset/diandian/user/liuhanzuo/indep-bench/qcomem_gpu_vllm_paged_multifork_resident_20260814a/run_downstream.py: OK
/mnt/tidal-alsh-hilab/dataset/diandian/user/liuhanzuo/indep-bench/qcomem_gpu_vllm_paged_multifork_resident_20260814a/run_hypic_lite_bench.py: OK
/mnt/tidal-alsh-hilab/dataset/diandian/user/liuhanzuo/indep-bench/qcomem_gpu_vllm_paged_multifork_resident_20260814a/run_interface_diagnostic.py: OK
/mnt/tidal-alsh-hilab/dataset/diandian/user/liuhanzuo/indep-bench/qcomem_gpu_vllm_paged_multifork_resident_20260814a/run_joint_policy_eval.py: OK
/mnt/tidal-alsh-hilab/dataset/diandian/user/liuhanzuo/indep-bench/qcomem_gpu_vllm_paged_multifork_resident_20260814a/run_joint_policy_profile.py: OK
/mnt/tidal-alsh-hilab/dataset/diandian/user/liuhanzuo/indep-bench/qcomem_gpu_vllm_paged_multifork_resident_20260814a/run_layer_sensitivity.py: OK
/mnt/tidal-alsh-hilab/dataset/diandian/user/liuhanzuo/indep-bench/qcomem_gpu_vllm_paged_multifork_resident_20260814a/run_lora_deployment_semantic_gate.py: OK
/mnt/tidal-alsh-hilab/dataset/diandian/user/liuhanzuo/indep-bench/qcomem_gpu_vllm_paged_multifork_resident_20260814a/run_native_lora_checkpoint_attribution.py: OK
/mnt/tidal-alsh-hilab/dataset/diandian/user/liuhanzuo/indep-bench/qcomem_gpu_vllm_paged_multifork_resident_20260814a/run_native_lora_heldout.py: OK
/mnt/tidal-alsh-hilab/dataset/diandian/user/liuhanzuo/indep-bench/qcomem_gpu_vllm_paged_multifork_resident_20260814a/run_native_lora_semantic_gate.py: OK
/mnt/tidal-alsh-hilab/dataset/diandian/user/liuhanzuo/indep-bench/qcomem_gpu_vllm_paged_multifork_resident_20260814a/run_qcomem_qwen35_paged_real.py: OK
/mnt/tidal-alsh-hilab/dataset/diandian/user/liuhanzuo/indep-bench/qcomem_gpu_vllm_paged_multifork_resident_20260814a/run_qcomem_qwen35_vllm_paged_fair_v2.py: OK
/mnt/tidal-alsh-hilab/dataset/diandian/user/liuhanzuo/indep-bench/qcomem_gpu_vllm_paged_multifork_resident_20260814a/run_qcomem_qwen35_vllm_paged_formal.py: OK
/mnt/tidal-alsh-hilab/dataset/diandian/user/liuhanzuo/indep-bench/qcomem_gpu_vllm_paged_multifork_resident_20260814a/run_qcomem_qwen35_vllm_paged_multifork_resident.py: OK
/mnt/tidal-alsh-hilab/dataset/diandian/user/liuhanzuo/indep-bench/qcomem_gpu_vllm_paged_multifork_resident_20260814a/run_replay_diagnostic.py: OK
/mnt/tidal-alsh-hilab/dataset/diandian/user/liuhanzuo/indep-bench/qcomem_gpu_vllm_paged_multifork_resident_20260814a/run_sft_dcp_downstream.py: OK
/mnt/tidal-alsh-hilab/dataset/diandian/user/liuhanzuo/indep-bench/qcomem_gpu_vllm_paged_multifork_resident_20260814a/run_sft_full_qcomem_downstream.py: OK
/mnt/tidal-alsh-hilab/dataset/diandian/user/liuhanzuo/indep-bench/qcomem_gpu_vllm_paged_multifork_resident_20260814a/sft_dcp_checkpoint.py: OK
/mnt/tidal-alsh-hilab/dataset/diandian/user/liuhanzuo/indep-bench/qcomem_gpu_vllm_paged_multifork_resident_20260814a/sft_quality_validation.py: OK
/mnt/tidal-alsh-hilab/dataset/diandian/user/liuhanzuo/indep-bench/qcomem_gpu_vllm_paged_multifork_resident_20260814a/split_supervised_sft_scale.py: OK
/mnt/tidal-alsh-hilab/dataset/diandian/user/liuhanzuo/indep-bench/qcomem_gpu_vllm_paged_multifork_resident_20260814a/supervised_sft.py: OK
/mnt/tidal-alsh-hilab/dataset/diandian/user/liuhanzuo/indep-bench/qcomem_gpu_vllm_paged_multifork_resident_20260814a/supervised_sft_longrun.py: OK
/mnt/tidal-alsh-hilab/dataset/diandian/user/liuhanzuo/indep-bench/qcomem_gpu_vllm_paged_multifork_resident_20260814a/test_aggregate_qcomem_qwen35_paged_real.py: OK
/mnt/tidal-alsh-hilab/dataset/diandian/user/liuhanzuo/indep-bench/qcomem_gpu_vllm_paged_multifork_resident_20260814a/test_analyze_validation.py: OK
/mnt/tidal-alsh-hilab/dataset/diandian/user/liuhanzuo/indep-bench/qcomem_gpu_vllm_paged_multifork_resident_20260814a/test_answer_lora_full_state_downstream.py: OK
/mnt/tidal-alsh-hilab/dataset/diandian/user/liuhanzuo/indep-bench/qcomem_gpu_vllm_paged_multifork_resident_20260814a/test_answer_supervised_native_lora.py: OK
/mnt/tidal-alsh-hilab/dataset/diandian/user/liuhanzuo/indep-bench/qcomem_gpu_vllm_paged_multifork_resident_20260814a/test_deployment_aware_sft.py: OK
/mnt/tidal-alsh-hilab/dataset/diandian/user/liuhanzuo/indep-bench/qcomem_gpu_vllm_paged_multifork_resident_20260814a/test_detached_lora_capability.py: OK
/mnt/tidal-alsh-hilab/dataset/diandian/user/liuhanzuo/indep-bench/qcomem_gpu_vllm_paged_multifork_resident_20260814a/test_diagnose_qcomem_qwen35_paged_dtype.py: OK
/mnt/tidal-alsh-hilab/dataset/diandian/user/liuhanzuo/indep-bench/qcomem_gpu_vllm_paged_multifork_resident_20260814a/test_fp32_master.py: OK
/mnt/tidal-alsh-hilab/dataset/diandian/user/liuhanzuo/indep-bench/qcomem_gpu_vllm_paged_multifork_resident_20260814a/test_hypic_lite.py: OK
/mnt/tidal-alsh-hilab/dataset/diandian/user/liuhanzuo/indep-bench/qcomem_gpu_vllm_paged_multifork_resident_20260814a/test_joint_policy_calibration.py: OK
/mnt/tidal-alsh-hilab/dataset/diandian/user/liuhanzuo/indep-bench/qcomem_gpu_vllm_paged_multifork_resident_20260814a/test_launch_qcomem_qwen35_vllm_paged_multifork_resident.py: OK
/mnt/tidal-alsh-hilab/dataset/diandian/user/liuhanzuo/indep-bench/qcomem_gpu_vllm_paged_multifork_resident_20260814a/test_lora_deployment_semantic_gate.py: OK
/mnt/tidal-alsh-hilab/dataset/diandian/user/liuhanzuo/indep-bench/qcomem_gpu_vllm_paged_multifork_resident_20260814a/test_mixed_validation.py: OK
/mnt/tidal-alsh-hilab/dataset/diandian/user/liuhanzuo/indep-bench/qcomem_gpu_vllm_paged_multifork_resident_20260814a/test_native_lora_checkpoint_attribution.py: OK
/mnt/tidal-alsh-hilab/dataset/diandian/user/liuhanzuo/indep-bench/qcomem_gpu_vllm_paged_multifork_resident_20260814a/test_prepare_supervised_qa_train.py: OK
/mnt/tidal-alsh-hilab/dataset/diandian/user/liuhanzuo/indep-bench/qcomem_gpu_vllm_paged_multifork_resident_20260814a/test_qcomem_deployment.py: OK
/mnt/tidal-alsh-hilab/dataset/diandian/user/liuhanzuo/indep-bench/qcomem_gpu_vllm_paged_multifork_resident_20260814a/test_qcomem_functional_cache.py: OK
/mnt/tidal-alsh-hilab/dataset/diandian/user/liuhanzuo/indep-bench/qcomem_gpu_vllm_paged_multifork_resident_20260814a/test_qcomem_lora.py: OK
/mnt/tidal-alsh-hilab/dataset/diandian/user/liuhanzuo/indep-bench/qcomem_gpu_vllm_paged_multifork_resident_20260814a/test_qcomem_native_lora_protocol.py: OK
/mnt/tidal-alsh-hilab/dataset/diandian/user/liuhanzuo/indep-bench/qcomem_gpu_vllm_paged_multifork_resident_20260814a/test_qcomem_paged.py: OK
/mnt/tidal-alsh-hilab/dataset/diandian/user/liuhanzuo/indep-bench/qcomem_gpu_vllm_paged_multifork_resident_20260814a/test_qcomem_paged_attention.py: OK
/mnt/tidal-alsh-hilab/dataset/diandian/user/liuhanzuo/indep-bench/qcomem_gpu_vllm_paged_multifork_resident_20260814a/test_qcomem_qwen35_functional_stack.py: OK
/mnt/tidal-alsh-hilab/dataset/diandian/user/liuhanzuo/indep-bench/qcomem_gpu_vllm_paged_multifork_resident_20260814a/test_qcomem_qwen35_gdn_functional.py: OK
/mnt/tidal-alsh-hilab/dataset/diandian/user/liuhanzuo/indep-bench/qcomem_gpu_vllm_paged_multifork_resident_20260814a/test_qcomem_qwen35_native_cache.py: OK
/mnt/tidal-alsh-hilab/dataset/diandian/user/liuhanzuo/indep-bench/qcomem_gpu_vllm_paged_multifork_resident_20260814a/test_qcomem_qwen35_paged_integration.py: OK
/mnt/tidal-alsh-hilab/dataset/diandian/user/liuhanzuo/indep-bench/qcomem_gpu_vllm_paged_multifork_resident_20260814a/test_qcomem_qwen35_vllm_paged_integration.py: OK
/mnt/tidal-alsh-hilab/dataset/diandian/user/liuhanzuo/indep-bench/qcomem_gpu_vllm_paged_multifork_resident_20260814a/test_qcomem_suffix_full.py: OK
/mnt/tidal-alsh-hilab/dataset/diandian/user/liuhanzuo/indep-bench/qcomem_gpu_vllm_paged_multifork_resident_20260814a/test_qcomem_torch.py: OK
/mnt/tidal-alsh-hilab/dataset/diandian/user/liuhanzuo/indep-bench/qcomem_gpu_vllm_paged_multifork_resident_20260814a/test_qcomem_vllm_paged_fair_control.py: OK
/mnt/tidal-alsh-hilab/dataset/diandian/user/liuhanzuo/indep-bench/qcomem_gpu_vllm_paged_multifork_resident_20260814a/test_qcomem_vllm_paged_kernel.py: OK
/mnt/tidal-alsh-hilab/dataset/diandian/user/liuhanzuo/indep-bench/qcomem_gpu_vllm_paged_multifork_resident_20260814a/test_qcomem_vllm_paged_multifork_resident.py: OK
/mnt/tidal-alsh-hilab/dataset/diandian/user/liuhanzuo/indep-bench/qcomem_gpu_vllm_paged_multifork_resident_20260814a/test_run_downstream.py: OK
/mnt/tidal-alsh-hilab/dataset/diandian/user/liuhanzuo/indep-bench/qcomem_gpu_vllm_paged_multifork_resident_20260814a/test_run_qcomem_qwen35_paged_real.py: OK
/mnt/tidal-alsh-hilab/dataset/diandian/user/liuhanzuo/indep-bench/qcomem_gpu_vllm_paged_multifork_resident_20260814a/test_run_qcomem_qwen35_vllm_paged_fair_v2.py: OK
/mnt/tidal-alsh-hilab/dataset/diandian/user/liuhanzuo/indep-bench/qcomem_gpu_vllm_paged_multifork_resident_20260814a/test_run_qcomem_qwen35_vllm_paged_formal.py: OK
/mnt/tidal-alsh-hilab/dataset/diandian/user/liuhanzuo/indep-bench/qcomem_gpu_vllm_paged_multifork_resident_20260814a/test_run_qcomem_qwen35_vllm_paged_multifork_resident.py: OK
/mnt/tidal-alsh-hilab/dataset/diandian/user/liuhanzuo/indep-bench/qcomem_gpu_vllm_paged_multifork_resident_20260814a/test_sft_dcp_downstream.py: OK
/mnt/tidal-alsh-hilab/dataset/diandian/user/liuhanzuo/indep-bench/qcomem_gpu_vllm_paged_multifork_resident_20260814a/test_sft_full_qcomem_downstream.py: OK
/mnt/tidal-alsh-hilab/dataset/diandian/user/liuhanzuo/indep-bench/qcomem_gpu_vllm_paged_multifork_resident_20260814a/test_sft_quality_validation.py: OK
/mnt/tidal-alsh-hilab/dataset/diandian/user/liuhanzuo/indep-bench/qcomem_gpu_vllm_paged_multifork_resident_20260814a/test_split_supervised_sft_scale.py: OK
/mnt/tidal-alsh-hilab/dataset/diandian/user/liuhanzuo/indep-bench/qcomem_gpu_vllm_paged_multifork_resident_20260814a/test_supervised_sft.py: OK
/mnt/tidal-alsh-hilab/dataset/diandian/user/liuhanzuo/indep-bench/qcomem_gpu_vllm_paged_multifork_resident_20260814a/test_supervised_sft_longrun.py: OK
/mnt/tidal-alsh-hilab/dataset/diandian/user/liuhanzuo/indep-bench/qcomem_gpu_vllm_paged_multifork_resident_20260814a/train_answer_supervised_native_lora.py: OK
/mnt/tidal-alsh-hilab/dataset/diandian/user/liuhanzuo/indep-bench/qcomem_gpu_vllm_paged_multifork_resident_20260814a/train_deployment_aware_sft.py: OK
/mnt/tidal-alsh-hilab/dataset/diandian/user/liuhanzuo/indep-bench/qcomem_gpu_vllm_paged_multifork_resident_20260814a/train_native_lora_formal.py: OK
/mnt/tidal-alsh-hilab/dataset/diandian/user/liuhanzuo/indep-bench/qcomem_gpu_vllm_paged_multifork_resident_20260814a/train_qcomem_lora.py: OK
/mnt/tidal-alsh-hilab/dataset/diandian/user/liuhanzuo/indep-bench/qcomem_gpu_vllm_paged_multifork_resident_20260814a/train_qcomem_suffix_full.py: OK
/mnt/tidal-alsh-hilab/dataset/diandian/user/liuhanzuo/indep-bench/qcomem_gpu_vllm_paged_multifork_resident_20260814a/train_supervised_sft.py: OK
/mnt/tidal-alsh-hilab/dataset/diandian/user/liuhanzuo/indep-bench/qcomem_gpu_vllm_paged_multifork_resident_20260814a/train_supervised_sft_longrun.py: OK
/mnt/tidal-alsh-hilab/dataset/diandian/user/liuhanzuo/indep-bench/qcomem_gpu_vllm_paged_multifork_resident_20260814a/launch_qcomem_qwen35_vllm_paged_multifork_resident_8gpu.sh: OK
/mnt/tidal-alsh-hilab/dataset/diandian/user/liuhanzuo/indep-bench/qcomem_gpu_vllm_paged_multifork_resident_20260814a/MULTIFORK_RESIDENT_PROTOCOL_ZH.md: OK
/mnt/tidal-alsh-hilab/dataset/diandian/user/liuhanzuo/indep-bench/qcomem_gpu_vllm_paged_multifork_resident_20260814a/aggregate_answer_lora_full_state_downstream.py: OK
/mnt/tidal-alsh-hilab/dataset/diandian/user/liuhanzuo/indep-bench/qcomem_gpu_vllm_paged_multifork_resident_20260814a/aggregate_capacity.py: OK
/mnt/tidal-alsh-hilab/dataset/diandian/user/liuhanzuo/indep-bench/qcomem_gpu_vllm_paged_multifork_resident_20260814a/aggregate_deployment.py: OK
/mnt/tidal-alsh-hilab/dataset/diandian/user/liuhanzuo/indep-bench/qcomem_gpu_vllm_paged_multifork_resident_20260814a/aggregate_detached_lora_semantic_gate.py: OK
/mnt/tidal-alsh-hilab/dataset/diandian/user/liuhanzuo/indep-bench/qcomem_gpu_vllm_paged_multifork_resident_20260814a/aggregate_downstream.py: OK
/mnt/tidal-alsh-hilab/dataset/diandian/user/liuhanzuo/indep-bench/qcomem_gpu_vllm_paged_multifork_resident_20260814a/aggregate_hypic_lite.py: OK
/mnt/tidal-alsh-hilab/dataset/diandian/user/liuhanzuo/indep-bench/qcomem_gpu_vllm_paged_multifork_resident_20260814a/aggregate_interface.py: OK
/mnt/tidal-alsh-hilab/dataset/diandian/user/liuhanzuo/indep-bench/qcomem_gpu_vllm_paged_multifork_resident_20260814a/aggregate_interface_lora.py: OK
/mnt/tidal-alsh-hilab/dataset/diandian/user/liuhanzuo/indep-bench/qcomem_gpu_vllm_paged_multifork_resident_20260814a/aggregate_joint_policy_candidates.py: OK
/mnt/tidal-alsh-hilab/dataset/diandian/user/liuhanzuo/indep-bench/qcomem_gpu_vllm_paged_multifork_resident_20260814a/aggregate_joint_policy_eval.py: OK
/mnt/tidal-alsh-hilab/dataset/diandian/user/liuhanzuo/indep-bench/qcomem_gpu_vllm_paged_multifork_resident_20260814a/aggregate_layer_sensitivity.py: OK
/mnt/tidal-alsh-hilab/dataset/diandian/user/liuhanzuo/indep-bench/qcomem_gpu_vllm_paged_multifork_resident_20260814a/aggregate_lora_deployment_semantic_gate.py: OK
/mnt/tidal-alsh-hilab/dataset/diandian/user/liuhanzuo/indep-bench/qcomem_gpu_vllm_paged_multifork_resident_20260814a/aggregate_native_lora_checkpoint_attribution.py: OK
/mnt/tidal-alsh-hilab/dataset/diandian/user/liuhanzuo/indep-bench/qcomem_gpu_vllm_paged_multifork_resident_20260814a/aggregate_native_lora_heldout.py: OK
/mnt/tidal-alsh-hilab/dataset/diandian/user/liuhanzuo/indep-bench/qcomem_gpu_vllm_paged_multifork_resident_20260814a/aggregate_native_lora_semantic_gate.py: OK
/mnt/tidal-alsh-hilab/dataset/diandian/user/liuhanzuo/indep-bench/qcomem_gpu_vllm_paged_multifork_resident_20260814a/aggregate_qcomem_qwen35_paged_real.py: OK
/mnt/tidal-alsh-hilab/dataset/diandian/user/liuhanzuo/indep-bench/qcomem_gpu_vllm_paged_multifork_resident_20260814a/aggregate_replay.py: OK
/mnt/tidal-alsh-hilab/dataset/diandian/user/liuhanzuo/indep-bench/qcomem_gpu_vllm_paged_multifork_resident_20260814a/aggregate_sft_dcp_downstream.py: OK
/mnt/tidal-alsh-hilab/dataset/diandian/user/liuhanzuo/indep-bench/qcomem_gpu_vllm_paged_multifork_resident_20260814a/aggregate_sft_full_qcomem.py: OK
/mnt/tidal-alsh-hilab/dataset/diandian/user/liuhanzuo/indep-bench/qcomem_gpu_vllm_paged_multifork_resident_20260814a/analyze_validation.py: OK
/mnt/tidal-alsh-hilab/dataset/diandian/user/liuhanzuo/indep-bench/qcomem_gpu_vllm_paged_multifork_resident_20260814a/audit_deployment_aware_sft.py: OK
/mnt/tidal-alsh-hilab/dataset/diandian/user/liuhanzuo/indep-bench/qcomem_gpu_vllm_paged_multifork_resident_20260814a/audit_detached_lora_checkpoint.py: OK
/mnt/tidal-alsh-hilab/dataset/diandian/user/liuhanzuo/indep-bench/qcomem_gpu_vllm_paged_multifork_resident_20260814a/audit_supervised_sft_scale.py: OK
/mnt/tidal-alsh-hilab/dataset/diandian/user/liuhanzuo/indep-bench/qcomem_gpu_vllm_paged_multifork_resident_20260814a/build_deployment_aware_sft.py: OK
/mnt/tidal-alsh-hilab/dataset/diandian/user/liuhanzuo/indep-bench/qcomem_gpu_vllm_paged_multifork_resident_20260814a/build_native_lora_domain_view.py: OK
/mnt/tidal-alsh-hilab/dataset/diandian/user/liuhanzuo/indep-bench/qcomem_gpu_vllm_paged_multifork_resident_20260814a/build_qcomem_qwen35_vllm_paged_multifork_manifest.py: OK
/mnt/tidal-alsh-hilab/dataset/diandian/user/liuhanzuo/indep-bench/qcomem_gpu_vllm_paged_multifork_resident_20260814a/build_sft_overlap_ledger.py: OK
/mnt/tidal-alsh-hilab/dataset/diandian/user/liuhanzuo/indep-bench/qcomem_gpu_vllm_paged_multifork_resident_20260814a/dcp_replicated_load_preflight.py: OK
/mnt/tidal-alsh-hilab/dataset/diandian/user/liuhanzuo/indep-bench/qcomem_gpu_vllm_paged_multifork_resident_20260814a/deployment_aware_fsdp_preflight.py: OK
/mnt/tidal-alsh-hilab/dataset/diandian/user/liuhanzuo/indep-bench/qcomem_gpu_vllm_paged_multifork_resident_20260814a/deployment_aware_sft.py: OK
/mnt/tidal-alsh-hilab/dataset/diandian/user/liuhanzuo/indep-bench/qcomem_gpu_vllm_paged_multifork_resident_20260814a/diagnose_qcomem_qwen35_paged_dtype.py: OK
/mnt/tidal-alsh-hilab/dataset/diandian/user/liuhanzuo/indep-bench/qcomem_gpu_vllm_paged_multifork_resident_20260814a/fp32_master.py: OK
/mnt/tidal-alsh-hilab/dataset/diandian/user/liuhanzuo/indep-bench/qcomem_gpu_vllm_paged_multifork_resident_20260814a/fsdp_dcp_longrun_preflight.py: OK
/mnt/tidal-alsh-hilab/dataset/diandian/user/liuhanzuo/indep-bench/qcomem_gpu_vllm_paged_multifork_resident_20260814a/fsdp_fp32_preflight.py: OK
/mnt/tidal-alsh-hilab/dataset/diandian/user/liuhanzuo/indep-bench/qcomem_gpu_vllm_paged_multifork_resident_20260814a/hypic_lite.py: OK
/mnt/tidal-alsh-hilab/dataset/diandian/user/liuhanzuo/indep-bench/qcomem_gpu_vllm_paged_multifork_resident_20260814a/preflight_supervised_sft.py: OK
/mnt/tidal-alsh-hilab/dataset/diandian/user/liuhanzuo/indep-bench/qcomem_gpu_vllm_paged_multifork_resident_20260814a/prepare_longbench_subset.py: OK
/mnt/tidal-alsh-hilab/dataset/diandian/user/liuhanzuo/indep-bench/qcomem_gpu_vllm_paged_multifork_resident_20260814a/prepare_pg19_train_subset.py: OK
/mnt/tidal-alsh-hilab/dataset/diandian/user/liuhanzuo/indep-bench/qcomem_gpu_vllm_paged_multifork_resident_20260814a/prepare_supervised_qa_train.py: OK
/mnt/tidal-alsh-hilab/dataset/diandian/user/liuhanzuo/indep-bench/qcomem_gpu_vllm_paged_multifork_resident_20260814a/qcomem_answer_supervised_lora.py: OK
/mnt/tidal-alsh-hilab/dataset/diandian/user/liuhanzuo/indep-bench/qcomem_gpu_vllm_paged_multifork_resident_20260814a/qcomem_deployment.py: OK
/mnt/tidal-alsh-hilab/dataset/diandian/user/liuhanzuo/indep-bench/qcomem_gpu_vllm_paged_multifork_resident_20260814a/qcomem_functional_cache.py: OK
/mnt/tidal-alsh-hilab/dataset/diandian/user/liuhanzuo/indep-bench/qcomem_gpu_vllm_paged_multifork_resident_20260814a/qcomem_joint_policy.py: OK
/mnt/tidal-alsh-hilab/dataset/diandian/user/liuhanzuo/indep-bench/qcomem_gpu_vllm_paged_multifork_resident_20260814a/qcomem_lora.py: OK
/mnt/tidal-alsh-hilab/dataset/diandian/user/liuhanzuo/indep-bench/qcomem_gpu_vllm_paged_multifork_resident_20260814a/qcomem_native_lora_protocol.py: OK
/mnt/tidal-alsh-hilab/dataset/diandian/user/liuhanzuo/indep-bench/qcomem_gpu_vllm_paged_multifork_resident_20260814a/qcomem_paged.py: OK
/mnt/tidal-alsh-hilab/dataset/diandian/user/liuhanzuo/indep-bench/qcomem_gpu_vllm_paged_multifork_resident_20260814a/qcomem_paged_attention.py: OK
/mnt/tidal-alsh-hilab/dataset/diandian/user/liuhanzuo/indep-bench/qcomem_gpu_vllm_paged_multifork_resident_20260814a/qcomem_qwen35_functional_stack.py: OK
/mnt/tidal-alsh-hilab/dataset/diandian/user/liuhanzuo/indep-bench/qcomem_gpu_vllm_paged_multifork_resident_20260814a/qcomem_qwen35_gdn_functional.py: OK
/mnt/tidal-alsh-hilab/dataset/diandian/user/liuhanzuo/indep-bench/qcomem_gpu_vllm_paged_multifork_resident_20260814a/qcomem_qwen35_native_cache.py: OK
/mnt/tidal-alsh-hilab/dataset/diandian/user/liuhanzuo/indep-bench/qcomem_gpu_vllm_paged_multifork_resident_20260814a/qcomem_qwen35_paged_integration.py: OK
/mnt/tidal-alsh-hilab/dataset/diandian/user/liuhanzuo/indep-bench/qcomem_gpu_vllm_paged_multifork_resident_20260814a/qcomem_qwen35_vllm_paged_integration.py: OK
/mnt/tidal-alsh-hilab/dataset/diandian/user/liuhanzuo/indep-bench/qcomem_gpu_vllm_paged_multifork_resident_20260814a/qcomem_suffix_full.py: OK
/mnt/tidal-alsh-hilab/dataset/diandian/user/liuhanzuo/indep-bench/qcomem_gpu_vllm_paged_multifork_resident_20260814a/qcomem_torch.py: OK
/mnt/tidal-alsh-hilab/dataset/diandian/user/liuhanzuo/indep-bench/qcomem_gpu_vllm_paged_multifork_resident_20260814a/qcomem_vllm_paged_fair_control.py: OK
/mnt/tidal-alsh-hilab/dataset/diandian/user/liuhanzuo/indep-bench/qcomem_gpu_vllm_paged_multifork_resident_20260814a/qcomem_vllm_paged_kernel.py: OK
/mnt/tidal-alsh-hilab/dataset/diandian/user/liuhanzuo/indep-bench/qcomem_gpu_vllm_paged_multifork_resident_20260814a/qcomem_vllm_paged_multifork_resident.py: OK
/mnt/tidal-alsh-hilab/dataset/diandian/user/liuhanzuo/indep-bench/qcomem_gpu_vllm_paged_multifork_resident_20260814a/run_answer_lora_full_state_downstream.py: OK
/mnt/tidal-alsh-hilab/dataset/diandian/user/liuhanzuo/indep-bench/qcomem_gpu_vllm_paged_multifork_resident_20260814a/run_cached_smoke.py: OK
/mnt/tidal-alsh-hilab/dataset/diandian/user/liuhanzuo/indep-bench/qcomem_gpu_vllm_paged_multifork_resident_20260814a/run_capacity_scaling.py: OK
/mnt/tidal-alsh-hilab/dataset/diandian/user/liuhanzuo/indep-bench/qcomem_gpu_vllm_paged_multifork_resident_20260814a/run_deployment_bench.py: OK
/mnt/tidal-alsh-hilab/dataset/diandian/user/liuhanzuo/indep-bench/qcomem_gpu_vllm_paged_multifork_resident_20260814a/run_detached_lora_semantic_gate.py: OK
/mnt/tidal-alsh-hilab/dataset/diandian/user/liuhanzuo/indep-bench/qcomem_gpu_vllm_paged_multifork_resident_20260814a/run_downstream.py: OK
/mnt/tidal-alsh-hilab/dataset/diandian/user/liuhanzuo/indep-bench/qcomem_gpu_vllm_paged_multifork_resident_20260814a/run_hypic_lite_bench.py: OK
/mnt/tidal-alsh-hilab/dataset/diandian/user/liuhanzuo/indep-bench/qcomem_gpu_vllm_paged_multifork_resident_20260814a/run_interface_diagnostic.py: OK
/mnt/tidal-alsh-hilab/dataset/diandian/user/liuhanzuo/indep-bench/qcomem_gpu_vllm_paged_multifork_resident_20260814a/run_joint_policy_eval.py: OK
/mnt/tidal-alsh-hilab/dataset/diandian/user/liuhanzuo/indep-bench/qcomem_gpu_vllm_paged_multifork_resident_20260814a/run_joint_policy_profile.py: OK
/mnt/tidal-alsh-hilab/dataset/diandian/user/liuhanzuo/indep-bench/qcomem_gpu_vllm_paged_multifork_resident_20260814a/run_layer_sensitivity.py: OK
/mnt/tidal-alsh-hilab/dataset/diandian/user/liuhanzuo/indep-bench/qcomem_gpu_vllm_paged_multifork_resident_20260814a/run_lora_deployment_semantic_gate.py: OK
/mnt/tidal-alsh-hilab/dataset/diandian/user/liuhanzuo/indep-bench/qcomem_gpu_vllm_paged_multifork_resident_20260814a/run_native_lora_checkpoint_attribution.py: OK
/mnt/tidal-alsh-hilab/dataset/diandian/user/liuhanzuo/indep-bench/qcomem_gpu_vllm_paged_multifork_resident_20260814a/run_native_lora_heldout.py: OK
/mnt/tidal-alsh-hilab/dataset/diandian/user/liuhanzuo/indep-bench/qcomem_gpu_vllm_paged_multifork_resident_20260814a/run_native_lora_semantic_gate.py: OK
/mnt/tidal-alsh-hilab/dataset/diandian/user/liuhanzuo/indep-bench/qcomem_gpu_vllm_paged_multifork_resident_20260814a/run_qcomem_qwen35_paged_real.py: OK
/mnt/tidal-alsh-hilab/dataset/diandian/user/liuhanzuo/indep-bench/qcomem_gpu_vllm_paged_multifork_resident_20260814a/run_qcomem_qwen35_vllm_paged_fair_v2.py: OK
/mnt/tidal-alsh-hilab/dataset/diandian/user/liuhanzuo/indep-bench/qcomem_gpu_vllm_paged_multifork_resident_20260814a/run_qcomem_qwen35_vllm_paged_formal.py: OK
/mnt/tidal-alsh-hilab/dataset/diandian/user/liuhanzuo/indep-bench/qcomem_gpu_vllm_paged_multifork_resident_20260814a/run_qcomem_qwen35_vllm_paged_multifork_resident.py: OK
/mnt/tidal-alsh-hilab/dataset/diandian/user/liuhanzuo/indep-bench/qcomem_gpu_vllm_paged_multifork_resident_20260814a/run_replay_diagnostic.py: OK
/mnt/tidal-alsh-hilab/dataset/diandian/user/liuhanzuo/indep-bench/qcomem_gpu_vllm_paged_multifork_resident_20260814a/run_sft_dcp_downstream.py: OK
/mnt/tidal-alsh-hilab/dataset/diandian/user/liuhanzuo/indep-bench/qcomem_gpu_vllm_paged_multifork_resident_20260814a/run_sft_full_qcomem_downstream.py: OK
/mnt/tidal-alsh-hilab/dataset/diandian/user/liuhanzuo/indep-bench/qcomem_gpu_vllm_paged_multifork_resident_20260814a/sft_dcp_checkpoint.py: OK
/mnt/tidal-alsh-hilab/dataset/diandian/user/liuhanzuo/indep-bench/qcomem_gpu_vllm_paged_multifork_resident_20260814a/sft_quality_validation.py: OK
/mnt/tidal-alsh-hilab/dataset/diandian/user/liuhanzuo/indep-bench/qcomem_gpu_vllm_paged_multifork_resident_20260814a/split_supervised_sft_scale.py: OK
/mnt/tidal-alsh-hilab/dataset/diandian/user/liuhanzuo/indep-bench/qcomem_gpu_vllm_paged_multifork_resident_20260814a/supervised_sft.py: OK
/mnt/tidal-alsh-hilab/dataset/diandian/user/liuhanzuo/indep-bench/qcomem_gpu_vllm_paged_multifork_resident_20260814a/supervised_sft_longrun.py: OK
/mnt/tidal-alsh-hilab/dataset/diandian/user/liuhanzuo/indep-bench/qcomem_gpu_vllm_paged_multifork_resident_20260814a/test_aggregate_qcomem_qwen35_paged_real.py: OK
/mnt/tidal-alsh-hilab/dataset/diandian/user/liuhanzuo/indep-bench/qcomem_gpu_vllm_paged_multifork_resident_20260814a/test_analyze_validation.py: OK
/mnt/tidal-alsh-hilab/dataset/diandian/user/liuhanzuo/indep-bench/qcomem_gpu_vllm_paged_multifork_resident_20260814a/test_answer_lora_full_state_downstream.py: OK
/mnt/tidal-alsh-hilab/dataset/diandian/user/liuhanzuo/indep-bench/qcomem_gpu_vllm_paged_multifork_resident_20260814a/test_answer_supervised_native_lora.py: OK
/mnt/tidal-alsh-hilab/dataset/diandian/user/liuhanzuo/indep-bench/qcomem_gpu_vllm_paged_multifork_resident_20260814a/test_deployment_aware_sft.py: OK
/mnt/tidal-alsh-hilab/dataset/diandian/user/liuhanzuo/indep-bench/qcomem_gpu_vllm_paged_multifork_resident_20260814a/test_detached_lora_capability.py: OK
/mnt/tidal-alsh-hilab/dataset/diandian/user/liuhanzuo/indep-bench/qcomem_gpu_vllm_paged_multifork_resident_20260814a/test_diagnose_qcomem_qwen35_paged_dtype.py: OK
/mnt/tidal-alsh-hilab/dataset/diandian/user/liuhanzuo/indep-bench/qcomem_gpu_vllm_paged_multifork_resident_20260814a/test_fp32_master.py: OK
/mnt/tidal-alsh-hilab/dataset/diandian/user/liuhanzuo/indep-bench/qcomem_gpu_vllm_paged_multifork_resident_20260814a/test_hypic_lite.py: OK
/mnt/tidal-alsh-hilab/dataset/diandian/user/liuhanzuo/indep-bench/qcomem_gpu_vllm_paged_multifork_resident_20260814a/test_joint_policy_calibration.py: OK
/mnt/tidal-alsh-hilab/dataset/diandian/user/liuhanzuo/indep-bench/qcomem_gpu_vllm_paged_multifork_resident_20260814a/test_launch_qcomem_qwen35_vllm_paged_multifork_resident.py: OK
/mnt/tidal-alsh-hilab/dataset/diandian/user/liuhanzuo/indep-bench/qcomem_gpu_vllm_paged_multifork_resident_20260814a/test_lora_deployment_semantic_gate.py: OK
/mnt/tidal-alsh-hilab/dataset/diandian/user/liuhanzuo/indep-bench/qcomem_gpu_vllm_paged_multifork_resident_20260814a/test_mixed_validation.py: OK
/mnt/tidal-alsh-hilab/dataset/diandian/user/liuhanzuo/indep-bench/qcomem_gpu_vllm_paged_multifork_resident_20260814a/test_native_lora_checkpoint_attribution.py: OK
/mnt/tidal-alsh-hilab/dataset/diandian/user/liuhanzuo/indep-bench/qcomem_gpu_vllm_paged_multifork_resident_20260814a/test_prepare_supervised_qa_train.py: OK
/mnt/tidal-alsh-hilab/dataset/diandian/user/liuhanzuo/indep-bench/qcomem_gpu_vllm_paged_multifork_resident_20260814a/test_qcomem_deployment.py: OK
/mnt/tidal-alsh-hilab/dataset/diandian/user/liuhanzuo/indep-bench/qcomem_gpu_vllm_paged_multifork_resident_20260814a/test_qcomem_functional_cache.py: OK
/mnt/tidal-alsh-hilab/dataset/diandian/user/liuhanzuo/indep-bench/qcomem_gpu_vllm_paged_multifork_resident_20260814a/test_qcomem_lora.py: OK
/mnt/tidal-alsh-hilab/dataset/diandian/user/liuhanzuo/indep-bench/qcomem_gpu_vllm_paged_multifork_resident_20260814a/test_qcomem_native_lora_protocol.py: OK
/mnt/tidal-alsh-hilab/dataset/diandian/user/liuhanzuo/indep-bench/qcomem_gpu_vllm_paged_multifork_resident_20260814a/test_qcomem_paged.py: OK
/mnt/tidal-alsh-hilab/dataset/diandian/user/liuhanzuo/indep-bench/qcomem_gpu_vllm_paged_multifork_resident_20260814a/test_qcomem_paged_attention.py: OK
/mnt/tidal-alsh-hilab/dataset/diandian/user/liuhanzuo/indep-bench/qcomem_gpu_vllm_paged_multifork_resident_20260814a/test_qcomem_qwen35_functional_stack.py: OK
/mnt/tidal-alsh-hilab/dataset/diandian/user/liuhanzuo/indep-bench/qcomem_gpu_vllm_paged_multifork_resident_20260814a/test_qcomem_qwen35_gdn_functional.py: OK
/mnt/tidal-alsh-hilab/dataset/diandian/user/liuhanzuo/indep-bench/qcomem_gpu_vllm_paged_multifork_resident_20260814a/test_qcomem_qwen35_native_cache.py: OK
/mnt/tidal-alsh-hilab/dataset/diandian/user/liuhanzuo/indep-bench/qcomem_gpu_vllm_paged_multifork_resident_20260814a/test_qcomem_qwen35_paged_integration.py: OK
/mnt/tidal-alsh-hilab/dataset/diandian/user/liuhanzuo/indep-bench/qcomem_gpu_vllm_paged_multifork_resident_20260814a/test_qcomem_qwen35_vllm_paged_integration.py: OK
/mnt/tidal-alsh-hilab/dataset/diandian/user/liuhanzuo/indep-bench/qcomem_gpu_vllm_paged_multifork_resident_20260814a/test_qcomem_suffix_full.py: OK
/mnt/tidal-alsh-hilab/dataset/diandian/user/liuhanzuo/indep-bench/qcomem_gpu_vllm_paged_multifork_resident_20260814a/test_qcomem_torch.py: OK
/mnt/tidal-alsh-hilab/dataset/diandian/user/liuhanzuo/indep-bench/qcomem_gpu_vllm_paged_multifork_resident_20260814a/test_qcomem_vllm_paged_fair_control.py: OK
/mnt/tidal-alsh-hilab/dataset/diandian/user/liuhanzuo/indep-bench/qcomem_gpu_vllm_paged_multifork_resident_20260814a/test_qcomem_vllm_paged_kernel.py: OK
/mnt/tidal-alsh-hilab/dataset/diandian/user/liuhanzuo/indep-bench/qcomem_gpu_vllm_paged_multifork_resident_20260814a/test_qcomem_vllm_paged_multifork_resident.py: OK
/mnt/tidal-alsh-hilab/dataset/diandian/user/liuhanzuo/indep-bench/qcomem_gpu_vllm_paged_multifork_resident_20260814a/test_run_downstream.py: OK
/mnt/tidal-alsh-hilab/dataset/diandian/user/liuhanzuo/indep-bench/qcomem_gpu_vllm_paged_multifork_resident_20260814a/test_run_qcomem_qwen35_paged_real.py: OK
/mnt/tidal-alsh-hilab/dataset/diandian/user/liuhanzuo/indep-bench/qcomem_gpu_vllm_paged_multifork_resident_20260814a/test_run_qcomem_qwen35_vllm_paged_fair_v2.py: OK
/mnt/tidal-alsh-hilab/dataset/diandian/user/liuhanzuo/indep-bench/qcomem_gpu_vllm_paged_multifork_resident_20260814a/test_run_qcomem_qwen35_vllm_paged_formal.py: OK
/mnt/tidal-alsh-hilab/dataset/diandian/user/liuhanzuo/indep-bench/qcomem_gpu_vllm_paged_multifork_resident_20260814a/test_run_qcomem_qwen35_vllm_paged_multifork_resident.py: OK
/mnt/tidal-alsh-hilab/dataset/diandian/user/liuhanzuo/indep-bench/qcomem_gpu_vllm_paged_multifork_resident_20260814a/test_sft_dcp_downstream.py: OK
/mnt/tidal-alsh-hilab/dataset/diandian/user/liuhanzuo/indep-bench/qcomem_gpu_vllm_paged_multifork_resident_20260814a/test_sft_full_qcomem_downstream.py: OK
/mnt/tidal-alsh-hilab/dataset/diandian/user/liuhanzuo/indep-bench/qcomem_gpu_vllm_paged_multifork_resident_20260814a/test_sft_quality_validation.py: OK
/mnt/tidal-alsh-hilab/dataset/diandian/user/liuhanzuo/indep-bench/qcomem_gpu_vllm_paged_multifork_resident_20260814a/test_split_supervised_sft_scale.py: OK
/mnt/tidal-alsh-hilab/dataset/diandian/user/liuhanzuo/indep-bench/qcomem_gpu_vllm_paged_multifork_resident_20260814a/test_supervised_sft.py: OK
/mnt/tidal-alsh-hilab/dataset/diandian/user/liuhanzuo/indep-bench/qcomem_gpu_vllm_paged_multifork_resident_20260814a/test_supervised_sft_longrun.py: OK
/mnt/tidal-alsh-hilab/dataset/diandian/user/liuhanzuo/indep-bench/qcomem_gpu_vllm_paged_multifork_resident_20260814a/train_answer_supervised_native_lora.py: OK
/mnt/tidal-alsh-hilab/dataset/diandian/user/liuhanzuo/indep-bench/qcomem_gpu_vllm_paged_multifork_resident_20260814a/train_deployment_aware_sft.py: OK
/mnt/tidal-alsh-hilab/dataset/diandian/user/liuhanzuo/indep-bench/qcomem_gpu_vllm_paged_multifork_resident_20260814a/train_native_lora_formal.py: OK
/mnt/tidal-alsh-hilab/dataset/diandian/user/liuhanzuo/indep-bench/qcomem_gpu_vllm_paged_multifork_resident_20260814a/train_qcomem_lora.py: OK
/mnt/tidal-alsh-hilab/dataset/diandian/user/liuhanzuo/indep-bench/qcomem_gpu_vllm_paged_multifork_resident_20260814a/train_qcomem_suffix_full.py: OK
/mnt/tidal-alsh-hilab/dataset/diandian/user/liuhanzuo/indep-bench/qcomem_gpu_vllm_paged_multifork_resident_20260814a/train_supervised_sft.py: OK
/mnt/tidal-alsh-hilab/dataset/diandian/user/liuhanzuo/indep-bench/qcomem_gpu_vllm_paged_multifork_resident_20260814a/train_supervised_sft_longrun.py: OK
/mnt/tidal-alsh-hilab/dataset/diandian/user/liuhanzuo/indep-bench/qcomem_gpu_vllm_paged_multifork_resident_20260814a/launch_qcomem_qwen35_vllm_paged_multifork_resident_8gpu.sh: OK
/mnt/tidal-alsh-hilab/dataset/diandian/user/liuhanzuo/indep-bench/qcomem_gpu_vllm_paged_multifork_resident_20260814a/MULTIFORK_RESIDENT_PROTOCOL_ZH.md: OK
