{"rank": 4, "configs": ["dense", "prefix", "replay-d7-r4-a8-l8", "replay-d7-r4-a4-l8", "replay-d7-r4-a8-l4", "replay-d10-r4-a8-l8", "replay-d10-r4-a4-l8", "replay-d10-r4-a8-l4", "replay-d13-r4-a8-l8", "replay-d13-r4-a4-l8", "replay-d13-r4-a8-l4"], "suite": "mixed", "samples": 1, "source_indices": [0], "torch": "2.11.0+cu129", "transformers": "5.14.1", "gpu": "NVIDIA H20-3e"}
[transformers] The fast path is not available because one of the required library is not installed. Falling back to torch implementation. To install follow https://github.com/fla-org/flash-linear-attention#installation and https://github.com/Dao-AILab/causal-conv1d

Loading weights:   0%|          | 0/1026 [00:00<?, ?it/s][ALoading weights: 100%|██████████| 1026/1026 [00:00<00:00, 10598.25it/s]
{"config": "dense", "dataset": "2wikimqa", "source_index": 0, "f1": 1.0, "generated_tokens": 3, "persistent_mib": null}
SAVED /mnt/tidal-alsh-hilab/dataset/diandian/user/liuhanzuo/indep-bench_assets/runs/qcomem/replay-mixed-diagnostic-20260811a/shard-4-dense.json
{"config": "prefix", "dataset": "2wikimqa", "source_index": 0, "f1": 1.0, "generated_tokens": 3, "persistent_mib": 140.87890625}
SAVED /mnt/tidal-alsh-hilab/dataset/diandian/user/liuhanzuo/indep-bench_assets/runs/qcomem/replay-mixed-diagnostic-20260811a/shard-4-prefix.json
{"config": "replay-d7-r4-a8-l8", "dataset": "2wikimqa", "source_index": 0, "f1": 1.0, "generated_tokens": 3, "persistent_mib": 12.02777099609375}
SAVED /mnt/tidal-alsh-hilab/dataset/diandian/user/liuhanzuo/indep-bench_assets/runs/qcomem/replay-mixed-diagnostic-20260811a/shard-4-replay-d7-r4-a8-l8.json
{"config": "replay-d7-r4-a4-l8", "dataset": "2wikimqa", "source_index": 0, "f1": 1.0, "generated_tokens": 3, "persistent_mib": 10.05267333984375}
SAVED /mnt/tidal-alsh-hilab/dataset/diandian/user/liuhanzuo/indep-bench_assets/runs/qcomem/replay-mixed-diagnostic-20260811a/shard-4-replay-d7-r4-a4-l8.json
{"config": "replay-d7-r4-a8-l4", "dataset": "2wikimqa", "source_index": 0, "f1": 1.0, "generated_tokens": 3, "persistent_mib": 10.43402099609375}
SAVED /mnt/tidal-alsh-hilab/dataset/diandian/user/liuhanzuo/indep-bench_assets/runs/qcomem/replay-mixed-diagnostic-20260811a/shard-4-replay-d7-r4-a8-l4.json
{"config": "replay-d10-r4-a8-l8", "dataset": "2wikimqa", "source_index": 0, "f1": 1.0, "generated_tokens": 3, "persistent_mib": 17.353759765625}
SAVED /mnt/tidal-alsh-hilab/dataset/diandian/user/liuhanzuo/indep-bench_assets/runs/qcomem/replay-mixed-diagnostic-20260811a/shard-4-replay-d10-r4-a8-l8.json
{"config": "replay-d10-r4-a4-l8", "dataset": "2wikimqa", "source_index": 0, "f1": 1.0, "generated_tokens": 3, "persistent_mib": 13.403564453125}
SAVED /mnt/tidal-alsh-hilab/dataset/diandian/user/liuhanzuo/indep-bench_assets/runs/qcomem/replay-mixed-diagnostic-20260811a/shard-4-replay-d10-r4-a4-l8.json
{"config": "replay-d10-r4-a8-l4", "dataset": "2wikimqa", "source_index": 0, "f1": 1.0, "generated_tokens": 3, "persistent_mib": 15.228759765625}
SAVED /mnt/tidal-alsh-hilab/dataset/diandian/user/liuhanzuo/indep-bench_assets/runs/qcomem/replay-mixed-diagnostic-20260811a/shard-4-replay-d10-r4-a8-l4.json
{"config": "replay-d13-r4-a8-l8", "dataset": "2wikimqa", "source_index": 0, "f1": 1.0, "generated_tokens": 3, "persistent_mib": 22.67974853515625}
SAVED /mnt/tidal-alsh-hilab/dataset/diandian/user/liuhanzuo/indep-bench_assets/runs/qcomem/replay-mixed-diagnostic-20260811a/shard-4-replay-d13-r4-a8-l8.json
{"config": "replay-d13-r4-a4-l8", "dataset": "2wikimqa", "source_index": 0, "f1": 1.0, "generated_tokens": 3, "persistent_mib": 16.75445556640625}
SAVED /mnt/tidal-alsh-hilab/dataset/diandian/user/liuhanzuo/indep-bench_assets/runs/qcomem/replay-mixed-diagnostic-20260811a/shard-4-replay-d13-r4-a4-l8.json
{"config": "replay-d13-r4-a8-l4", "dataset": "2wikimqa", "source_index": 0, "f1": 1.0, "generated_tokens": 3, "persistent_mib": 20.02349853515625}
SAVED /mnt/tidal-alsh-hilab/dataset/diandian/user/liuhanzuo/indep-bench_assets/runs/qcomem/replay-mixed-diagnostic-20260811a/shard-4-replay-d13-r4-a8-l4.json
