{"rank": 0, "configs": ["dense", "prefix", "replay-d7-r4-a8-l8", "replay-d7-r4-a4-l8", "replay-d7-r4-a8-l4", "replay-d10-r4-a8-l8", "replay-d10-r4-a4-l8", "replay-d10-r4-a8-l4", "replay-d13-r4-a8-l8", "replay-d13-r4-a4-l8", "replay-d13-r4-a8-l4"], "suite": "mixed", "samples": 1, "source_indices": [0], "torch": "2.11.0+cu129", "transformers": "5.14.1", "gpu": "NVIDIA H20-3e"}
[transformers] The fast path is not available because one of the required library is not installed. Falling back to torch implementation. To install follow https://github.com/fla-org/flash-linear-attention#installation and https://github.com/Dao-AILab/causal-conv1d

Loading weights:   0%|          | 0/1026 [00:00<?, ?it/s][A
Loading weights:  26%|██▌       | 268/1026 [00:00<00:00, 2679.40it/s][A
Loading weights:  53%|█████▎    | 547/1026 [00:00<00:00, 2740.48it/s][A
Loading weights:  80%|████████  | 822/1026 [00:00<00:00, 2192.88it/s][ALoading weights: 100%|██████████| 1026/1026 [00:00<00:00, 2484.23it/s]
{"config": "dense", "dataset": "qasper", "source_index": 0, "f1": 0.2777777777777778, "generated_tokens": 32, "persistent_mib": null}
SAVED /mnt/tidal-alsh-hilab/dataset/diandian/user/liuhanzuo/indep-bench_assets/runs/qcomem/replay-mixed-diagnostic-20260811a/shard-0-dense.json
{"config": "prefix", "dataset": "qasper", "source_index": 0, "f1": 0.2777777777777778, "generated_tokens": 32, "persistent_mib": 139.94140625}
SAVED /mnt/tidal-alsh-hilab/dataset/diandian/user/liuhanzuo/indep-bench_assets/runs/qcomem/replay-mixed-diagnostic-20260811a/shard-0-prefix.json
{"config": "replay-d7-r4-a8-l8", "dataset": "qasper", "source_index": 0, "f1": 0.2777777777777778, "generated_tokens": 32, "persistent_mib": 11.92523193359375}
SAVED /mnt/tidal-alsh-hilab/dataset/diandian/user/liuhanzuo/indep-bench_assets/runs/qcomem/replay-mixed-diagnostic-20260811a/shard-0-replay-d7-r4-a8-l8.json
{"config": "replay-d7-r4-a4-l8", "dataset": "qasper", "source_index": 0, "f1": 0.2777777777777778, "generated_tokens": 32, "persistent_mib": 9.97357177734375}
SAVED /mnt/tidal-alsh-hilab/dataset/diandian/user/liuhanzuo/indep-bench_assets/runs/qcomem/replay-mixed-diagnostic-20260811a/shard-0-replay-d7-r4-a4-l8.json
{"config": "replay-d7-r4-a8-l4", "dataset": "qasper", "source_index": 0, "f1": 0.0, "generated_tokens": 3, "persistent_mib": 10.33148193359375}
SAVED /mnt/tidal-alsh-hilab/dataset/diandian/user/liuhanzuo/indep-bench_assets/runs/qcomem/replay-mixed-diagnostic-20260811a/shard-0-replay-d7-r4-a8-l4.json
{"config": "replay-d10-r4-a8-l8", "dataset": "qasper", "source_index": 0, "f1": 0.2777777777777778, "generated_tokens": 32, "persistent_mib": 17.201416015625}
SAVED /mnt/tidal-alsh-hilab/dataset/diandian/user/liuhanzuo/indep-bench_assets/runs/qcomem/replay-mixed-diagnostic-20260811a/shard-0-replay-d10-r4-a8-l8.json
{"config": "replay-d10-r4-a4-l8", "dataset": "qasper", "source_index": 0, "f1": 0.2777777777777778, "generated_tokens": 32, "persistent_mib": 13.298095703125}
SAVED /mnt/tidal-alsh-hilab/dataset/diandian/user/liuhanzuo/indep-bench_assets/runs/qcomem/replay-mixed-diagnostic-20260811a/shard-0-replay-d10-r4-a4-l8.json
{"config": "replay-d10-r4-a8-l4", "dataset": "qasper", "source_index": 0, "f1": 0.0, "generated_tokens": 3, "persistent_mib": 15.076416015625}
SAVED /mnt/tidal-alsh-hilab/dataset/diandian/user/liuhanzuo/indep-bench_assets/runs/qcomem/replay-mixed-diagnostic-20260811a/shard-0-replay-d10-r4-a8-l4.json
{"config": "replay-d13-r4-a8-l8", "dataset": "qasper", "source_index": 0, "f1": 0.2777777777777778, "generated_tokens": 32, "persistent_mib": 22.47760009765625}
SAVED /mnt/tidal-alsh-hilab/dataset/diandian/user/liuhanzuo/indep-bench_assets/runs/qcomem/replay-mixed-diagnostic-20260811a/shard-0-replay-d13-r4-a8-l8.json
{"config": "replay-d13-r4-a4-l8", "dataset": "qasper", "source_index": 0, "f1": 0.2777777777777778, "generated_tokens": 32, "persistent_mib": 16.62261962890625}
SAVED /mnt/tidal-alsh-hilab/dataset/diandian/user/liuhanzuo/indep-bench_assets/runs/qcomem/replay-mixed-diagnostic-20260811a/shard-0-replay-d13-r4-a4-l8.json
{"config": "replay-d13-r4-a8-l4", "dataset": "qasper", "source_index": 0, "f1": 0.0, "generated_tokens": 3, "persistent_mib": 19.82135009765625}
SAVED /mnt/tidal-alsh-hilab/dataset/diandian/user/liuhanzuo/indep-bench_assets/runs/qcomem/replay-mixed-diagnostic-20260811a/shard-0-replay-d13-r4-a8-l4.json
