{"rank": 1, "configs": ["dense", "prefix", "replay-d7-r4-a8-l8", "replay-d7-r4-a4-l8", "replay-d7-r4-a8-l4", "replay-d10-r4-a8-l8", "replay-d10-r4-a4-l8", "replay-d10-r4-a8-l4", "replay-d13-r4-a8-l8", "replay-d13-r4-a4-l8", "replay-d13-r4-a8-l4"], "suite": "mixed", "samples": 1, "source_indices": [1], "torch": "2.11.0+cu129", "transformers": "5.14.1", "gpu": "NVIDIA H20-3e"}
[transformers] The fast path is not available because one of the required library is not installed. Falling back to torch implementation. To install follow https://github.com/fla-org/flash-linear-attention#installation and https://github.com/Dao-AILab/causal-conv1d

Loading weights:   0%|          | 0/1026 [00:00<?, ?it/s][A
Loading weights:  90%|████████▉ | 919/1026 [00:00<00:00, 9173.85it/s][ALoading weights: 100%|██████████| 1026/1026 [00:00<00:00, 9141.53it/s]
{"config": "dense", "dataset": "qasper", "source_index": 1, "f1": 0.37499999999999994, "generated_tokens": 32, "persistent_mib": null}
SAVED /mnt/tidal-alsh-hilab/dataset/diandian/user/liuhanzuo/indep-bench_assets/runs/qcomem/replay-mixed-diagnostic-20260811a/shard-1-dense.json
{"config": "prefix", "dataset": "qasper", "source_index": 1, "f1": 0.37499999999999994, "generated_tokens": 32, "persistent_mib": 127.1875}
SAVED /mnt/tidal-alsh-hilab/dataset/diandian/user/liuhanzuo/indep-bench_assets/runs/qcomem/replay-mixed-diagnostic-20260811a/shard-1-prefix.json
{"config": "replay-d7-r4-a8-l8", "dataset": "qasper", "source_index": 1, "f1": 0.37499999999999994, "generated_tokens": 32, "persistent_mib": 10.5302734375}
SAVED /mnt/tidal-alsh-hilab/dataset/diandian/user/liuhanzuo/indep-bench_assets/runs/qcomem/replay-mixed-diagnostic-20260811a/shard-1-replay-d7-r4-a8-l8.json
{"config": "replay-d7-r4-a4-l8", "dataset": "qasper", "source_index": 1, "f1": 0.37499999999999994, "generated_tokens": 32, "persistent_mib": 8.8974609375}
SAVED /mnt/tidal-alsh-hilab/dataset/diandian/user/liuhanzuo/indep-bench_assets/runs/qcomem/replay-mixed-diagnostic-20260811a/shard-1-replay-d7-r4-a4-l8.json
{"config": "replay-d7-r4-a8-l4", "dataset": "qasper", "source_index": 1, "f1": 0.391304347826087, "generated_tokens": 32, "persistent_mib": 8.9365234375}
SAVED /mnt/tidal-alsh-hilab/dataset/diandian/user/liuhanzuo/indep-bench_assets/runs/qcomem/replay-mixed-diagnostic-20260811a/shard-1-replay-d7-r4-a8-l4.json
{"config": "replay-d10-r4-a8-l8", "dataset": "qasper", "source_index": 1, "f1": 0.37499999999999994, "generated_tokens": 32, "persistent_mib": 15.12890625}
SAVED /mnt/tidal-alsh-hilab/dataset/diandian/user/liuhanzuo/indep-bench_assets/runs/qcomem/replay-mixed-diagnostic-20260811a/shard-1-replay-d10-r4-a8-l8.json
{"config": "replay-d10-r4-a4-l8", "dataset": "qasper", "source_index": 1, "f1": 0.37499999999999994, "generated_tokens": 32, "persistent_mib": 11.86328125}
SAVED /mnt/tidal-alsh-hilab/dataset/diandian/user/liuhanzuo/indep-bench_assets/runs/qcomem/replay-mixed-diagnostic-20260811a/shard-1-replay-d10-r4-a4-l8.json
{"config": "replay-d10-r4-a8-l4", "dataset": "qasper", "source_index": 1, "f1": 0.4, "generated_tokens": 31, "persistent_mib": 13.00390625}
SAVED /mnt/tidal-alsh-hilab/dataset/diandian/user/liuhanzuo/indep-bench_assets/runs/qcomem/replay-mixed-diagnostic-20260811a/shard-1-replay-d10-r4-a8-l4.json
{"config": "replay-d13-r4-a8-l8", "dataset": "qasper", "source_index": 1, "f1": 0.37499999999999994, "generated_tokens": 32, "persistent_mib": 19.7275390625}
SAVED /mnt/tidal-alsh-hilab/dataset/diandian/user/liuhanzuo/indep-bench_assets/runs/qcomem/replay-mixed-diagnostic-20260811a/shard-1-replay-d13-r4-a8-l8.json
{"config": "replay-d13-r4-a4-l8", "dataset": "qasper", "source_index": 1, "f1": 0.37499999999999994, "generated_tokens": 32, "persistent_mib": 14.8291015625}
SAVED /mnt/tidal-alsh-hilab/dataset/diandian/user/liuhanzuo/indep-bench_assets/runs/qcomem/replay-mixed-diagnostic-20260811a/shard-1-replay-d13-r4-a4-l8.json
{"config": "replay-d13-r4-a8-l4", "dataset": "qasper", "source_index": 1, "f1": 0.42424242424242425, "generated_tokens": 32, "persistent_mib": 17.0712890625}
SAVED /mnt/tidal-alsh-hilab/dataset/diandian/user/liuhanzuo/indep-bench_assets/runs/qcomem/replay-mixed-diagnostic-20260811a/shard-1-replay-d13-r4-a8-l4.json
