{"rank": 2, "configs": ["dense", "prefix", "replay-d7-r4-a8-l8", "replay-d7-r4-a4-l8", "replay-d7-r4-a8-l4", "replay-d10-r4-a8-l8", "replay-d10-r4-a4-l8", "replay-d10-r4-a8-l4", "replay-d13-r4-a8-l8", "replay-d13-r4-a4-l8", "replay-d13-r4-a8-l4"], "suite": "mixed", "samples": 1, "source_indices": [2], "torch": "2.11.0+cu129", "transformers": "5.14.1", "gpu": "NVIDIA H20-3e"}
[transformers] The fast path is not available because one of the required library is not installed. Falling back to torch implementation. To install follow https://github.com/fla-org/flash-linear-attention#installation and https://github.com/Dao-AILab/causal-conv1d

Loading weights:   0%|          | 0/1026 [00:00<?, ?it/s][ALoading weights: 100%|██████████| 1026/1026 [00:00<00:00, 10305.05it/s]
{"config": "dense", "dataset": "qasper", "source_index": 2, "f1": 0.125, "generated_tokens": 12, "persistent_mib": null}
SAVED /mnt/tidal-alsh-hilab/dataset/diandian/user/liuhanzuo/indep-bench_assets/runs/qcomem/replay-mixed-diagnostic-20260811a/shard-2-dense.json
{"config": "prefix", "dataset": "qasper", "source_index": 2, "f1": 0.125, "generated_tokens": 12, "persistent_mib": 139.84375}
SAVED /mnt/tidal-alsh-hilab/dataset/diandian/user/liuhanzuo/indep-bench_assets/runs/qcomem/replay-mixed-diagnostic-20260811a/shard-2-prefix.json
{"config": "replay-d7-r4-a8-l8", "dataset": "qasper", "source_index": 2, "f1": 0.125, "generated_tokens": 12, "persistent_mib": 11.91455078125}
SAVED /mnt/tidal-alsh-hilab/dataset/diandian/user/liuhanzuo/indep-bench_assets/runs/qcomem/replay-mixed-diagnostic-20260811a/shard-2-replay-d7-r4-a8-l8.json
{"config": "replay-d7-r4-a4-l8", "dataset": "qasper", "source_index": 2, "f1": 0.125, "generated_tokens": 12, "persistent_mib": 9.96533203125}
SAVED /mnt/tidal-alsh-hilab/dataset/diandian/user/liuhanzuo/indep-bench_assets/runs/qcomem/replay-mixed-diagnostic-20260811a/shard-2-replay-d7-r4-a4-l8.json
{"config": "replay-d7-r4-a8-l4", "dataset": "qasper", "source_index": 2, "f1": 0.125, "generated_tokens": 12, "persistent_mib": 10.32080078125}
SAVED /mnt/tidal-alsh-hilab/dataset/diandian/user/liuhanzuo/indep-bench_assets/runs/qcomem/replay-mixed-diagnostic-20260811a/shard-2-replay-d7-r4-a8-l4.json
{"config": "replay-d10-r4-a8-l8", "dataset": "qasper", "source_index": 2, "f1": 0.125, "generated_tokens": 12, "persistent_mib": 17.185546875}
SAVED /mnt/tidal-alsh-hilab/dataset/diandian/user/liuhanzuo/indep-bench_assets/runs/qcomem/replay-mixed-diagnostic-20260811a/shard-2-replay-d10-r4-a8-l8.json
{"config": "replay-d10-r4-a4-l8", "dataset": "qasper", "source_index": 2, "f1": 0.125, "generated_tokens": 12, "persistent_mib": 13.287109375}
SAVED /mnt/tidal-alsh-hilab/dataset/diandian/user/liuhanzuo/indep-bench_assets/runs/qcomem/replay-mixed-diagnostic-20260811a/shard-2-replay-d10-r4-a4-l8.json
{"config": "replay-d10-r4-a8-l4", "dataset": "qasper", "source_index": 2, "f1": 0.0, "generated_tokens": 3, "persistent_mib": 15.060546875}
SAVED /mnt/tidal-alsh-hilab/dataset/diandian/user/liuhanzuo/indep-bench_assets/runs/qcomem/replay-mixed-diagnostic-20260811a/shard-2-replay-d10-r4-a8-l4.json
{"config": "replay-d13-r4-a8-l8", "dataset": "qasper", "source_index": 2, "f1": 0.125, "generated_tokens": 12, "persistent_mib": 22.45654296875}
SAVED /mnt/tidal-alsh-hilab/dataset/diandian/user/liuhanzuo/indep-bench_assets/runs/qcomem/replay-mixed-diagnostic-20260811a/shard-2-replay-d13-r4-a8-l8.json
{"config": "replay-d13-r4-a4-l8", "dataset": "qasper", "source_index": 2, "f1": 0.125, "generated_tokens": 12, "persistent_mib": 16.60888671875}
SAVED /mnt/tidal-alsh-hilab/dataset/diandian/user/liuhanzuo/indep-bench_assets/runs/qcomem/replay-mixed-diagnostic-20260811a/shard-2-replay-d13-r4-a4-l8.json
{"config": "replay-d13-r4-a8-l4", "dataset": "qasper", "source_index": 2, "f1": 0.125, "generated_tokens": 12, "persistent_mib": 19.80029296875}
SAVED /mnt/tidal-alsh-hilab/dataset/diandian/user/liuhanzuo/indep-bench_assets/runs/qcomem/replay-mixed-diagnostic-20260811a/shard-2-replay-d13-r4-a8-l4.json
