{"rank": 7, "configs": ["dense", "prefix", "replay-d7-r4-a8-l8", "replay-d7-r4-a4-l8", "replay-d7-r4-a8-l4", "replay-d10-r4-a8-l8", "replay-d10-r4-a4-l8", "replay-d10-r4-a8-l4", "replay-d13-r4-a8-l8", "replay-d13-r4-a4-l8", "replay-d13-r4-a8-l4"], "suite": "mixed", "samples": 1, "source_indices": [3], "torch": "2.11.0+cu129", "transformers": "5.14.1", "gpu": "NVIDIA H20-3e"}
[transformers] The fast path is not available because one of the required library is not installed. Falling back to torch implementation. To install follow https://github.com/fla-org/flash-linear-attention#installation and https://github.com/Dao-AILab/causal-conv1d

Loading weights:   0%|          | 0/1026 [00:00<?, ?it/s][A
Loading weights:  96%|█████████▌| 985/1026 [00:00<00:00, 9832.10it/s][ALoading weights: 100%|██████████| 1026/1026 [00:00<00:00, 9843.94it/s]
{"config": "dense", "dataset": "2wikimqa", "source_index": 3, "f1": 1.0, "generated_tokens": 1, "persistent_mib": null}
SAVED /mnt/tidal-alsh-hilab/dataset/diandian/user/liuhanzuo/indep-bench_assets/runs/qcomem/replay-mixed-diagnostic-20260811a/shard-7-dense.json
{"config": "prefix", "dataset": "2wikimqa", "source_index": 3, "f1": 1.0, "generated_tokens": 1, "persistent_mib": 140.703125}
SAVED /mnt/tidal-alsh-hilab/dataset/diandian/user/liuhanzuo/indep-bench_assets/runs/qcomem/replay-mixed-diagnostic-20260811a/shard-7-prefix.json
{"config": "replay-d7-r4-a8-l8", "dataset": "2wikimqa", "source_index": 3, "f1": 1.0, "generated_tokens": 1, "persistent_mib": 12.008544921875}
SAVED /mnt/tidal-alsh-hilab/dataset/diandian/user/liuhanzuo/indep-bench_assets/runs/qcomem/replay-mixed-diagnostic-20260811a/shard-7-replay-d7-r4-a8-l8.json
{"config": "replay-d7-r4-a4-l8", "dataset": "2wikimqa", "source_index": 3, "f1": 1.0, "generated_tokens": 1, "persistent_mib": 10.037841796875}
SAVED /mnt/tidal-alsh-hilab/dataset/diandian/user/liuhanzuo/indep-bench_assets/runs/qcomem/replay-mixed-diagnostic-20260811a/shard-7-replay-d7-r4-a4-l8.json
{"config": "replay-d7-r4-a8-l4", "dataset": "2wikimqa", "source_index": 3, "f1": 1.0, "generated_tokens": 1, "persistent_mib": 10.414794921875}
SAVED /mnt/tidal-alsh-hilab/dataset/diandian/user/liuhanzuo/indep-bench_assets/runs/qcomem/replay-mixed-diagnostic-20260811a/shard-7-replay-d7-r4-a8-l4.json
{"config": "replay-d10-r4-a8-l8", "dataset": "2wikimqa", "source_index": 3, "f1": 1.0, "generated_tokens": 1, "persistent_mib": 17.3251953125}
SAVED /mnt/tidal-alsh-hilab/dataset/diandian/user/liuhanzuo/indep-bench_assets/runs/qcomem/replay-mixed-diagnostic-20260811a/shard-7-replay-d10-r4-a8-l8.json
{"config": "replay-d10-r4-a4-l8", "dataset": "2wikimqa", "source_index": 3, "f1": 1.0, "generated_tokens": 1, "persistent_mib": 13.3837890625}
SAVED /mnt/tidal-alsh-hilab/dataset/diandian/user/liuhanzuo/indep-bench_assets/runs/qcomem/replay-mixed-diagnostic-20260811a/shard-7-replay-d10-r4-a4-l8.json
{"config": "replay-d10-r4-a8-l4", "dataset": "2wikimqa", "source_index": 3, "f1": 0.11764705882352941, "generated_tokens": 32, "persistent_mib": 15.2001953125}
SAVED /mnt/tidal-alsh-hilab/dataset/diandian/user/liuhanzuo/indep-bench_assets/runs/qcomem/replay-mixed-diagnostic-20260811a/shard-7-replay-d10-r4-a8-l4.json
{"config": "replay-d13-r4-a8-l8", "dataset": "2wikimqa", "source_index": 3, "f1": 1.0, "generated_tokens": 1, "persistent_mib": 22.641845703125}
SAVED /mnt/tidal-alsh-hilab/dataset/diandian/user/liuhanzuo/indep-bench_assets/runs/qcomem/replay-mixed-diagnostic-20260811a/shard-7-replay-d13-r4-a8-l8.json
{"config": "replay-d13-r4-a4-l8", "dataset": "2wikimqa", "source_index": 3, "f1": 1.0, "generated_tokens": 1, "persistent_mib": 16.729736328125}
SAVED /mnt/tidal-alsh-hilab/dataset/diandian/user/liuhanzuo/indep-bench_assets/runs/qcomem/replay-mixed-diagnostic-20260811a/shard-7-replay-d13-r4-a4-l8.json
{"config": "replay-d13-r4-a8-l4", "dataset": "2wikimqa", "source_index": 3, "f1": 0.11764705882352941, "generated_tokens": 32, "persistent_mib": 19.985595703125}
SAVED /mnt/tidal-alsh-hilab/dataset/diandian/user/liuhanzuo/indep-bench_assets/runs/qcomem/replay-mixed-diagnostic-20260811a/shard-7-replay-d13-r4-a8-l4.json
