{"rank": 3, "configs": ["dense", "prefix", "replay-d7-r4-a8-l8", "replay-d7-r4-a4-l8", "replay-d7-r4-a8-l4", "replay-d10-r4-a8-l8", "replay-d10-r4-a4-l8", "replay-d10-r4-a8-l4", "replay-d13-r4-a8-l8", "replay-d13-r4-a4-l8", "replay-d13-r4-a8-l4"], "suite": "mixed", "samples": 1, "source_indices": [3], "torch": "2.11.0+cu129", "transformers": "5.14.1", "gpu": "NVIDIA H20-3e"}
[transformers] The fast path is not available because one of the required library is not installed. Falling back to torch implementation. To install follow https://github.com/fla-org/flash-linear-attention#installation and https://github.com/Dao-AILab/causal-conv1d

Loading weights:   0%|          | 0/1026 [00:00<?, ?it/s][A
Loading weights:  83%|████████▎ | 852/1026 [00:00<00:00, 8517.21it/s][ALoading weights: 100%|██████████| 1026/1026 [00:00<00:00, 8594.30it/s]
{"config": "dense", "dataset": "qasper", "source_index": 3, "f1": 0.5, "generated_tokens": 18, "persistent_mib": null}
SAVED /mnt/tidal-alsh-hilab/dataset/diandian/user/liuhanzuo/indep-bench_assets/runs/qcomem/replay-mixed-diagnostic-20260811a/shard-3-dense.json
{"config": "prefix", "dataset": "qasper", "source_index": 3, "f1": 0.5, "generated_tokens": 18, "persistent_mib": 120.15625}
SAVED /mnt/tidal-alsh-hilab/dataset/diandian/user/liuhanzuo/indep-bench_assets/runs/qcomem/replay-mixed-diagnostic-20260811a/shard-3-prefix.json
{"config": "replay-d7-r4-a8-l8", "dataset": "qasper", "source_index": 3, "f1": 0.4666666666666666, "generated_tokens": 26, "persistent_mib": 9.76123046875}
SAVED /mnt/tidal-alsh-hilab/dataset/diandian/user/liuhanzuo/indep-bench_assets/runs/qcomem/replay-mixed-diagnostic-20260811a/shard-3-replay-d7-r4-a8-l8.json
{"config": "replay-d7-r4-a4-l8", "dataset": "qasper", "source_index": 3, "f1": 0.4666666666666666, "generated_tokens": 26, "persistent_mib": 8.30419921875}
SAVED /mnt/tidal-alsh-hilab/dataset/diandian/user/liuhanzuo/indep-bench_assets/runs/qcomem/replay-mixed-diagnostic-20260811a/shard-3-replay-d7-r4-a4-l8.json
{"config": "replay-d7-r4-a8-l4", "dataset": "qasper", "source_index": 3, "f1": 0.4166666666666667, "generated_tokens": 23, "persistent_mib": 8.16748046875}
SAVED /mnt/tidal-alsh-hilab/dataset/diandian/user/liuhanzuo/indep-bench_assets/runs/qcomem/replay-mixed-diagnostic-20260811a/shard-3-replay-d7-r4-a8-l4.json
{"config": "replay-d10-r4-a8-l8", "dataset": "qasper", "source_index": 3, "f1": 0.5, "generated_tokens": 18, "persistent_mib": 13.986328125}
SAVED /mnt/tidal-alsh-hilab/dataset/diandian/user/liuhanzuo/indep-bench_assets/runs/qcomem/replay-mixed-diagnostic-20260811a/shard-3-replay-d10-r4-a8-l8.json
{"config": "replay-d10-r4-a4-l8", "dataset": "qasper", "source_index": 3, "f1": 0.5, "generated_tokens": 18, "persistent_mib": 11.072265625}
SAVED /mnt/tidal-alsh-hilab/dataset/diandian/user/liuhanzuo/indep-bench_assets/runs/qcomem/replay-mixed-diagnostic-20260811a/shard-3-replay-d10-r4-a4-l8.json
{"config": "replay-d10-r4-a8-l4", "dataset": "qasper", "source_index": 3, "f1": 0.5714285714285715, "generated_tokens": 2, "persistent_mib": 11.861328125}
SAVED /mnt/tidal-alsh-hilab/dataset/diandian/user/liuhanzuo/indep-bench_assets/runs/qcomem/replay-mixed-diagnostic-20260811a/shard-3-replay-d10-r4-a8-l4.json
{"config": "replay-d13-r4-a8-l8", "dataset": "qasper", "source_index": 3, "f1": 0.5, "generated_tokens": 18, "persistent_mib": 18.21142578125}
SAVED /mnt/tidal-alsh-hilab/dataset/diandian/user/liuhanzuo/indep-bench_assets/runs/qcomem/replay-mixed-diagnostic-20260811a/shard-3-replay-d13-r4-a8-l8.json
{"config": "replay-d13-r4-a4-l8", "dataset": "qasper", "source_index": 3, "f1": 0.5, "generated_tokens": 18, "persistent_mib": 13.84033203125}
SAVED /mnt/tidal-alsh-hilab/dataset/diandian/user/liuhanzuo/indep-bench_assets/runs/qcomem/replay-mixed-diagnostic-20260811a/shard-3-replay-d13-r4-a4-l8.json
{"config": "replay-d13-r4-a8-l4", "dataset": "qasper", "source_index": 3, "f1": 0.5714285714285715, "generated_tokens": 2, "persistent_mib": 15.55517578125}
SAVED /mnt/tidal-alsh-hilab/dataset/diandian/user/liuhanzuo/indep-bench_assets/runs/qcomem/replay-mixed-diagnostic-20260811a/shard-3-replay-d13-r4-a8-l4.json
