README.md: OK
DESIGN.md: OK
preregistration.json: OK
slot_protocol.json: OK
artifacts/prior-repeatability-audit.json: OK
scripts/verify_dual_producer_repeat.py: OK
tests/test_dual_producer_repeat.py: OK
formal/launch_dual_producer_h20.sh: OK
formal/launch_existing_h20_node.sh: OK
formal/build_execution_bundle.py: OK
vendor/r39/audit_independent_slot_census.py: OK
vendor/r39/generate_preexecution_census.py: OK
vendor/r33/r33_ipc_capture_protocol.py: OK
vendor/r33/r33_independent_capture_worker.py: OK
vendor/r33/r33_out_of_process_capture.py: OK
vendor/r33/r33_replay_independent_capture.py: OK
vendor/r33/r33_run_h20_independent_capture.py: OK
vendor/r33/r33_run_local_capture_gate.py: OK
vendor/r33/r33_test_independent_capture.py: OK
vendor/r33/r33_launch_h20_independent_capture_1gpu.sh: OK
vendor/r33/source-code.sha256: OK
vendor/r33/preregistration.json: OK
vendor/r29/r29_independent_gdn_observer.py: OK
vendor/r29/r29_run_independent_gdn_observer.py: OK
