{
  "saved": "/mnt/tidal-alsh-hilab/dataset/diandian/user/liuhanzuo/indep-bench_assets/runs/qcomem/joint-policy-pg19-calibration-20260812a/joint_policy.json",
  "selected": {
    "same_memory": "pg19-joint-auto-00",
    "minus_25_percent": "pg19-joint-auto-07"
  },
  "comparisons": {
    "same_memory": {
      "candidate": "pg19-joint-auto-00",
      "mean_joint_objective_delta_vs_frozen": -0.00598152760600783,
      "paired_bootstrap_95_ci": [
        -0.015476529434999978,
        0.0026867542775391943
      ],
      "candidate_beats_frozen_on_pg19_calibration": true,
      "claim_limit": "PG-19 train calibration comparison only; it is not a LongBench downstream result and cannot inherit a prior validation label"
    },
    "minus_25_percent": {
      "candidate": "pg19-joint-auto-07",
      "mean_joint_objective_delta_vs_frozen": 0.09318319224944958,
      "paired_bootstrap_95_ci": [
        0.06641571544037674,
        0.12275558790552168
      ],
      "candidate_beats_frozen_on_pg19_calibration": false,
      "claim_limit": "PG-19 train calibration comparison only; it is not a LongBench downstream result and cannot inherit a prior validation label"
    }
  }
}
