This is XeTeX, Version 3.141592653-2.6-0.999998 (TeX Live 2026) (preloaded format=xelatex)
entering extended mode
(./main.tex
LaTeX2e <2025-11-01>
L3 programming layer <2026-01-19>
(/usr/local/texlive/2026/texmf-dist/tex/latex/base/article.cls
Document Class: article 2025/01/22 v1.4n Standard LaTeX document class
(/usr/local/texlive/2026/texmf-dist/tex/latex/base/size10.clo))
(./iclr2026_conference.sty
(/usr/local/texlive/2026/texmf-dist/tex/latex/eso-pic/eso-pic.sty
(/usr/local/texlive/2026/texmf-dist/tex/latex/graphics/keyval.sty)
(/usr/local/texlive/2026/texmf-dist/tex/latex/xcolor/xcolor.sty
(/usr/local/texlive/2026/texmf-dist/tex/latex/graphics-cfg/color.cfg)
(/usr/local/texlive/2026/texmf-dist/tex/latex/graphics-def/xetex.def)
(/usr/local/texlive/2026/texmf-dist/tex/latex/graphics/mathcolor.ltx)))
(./fancyhdr.sty) (./natbib.sty))
(/usr/local/texlive/2026/texmf-dist/tex/latex/psnfss/times.sty)
(/usr/local/texlive/2026/texmf-dist/tex/latex/base/fontenc.sty
(/usr/local/texlive/2026/texmf-dist/tex/latex/psnfss/t1ptm.fd))
(/usr/local/texlive/2026/texmf-dist/tex/latex/amsmath/amsmath.sty
For additional information on amsmath, use the `?' option.
(/usr/local/texlive/2026/texmf-dist/tex/latex/amsmath/amstext.sty
(/usr/local/texlive/2026/texmf-dist/tex/latex/amsmath/amsgen.sty))
(/usr/local/texlive/2026/texmf-dist/tex/latex/amsmath/amsbsy.sty)
(/usr/local/texlive/2026/texmf-dist/tex/latex/amsmath/amsopn.sty))
(/usr/local/texlive/2026/texmf-dist/tex/latex/amsfonts/amssymb.sty
(/usr/local/texlive/2026/texmf-dist/tex/latex/amsfonts/amsfonts.sty))
(/usr/local/texlive/2026/texmf-dist/tex/latex/booktabs/booktabs.sty)
(/usr/local/texlive/2026/texmf-dist/tex/latex/tools/tabularx.sty
(/usr/local/texlive/2026/texmf-dist/tex/latex/tools/array.sty))
(/usr/local/texlive/2026/texmf-dist/tex/latex/graphics/graphicx.sty
(/usr/local/texlive/2026/texmf-dist/tex/latex/graphics/graphics.sty
(/usr/local/texlive/2026/texmf-dist/tex/latex/graphics/trig.sty)
(/usr/local/texlive/2026/texmf-dist/tex/latex/graphics-cfg/graphics.cfg)))
(/usr/local/texlive/2026/texmf-dist/tex/latex/microtype/microtype.sty
(/usr/local/texlive/2026/texmf-dist/tex/latex/etoolbox/etoolbox.sty)
(/usr/local/texlive/2026/texmf-dist/tex/latex/microtype/microtype-xetex.def)
(/usr/local/texlive/2026/texmf-dist/tex/latex/microtype/microtype.cfg))
(/usr/local/texlive/2026/texmf-dist/tex/latex/float/float.sty)
(/usr/local/texlive/2026/texmf-dist/tex/latex/hyperref/hyperref.sty
(/usr/local/texlive/2026/texmf-dist/tex/generic/iftex/iftex.sty)
(/usr/local/texlive/2026/texmf-dist/tex/latex/kvsetkeys/kvsetkeys.sty)
(/usr/local/texlive/2026/texmf-dist/tex/generic/kvdefinekeys/kvdefinekeys.sty)
(/usr/local/texlive/2026/texmf-dist/tex/generic/pdfescape/pdfescape.sty
(/usr/local/texlive/2026/texmf-dist/tex/generic/ltxcmds/ltxcmds.sty)
(/usr/local/texlive/2026/texmf-dist/tex/generic/pdftexcmds/pdftexcmds.sty
(/usr/local/texlive/2026/texmf-dist/tex/generic/infwarerr/infwarerr.sty)))
(/usr/local/texlive/2026/texmf-dist/tex/latex/hycolor/hycolor.sty)
(/usr/local/texlive/2026/texmf-dist/tex/latex/hyperref/nameref.sty
(/usr/local/texlive/2026/texmf-dist/tex/latex/refcount/refcount.sty)
(/usr/local/texlive/2026/texmf-dist/tex/generic/gettitlestring/gettitlestring.s
ty (/usr/local/texlive/2026/texmf-dist/tex/latex/kvoptions/kvoptions.sty)))
(/usr/local/texlive/2026/texmf-dist/tex/generic/stringenc/stringenc.sty)
(/usr/local/texlive/2026/texmf-dist/tex/latex/hyperref/pd1enc.def)
(/usr/local/texlive/2026/texmf-dist/tex/generic/intcalc/intcalc.sty)
(/usr/local/texlive/2026/texmf-dist/tex/latex/hyperref/puenc.def)
(/usr/local/texlive/2026/texmf-dist/tex/latex/url/url.sty)
(/usr/local/texlive/2026/texmf-dist/tex/generic/bitset/bitset.sty
(/usr/local/texlive/2026/texmf-dist/tex/generic/bigintcalc/bigintcalc.sty)))
(/usr/local/texlive/2026/texmf-dist/tex/latex/hyperref/hxetex.def
(/usr/local/texlive/2026/texmf-dist/tex/latex/rerunfilecheck/rerunfilecheck.sty

(/usr/local/texlive/2026/texmf-dist/tex/generic/uniquecounter/uniquecounter.sty
))) (/usr/local/texlive/2026/texmf-dist/tex/latex/l3backend/l3backend-xetex.def
) (./main.aux)
(/usr/local/texlive/2026/texmf-dist/tex/latex/microtype/mt-ptm.cfg) (./main.out
) (./main.out)
(/usr/local/texlive/2026/texmf-dist/tex/latex/microtype/mt-cmr.cfg)
(/usr/local/texlive/2026/texmf-dist/tex/latex/amsfonts/umsa.fd)
(/usr/local/texlive/2026/texmf-dist/tex/latex/microtype/mt-msa.cfg)
(/usr/local/texlive/2026/texmf-dist/tex/latex/amsfonts/umsb.fd)
(/usr/local/texlive/2026/texmf-dist/tex/latex/microtype/mt-msb.cfg)
(/usr/local/texlive/2026/texmf-dist/tex/latex/psnfss/t1pcr.fd)

LaTeX Warning: Reference `tab:rank-diagnostics' on page 1 undefined on input li
ne 110.

[1]
Underfull \vbox (badness 3068) has occurred while \output is active [2]

LaTeX Warning: Reference `app:repro' on page 3 undefined on input line 179.

[3]
Underfull \hbox (badness 1226) in paragraph at lines 266--276
 []\T1/ptm/b/n/10 Multiplicity.[] \T1/ptm/m/n/10 The con-fir-ma-tory five-arm a
nal-y-sis uses all ten pair-wise tests as one Holm

LaTeX Warning: Reference `tab:estimator-scan' on page 4 undefined on input line
 295.


LaTeX Warning: Reference `tab:revision-chain' on page 4 undefined on input line
 295.


LaTeX Warning: Reference `tab:candidate-lengths' on page 4 undefined on input l
ine 309.

[4]

LaTeX Warning: Reference `tab:compute-ledger' on page 5 undefined on input line
 386.


LaTeX Warning: Reference `tab:compute-ledger' on page 5 undefined on input line
 386.


Underfull \hbox (badness 10000) in paragraph at lines 408--408
\T1/ptm/m/n/9 matched-$\OML/cmm/m/it/9 L$ \T1/ptm/m/n/9 row uses $\T1/pcr/m/n/9
 results / nmc _ sweep _ grid128 _ 20260823-[]023717 / perq _ r0 . jsonl$\T1/pt
m/m/n/9 ;

Underfull \hbox (badness 10000) in paragraph at lines 408--408
\T1/ptm/m/n/9 the $\OT1/cmr/m/n/9 2\OML/cmm/m/it/9 L=\OT1/cmr/m/n/9 2\OML/cmm/m
/it/9 L$ \T1/ptm/m/n/9 (total-NFE-fair) and high-budget rows use $\T1/pcr/m/n/9
 results / nmc _ sweep _ grid128 _

LaTeX Warning: Reference `tab:estimator-scan' on page 5 undefined on input line
 450.


LaTeX Warning: Reference `tab:estimator-scan' on page 5 undefined on input line
 458.


LaTeX Warning: Reference `fig:accuracy' on page 5 undefined on input line 458.


Underfull \vbox (badness 1478) has occurred while \output is active [5]

LaTeX Warning: Reference `tab:rank-diagnostics' on page 6 undefined on input li
ne 467.


LaTeX Warning: Reference `tab:estimator-scan' on page 6 undefined on input line
 469.


Underfull \hbox (badness 10000) in paragraph at lines 491--491
[]|\T1/pcr/m/n/9 s_conf \T1/ptm/m/n/9 vs

Underfull \hbox (badness 10000) in paragraph at lines 491--491
\T1/pcr/m/n/9 mc_uniform

Underfull \hbox (badness 10000) in paragraph at lines 491--491
[]|\T1/ptm/m/n/9 pre-reg. pri-

Underfull \hbox (badness 10000) in paragraph at lines 491--491
[]|\T1/ptm/m/n/9 Holm sur-vives

Underfull \hbox (badness 10000) in paragraph at lines 491--491
\T1/ptm/m/n/9 ($\OT1/cmr/m/n/9 +13\OML/cmm/m/it/9 :\OT1/cmr/m/n/9 0 []$\T1/ptm/
m/n/9 ,

Underfull \hbox (badness 10000) in paragraph at lines 492--492
[]|\T1/pcr/m/n/9 s_conf \T1/ptm/m/n/9 vs

Underfull \hbox (badness 10000) in paragraph at lines 492--492
\T1/pcr/m/n/9 mc_uniform

Underfull \hbox (badness 10000) in paragraph at lines 492--492
[]|\T1/ptm/m/n/9 post-sel. sec.

Underfull \hbox (badness 10000) in paragraph at lines 492--492
[]|\T1/ptm/m/n/9 Holm sur-vives

Underfull \hbox (badness 10000) in paragraph at lines 492--492
\T1/ptm/m/n/9 ($\OT1/cmr/m/n/9 +13\OML/cmm/m/it/9 :\OT1/cmr/m/n/9 0 []$\T1/ptm/
m/n/9 ,

Underfull \hbox (badness 10000) in paragraph at lines 493--493
[]|\T1/pcr/m/n/9 s_conf \T1/ptm/m/n/9 vs

Underfull \hbox (badness 10000) in paragraph at lines 493--493
\T1/pcr/m/n/9 mc_uniform

Underfull \hbox (badness 10000) in paragraph at lines 493--493
[]|\T1/ptm/m/n/9 Holm sur-

Underfull \hbox (badness 10000) in paragraph at lines 493--493
\T1/ptm/m/n/9 vives ($\OT1/cmr/m/n/9 +9\OML/cmm/m/it/9 :\OT1/cmr/m/n/9 0 []$\T1
/ptm/m/n/9 ,

Underfull \hbox (badness 10000) in paragraph at lines 494--494
[]|\T1/pcr/m/n/9 s_conf \T1/ptm/m/n/9 vs

Underfull \hbox (badness 10000) in paragraph at lines 494--494
\T1/pcr/m/n/9 rand_inject

Underfull \hbox (badness 10000) in paragraph at lines 494--494
[]|$\OML/cmm/m/it/9 k[]\OT1/cmr/m/n/9 1$ \T1/ptm/m/n/9 (1s

Underfull \hbox (badness 10000) in paragraph at lines 495--495
[]|\T1/pcr/m/n/9 s_conf \T1/ptm/m/n/9 vs

Underfull \hbox (badness 10000) in paragraph at lines 495--495
\T1/pcr/m/n/9 fixed_inject

Underfull \hbox (badness 10000) in paragraph at lines 495--495
[]|\T1/ptm/m/n/9 A: fixed wins

Underfull \hbox (badness 10000) in paragraph at lines 496--496
[]|\T1/pcr/m/n/9 s_conf \T1/ptm/m/n/9 vs

Underfull \hbox (badness 10000) in paragraph at lines 496--496
\T1/pcr/m/n/9 fixed_inject

Underfull \hbox (badness 10000) in paragraph at lines 496--496
[]|\T1/ptm/m/n/9 pre-reg. con-

Underfull \hbox (badness 6125) in paragraph at lines 497--497
[]|\T1/ptm/m/n/9 pre-reg. Tier-

Underfull \hbox (badness 10000) in paragraph at lines 497--497
[]|\T1/ptm/m/n/9 discordance

LaTeX Warning: Reference `tab:estimator-scan' on page 6 undefined on input line
 497.


Underfull \hbox (badness 10000) in paragraph at lines 498--498
[]|\T1/pcr/m/n/9 s_conf \T1/ptm/m/n/9 vs

Underfull \hbox (badness 10000) in paragraph at lines 498--498
\T1/pcr/m/n/9 rand_inject

Underfull \hbox (badness 10000) in paragraph at lines 498--498
[]|\T1/ptm/m/n/9 post-hoc

Underfull \hbox (badness 10000) in paragraph at lines 498--498
[]|\T1/ptm/m/n/9 Bonferroni--

Underfull \hbox (badness 10000) in paragraph at lines 498--498
[]|\T1/ptm/m/n/9 Bonf. sur-vives

Underfull \hbox (badness 10000) in paragraph at lines 499--499
[]|\T1/pcr/m/n/9 s_conf \T1/ptm/m/n/9 vs

Underfull \hbox (badness 10000) in paragraph at lines 499--499
\T1/pcr/m/n/9 mc_uniform

Underfull \hbox (badness 1117) in paragraph at lines 499--499
[]|\T1/ptm/m/n/9 post-hoc fam-

Underfull \hbox (badness 10000) in paragraph at lines 499--499
[]|\T1/ptm/m/n/9 Bonferroni--

LaTeX Warning: Reference `tab:rank-diagnostics' on page 6 undefined on input li
ne 500.


LaTeX Warning: Reference `tab:estimator-scan' on page 6 undefined on input line
 511.


LaTeX Warning: Reference `tab:rank-diagnostics' on page 6 undefined on input li
ne 520.


LaTeX Warning: Reference `tab:rank-diagnostics' on page 6 undefined on input li
ne 541.


LaTeX Warning: Reference `tab:rank-diagnostics' on page 6 undefined on input li
ne 541.


LaTeX Warning: Reference `tab:rank-diagnostics' on page 6 undefined on input li
ne 541.


LaTeX Warning: Reference `tab:rank-diagnostics' on page 6 undefined on input li
ne 541.

[6]

LaTeX Warning: Reference `fig:flips' on page 7 undefined on input line 546.


Underfull \vbox (badness 2913) has occurred while \output is active [7]
[8]
Underfull \vbox (badness 1472) has occurred while \output is active [9]

LaTeX Warning: Reference `fig:accuracy' on page 10 undefined on input line 750.



LaTeX Warning: Reference `tab:robustness-gates' on page 10 undefined on input l
ine 776.


Underfull \hbox (badness 1005) in paragraph at lines 774--782
 []\T1/ptm/b/n/10 Headline ro-bust-ness gates, re-li-a-bil-ity, and seed vari-a
-tion.[] \T1/ptm/m/n/10 The frozen re-run, hos-tile re-
[10]

LaTeX Warning: Reference `tab:compute-ledger' on page 11 undefined on input lin
e 795.


LaTeX Warning: Reference `tab:nfe-sensitivity' on page 11 undefined on input li
ne 799.


LaTeX Warning: Reference `tab:compute-contrast' on page 11 undefined on input l
ine 803.


LaTeX Warning: Reference `app:repro' on page 11 undefined on input line 810.

(./main.bbl [11]) (./appendix_refine5.tex [12] [13]

LaTeX Warning: Reference `tab:candidate-lengths' on page 14 undefined on input 
line 91.

[14] [15]

LaTeX Warning: Reference `tab:estimator-scan' on page 16 undefined on input lin
e 308.


LaTeX Warning: Reference `tab:estimator-scan' on page 16 undefined on input lin
e 308.

[16] [17]

LaTeX Warning: Reference `tab:nfe-sensitivity' on page 18 undefined on input li
ne 373.


LaTeX Warning: Reference `tab:nfe-sensitivity' on page 18 undefined on input li
ne 373.

[18]

LaTeX Warning: Reference `tab:compute-contrast' on page 19 undefined on input l
ine 451.

[19]

LaTeX Warning: Reference `tab:repro-checklist' on page 20 undefined on input li
ne 554.

) [20] (./main.aux)

LaTeX Warning: There were undefined references.


LaTeX Warning: Label(s) may have changed. Rerun to get cross-references right.


Package rerunfilecheck Warning: File `main.out' has changed.
(rerunfilecheck)                Rerun to get outlines right
(rerunfilecheck)                or use package `bookmark'.

 )
(see the transcript file for additional information)
Output written on main.pdf (20 pages).
Transcript written on main.log.
This is BibTeX, Version 0.99e (TeX Live 2026)
The top-level auxiliary file: main.aux
The style file: iclr2026_conference.bst
Database file #1: refs.bib
This is XeTeX, Version 3.141592653-2.6-0.999998 (TeX Live 2026) (preloaded format=xelatex)
entering extended mode
(./main.tex
LaTeX2e <2025-11-01>
L3 programming layer <2026-01-19>
(/usr/local/texlive/2026/texmf-dist/tex/latex/base/article.cls
Document Class: article 2025/01/22 v1.4n Standard LaTeX document class
(/usr/local/texlive/2026/texmf-dist/tex/latex/base/size10.clo))
(./iclr2026_conference.sty
(/usr/local/texlive/2026/texmf-dist/tex/latex/eso-pic/eso-pic.sty
(/usr/local/texlive/2026/texmf-dist/tex/latex/graphics/keyval.sty)
(/usr/local/texlive/2026/texmf-dist/tex/latex/xcolor/xcolor.sty
(/usr/local/texlive/2026/texmf-dist/tex/latex/graphics-cfg/color.cfg)
(/usr/local/texlive/2026/texmf-dist/tex/latex/graphics-def/xetex.def)
(/usr/local/texlive/2026/texmf-dist/tex/latex/graphics/mathcolor.ltx)))
(./fancyhdr.sty) (./natbib.sty))
(/usr/local/texlive/2026/texmf-dist/tex/latex/psnfss/times.sty)
(/usr/local/texlive/2026/texmf-dist/tex/latex/base/fontenc.sty
(/usr/local/texlive/2026/texmf-dist/tex/latex/psnfss/t1ptm.fd))
(/usr/local/texlive/2026/texmf-dist/tex/latex/amsmath/amsmath.sty
For additional information on amsmath, use the `?' option.
(/usr/local/texlive/2026/texmf-dist/tex/latex/amsmath/amstext.sty
(/usr/local/texlive/2026/texmf-dist/tex/latex/amsmath/amsgen.sty))
(/usr/local/texlive/2026/texmf-dist/tex/latex/amsmath/amsbsy.sty)
(/usr/local/texlive/2026/texmf-dist/tex/latex/amsmath/amsopn.sty))
(/usr/local/texlive/2026/texmf-dist/tex/latex/amsfonts/amssymb.sty
(/usr/local/texlive/2026/texmf-dist/tex/latex/amsfonts/amsfonts.sty))
(/usr/local/texlive/2026/texmf-dist/tex/latex/booktabs/booktabs.sty)
(/usr/local/texlive/2026/texmf-dist/tex/latex/tools/tabularx.sty
(/usr/local/texlive/2026/texmf-dist/tex/latex/tools/array.sty))
(/usr/local/texlive/2026/texmf-dist/tex/latex/graphics/graphicx.sty
(/usr/local/texlive/2026/texmf-dist/tex/latex/graphics/graphics.sty
(/usr/local/texlive/2026/texmf-dist/tex/latex/graphics/trig.sty)
(/usr/local/texlive/2026/texmf-dist/tex/latex/graphics-cfg/graphics.cfg)))
(/usr/local/texlive/2026/texmf-dist/tex/latex/microtype/microtype.sty
(/usr/local/texlive/2026/texmf-dist/tex/latex/etoolbox/etoolbox.sty)
(/usr/local/texlive/2026/texmf-dist/tex/latex/microtype/microtype-xetex.def)
(/usr/local/texlive/2026/texmf-dist/tex/latex/microtype/microtype.cfg))
(/usr/local/texlive/2026/texmf-dist/tex/latex/float/float.sty)
(/usr/local/texlive/2026/texmf-dist/tex/latex/hyperref/hyperref.sty
(/usr/local/texlive/2026/texmf-dist/tex/generic/iftex/iftex.sty)
(/usr/local/texlive/2026/texmf-dist/tex/latex/kvsetkeys/kvsetkeys.sty)
(/usr/local/texlive/2026/texmf-dist/tex/generic/kvdefinekeys/kvdefinekeys.sty)
(/usr/local/texlive/2026/texmf-dist/tex/generic/pdfescape/pdfescape.sty
(/usr/local/texlive/2026/texmf-dist/tex/generic/ltxcmds/ltxcmds.sty)
(/usr/local/texlive/2026/texmf-dist/tex/generic/pdftexcmds/pdftexcmds.sty
(/usr/local/texlive/2026/texmf-dist/tex/generic/infwarerr/infwarerr.sty)))
(/usr/local/texlive/2026/texmf-dist/tex/latex/hycolor/hycolor.sty)
(/usr/local/texlive/2026/texmf-dist/tex/latex/hyperref/nameref.sty
(/usr/local/texlive/2026/texmf-dist/tex/latex/refcount/refcount.sty)
(/usr/local/texlive/2026/texmf-dist/tex/generic/gettitlestring/gettitlestring.s
ty (/usr/local/texlive/2026/texmf-dist/tex/latex/kvoptions/kvoptions.sty)))
(/usr/local/texlive/2026/texmf-dist/tex/generic/stringenc/stringenc.sty)
(/usr/local/texlive/2026/texmf-dist/tex/latex/hyperref/pd1enc.def)
(/usr/local/texlive/2026/texmf-dist/tex/generic/intcalc/intcalc.sty)
(/usr/local/texlive/2026/texmf-dist/tex/latex/hyperref/puenc.def)
(/usr/local/texlive/2026/texmf-dist/tex/latex/url/url.sty)
(/usr/local/texlive/2026/texmf-dist/tex/generic/bitset/bitset.sty
(/usr/local/texlive/2026/texmf-dist/tex/generic/bigintcalc/bigintcalc.sty)))
(/usr/local/texlive/2026/texmf-dist/tex/latex/hyperref/hxetex.def
(/usr/local/texlive/2026/texmf-dist/tex/latex/rerunfilecheck/rerunfilecheck.sty

(/usr/local/texlive/2026/texmf-dist/tex/generic/uniquecounter/uniquecounter.sty
))) (/usr/local/texlive/2026/texmf-dist/tex/latex/l3backend/l3backend-xetex.def
) (./main.aux

LaTeX Warning: Label `fig:forest' multiply defined.


LaTeX Warning: Label `tab:endpoint-tree' multiply defined.


LaTeX Warning: Label `fig:tau' multiply defined.

) (/usr/local/texlive/2026/texmf-dist/tex/latex/microtype/mt-ptm.cfg)
(./main.out) (./main.out)
(/usr/local/texlive/2026/texmf-dist/tex/latex/microtype/mt-cmr.cfg)
(/usr/local/texlive/2026/texmf-dist/tex/latex/amsfonts/umsa.fd)
(/usr/local/texlive/2026/texmf-dist/tex/latex/microtype/mt-msa.cfg)
(/usr/local/texlive/2026/texmf-dist/tex/latex/amsfonts/umsb.fd)
(/usr/local/texlive/2026/texmf-dist/tex/latex/microtype/mt-msb.cfg)
(/usr/local/texlive/2026/texmf-dist/tex/latex/psnfss/t1pcr.fd) [1]
Underfull \vbox (badness 3068) has occurred while \output is active [2]
[3]
Underfull \hbox (badness 1226) in paragraph at lines 266--276
 []\T1/ptm/b/n/10 Multiplicity.[] \T1/ptm/m/n/10 The con-fir-ma-tory five-arm a
nal-y-sis uses all ten pair-wise tests as one Holm
[4]
Underfull \hbox (badness 10000) in paragraph at lines 408--408
\T1/ptm/m/n/9 matched-$\OML/cmm/m/it/9 L$ \T1/ptm/m/n/9 row uses $\T1/pcr/m/n/9
 results / nmc _ sweep _ grid128 _ 20260823-[]023717 / perq _ r0 . jsonl$\T1/pt
m/m/n/9 ;

Underfull \hbox (badness 10000) in paragraph at lines 408--408
\T1/ptm/m/n/9 the $\OT1/cmr/m/n/9 2\OML/cmm/m/it/9 L=\OT1/cmr/m/n/9 2\OML/cmm/m
/it/9 L$ \T1/ptm/m/n/9 (total-NFE-fair) and high-budget rows use $\T1/pcr/m/n/9
 results / nmc _ sweep _ grid128 _

Underfull \vbox (badness 1478) has occurred while \output is active [5]
Underfull \hbox (badness 10000) in paragraph at lines 491--491
[]|\T1/pcr/m/n/9 s_conf \T1/ptm/m/n/9 vs

Underfull \hbox (badness 10000) in paragraph at lines 491--491
\T1/pcr/m/n/9 mc_uniform

Underfull \hbox (badness 10000) in paragraph at lines 491--491
[]|\T1/ptm/m/n/9 pre-reg. pri-

Underfull \hbox (badness 10000) in paragraph at lines 491--491
[]|\T1/ptm/m/n/9 Holm sur-vives

Underfull \hbox (badness 10000) in paragraph at lines 491--491
\T1/ptm/m/n/9 ($\OT1/cmr/m/n/9 +13\OML/cmm/m/it/9 :\OT1/cmr/m/n/9 0 []$\T1/ptm/
m/n/9 ,

Underfull \hbox (badness 10000) in paragraph at lines 492--492
[]|\T1/pcr/m/n/9 s_conf \T1/ptm/m/n/9 vs

Underfull \hbox (badness 10000) in paragraph at lines 492--492
\T1/pcr/m/n/9 mc_uniform

Underfull \hbox (badness 10000) in paragraph at lines 492--492
[]|\T1/ptm/m/n/9 post-sel. sec.

Underfull \hbox (badness 10000) in paragraph at lines 492--492
[]|\T1/ptm/m/n/9 Holm sur-vives

Underfull \hbox (badness 10000) in paragraph at lines 492--492
\T1/ptm/m/n/9 ($\OT1/cmr/m/n/9 +13\OML/cmm/m/it/9 :\OT1/cmr/m/n/9 0 []$\T1/ptm/
m/n/9 ,

Underfull \hbox (badness 10000) in paragraph at lines 493--493
[]|\T1/pcr/m/n/9 s_conf \T1/ptm/m/n/9 vs

Underfull \hbox (badness 10000) in paragraph at lines 493--493
\T1/pcr/m/n/9 mc_uniform

Underfull \hbox (badness 10000) in paragraph at lines 493--493
[]|\T1/ptm/m/n/9 Holm sur-

Underfull \hbox (badness 10000) in paragraph at lines 493--493
\T1/ptm/m/n/9 vives ($\OT1/cmr/m/n/9 +9\OML/cmm/m/it/9 :\OT1/cmr/m/n/9 0 []$\T1
/ptm/m/n/9 ,

Underfull \hbox (badness 10000) in paragraph at lines 494--494
[]|\T1/pcr/m/n/9 s_conf \T1/ptm/m/n/9 vs

Underfull \hbox (badness 10000) in paragraph at lines 494--494
\T1/pcr/m/n/9 rand_inject

Underfull \hbox (badness 10000) in paragraph at lines 494--494
[]|$\OML/cmm/m/it/9 k[]\OT1/cmr/m/n/9 1$ \T1/ptm/m/n/9 (1s

Underfull \hbox (badness 10000) in paragraph at lines 495--495
[]|\T1/pcr/m/n/9 s_conf \T1/ptm/m/n/9 vs

Underfull \hbox (badness 10000) in paragraph at lines 495--495
\T1/pcr/m/n/9 fixed_inject

Underfull \hbox (badness 10000) in paragraph at lines 495--495
[]|\T1/ptm/m/n/9 A: fixed wins

Underfull \hbox (badness 10000) in paragraph at lines 496--496
[]|\T1/pcr/m/n/9 s_conf \T1/ptm/m/n/9 vs

Underfull \hbox (badness 10000) in paragraph at lines 496--496
\T1/pcr/m/n/9 fixed_inject

Underfull \hbox (badness 10000) in paragraph at lines 496--496
[]|\T1/ptm/m/n/9 pre-reg. con-

Underfull \hbox (badness 6125) in paragraph at lines 497--497
[]|\T1/ptm/m/n/9 pre-reg. Tier-

Underfull \hbox (badness 10000) in paragraph at lines 497--497
[]|\T1/ptm/m/n/9 discordance

Underfull \hbox (badness 10000) in paragraph at lines 498--498
[]|\T1/pcr/m/n/9 s_conf \T1/ptm/m/n/9 vs

Underfull \hbox (badness 10000) in paragraph at lines 498--498
\T1/pcr/m/n/9 rand_inject

Underfull \hbox (badness 10000) in paragraph at lines 498--498
[]|\T1/ptm/m/n/9 post-hoc

Underfull \hbox (badness 10000) in paragraph at lines 498--498
[]|\T1/ptm/m/n/9 Bonferroni--

Underfull \hbox (badness 10000) in paragraph at lines 498--498
[]|\T1/ptm/m/n/9 Bonf. sur-vives

Underfull \hbox (badness 10000) in paragraph at lines 499--499
[]|\T1/pcr/m/n/9 s_conf \T1/ptm/m/n/9 vs

Underfull \hbox (badness 10000) in paragraph at lines 499--499
\T1/pcr/m/n/9 mc_uniform

Underfull \hbox (badness 1117) in paragraph at lines 499--499
[]|\T1/ptm/m/n/9 post-hoc fam-

Underfull \hbox (badness 10000) in paragraph at lines 499--499
[]|\T1/ptm/m/n/9 Bonferroni--
[6]

LaTeX Warning: Reference `fig:flips' on page 7 undefined on input line 546.


Underfull \vbox (badness 2913) has occurred while \output is active [7]
[8]
Underfull \vbox (badness 1472) has occurred while \output is active [9]
Underfull \hbox (badness 1005) in paragraph at lines 774--782
 []\T1/ptm/b/n/10 Headline ro-bust-ness gates, re-li-a-bil-ity, and seed vari-a
-tion.[] \T1/ptm/m/n/10 The frozen re-run, hos-tile re-
[10] (./main.bbl [11]) (./appendix_refine5.tex [12] [13] [14] [15] [16]
[17] [18] [19]) [20] (./main.aux)

LaTeX Warning: There were undefined references.


LaTeX Warning: There were multiply-defined labels.

 )
(see the transcript file for additional information)
Output written on main.pdf (20 pages).
Transcript written on main.log.
This is XeTeX, Version 3.141592653-2.6-0.999998 (TeX Live 2026) (preloaded format=xelatex)
entering extended mode
(./main.tex
LaTeX2e <2025-11-01>
L3 programming layer <2026-01-19>
(/usr/local/texlive/2026/texmf-dist/tex/latex/base/article.cls
Document Class: article 2025/01/22 v1.4n Standard LaTeX document class
(/usr/local/texlive/2026/texmf-dist/tex/latex/base/size10.clo))
(./iclr2026_conference.sty
(/usr/local/texlive/2026/texmf-dist/tex/latex/eso-pic/eso-pic.sty
(/usr/local/texlive/2026/texmf-dist/tex/latex/graphics/keyval.sty)
(/usr/local/texlive/2026/texmf-dist/tex/latex/xcolor/xcolor.sty
(/usr/local/texlive/2026/texmf-dist/tex/latex/graphics-cfg/color.cfg)
(/usr/local/texlive/2026/texmf-dist/tex/latex/graphics-def/xetex.def)
(/usr/local/texlive/2026/texmf-dist/tex/latex/graphics/mathcolor.ltx)))
(./fancyhdr.sty) (./natbib.sty))
(/usr/local/texlive/2026/texmf-dist/tex/latex/psnfss/times.sty)
(/usr/local/texlive/2026/texmf-dist/tex/latex/base/fontenc.sty
(/usr/local/texlive/2026/texmf-dist/tex/latex/psnfss/t1ptm.fd))
(/usr/local/texlive/2026/texmf-dist/tex/latex/amsmath/amsmath.sty
For additional information on amsmath, use the `?' option.
(/usr/local/texlive/2026/texmf-dist/tex/latex/amsmath/amstext.sty
(/usr/local/texlive/2026/texmf-dist/tex/latex/amsmath/amsgen.sty))
(/usr/local/texlive/2026/texmf-dist/tex/latex/amsmath/amsbsy.sty)
(/usr/local/texlive/2026/texmf-dist/tex/latex/amsmath/amsopn.sty))
(/usr/local/texlive/2026/texmf-dist/tex/latex/amsfonts/amssymb.sty
(/usr/local/texlive/2026/texmf-dist/tex/latex/amsfonts/amsfonts.sty))
(/usr/local/texlive/2026/texmf-dist/tex/latex/booktabs/booktabs.sty)
(/usr/local/texlive/2026/texmf-dist/tex/latex/tools/tabularx.sty
(/usr/local/texlive/2026/texmf-dist/tex/latex/tools/array.sty))
(/usr/local/texlive/2026/texmf-dist/tex/latex/graphics/graphicx.sty
(/usr/local/texlive/2026/texmf-dist/tex/latex/graphics/graphics.sty
(/usr/local/texlive/2026/texmf-dist/tex/latex/graphics/trig.sty)
(/usr/local/texlive/2026/texmf-dist/tex/latex/graphics-cfg/graphics.cfg)))
(/usr/local/texlive/2026/texmf-dist/tex/latex/microtype/microtype.sty
(/usr/local/texlive/2026/texmf-dist/tex/latex/etoolbox/etoolbox.sty)
(/usr/local/texlive/2026/texmf-dist/tex/latex/microtype/microtype-xetex.def)
(/usr/local/texlive/2026/texmf-dist/tex/latex/microtype/microtype.cfg))
(/usr/local/texlive/2026/texmf-dist/tex/latex/float/float.sty)
(/usr/local/texlive/2026/texmf-dist/tex/latex/hyperref/hyperref.sty
(/usr/local/texlive/2026/texmf-dist/tex/generic/iftex/iftex.sty)
(/usr/local/texlive/2026/texmf-dist/tex/latex/kvsetkeys/kvsetkeys.sty)
(/usr/local/texlive/2026/texmf-dist/tex/generic/kvdefinekeys/kvdefinekeys.sty)
(/usr/local/texlive/2026/texmf-dist/tex/generic/pdfescape/pdfescape.sty
(/usr/local/texlive/2026/texmf-dist/tex/generic/ltxcmds/ltxcmds.sty)
(/usr/local/texlive/2026/texmf-dist/tex/generic/pdftexcmds/pdftexcmds.sty
(/usr/local/texlive/2026/texmf-dist/tex/generic/infwarerr/infwarerr.sty)))
(/usr/local/texlive/2026/texmf-dist/tex/latex/hycolor/hycolor.sty)
(/usr/local/texlive/2026/texmf-dist/tex/latex/hyperref/nameref.sty
(/usr/local/texlive/2026/texmf-dist/tex/latex/refcount/refcount.sty)
(/usr/local/texlive/2026/texmf-dist/tex/generic/gettitlestring/gettitlestring.s
ty (/usr/local/texlive/2026/texmf-dist/tex/latex/kvoptions/kvoptions.sty)))
(/usr/local/texlive/2026/texmf-dist/tex/generic/stringenc/stringenc.sty)
(/usr/local/texlive/2026/texmf-dist/tex/latex/hyperref/pd1enc.def)
(/usr/local/texlive/2026/texmf-dist/tex/generic/intcalc/intcalc.sty)
(/usr/local/texlive/2026/texmf-dist/tex/latex/hyperref/puenc.def)
(/usr/local/texlive/2026/texmf-dist/tex/latex/url/url.sty)
(/usr/local/texlive/2026/texmf-dist/tex/generic/bitset/bitset.sty
(/usr/local/texlive/2026/texmf-dist/tex/generic/bigintcalc/bigintcalc.sty)))
(/usr/local/texlive/2026/texmf-dist/tex/latex/hyperref/hxetex.def
(/usr/local/texlive/2026/texmf-dist/tex/latex/rerunfilecheck/rerunfilecheck.sty

(/usr/local/texlive/2026/texmf-dist/tex/generic/uniquecounter/uniquecounter.sty
))) (/usr/local/texlive/2026/texmf-dist/tex/latex/l3backend/l3backend-xetex.def
) (./main.aux

LaTeX Warning: Label `fig:forest' multiply defined.


LaTeX Warning: Label `tab:endpoint-tree' multiply defined.


LaTeX Warning: Label `fig:tau' multiply defined.

) (/usr/local/texlive/2026/texmf-dist/tex/latex/microtype/mt-ptm.cfg)
(./main.out) (./main.out)
(/usr/local/texlive/2026/texmf-dist/tex/latex/microtype/mt-cmr.cfg)
(/usr/local/texlive/2026/texmf-dist/tex/latex/amsfonts/umsa.fd)
(/usr/local/texlive/2026/texmf-dist/tex/latex/microtype/mt-msa.cfg)
(/usr/local/texlive/2026/texmf-dist/tex/latex/amsfonts/umsb.fd)
(/usr/local/texlive/2026/texmf-dist/tex/latex/microtype/mt-msb.cfg)
(/usr/local/texlive/2026/texmf-dist/tex/latex/psnfss/t1pcr.fd) [1]
Underfull \vbox (badness 3068) has occurred while \output is active [2]
[3]
Underfull \hbox (badness 1226) in paragraph at lines 266--276
 []\T1/ptm/b/n/10 Multiplicity.[] \T1/ptm/m/n/10 The con-fir-ma-tory five-arm a
nal-y-sis uses all ten pair-wise tests as one Holm
[4]
Underfull \hbox (badness 10000) in paragraph at lines 408--408
\T1/ptm/m/n/9 matched-$\OML/cmm/m/it/9 L$ \T1/ptm/m/n/9 row uses $\T1/pcr/m/n/9
 results / nmc _ sweep _ grid128 _ 20260823-[]023717 / perq _ r0 . jsonl$\T1/pt
m/m/n/9 ;

Underfull \hbox (badness 10000) in paragraph at lines 408--408
\T1/ptm/m/n/9 the $\OT1/cmr/m/n/9 2\OML/cmm/m/it/9 L=\OT1/cmr/m/n/9 2\OML/cmm/m
/it/9 L$ \T1/ptm/m/n/9 (total-NFE-fair) and high-budget rows use $\T1/pcr/m/n/9
 results / nmc _ sweep _ grid128 _

Underfull \vbox (badness 1478) has occurred while \output is active [5]
Underfull \hbox (badness 10000) in paragraph at lines 491--491
[]|\T1/pcr/m/n/9 s_conf \T1/ptm/m/n/9 vs

Underfull \hbox (badness 10000) in paragraph at lines 491--491
\T1/pcr/m/n/9 mc_uniform

Underfull \hbox (badness 10000) in paragraph at lines 491--491
[]|\T1/ptm/m/n/9 pre-reg. pri-

Underfull \hbox (badness 10000) in paragraph at lines 491--491
[]|\T1/ptm/m/n/9 Holm sur-vives

Underfull \hbox (badness 10000) in paragraph at lines 491--491
\T1/ptm/m/n/9 ($\OT1/cmr/m/n/9 +13\OML/cmm/m/it/9 :\OT1/cmr/m/n/9 0 []$\T1/ptm/
m/n/9 ,

Underfull \hbox (badness 10000) in paragraph at lines 492--492
[]|\T1/pcr/m/n/9 s_conf \T1/ptm/m/n/9 vs

Underfull \hbox (badness 10000) in paragraph at lines 492--492
\T1/pcr/m/n/9 mc_uniform

Underfull \hbox (badness 10000) in paragraph at lines 492--492
[]|\T1/ptm/m/n/9 post-sel. sec.

Underfull \hbox (badness 10000) in paragraph at lines 492--492
[]|\T1/ptm/m/n/9 Holm sur-vives

Underfull \hbox (badness 10000) in paragraph at lines 492--492
\T1/ptm/m/n/9 ($\OT1/cmr/m/n/9 +13\OML/cmm/m/it/9 :\OT1/cmr/m/n/9 0 []$\T1/ptm/
m/n/9 ,

Underfull \hbox (badness 10000) in paragraph at lines 493--493
[]|\T1/pcr/m/n/9 s_conf \T1/ptm/m/n/9 vs

Underfull \hbox (badness 10000) in paragraph at lines 493--493
\T1/pcr/m/n/9 mc_uniform

Underfull \hbox (badness 10000) in paragraph at lines 493--493
[]|\T1/ptm/m/n/9 Holm sur-

Underfull \hbox (badness 10000) in paragraph at lines 493--493
\T1/ptm/m/n/9 vives ($\OT1/cmr/m/n/9 +9\OML/cmm/m/it/9 :\OT1/cmr/m/n/9 0 []$\T1
/ptm/m/n/9 ,

Underfull \hbox (badness 10000) in paragraph at lines 494--494
[]|\T1/pcr/m/n/9 s_conf \T1/ptm/m/n/9 vs

Underfull \hbox (badness 10000) in paragraph at lines 494--494
\T1/pcr/m/n/9 rand_inject

Underfull \hbox (badness 10000) in paragraph at lines 494--494
[]|$\OML/cmm/m/it/9 k[]\OT1/cmr/m/n/9 1$ \T1/ptm/m/n/9 (1s

Underfull \hbox (badness 10000) in paragraph at lines 495--495
[]|\T1/pcr/m/n/9 s_conf \T1/ptm/m/n/9 vs

Underfull \hbox (badness 10000) in paragraph at lines 495--495
\T1/pcr/m/n/9 fixed_inject

Underfull \hbox (badness 10000) in paragraph at lines 495--495
[]|\T1/ptm/m/n/9 A: fixed wins

Underfull \hbox (badness 10000) in paragraph at lines 496--496
[]|\T1/pcr/m/n/9 s_conf \T1/ptm/m/n/9 vs

Underfull \hbox (badness 10000) in paragraph at lines 496--496
\T1/pcr/m/n/9 fixed_inject

Underfull \hbox (badness 10000) in paragraph at lines 496--496
[]|\T1/ptm/m/n/9 pre-reg. con-

Underfull \hbox (badness 6125) in paragraph at lines 497--497
[]|\T1/ptm/m/n/9 pre-reg. Tier-

Underfull \hbox (badness 10000) in paragraph at lines 497--497
[]|\T1/ptm/m/n/9 discordance

Underfull \hbox (badness 10000) in paragraph at lines 498--498
[]|\T1/pcr/m/n/9 s_conf \T1/ptm/m/n/9 vs

Underfull \hbox (badness 10000) in paragraph at lines 498--498
\T1/pcr/m/n/9 rand_inject

Underfull \hbox (badness 10000) in paragraph at lines 498--498
[]|\T1/ptm/m/n/9 post-hoc

Underfull \hbox (badness 10000) in paragraph at lines 498--498
[]|\T1/ptm/m/n/9 Bonferroni--

Underfull \hbox (badness 10000) in paragraph at lines 498--498
[]|\T1/ptm/m/n/9 Bonf. sur-vives

Underfull \hbox (badness 10000) in paragraph at lines 499--499
[]|\T1/pcr/m/n/9 s_conf \T1/ptm/m/n/9 vs

Underfull \hbox (badness 10000) in paragraph at lines 499--499
\T1/pcr/m/n/9 mc_uniform

Underfull \hbox (badness 1117) in paragraph at lines 499--499
[]|\T1/ptm/m/n/9 post-hoc fam-

Underfull \hbox (badness 10000) in paragraph at lines 499--499
[]|\T1/ptm/m/n/9 Bonferroni--
[6]

LaTeX Warning: Reference `fig:flips' on page 7 undefined on input line 546.


Underfull \vbox (badness 2913) has occurred while \output is active [7]
[8]
Underfull \vbox (badness 1472) has occurred while \output is active [9]
Underfull \hbox (badness 1005) in paragraph at lines 774--782
 []\T1/ptm/b/n/10 Headline ro-bust-ness gates, re-li-a-bil-ity, and seed vari-a
-tion.[] \T1/ptm/m/n/10 The frozen re-run, hos-tile re-
[10] (./main.bbl [11]) (./appendix_refine5.tex [12] [13] [14] [15] [16]
[17] [18] [19]) [20] (./main.aux)

LaTeX Warning: There were undefined references.


LaTeX Warning: There were multiply-defined labels.

 )
(see the transcript file for additional information)
Output written on main.pdf (20 pages).
Transcript written on main.log.
