
PASS T1.HOEF10.flip Table1 HOEF a=.10 flip: artifact=0.0645 printed=0.0645
PASS T1.HOEF10.k Table1 HOEF a=.10 mean k: artifact=7.0 printed=7.0
PASS T1.HOEF10.save Table1 HOEF a=.10 saving: artifact=78.1 printed=78.1
PASS T1.EB10.flip Table1 EB a=.10 flip: artifact=0.0794 printed=0.0794
PASS T1.EB10.k Table1 EB a=.10 mean k: artifact=5.0 printed=5.0
PASS T1.EB10.save Table1 EB a=.10 saving: artifact=84.4 printed=84.4
PASS T1.BH10.flip Table1 BAYES-H a=.10 flip: artifact=0.0370 printed=0.0370
PASS T1.BH10.k Table1 BAYES-H a=.10 mean k: artifact=5.1 printed=5.1
PASS T1.BH10.save Table1 BAYES-H a=.10 saving: artifact=84.0 printed=84.0
PASS T1.HOEF10.kstar CAL selection HOEF k*=7 @a=.10: artifact=7 printed=7
PASS T1.EB10.kstar CAL selection EB k*=5 @a=.10: artifact=5 printed=5
PASS T1.BH05.flip Table1 BAYES-H a=.05 flip: artifact=0.0249 printed=0.0249
PASS T1.BH05.k Table1 BAYES-H a=.05 mean k: artifact=6.1 printed=6.1
PASS T1.BH05.save Table1 BAYES-H a=.05 saving (artifact stores 4dp-rounded 0.8085; printed 80.9 rounds the boundary up): artifact=80.8500pt printed=80.9pt (tol 0.06pt)
PASS T1.HOEF05.flip Table1 HOEF a=.05 flip: artifact=0.0156 printed=0.0156
PASS T1.HOEF05.k Table1 HOEF a=.05 mean k: artifact=27.0 printed=27.0
PASS T1.HOEF05.save Table1 HOEF a=.05 saving: artifact=15.6 printed=15.6
PASS T1.EB05.flip Table1 EB a=.05 flip: artifact=0.0324 printed=0.0324
PASS T1.EB05.k Table1 EB a=.05 mean k (=cal k*=17): artifact=17.0 printed=17.0
PASS T1.EB05.save Table1 EB a=.05 saving: artifact=46.9 printed=46.9
PASS T1.EB05.kstar CAL selection EB k*=17 @a=.05: artifact=17.0 printed=17.0
PASS T1.HOEF05.kstar CAL selection HOEF k*=27 @a=.05: artifact=27.0 printed=27.0
PASS T1.BH02.flip Table1 BAYES-H a=.02 flip: artifact=0.0091 printed=0.0091
PASS T1.BH02.k Table1 BAYES-H a=.02 mean k: artifact=8.5 printed=8.5
PASS T1.BH02.save Table1 BAYES-H a=.02 saving: artifact=73.5 printed=73.5
PASS T1.EB02.save Table1 EB a=.02 saving: artifact=3.1 printed=3.1
PASS T1.EB02.flip Table1 EB a=.02 flip: artifact=0.0083 printed=0.0083
PASS T1.EB02.kstar CAL selection EB k*=31 @a=.02: artifact=31 printed=31
PASS T1.HOEF02.null Table1 HOEF a=.02 no certifiable budget: confirmed cal_selection['0.02'].FIXED_HOEF_k=None
PASS T1.WIN.flip WINDOW3 flip: artifact=0.0577 printed=0.0577
PASS T1.WIN.k WINDOW3 mean k: artifact=4.4 printed=4.4
PASS T1.WIN.save WINDOW3 saving: artifact=86.2 printed=86.2
PASS T1.WIN10.ucb WINDOW3 a=.10 population UCB (printed 0.061): artifact=0.061 printed=0.061
PASS T1.WIN10.real WINDOW3 realized flip ~0.058 flat in alpha: confirmed flip=0.05806
PASS G.05 fair gap a=.05: artifact=0.652 printed=0.652
PASS G.05.ci fair gap CI radius a=.05: artifact=0.029 printed=0.029
PASS G.05.sig fair gap a=.05 significant: confirmed 
PASS G.10 fair gap a=.10: artifact=0.058 printed=0.058
PASS G.10.ci fair gap CI radius a=.10: artifact=0.029 printed=0.029
PASS G.10.sig fair gap a=.10 significant: confirmed 
PASS F.05 forced-stop occupancy a=.05 (printed 0.59%): artifact=0.59 printed=0.59
PASS F.02 forced-stop occupancy a=.02 (printed 1.10%): artifact=1.10 printed=1.10
PASS P.pvar per-task p variance: artifact=0.129 printed=0.129
PASS P.binom binomial baseline variance: artifact=0.0038 printed=0.0038
PASS P.34x heterogeneity >34x binomial baseline: confirmed ratio=34.37
PASS P.extreme frac extreme (p<=.1 or >=.9): artifact=0.45 printed=0.45
PASS P.mid frac mid (0.4-0.6): artifact=0.116 printed=0.116
PASS S1.BH05.save shard1 within BAYES-H save a=.05: artifact=80.6 printed=80.6
PASS S1.BH05.flip shard1 within BAYES-H flip a=.05: artifact=0.0246 printed=0.0246
PASS S1.BH02.save shard1 within BAYES-H save a=.02: artifact=73.1 printed=73.1
PASS S1.BH02.flip shard1 within BAYES-H flip a=.02: artifact=0.0088 printed=0.0088
PASS S1.het shard1 het_excess: artifact=0.125 printed=0.125
PASS S1.extreme shard1 frac_extreme: artifact=0.444 printed=0.444
PASS S1.HOEF05.save shard1 HOEF save a=.05: artifact=21.9 printed=21.9
PASS S1.HOEF02.null shard1 HOEF a=.02 no budget: confirmed 
PASS S2.BH05.save transfer BAYES-H save a=.05: artifact=80.6 printed=80.6
PASS S2.BH05.flip transfer BAYES-H flip a=.05: artifact=0.0247 printed=0.0247
PASS S2.BH02.save transfer BAYES-H save a=.02: artifact=73.2 printed=73.2
PASS S2.BH02.flip transfer BAYES-H flip a=.02: artifact=0.0089 printed=0.0089
PASS S2.move.printed cross-readout movement of the numbers printed in Sec.5 <= 0.4pt: confirmed max=0.390pt
PASS S2.move.all cross-readout movement over ALL alphas <= 0.4pt (paper fixed r472: abstract previously said 0.3; true max 0.39pt at a=0.10): confirmed max=0.390pt (0.10-alpha cell)
PASS M.E3.flip margin E3 d=.15 g=.025 flip: artifact=0.0495 printed=0.0495
PASS M.E3.save margin E3 d=.15 g=.025 saving: artifact=77.2 printed=77.2
PASS M.E3.valid margin E3 d=.15 g=.025 valid: confirmed 
PASS M.E2.flip margin E2 d=.20 g=.03 flip: artifact=0.0491 printed=0.0491
PASS M.E2.save margin E2 d=.20 g=.03 saving: artifact=71.8 printed=71.8
PASS M.E2.flip4 margin E2 d=.20 g=.03 flip printed 0.0491: artifact=0.0491 printed=0.0491
PASS M.E2.valid margin E2 d=.20 g=.03 valid: confirmed 
PASS M.E3.d02.breaks margin E3 d=.20 g=.03 still invalid (needs g>.03): confirmed flip=0.05218
PASS D.E2.a10.bh E2 a=.10 d=.20 BAYES-H flip 0.083 valid: artifact=0.083 printed=0.083
PASS D.E2.a10.bh.valid E2 a=.10 d=.20 BAYES-H valid: confirmed 
PASS D.E2.a10.fix15.breaks E2 a=.10 d=.15 FIXED-EB invalid: confirmed 
PASS D.E3.a05.bh15 E3 a=.05 d=.15 BAYES-H flip 0.052: artifact=0.052 printed=0.052
PASS D.E3.a05.bh15.breaks E3 a=.05 d=.15 BAYES-H invalid (breaks only at .15): confirmed 
PASS D.E3.a05.eb15.survives E3 a=.05 d=.15 FIXED-EB survives: confirmed 
PASS D.E2.a10.win20 E2 a=.10 d=.20 WINDOW3 flip 0.104: artifact=0.104 printed=0.104
PASS D.E2.a10.win20.breaks E2 a=.10 d=.20 WINDOW3 invalid: confirmed 
PASS D.E3.a10.win.allvalid E3 a=.10 WINDOW3 valid at ALL deltas: confirmed 
PASS D.E3.a05.bh0.save E3 a=.05 d=0 BAYES-H saving 81.0 (harness): artifact=81.0 printed=81.0
PASS L2c.viol L2c monotonicity exhaustive check: 0 violations: confirmed violations=0, grid K=33
PASS DP.MC DP vs replay-MC self-check within 3 sigma: confirmed max=0.0431 tol=0.075
PASS OR1.H0 OpenR1 prior mass p=0 (always-fail): artifact=0.253 printed=0.253
PASS OR1.Hmid OpenR1 prior mass p=.5 (coin-flip): artifact=0.232 printed=0.232
PASS OR1.H1 OpenR1 prior mass p=1 (always-pass): artifact=0.515 printed=0.515
PASS OR1.BH10.flip OpenR1 BAYESH a=.10 realized flip: artifact=0.0592 printed=0.0592
PASS OR1.BH10.save OpenR1 BAYESH a=.10 saving: artifact=50.0 printed=50.0
PASS OR1.BH10.valid OpenR1 BAYESH a=.10 valid (flip<=alpha): confirmed 
PASS OR1.BH10.valid20 OpenR1 BAYESH a=.20 valid (flip<=alpha): confirmed 
PASS OR1.BH05.flip OpenR1 BAYESH a=.05 flip (partial stop): artifact=0.0294 printed=0.0294
PASS OR1.BH05.save OpenR1 BAYESH a=.05 saving (partial stop): artifact=32.1 printed=32.1
PASS OR1.BH05.valid OpenR1 BAYESH a=.05 valid (flip<=alpha): confirmed 
PASS OR1.BH02.nostop OpenR1 BAYESH a=.02 never stops (saving 0): artifact=0.0 printed=0.0
PASS OR1.F1.flip OpenR1 FIXED-1 realized flip: artifact=0.0592 printed=0.0592
PASS OR1.F1.analytic OpenR1 FIXED-1 analytic flip E_H[p(1-p)]: artifact=0.058 printed=0.058
PASS OR1.n OpenR1 usable problems (M=2 deduped): artifact=8853 printed=8853
PASS OR1.HOEF.ucb OpenR1 FIXED-1 Hoeffding UCB (0.0797<=0.10): artifact=0.0797 printed=0.0797
PASS OR1.EB.ucb10 OpenR1 FIXED-1 EB UCB at a=.10: artifact=0.0707 printed=0.0707
PASS RL.n RLVE full-8 problems: artifact=9000 printed=9000
PASS RL.extreme RLVE frac extreme problems 42%: artifact=42.0 printed=42.0
PASS RL.hetex RLVE heterogeneity excess var 0.100: artifact=0.0999 printed=0.0999
PASS RL.BH10.save RLVE BAYESH a=.10 saving: artifact=57.6 printed=57.6
PASS RL.BH05.save RLVE BAYESH a=.05 saving: artifact=50.9 printed=50.9
PASS RL.BH02.save RLVE BAYESH a=.02 saving: artifact=48.2 printed=48.2
PASS RL.BH01.save RLVE BAYESH a=.01 saving: artifact=45.4 printed=45.4
PASS RL.BH10.flip RLVE BAYESH a=.10 flip: artifact=0.031 printed=0.031
PASS RL.BH05.flip RLVE BAYESH a=.05 flip: artifact=0.010 printed=0.010
PASS RL.BH02.flip RLVE BAYESH a=.02 flip: artifact=0.005 printed=0.005
PASS RL.BH01.flip RLVE BAYESH a=.01 flip: artifact=0.002 printed=0.002
PASS RL.BH0.1.valid RLVE BAYESH a=0.1 valid (flip<=alpha): confirmed 
PASS RL.BH0.1.calpass RLVE BAYESH a=0.1 CAL certificate passes: confirmed 
PASS RL.BH0.05.valid RLVE BAYESH a=0.05 valid (flip<=alpha): confirmed 
PASS RL.BH0.05.calpass RLVE BAYESH a=0.05 CAL certificate passes: confirmed 
PASS RL.BH0.02.valid RLVE BAYESH a=0.02 valid (flip<=alpha): confirmed 
PASS RL.BH0.02.calpass RLVE BAYESH a=0.02 CAL certificate passes: confirmed 
PASS RL.BH0.01.valid RLVE BAYESH a=0.01 valid (flip<=alpha): confirmed 
PASS RL.BH0.01.calpass RLVE BAYESH a=0.01 CAL certificate passes: confirmed 
PASS RL.EB05.null RLVE FIXED-EB has no certifiable budget at a=.05: confirmed 
PASS RL.HOEF05.null RLVE FIXED-HOEF has no certifiable budget at a=.05: confirmed 
PASS RL.EB02.null RLVE FIXED-EB null at a=.02: confirmed 
PASS RL.HOEF02.null RLVE FIXED-HOEF null at a=.02: confirmed 
PASS RL.gap10 RLVE a=.10 paired saving gap over HOEF +0.20: artifact=0.20 printed=0.20
PASS RL.gap10.ci RLVE a=.10 gap CI radius 0.03: artifact=0.03 printed=0.03
PASS RL.gap10.sig RLVE a=.10 gap significant: confirmed 
PASS RL.slope RLVE generation-order slope flat (|slope|<2e-4): confirmed slope=-7.8e-05
PASS RL.EB10.flip RLVE FIXED-EB a=.10 flip 0.0613: artifact=0.0613 printed=0.0613
PASS RL.EB01.null RLVE FIXED-EB null at a=.01: confirmed 
PASS RL.HOEF01.null RLVE FIXED-HOEF null at a=.01: confirmed 
PASS M6.rho.range tau2-bench pooled rho in [0.47,0.59]: confirmed min=0.470 max=0.593
PASS M6.feorrho tau2-bench FE rho ~= -1/3: confirmed min=-0.336 max=-0.326
PASS M6.ncarriers tau2-bench six carriers: confirmed n=6
PASS M6.synth.grid probit grid N in {10,20,40}: confirmed Ns=[10, 20, 40]
PASS M6.synth.iidcp iid-CP undercovers 0.983<0.99 at N=40,p=.6,rho=0: confirmed 
PASS M6.bootp95 plug-in bootstrap p95 0.0511 > alpha=.05 at k=11: artifact=0.0511 printed=0.0511
PASS R8.bps Remark nested-family breakpoints observed = 267: artifact=267 printed=267
PASS R8.jcont Remark J_CONT = 9339: artifact=9339 printed=9339
PASS R8.same.bp.100501 Remark: cont == grid selected rule at a in {.10,.05,.02}: confirmed 
PASS R8.tight.001 Remark: a=.01 cont bp tighter (0.003007 < grid 0.008529), meank 10.3->11.9: confirmed 
PASS R8.eb.loss.002 Remark: FIXED-EB loses a=.02 budget under cont family (grid k*=31): confirmed 
PASS R8.cont.ok Remark: BAYES-H certified at all 4 levels under cont family: confirmed 
PASS R9.states555 Remark: exact stoppable-state count = 555 at N=32: artifact=555 printed=555
PASS R9.repro267 Remark: r479 reproduces r478's 267 breakpoints: confirmed 
PASS R9.bps181 Remark: 181 distinct positive cert values <= 0.10: artifact=181 printed=181
PASS R9.jtight6501 Remark: tight family J = 6501: artifact=6501 printed=6501
PASS R9.same.sel Remark: tight family leaves all 4 selected bps unchanged: confirmed 
PASS R9.ucb.tight Remark: UCB tightening <= 6e-4 at all 4 levels: confirmed 
PASS R9.eb.null.both Remark: FIXED-EB a=.02 budget null under either family size: confirmed 
PASS TV.s0.t10 TV tau* shard0 a=.10 (printed 0.144): artifact=0.144 printed=0.144
PASS TV.s0.t05 TV tau* shard0 a=.05 (printed 0.078): artifact=0.078 printed=0.078
PASS TV.s0.t02 TV tau* shard0 a=.02 (printed 0.074): artifact=0.074 printed=0.074
PASS TV.s0.t01 TV tau* shard0 a=.01 (printed 0.052): artifact=0.052 printed=0.052
PASS TV.s1.t10 TV tau* shard1 a=.10 (printed 0.157): artifact=0.157 printed=0.157
PASS TV.s1.t05 TV tau* shard1 a=.05 (printed 0.082): artifact=0.082 printed=0.082
PASS TV.s1.t02 TV tau* shard1 a=.02 (printed 0.076): artifact=0.076 printed=0.076
PASS TV.s1.t01 TV tau* shard1 a=.01 (printed 0.024): artifact=0.024 printed=0.024
PASS TV.lp.match TV closed form == simplex LP on all 6x4x2 grid cells: confirmed 
PASS TV.s0.V042.05 TV V(0.042) shard0 a=.05 (printed 0.039<=.05): artifact=0.039 printed=0.039
PASS TV.s0.V042.02 TV V(0.042) shard0 a=.02 (printed 0.016<=.02): artifact=0.016 printed=0.016
PASS TV.valid042 TV transfer valid at R=0.042 for a in {.10,.05,.02} both shards: confirmed 
PASS TV.s1.t01.lt042 TV shard1 tau*(.01)=0.024 < observed 0.042 mismatch: confirmed 
PASS TV.band.flip TV band R=.05 a=.10 worst flip (printed 0.042<=.10): artifact=0.042 printed=0.042
PASS TV.band.save TV band saving (printed 80.3%): artifact=80.3 printed=80.3
PASS TV.band.save0 TV un-band saving (printed 83.6%): artifact=83.6 printed=83.6
PASS TV.band.valid TV band rule valid over B_0.05 at a=.10: confirmed 
PASS TV.zerog.range TV zero-g atom mass in 36-47% across all 8 cells: confirmed min=0.3623, max=0.4655
PASS TVX.t10 TVX RLVE tau* a=.10 (printed 0.199): artifact=0.199 printed=0.199
PASS TVX.t05 TVX RLVE tau* a=.05 (printed 0.551): artifact=0.551 printed=0.551
PASS TVX.t02 TVX RLVE tau* a=.02 (printed 0.213): artifact=0.213 printed=0.213
PASS TVX.t01 TVX RLVE tau* a=.01 (printed 0.449): artifact=0.449 printed=0.449
PASS TVX.lp.match TVX closed form == simplex LP on all 6x4 grid cells: confirmed 
PASS TVX.t05.gt.t10 TVX non-monotone: tau*(.05) > tau*(.10) (K=6 zeroed): confirmed 
PASS TVX.zerog.range TVX zero-g atom mass in 74-87% across 4 levels (printed; raw 0.7383-0.874): confirmed min=0.7383, max=0.874
PASS TVX.hetexcess TVX RLVE het-excess variance (printed 0.0999): artifact=0.0999 printed=0.0999
PASS TVO.t10 TVO OpenR1 tau* a=.10 (printed 0.168): artifact=0.168 printed=0.168
PASS TVO.t05 TVO OpenR1 tau* a=.05 (printed 0.168): artifact=0.168 printed=0.168
PASS TVO.t02.whole TVO OpenR1 tau* a=.02 whole simplex (=1): artifact=1 printed=1
PASS TVO.t01.whole TVO OpenR1 tau* a=.01 whole simplex (=1): artifact=1 printed=1
PASS TVO.bisect.agree TVO bisection agrees with closed form at all 4 levels: confirmed 
PASS TVO.crosscheck TVO closed form == scan (1e-9) == LP (1e-6) on all 6x4 grid cells: confirmed 
PASS TVO.prior.repro TVO prior re-derived from pinned parquet matches r473 JSON (5e-5): confirmed 
PASS TVO.gmax.profile TVO g_max = .25/.125/0/0 across levels (one-sided pump): confirmed 
PASS TVO.zerog.stop TVO zero-g mass at stopping levels (printed 76.8%): artifact=0.768 printed=0.768
PASS TVO.nonmono.max TVO non-monotonicity maximal: tau*(.05)=0.168 -> tau*(.02)=1: confirmed 
PASS CC.repro CC reference alphas reproduce r481/r482/r483 radii on all 4 carriers: confirmed 
PASS CC.p1.mono CC tau* non-decreasing within every constant-rule interval, all carriers: confirmed 
PASS CC.bps.s0 CC rule-change count OMR shard0 (printed 96): artifact=96 printed=96
PASS CC.bps.s1 CC rule-change count OMR shard1 (printed 93): artifact=93 printed=93
PASS CC.bps.rlve CC rule-change count RLVE (printed 7): artifact=7 printed=7
PASS CC.bps.openr1 CC rule-change count OpenR1 (printed 2): artifact=2 printed=2
PASS CC.jump.down CC OpenR1 jump DOWN at a=0.07852 (printed -0.314): artifact=0.314 printed=0.314
PASS CC.jump.up2 CC OpenR1 2nd jump at a=0.04598: artifact signed -0.864 (a DOWN jump): artifact=-0.864 printed=-0.864
PASS CC.jump.below CC OpenR1 tau* below 0.07852 (printed 0.396): artifact=0.396 printed=0.396
PASS CC.jump.above CC OpenR1 tau* above 0.07852 (printed 0.082): artifact=0.082 printed=0.082
PASS CC.spearman CC Spearman(zero-g, tau*) 16 cells (printed 0.75): artifact=0.75 printed=0.75
PASS CC.plateau.rlve CC RLVE tau*(1e-3)=1 (whole-simplex plateau): artifact=1 printed=1
PASS CC.plateau.openr1 CC OpenR1 tau*(1e-3)=1 (whole-simplex plateau): artifact=1 printed=1
PASS SD.pooled.match SD reproduces r484 pooled 16-cell Spearman 0.7544: confirmed 
PASS SD.pooled SD pooled Spearman 16 cells (printed 0.75): artifact=0.75 printed=0.75
PASS SD.within.omr.neg SD within-OMR Spearman negative both shards (printed -0.95/-0.89): confirmed 
PASS SD.within.s0 SD within-OMR shard0 (printed -0.95): artifact=-0.95 printed=-0.95
PASS SD.within.s1 SD within-OMR shard1 (printed -0.89): artifact=-0.89 printed=-0.89
PASS SD.within.rlve SD within-RLVE (printed 0.32): artifact=0.32 printed=0.32
PASS SD.within.openr1 SD within-OpenR1 (printed 1.0): artifact=1.0 printed=1.0
PASS SD.between SD between-carrier means (printed 1.0): artifact=1.0 printed=1.0
PASS SD.loco.min SD leave-one-carrier-out range lo (printed 0.44): artifact=0.44 printed=0.44
PASS SD.loco.max SD leave-one-carrier-out range hi (printed 0.90): artifact=0.90 printed=0.90
PASS SD.plateaus SD plateaus-removed 14 cells (printed 0.63): artifact=0.63 printed=0.63
PASS SD.plateaus.n SD plateaus-removed drops exactly the 2 OpenR1 plateau cells: confirmed 
PASS SD.het.tau SD het-excess vs tau* (printed 0.01): artifact=0.01 printed=0.01
PASS SD.het.zerog SD het-excess vs zero-g (printed 0.05): artifact=0.05 printed=0.05
PASS SD.het.xcheck SD het-excess matches pinned carrier artifacts within 0.01: confirmed 
PASS X.tex.found paper.tex located for direct parse: confirmed path=/newcpfs/user/qixuan1/01_p5/run/iclr27_theory_k3_20260806_r1/paper/A11_correlated_mv_earlystop/audit_pack/paper.tex
PASS X.T1.HOEF10 Table1 row printed==artifact (flip=0.0645, k=7.0, save=78.1%)
PASS X.T1.EB10 Table1 row printed==artifact (flip=0.0794, k=5.0, save=84.4%)
PASS X.T1.BH10 Table1 row printed==artifact (flip=0.0370, k=5.1, save=84.0%)
PASS X.T1.HOEF05 Table1 row printed==artifact (flip=0.0156, k=27.0, save=15.6%)
PASS X.T1.EB05 Table1 row printed==artifact (flip=0.0324, k=17.0, save=46.9%)
PASS X.T1.BH05 Table1 row printed==artifact (flip=0.0249, k=6.1, save=80.9%)
PASS X.T1.EB02 Table1 row printed==artifact (flip=0.0083, k=31.0, save=3.1%)
PASS X.T1.BH02 Table1 row printed==artifact (flip=0.0091, k=8.5, save=73.5%)
PASS X.cap.nodom caption no longer claims 'cheaper than every baseline': confirmed 
PASS X.cap.disclose caption discloses FIXED-EB 84.4% vs BAYES-H 84.0% at a=.10: confirmed 
PASS X.intro.mono intro attributes monotonicity to fixed-budget E_H[f_K(k)]: confirmed 
PASS X.appx.evenk appendix even-k 'monotonicity intact' sentence removed: confirmed 
PASS X.bib.moshkov moshkov2025 cited at carrier paragraph: confirmed 
PASS X.tvx.radii paper.tex prints RLVE radii 0.199/0.551/0.213/0.449: confirmed 
PASS X.tvx.artifact paper.tex names tv_robustness_rlve_r482_result.json: confirmed 
PASS X.tvx.zerog paper.tex prints RLVE zero-g mass 74--87%: confirmed 
PASS X.tvx.r481range paper.tex discloses r481 bisection range [0,0.5] vs [0,1]: confirmed 
PASS X.tvo.radii paper.tex prints OpenR1 radii tau*(.10)=tau*(.05)=0.168: confirmed 
PASS X.tvo.whole paper.tex prints OpenR1 whole-simplex tau*(.02)=tau*(.01)=1: confirmed 
PASS X.tvo.artifact paper.tex names tv_robustness_openr1_r483_result.json: confirmed 
PASS X.tvo.zerog paper.tex prints OpenR1 zero-g mass 76.8%: confirmed 
PASS X.tvo.pump paper.tex states one-sided pump V(R)=flip+g_max R: confirmed 
PASS X.tvo.certs paper.tex prints OpenR1 certs 0.0785/0.0460: confirmed 
PASS X.cc.artifact paper.tex names tv_conservation_r484_result.json: confirmed 
PASS X.cc.figure paper.tex includes fig_tau_conservation.png: confirmed 
PASS X.cc.bps paper.tex prints rule-change counts 96/93/7/2: confirmed 
PASS X.cc.jumpdown paper.tex prints OpenR1 down jump -0.314 at 0.0785: confirmed 
PASS X.cc.jumpup paper.tex prints OpenR1 2nd jump DOWN -0.864 at 0.04598 (direction aligned): confirmed 
PASS X.cc.spearman paper.tex prints Spearman 0.75 (main + appendix): confirmed 
PASS X.cc.plateau paper.tex prints RLVE plateau alpha<0.002 (strict) and OpenR1 <0.0460: confirmed 
PASS X.cc.appx paper.tex has Appendix section app:tau with fig:tau: confirmed 
PASS X.cc.grid caption grid [1e-3,0.2] step 5e-4 matches JSON alpha_grid: confirmed 
PASS X.sd.fix paper.tex says 'no more heterogeneous' (direction slip repaired): confirmed 
PASS X.sd.artifact paper.tex names spearman_decomposition_r486_result.json: confirmed 
PASS X.sd.between paper.tex prints between-carrier law wording: confirmed 
PASS X.sd.within paper.tex prints within-OMR -0.95/-0.89, RLVE 0.32, OpenR1 1.0: confirmed 
PASS X.sd.het paper.tex prints het-vs-tau* 0.01 and het-vs-alignment 0.05: confirmed 
PASS X.sd.plateau63 paper.tex prints plateaus-removed 0.63: confirmed 
PASS X.sd.numbers.match tex printed decomposition numbers equal artifact values: confirmed 
PASS X.cc.jump2.signdown artifact 2nd OpenR1 jump is strictly negative (downward): confirmed 
PASS X.cc.jump2.texdown paper.tex prints the 2nd jump as 1 -> 0.136 (down): confirmed 
PASS X.cc.plateau.strict RLVE plateau boundary strict in tex AND 0.002 is RLVE's 1st breakpoint: confirmed 
PASS DIR.tv.larger RLVE tau* > OMR tau* at every level (both shards): confirmed 
PASS DIR.tv.hetex RLVE het-excess (0.0999) strictly below OMR (0.129): confirmed 
PASS DIR.tv.zerog RLVE min zero-g mass (0.7383) above OMR max (0.4655): confirmed 
PASS DIR.tv.range printed tau range 0.024--0.157 matches full 8-cell grid: confirmed 
PASS DIR.tv.exceed 0.042 > tau*(.01)=0.024 while V(0.042)<=.05 and <=.02: confirmed 
PASS DIR.tv.nonmono tau* non-monotone direction (RLVE .05>.10; OpenR1 .02=1 > .05): confirmed 
PASS DIR.cc.jump2 OpenR1 2nd jump is DOWN: signed -0.864, tex says down 1->0.136: confirmed 
PASS DIR.cc.plateau.edge RLVE plateau holds at a=0.0015 (tau=1) but not at a=0.002 (tau=0.06): confirmed 
PASS DIR.tv.shiftband R=0.05 band: worst 0.042<=0.10, 80.3<83.6, price 3.3pt: confirmed 
PASS DIR.sd.within within-carrier signs: OMR s0/s1 negative, RLVE/OpenR1 positive: confirmed 
PASS DIR.sd.het het-excess vs tau* and vs zero-g both ~0 (not the driver): confirmed 
PASS DIR.sd.robust cross-carrier co-variation robust (means 1.0, excl-plateau 0.63, LOCO 0.44-0.90): confirmed 
PASS DIR.t1.bhvshoef05 a=.05: BAYES-H saving 5.2x FIXED-Hoeffding 15.6%: confirmed 
PASS DIR.t1.ebvsbh10 a=.10: FIXED-EB 84.4% > BAYES-H 84.0% (disclosed, not dominated): confirmed 
PASS DIR.t1.adapt34 a=.05: adaptivity adds +34 points of saving over FIXED-EB: confirmed 
PASS DIR.t1.bhvalid02 a=.02: BAYES-H still saves 73.5% (FIXED-EB null budget): confirmed 
PASS DIR.t1.gap05sig a=.05 paired gap over FIXED-Hoeffding significant and positive: confirmed 
PASS DIR.t1.gap10sig a=.10 paired gap over FIXED-Hoeffding significant and positive: confirmed 

271 PASS / 0 FAIL
