
PASS T1.BH05.flip Table1 BAYES-H a=.05 flip: artifact=0.0249 printed=0.0249
PASS T1.BH05.k Table1 BAYES-H a=.05 mean k: artifact=6.1 printed=6.1
PASS T1.BH05.save Table1 BAYES-H a=.05 saving (artifact stores 4dp-rounded 0.8085; printed 80.9 rounds the boundary up): artifact=80.8500pt printed=80.9pt (tol 0.06pt)
PASS T1.HOEF05.flip Table1 HOEF a=.05 flip: artifact=0.0156 printed=0.0156
PASS T1.HOEF05.k Table1 HOEF a=.05 mean k: artifact=27.0 printed=27.0
PASS T1.HOEF05.save Table1 HOEF a=.05 saving: artifact=15.6 printed=15.6
PASS T1.EB05.flip Table1 EB a=.05 flip: artifact=0.0324 printed=0.0324
PASS T1.EB05.k Table1 EB a=.05 mean k (=cal k*=17): artifact=17.0 printed=17.0
PASS T1.EB05.save Table1 EB a=.05 saving: artifact=46.9 printed=46.9
PASS T1.EB05.kstar CAL selection EB k*=17 @a=.05: artifact=17.0 printed=17.0
PASS T1.HOEF05.kstar CAL selection HOEF k*=27 @a=.05: artifact=27.0 printed=27.0
PASS T1.BH02.flip Table1 BAYES-H a=.02 flip: artifact=0.0091 printed=0.0091
PASS T1.BH02.k Table1 BAYES-H a=.02 mean k: artifact=8.5 printed=8.5
PASS T1.BH02.save Table1 BAYES-H a=.02 saving: artifact=73.5 printed=73.5
PASS T1.EB02.save Table1 EB a=.02 saving: artifact=3.1 printed=3.1
PASS T1.HOEF02.null Table1 HOEF a=.02 no certifiable budget: confirmed cal_selection['0.02'].FIXED_HOEF_k=None
PASS T1.WIN.flip WINDOW3 flip: artifact=0.0577 printed=0.0577
PASS T1.WIN.k WINDOW3 mean k: artifact=4.4 printed=4.4
PASS T1.WIN.save WINDOW3 saving: artifact=86.2 printed=86.2
PASS G.05 fair gap a=.05: artifact=0.652 printed=0.652
PASS G.05.ci fair gap CI radius a=.05: artifact=0.029 printed=0.029
PASS G.05.sig fair gap a=.05 significant: confirmed 
PASS G.10 fair gap a=.10: artifact=0.058 printed=0.058
PASS G.10.ci fair gap CI radius a=.10: artifact=0.029 printed=0.029
PASS G.10.sig fair gap a=.10 significant: confirmed 
PASS F.05 forced-stop occupancy a=.05 (printed 0.59%): artifact=0.59 printed=0.59
PASS F.02 forced-stop occupancy a=.02 (printed 1.10%): artifact=1.10 printed=1.10
PASS P.pvar per-task p variance: artifact=0.129 printed=0.129
PASS P.binom binomial baseline variance: artifact=0.0038 printed=0.0038
PASS P.34x heterogeneity >34x binomial baseline: confirmed ratio=34.37
PASS P.extreme frac extreme (p<=.1 or >=.9): artifact=0.45 printed=0.45
PASS P.mid frac mid (0.4-0.6): artifact=0.116 printed=0.116
PASS S1.BH05.save shard1 within BAYES-H save a=.05: artifact=80.6 printed=80.6
PASS S1.BH05.flip shard1 within BAYES-H flip a=.05: artifact=0.0246 printed=0.0246
PASS S1.BH02.save shard1 within BAYES-H save a=.02: artifact=73.1 printed=73.1
PASS S1.BH02.flip shard1 within BAYES-H flip a=.02: artifact=0.0088 printed=0.0088
PASS S1.het shard1 het_excess: artifact=0.125 printed=0.125
PASS S1.extreme shard1 frac_extreme: artifact=0.444 printed=0.444
PASS S1.HOEF05.save shard1 HOEF save a=.05: artifact=21.9 printed=21.9
PASS S1.HOEF02.null shard1 HOEF a=.02 no budget: confirmed 
PASS S2.BH05.save transfer BAYES-H save a=.05: artifact=80.6 printed=80.6
PASS S2.BH05.flip transfer BAYES-H flip a=.05: artifact=0.0247 printed=0.0247
PASS S2.BH02.save transfer BAYES-H save a=.02: artifact=73.2 printed=73.2
PASS S2.BH02.flip transfer BAYES-H flip a=.02: artifact=0.0089 printed=0.0089
PASS S2.move.printed cross-readout movement of the numbers printed in Sec.5 <= 0.4pt: confirmed max=0.390pt
PASS S2.move.all cross-readout movement over ALL alphas <= 0.4pt (paper fixed r472: abstract previously said 0.3; true max 0.39pt at a=0.10): confirmed max=0.390pt (0.10-alpha cell)
PASS M.E3.flip margin E3 d=.15 g=.025 flip: artifact=0.0495 printed=0.0495
PASS M.E3.save margin E3 d=.15 g=.025 saving: artifact=77.2 printed=77.2
PASS M.E3.valid margin E3 d=.15 g=.025 valid: confirmed 
PASS M.E2.flip margin E2 d=.20 g=.03 flip: artifact=0.0491 printed=0.0491
PASS M.E2.save margin E2 d=.20 g=.03 saving: artifact=71.8 printed=71.8
PASS M.E2.valid margin E2 d=.20 g=.03 valid: confirmed 
PASS M.E3.d02.breaks margin E3 d=.20 g=.03 still invalid (needs g>.03): confirmed flip=0.05218
PASS D.E2.a10.bh E2 a=.10 d=.20 BAYES-H flip 0.083 valid: artifact=0.083 printed=0.083
PASS D.E2.a10.bh.valid E2 a=.10 d=.20 BAYES-H valid: confirmed 
PASS D.E2.a10.fix15.breaks E2 a=.10 d=.15 FIXED-EB invalid: confirmed 
PASS D.E3.a05.bh15 E3 a=.05 d=.15 BAYES-H flip 0.052: artifact=0.052 printed=0.052
PASS D.E3.a05.bh15.breaks E3 a=.05 d=.15 BAYES-H invalid (breaks only at .15): confirmed 
PASS D.E3.a05.eb15.survives E3 a=.05 d=.15 FIXED-EB survives: confirmed 
PASS L2c.viol L2c monotonicity exhaustive check: 0 violations: confirmed violations=0, grid K=33
PASS DP.MC DP vs replay-MC self-check within 3 sigma: confirmed max=0.0431 tol=0.075

61 PASS / 0 FAIL
