preregistration/code.sha256: OK
preregistration/execution-identity-preregistration.json: OK
preregistration/gpu-assignment-inventory.csv: OK
preregistration/private-model-view-manifest.json: OK
preregistration/static-artifact.json: OK
raw/rank-0/N-1/arm-4d56c6884bfcef13/witness/oracle-raw.json: OK
raw/rank-0/N-1/arm-4d56c6884bfcef13/witness/oracle-sidecars/append-0-key.bin: OK
raw/rank-0/N-1/arm-4d56c6884bfcef13/witness/oracle-sidecars/append-0-value.bin: OK
raw/rank-0/N-1/arm-4d56c6884bfcef13/witness/oracle-sidecars/candidate-active-block-table.bin: OK
raw/rank-0/N-1/arm-4d56c6884bfcef13/witness/oracle-sidecars/candidate-output.bin: OK
raw/rank-0/N-1/arm-4d56c6884bfcef13/witness/oracle-sidecars/document-block-table.bin: OK
raw/rank-0/N-1/arm-4d56c6884bfcef13/witness/oracle-sidecars/key-positions.bin: OK
raw/rank-0/N-1/arm-4d56c6884bfcef13/witness/oracle-sidecars/physical-document-key-blocks.bin: OK
raw/rank-0/N-1/arm-4d56c6884bfcef13/witness/oracle-sidecars/physical-document-value-blocks.bin: OK
raw/rank-0/N-1/arm-4d56c6884bfcef13/witness/oracle-sidecars/query-positions.bin: OK
raw/rank-0/N-1/arm-4d56c6884bfcef13/witness/oracle-sidecars/query.bin: OK
raw/rank-0/N-1/arm-4d56c6884bfcef13/witness/phase-post_generation.json: OK
raw/rank-0/N-1/arm-4d56c6884bfcef13/witness/phase-post_transition.json: OK
raw/rank-0/N-1/arm-4d56c6884bfcef13/witness/phase-setup_pre_transition.json: OK
raw/rank-0/N-1/arm-4d56c6884bfcef13/witness/timeline-manifest.json: OK
raw/rank-0/N-1/arm-8ff398d06526e68c/witness/phase-post_generation.json: OK
raw/rank-0/N-1/arm-8ff398d06526e68c/witness/phase-post_transition.json: OK
raw/rank-0/N-1/arm-8ff398d06526e68c/witness/phase-setup_pre_transition.json: OK
raw/rank-0/N-1/arm-8ff398d06526e68c/witness/timeline-manifest.json: OK
raw/rank-0/N-1/arm-945b20098b30118e/witness/phase-post_generation.json: OK
raw/rank-0/N-1/arm-945b20098b30118e/witness/phase-post_transition.json: OK
raw/rank-0/N-1/arm-945b20098b30118e/witness/phase-setup_pre_transition.json: OK
raw/rank-0/N-1/arm-945b20098b30118e/witness/timeline-manifest.json: OK
raw/rank-0/N-1/arm-bb00efffba299eba/witness/phase-post_generation.json: OK
raw/rank-0/N-1/arm-bb00efffba299eba/witness/phase-post_transition.json: OK
raw/rank-0/N-1/arm-bb00efffba299eba/witness/phase-setup_pre_transition.json: OK
raw/rank-0/N-1/arm-bb00efffba299eba/witness/timeline-manifest.json: OK
raw/rank-0/N-32/arm-4d56c6884bfcef13/witness/phase-post_generation.json: OK
raw/rank-0/N-32/arm-4d56c6884bfcef13/witness/phase-post_transition.json: OK
raw/rank-0/N-32/arm-4d56c6884bfcef13/witness/phase-setup_pre_transition.json: OK
raw/rank-0/N-32/arm-4d56c6884bfcef13/witness/timeline-manifest.json: OK
raw/rank-0/N-32/arm-8ff398d06526e68c/witness/phase-post_generation.json: OK
raw/rank-0/N-32/arm-8ff398d06526e68c/witness/phase-post_transition.json: OK
raw/rank-0/N-32/arm-8ff398d06526e68c/witness/phase-setup_pre_transition.json: OK
raw/rank-0/N-32/arm-8ff398d06526e68c/witness/timeline-manifest.json: OK
raw/rank-0/N-32/arm-945b20098b30118e/witness/phase-post_generation.json: OK
raw/rank-0/N-32/arm-945b20098b30118e/witness/phase-post_transition.json: OK
raw/rank-0/N-32/arm-945b20098b30118e/witness/phase-setup_pre_transition.json: OK
raw/rank-0/N-32/arm-945b20098b30118e/witness/timeline-manifest.json: OK
raw/rank-0/N-32/arm-bb00efffba299eba/witness/phase-post_generation.json: OK
raw/rank-0/N-32/arm-bb00efffba299eba/witness/phase-post_transition.json: OK
raw/rank-0/N-32/arm-bb00efffba299eba/witness/phase-setup_pre_transition.json: OK
raw/rank-0/N-32/arm-bb00efffba299eba/witness/timeline-manifest.json: OK
raw/rank-0/N-8/arm-4d56c6884bfcef13/witness/phase-post_generation.json: OK
raw/rank-0/N-8/arm-4d56c6884bfcef13/witness/phase-post_transition.json: OK
raw/rank-0/N-8/arm-4d56c6884bfcef13/witness/phase-setup_pre_transition.json: OK
raw/rank-0/N-8/arm-4d56c6884bfcef13/witness/timeline-manifest.json: OK
raw/rank-0/N-8/arm-8ff398d06526e68c/witness/phase-post_generation.json: OK
raw/rank-0/N-8/arm-8ff398d06526e68c/witness/phase-post_transition.json: OK
raw/rank-0/N-8/arm-8ff398d06526e68c/witness/phase-setup_pre_transition.json: OK
raw/rank-0/N-8/arm-8ff398d06526e68c/witness/timeline-manifest.json: OK
raw/rank-0/N-8/arm-945b20098b30118e/witness/phase-post_generation.json: OK
raw/rank-0/N-8/arm-945b20098b30118e/witness/phase-post_transition.json: OK
raw/rank-0/N-8/arm-945b20098b30118e/witness/phase-setup_pre_transition.json: OK
raw/rank-0/N-8/arm-945b20098b30118e/witness/timeline-manifest.json: OK
raw/rank-0/N-8/arm-bb00efffba299eba/witness/phase-post_generation.json: OK
raw/rank-0/N-8/arm-bb00efffba299eba/witness/phase-post_transition.json: OK
raw/rank-0/N-8/arm-bb00efffba299eba/witness/phase-setup_pre_transition.json: OK
raw/rank-0/N-8/arm-bb00efffba299eba/witness/timeline-manifest.json: OK
raw/shards/forkaudit-shard-0.json: OK
receipts/execution-identity-terminal.json: OK
receipts/execution-identity-verification.json: OK
receipts/gpu-assignment-receipt.json: OK
receipts/model-load-authority.json: OK
receipts/model-load-closure.json: OK
receipts/run-id-receipt.json: OK
runtime-cache/triton/NBKY5AUGV4KSEARZP2AFR4MCAF47KVKFPNZXOITPXYCVQO6LB5VQ/__grp__kernel_unified_attention.json: OK
runtime-cache/triton/NBKY5AUGV4KSEARZP2AFR4MCAF47KVKFPNZXOITPXYCVQO6LB5VQ/kernel_unified_attention.cubin: OK
runtime-cache/triton/NBKY5AUGV4KSEARZP2AFR4MCAF47KVKFPNZXOITPXYCVQO6LB5VQ/kernel_unified_attention.json: OK
runtime-cache/triton/NBKY5AUGV4KSEARZP2AFR4MCAF47KVKFPNZXOITPXYCVQO6LB5VQ/kernel_unified_attention.llir: OK
runtime-cache/triton/NBKY5AUGV4KSEARZP2AFR4MCAF47KVKFPNZXOITPXYCVQO6LB5VQ/kernel_unified_attention.ptx: OK
runtime-cache/triton/NBKY5AUGV4KSEARZP2AFR4MCAF47KVKFPNZXOITPXYCVQO6LB5VQ/kernel_unified_attention.source: OK
runtime-cache/triton/NBKY5AUGV4KSEARZP2AFR4MCAF47KVKFPNZXOITPXYCVQO6LB5VQ/kernel_unified_attention.ttgir: OK
runtime-cache/triton/NBKY5AUGV4KSEARZP2AFR4MCAF47KVKFPNZXOITPXYCVQO6LB5VQ/kernel_unified_attention.ttir: OK
runtime-cache/triton/XSIVVJKJFD3Z7EON6EI6AUZKTG7WHBXXAKOGW3NAG4WW3GKTRQTQ/__triton_launcher.cpython-311-x86_64-linux-gnu.so: OK
runtime-cache/triton/XU5DT2AO5BD5AEHEYGLPP5LRDFHHCUEJT4LGDVLB4STXUGVGHFPA/cuda_utils.cpython-311-x86_64-linux-gnu.so: OK
