This is XeTeX, Version 3.141592653-2.6-0.999998 (TeX Live 2026) (preloaded format=xelatex)
entering extended mode
(./main.tex
LaTeX2e <2025-11-01>
L3 programming layer <2026-01-19>
(/usr/local/texlive/2026/texmf-dist/tex/latex/base/article.cls
Document Class: article 2025/01/22 v1.4n Standard LaTeX document class
(/usr/local/texlive/2026/texmf-dist/tex/latex/base/size10.clo))
(./iclr2026_conference.sty
(/usr/local/texlive/2026/texmf-dist/tex/latex/eso-pic/eso-pic.sty
(/usr/local/texlive/2026/texmf-dist/tex/latex/graphics/keyval.sty)
(/usr/local/texlive/2026/texmf-dist/tex/latex/xcolor/xcolor.sty
(/usr/local/texlive/2026/texmf-dist/tex/latex/graphics-cfg/color.cfg)
(/usr/local/texlive/2026/texmf-dist/tex/latex/graphics-def/xetex.def)
(/usr/local/texlive/2026/texmf-dist/tex/latex/graphics/mathcolor.ltx)))
(./fancyhdr.sty) (./natbib.sty))
(/usr/local/texlive/2026/texmf-dist/tex/latex/psnfss/times.sty)
(/usr/local/texlive/2026/texmf-dist/tex/latex/fontspec/fontspec.sty
(/usr/local/texlive/2026/texmf-dist/tex/latex/l3packages/xparse/xparse.sty
(/usr/local/texlive/2026/texmf-dist/tex/latex/l3kernel/expl3.sty
(/usr/local/texlive/2026/texmf-dist/tex/latex/l3backend/l3backend-xetex.def)))
(/usr/local/texlive/2026/texmf-dist/tex/latex/fontspec/fontspec-xetex.sty
(/usr/local/texlive/2026/texmf-dist/tex/latex/base/fontenc.sty)
(/usr/local/texlive/2026/texmf-dist/tex/latex/fontspec/fontspec.cfg)))
(/usr/local/texlive/2026/texmf-dist/tex/latex/amsmath/amsmath.sty
For additional information on amsmath, use the `?' option.
(/usr/local/texlive/2026/texmf-dist/tex/latex/amsmath/amstext.sty
(/usr/local/texlive/2026/texmf-dist/tex/latex/amsmath/amsgen.sty))
(/usr/local/texlive/2026/texmf-dist/tex/latex/amsmath/amsbsy.sty)
(/usr/local/texlive/2026/texmf-dist/tex/latex/amsmath/amsopn.sty))
(/usr/local/texlive/2026/texmf-dist/tex/latex/amsfonts/amssymb.sty
(/usr/local/texlive/2026/texmf-dist/tex/latex/amsfonts/amsfonts.sty))
(/usr/local/texlive/2026/texmf-dist/tex/latex/booktabs/booktabs.sty)
(/usr/local/texlive/2026/texmf-dist/tex/latex/graphics/graphicx.sty
(/usr/local/texlive/2026/texmf-dist/tex/latex/graphics/graphics.sty
(/usr/local/texlive/2026/texmf-dist/tex/latex/graphics/trig.sty)
(/usr/local/texlive/2026/texmf-dist/tex/latex/graphics-cfg/graphics.cfg)))
(/usr/local/texlive/2026/texmf-dist/tex/latex/microtype/microtype.sty
(/usr/local/texlive/2026/texmf-dist/tex/latex/etoolbox/etoolbox.sty)
(/usr/local/texlive/2026/texmf-dist/tex/latex/microtype/microtype-xetex.def)
(/usr/local/texlive/2026/texmf-dist/tex/latex/microtype/microtype.cfg))
(/usr/local/texlive/2026/texmf-dist/tex/latex/tools/tabularx.sty
(/usr/local/texlive/2026/texmf-dist/tex/latex/tools/array.sty))
(/usr/local/texlive/2026/texmf-dist/tex/latex/hyperref/hyperref.sty
(/usr/local/texlive/2026/texmf-dist/tex/generic/iftex/iftex.sty)
(/usr/local/texlive/2026/texmf-dist/tex/latex/kvsetkeys/kvsetkeys.sty)
(/usr/local/texlive/2026/texmf-dist/tex/generic/kvdefinekeys/kvdefinekeys.sty)
(/usr/local/texlive/2026/texmf-dist/tex/generic/pdfescape/pdfescape.sty
(/usr/local/texlive/2026/texmf-dist/tex/generic/ltxcmds/ltxcmds.sty)
(/usr/local/texlive/2026/texmf-dist/tex/generic/pdftexcmds/pdftexcmds.sty
(/usr/local/texlive/2026/texmf-dist/tex/generic/infwarerr/infwarerr.sty)))
(/usr/local/texlive/2026/texmf-dist/tex/latex/hycolor/hycolor.sty)
(/usr/local/texlive/2026/texmf-dist/tex/latex/hyperref/nameref.sty
(/usr/local/texlive/2026/texmf-dist/tex/latex/refcount/refcount.sty)
(/usr/local/texlive/2026/texmf-dist/tex/generic/gettitlestring/gettitlestring.s
ty (/usr/local/texlive/2026/texmf-dist/tex/latex/kvoptions/kvoptions.sty)))
(/usr/local/texlive/2026/texmf-dist/tex/generic/stringenc/stringenc.sty)
(/usr/local/texlive/2026/texmf-dist/tex/latex/hyperref/pd1enc.def)
(/usr/local/texlive/2026/texmf-dist/tex/generic/intcalc/intcalc.sty)
(/usr/local/texlive/2026/texmf-dist/tex/latex/hyperref/puenc.def)
(/usr/local/texlive/2026/texmf-dist/tex/latex/url/url.sty)
(/usr/local/texlive/2026/texmf-dist/tex/generic/bitset/bitset.sty
(/usr/local/texlive/2026/texmf-dist/tex/generic/bigintcalc/bigintcalc.sty)))
(/usr/local/texlive/2026/texmf-dist/tex/latex/hyperref/hxetex.def
(/usr/local/texlive/2026/texmf-dist/tex/latex/rerunfilecheck/rerunfilecheck.sty

(/usr/local/texlive/2026/texmf-dist/tex/generic/uniquecounter/uniquecounter.sty
)))
No file main.aux.

Package hyperref Warning: Rerun to get /PageLabels entry.


LaTeX Font Warning: Font shape `TU/STIXGeneral(0)/m/sc' undefined
(Font)              using `TU/STIXGeneral(0)/m/n' instead on input line 52.

(/usr/local/texlive/2026/texmf-dist/tex/latex/amsfonts/umsa.fd)
(/usr/local/texlive/2026/texmf-dist/tex/latex/microtype/mt-msa.cfg)
(/usr/local/texlive/2026/texmf-dist/tex/latex/amsfonts/umsb.fd)
(/usr/local/texlive/2026/texmf-dist/tex/latex/microtype/mt-msb.cfg)
(/usr/local/texlive/2026/texmf-dist/tex/latex/microtype/mt-cmr.cfg)

Package natbib Warning: Citation `sahoo2024mdlm' on page 1 undefined on input l
ine 80.


Package natbib Warning: Citation `nie2025llada' on page 1 undefined on input li
ne 80.


Package natbib Warning: Citation `li2025daedal' on page 1 undefined on input li
ne 82.


Package natbib Warning: Citation `wang2022ppl' on page 1 undefined on input lin
e 86.


Package natbib Warning: Citation `allal2025smollm2' on page 1 undefined on inpu
t line 91.

[1]

LaTeX Warning: Reference `fig:teaser' on page 2 undefined on input line 126.


LaTeX Warning: Reference `eq:bundle' on page 2 undefined on input line 145.


LaTeX Warning: Reference `eq:bundle' on page 2 undefined on input line 145.


LaTeX Warning: Reference `sec:ppltrap' on page 2 undefined on input line 145.


LaTeX Warning: Reference `sec:ppltrap' on page 2 undefined on input line 145.


LaTeX Warning: Reference `eq:bundle' on page 2 undefined on input line 145.


LaTeX Warning: Reference `eq:bundle' on page 2 undefined on input line 145.


LaTeX Warning: Reference `sec:ppltrap' on page 2 undefined on input line 145.


LaTeX Warning: Reference `sec:ppltrap' on page 2 undefined on input line 145.


Package natbib Warning: Citation `sahoo2024mdlm' on page 2 undefined on input l
ine 155.


Package natbib Warning: Citation `nie2025llada' on page 2 undefined on input li
ne 156.


Package natbib Warning: Citation `zhou2026dllm' on page 2 undefined on input li
ne 157.


Package natbib Warning: Citation `hu2026elf' on page 2 undefined on input line 
158.


Package natbib Warning: Citation `li2025daedal' on page 2 undefined on input li
ne 159.


Package natbib Warning: Citation `gong2025adaptation' on page 2 undefined on in
put line 160.


Package natbib Warning: Citation `yao2026prediff' on page 2 undefined on input 
line 162.


Package natbib Warning: Citation `jiang2026unifusion' on page 2 undefined on in
put line 163.


Package natbib Warning: Citation `wang2022ppl' on page 2 undefined on input lin
e 169.


Package natbib Warning: Citation `pillutla2021mauve' on page 2 undefined on inp
ut line 171.


LaTeX Warning: Reference `par:discrim' on page 2 undefined on input line 177.


LaTeX Warning: Reference `sec:limitations' on page 2 undefined on input line 18
2.


LaTeX Warning: Reference `tab:literature' on page 2 undefined on input line 184
.

[2]

Package natbib Warning: Citation `wang2022ppl' on page 3 undefined on input lin
e 193.


LaTeX Warning: Reference `tab:discrim' on page 3 undefined on input line 193.


Package natbib Warning: Citation `wang2022ppl' on page 3 undefined on input lin
e 193.


LaTeX Warning: Reference `tab:discrim' on page 3 undefined on input line 193.


LaTeX Warning: Reference `tab:design' on page 3 undefined on input line 218.


LaTeX Warning: Reference `tab:e1multinit' on page 3 undefined on input line 218
.


LaTeX Warning: Reference `app:evidence' on page 3 undefined on input line 281.


Package natbib Warning: Citation `allal2025smollm2' on page 3 undefined on inpu
t line 288.


Package natbib Warning: Citation `zhou2026dllm' on page 3 undefined on input li
ne 288.


LaTeX Warning: Reference `tab:design' on page 3 undefined on input line 290.


LaTeX Warning: Reference `tab:e1multinit' on page 3 undefined on input line 294
.


LaTeX Warning: Reference `sec:discussion' on page 3 undefined on input line 297
.


LaTeX Warning: Reference `sec:discussion' on page 3 undefined on input line 305
.


LaTeX Warning: Reference `tab:design' on page 3 undefined on input line 331.


LaTeX Warning: Reference `tab:design' on page 3 undefined on input line 337.

[3]

LaTeX Warning: Reference `tab:design' on page 4 undefined on input line 352.


Underfull \vbox (badness 10000) has occurred while \output is active [4]

LaTeX Warning: Reference `tab:crossbed' on page 5 undefined on input line 367.


LaTeX Warning: Reference `fig:loss' on page 5 undefined on input line 379.


LaTeX Warning: Reference `tab:seedendpoints' on page 5 undefined on input line 
380.

[5]

LaTeX Warning: Reference `tab:trap' on page 6 undefined on input line 423.


LaTeX Warning: Reference `tab:trap' on page 6 undefined on input line 429.


LaTeX Warning: Reference `tab:discrim' on page 6 undefined on input line 459.


LaTeX Warning: Reference `tab:lenmatch' on page 6 undefined on input line 491.


LaTeX Warning: Reference `tab:design' on page 6 undefined on input line 524.


LaTeX Warning: Reference `tab:argmax' on page 6 undefined on input line 530.


LaTeX Warning: Reference `fig:sweeptail' on page 6 undefined on input line 554.



LaTeX Warning: Reference `tab:argmax' on page 6 undefined on input line 563.


LaTeX Warning: Reference `fig:sweeptail' on page 6 undefined on input line 571.


[6]

LaTeX Warning: Reference `tab:driftgate' on page 7 undefined on input line 585.



LaTeX Warning: Reference `tab:crossbed' on page 7 undefined on input line 613.

[7]

LaTeX Warning: Reference `par:discrim' on page 8 undefined on input line 651.


LaTeX Warning: Reference `sec:ppltrap' on page 8 undefined on input line 661.


LaTeX Warning: Reference `fig:teaser' on page 8 undefined on input line 662.


LaTeX Warning: Reference `tab:limits' on page 8 undefined on input line 679.


LaTeX Warning: Reference `tab:design' on page 8 undefined on input line 683.


LaTeX Warning: Reference `tab:design' on page 8 undefined on input line 683.

[8]

LaTeX Warning: Reference `tab:design' on page 9 undefined on input line 750.


Underfull \hbox (badness 10000) in paragraph at lines 740--754
\TU/STIXGeneral(0)/m/n/9 SHA-256 \TU/DejaVuSansMono(0)/m/n/9 546af24c0267ceba08
529081c0425d9f370e0ea0d02869dc3c98ad490905c1ee\TU/STIXGeneral(0)/m/n/9 ).

Underfull \hbox (badness 1194) in paragraph at lines 740--754
\TU/STIXGeneral(0)/m/n/9 have full SHA-256 values AR-init \TU/DejaVuSansMono(0)
/m/n/9 a618886a762eb8983cc0821fb43261ff27f4012738e240d0

Underfull \hbox (badness 10000) in paragraph at lines 740--754
\TU/DejaVuSansMono(0)/m/n/9 0827d0a81d7dd00d \TU/STIXGeneral(0)/m/n/9 and rando
m-init \TU/DejaVuSansMono(0)/m/n/9 bbfbfb7fa4782dea8492412edd9bf30eedc1940d

Underfull \hbox (badness 2735) in paragraph at lines 755--768
[]\TU/STIXGeneral(0)/m/n/9 Source commit \TU/DejaVuSansMono(0)/m/n/9 6f21ee9 \T
U/STIXGeneral(0)/m/n/9 builds with Tectonic 0.17.0, the pinned ICLR 2026 templa
te, and fixed

Underfull \hbox (badness 10000) in paragraph at lines 755--768
\TU/DejaVuSansMono(0)/m/n/9 SOURCE_DATE_EPOCH\TU/STIXGeneral(0)/m/n/9 ; the reb
uild is recorded in $[][][][][] [] [][][][][][] [] [][][][][][][][][][][][][] [
] [][][][]$.

Underfull \hbox (badness 10000) in paragraph at lines 755--768
\TU/STIXGeneral(0)/m/n/9 Runtime pins are \TU/DejaVuSansMono(0)/m/n/9 transform
ers==4.57.0\TU/STIXGeneral(0)/m/n/9 , \TU/DejaVuSansMono(0)/m/n/9 datasets==4.2
.0\TU/STIXGeneral(0)/m/n/9 , \TU/DejaVuSansMono(0)/m/n/9 accelerate==1.11.0\TU/
STIXGeneral(0)/m/n/9 ,

Underfull \hbox (badness 3942) in paragraph at lines 755--768
\TU/DejaVuSansMono(0)/m/n/9 sentencepiece==0.2.0\TU/STIXGeneral(0)/m/n/9 , and 
\TU/DejaVuSansMono(0)/m/n/9 mauve-text==0.4.0 \TU/STIXGeneral(0)/m/n/9 on PyTor
ch/bfloat16, ZeRO-2, and eight
No file main.bbl.

LaTeX Warning: Reference `tab:evidence' on page 9 undefined on input line 784.


LaTeX Warning: `!h' float specifier changed to `!ht'.


Package natbib Warning: There were undefined citations.

[9] [10] (./main.aux)

LaTeX Font Warning: Some font shapes were not available, defaults substituted.


LaTeX Warning: There were undefined references.


LaTeX Warning: Label(s) may have changed. Rerun to get cross-references right.


Package rerunfilecheck Warning: File `main.out' has changed.
(rerunfilecheck)                Rerun to get outlines right
(rerunfilecheck)                or use package `bookmark'.

 )
(see the transcript file for additional information)
Output written on main.pdf (10 pages).
Transcript written on main.log.
This is BibTeX, Version 0.99e (TeX Live 2026)
The top-level auxiliary file: main.aux
The style file: iclr2026_conference.bst
Database file #1: refs.bib
This is XeTeX, Version 3.141592653-2.6-0.999998 (TeX Live 2026) (preloaded format=xelatex)
entering extended mode
(./main.tex
LaTeX2e <2025-11-01>
L3 programming layer <2026-01-19>
(/usr/local/texlive/2026/texmf-dist/tex/latex/base/article.cls
Document Class: article 2025/01/22 v1.4n Standard LaTeX document class
(/usr/local/texlive/2026/texmf-dist/tex/latex/base/size10.clo))
(./iclr2026_conference.sty
(/usr/local/texlive/2026/texmf-dist/tex/latex/eso-pic/eso-pic.sty
(/usr/local/texlive/2026/texmf-dist/tex/latex/graphics/keyval.sty)
(/usr/local/texlive/2026/texmf-dist/tex/latex/xcolor/xcolor.sty
(/usr/local/texlive/2026/texmf-dist/tex/latex/graphics-cfg/color.cfg)
(/usr/local/texlive/2026/texmf-dist/tex/latex/graphics-def/xetex.def)
(/usr/local/texlive/2026/texmf-dist/tex/latex/graphics/mathcolor.ltx)))
(./fancyhdr.sty) (./natbib.sty))
(/usr/local/texlive/2026/texmf-dist/tex/latex/psnfss/times.sty)
(/usr/local/texlive/2026/texmf-dist/tex/latex/fontspec/fontspec.sty
(/usr/local/texlive/2026/texmf-dist/tex/latex/l3packages/xparse/xparse.sty
(/usr/local/texlive/2026/texmf-dist/tex/latex/l3kernel/expl3.sty
(/usr/local/texlive/2026/texmf-dist/tex/latex/l3backend/l3backend-xetex.def)))
(/usr/local/texlive/2026/texmf-dist/tex/latex/fontspec/fontspec-xetex.sty
(/usr/local/texlive/2026/texmf-dist/tex/latex/base/fontenc.sty)
(/usr/local/texlive/2026/texmf-dist/tex/latex/fontspec/fontspec.cfg)))
(/usr/local/texlive/2026/texmf-dist/tex/latex/amsmath/amsmath.sty
For additional information on amsmath, use the `?' option.
(/usr/local/texlive/2026/texmf-dist/tex/latex/amsmath/amstext.sty
(/usr/local/texlive/2026/texmf-dist/tex/latex/amsmath/amsgen.sty))
(/usr/local/texlive/2026/texmf-dist/tex/latex/amsmath/amsbsy.sty)
(/usr/local/texlive/2026/texmf-dist/tex/latex/amsmath/amsopn.sty))
(/usr/local/texlive/2026/texmf-dist/tex/latex/amsfonts/amssymb.sty
(/usr/local/texlive/2026/texmf-dist/tex/latex/amsfonts/amsfonts.sty))
(/usr/local/texlive/2026/texmf-dist/tex/latex/booktabs/booktabs.sty)
(/usr/local/texlive/2026/texmf-dist/tex/latex/graphics/graphicx.sty
(/usr/local/texlive/2026/texmf-dist/tex/latex/graphics/graphics.sty
(/usr/local/texlive/2026/texmf-dist/tex/latex/graphics/trig.sty)
(/usr/local/texlive/2026/texmf-dist/tex/latex/graphics-cfg/graphics.cfg)))
(/usr/local/texlive/2026/texmf-dist/tex/latex/microtype/microtype.sty
(/usr/local/texlive/2026/texmf-dist/tex/latex/etoolbox/etoolbox.sty)
(/usr/local/texlive/2026/texmf-dist/tex/latex/microtype/microtype-xetex.def)
(/usr/local/texlive/2026/texmf-dist/tex/latex/microtype/microtype.cfg))
(/usr/local/texlive/2026/texmf-dist/tex/latex/tools/tabularx.sty
(/usr/local/texlive/2026/texmf-dist/tex/latex/tools/array.sty))
(/usr/local/texlive/2026/texmf-dist/tex/latex/hyperref/hyperref.sty
(/usr/local/texlive/2026/texmf-dist/tex/generic/iftex/iftex.sty)
(/usr/local/texlive/2026/texmf-dist/tex/latex/kvsetkeys/kvsetkeys.sty)
(/usr/local/texlive/2026/texmf-dist/tex/generic/kvdefinekeys/kvdefinekeys.sty)
(/usr/local/texlive/2026/texmf-dist/tex/generic/pdfescape/pdfescape.sty
(/usr/local/texlive/2026/texmf-dist/tex/generic/ltxcmds/ltxcmds.sty)
(/usr/local/texlive/2026/texmf-dist/tex/generic/pdftexcmds/pdftexcmds.sty
(/usr/local/texlive/2026/texmf-dist/tex/generic/infwarerr/infwarerr.sty)))
(/usr/local/texlive/2026/texmf-dist/tex/latex/hycolor/hycolor.sty)
(/usr/local/texlive/2026/texmf-dist/tex/latex/hyperref/nameref.sty
(/usr/local/texlive/2026/texmf-dist/tex/latex/refcount/refcount.sty)
(/usr/local/texlive/2026/texmf-dist/tex/generic/gettitlestring/gettitlestring.s
ty (/usr/local/texlive/2026/texmf-dist/tex/latex/kvoptions/kvoptions.sty)))
(/usr/local/texlive/2026/texmf-dist/tex/generic/stringenc/stringenc.sty)
(/usr/local/texlive/2026/texmf-dist/tex/latex/hyperref/pd1enc.def)
(/usr/local/texlive/2026/texmf-dist/tex/generic/intcalc/intcalc.sty)
(/usr/local/texlive/2026/texmf-dist/tex/latex/hyperref/puenc.def)
(/usr/local/texlive/2026/texmf-dist/tex/latex/url/url.sty)
(/usr/local/texlive/2026/texmf-dist/tex/generic/bitset/bitset.sty
(/usr/local/texlive/2026/texmf-dist/tex/generic/bigintcalc/bigintcalc.sty)))
(/usr/local/texlive/2026/texmf-dist/tex/latex/hyperref/hxetex.def
(/usr/local/texlive/2026/texmf-dist/tex/latex/rerunfilecheck/rerunfilecheck.sty

(/usr/local/texlive/2026/texmf-dist/tex/generic/uniquecounter/uniquecounter.sty
))) (./main.aux) (./main.out) (./main.out)

LaTeX Font Warning: Font shape `TU/STIXGeneral(0)/m/sc' undefined
(Font)              using `TU/STIXGeneral(0)/m/n' instead on input line 52.

(/usr/local/texlive/2026/texmf-dist/tex/latex/amsfonts/umsa.fd)
(/usr/local/texlive/2026/texmf-dist/tex/latex/microtype/mt-msa.cfg)
(/usr/local/texlive/2026/texmf-dist/tex/latex/amsfonts/umsb.fd)
(/usr/local/texlive/2026/texmf-dist/tex/latex/microtype/mt-msb.cfg)
(/usr/local/texlive/2026/texmf-dist/tex/latex/microtype/mt-cmr.cfg)

Package natbib Warning: Citation `sahoo2024mdlm' on page 1 undefined on input l
ine 80.


Package natbib Warning: Citation `nie2025llada' on page 1 undefined on input li
ne 80.


Package natbib Warning: Citation `li2025daedal' on page 1 undefined on input li
ne 82.


Package natbib Warning: Citation `wang2022ppl' on page 1 undefined on input lin
e 86.


Package natbib Warning: Citation `allal2025smollm2' on page 1 undefined on inpu
t line 91.

[1]

Package natbib Warning: Citation `sahoo2024mdlm' on page 2 undefined on input l
ine 155.


Package natbib Warning: Citation `nie2025llada' on page 2 undefined on input li
ne 156.


Package natbib Warning: Citation `zhou2026dllm' on page 2 undefined on input li
ne 157.


Package natbib Warning: Citation `hu2026elf' on page 2 undefined on input line 
158.


Package natbib Warning: Citation `li2025daedal' on page 2 undefined on input li
ne 159.


Package natbib Warning: Citation `gong2025adaptation' on page 2 undefined on in
put line 160.


Package natbib Warning: Citation `yao2026prediff' on page 2 undefined on input 
line 162.


Package natbib Warning: Citation `jiang2026unifusion' on page 2 undefined on in
put line 163.


Package natbib Warning: Citation `wang2022ppl' on page 2 undefined on input lin
e 169.


Package natbib Warning: Citation `pillutla2021mauve' on page 2 undefined on inp
ut line 171.

[2]

Package natbib Warning: Citation `wang2022ppl' on page 3 undefined on input lin
e 193.


Package natbib Warning: Citation `wang2022ppl' on page 3 undefined on input lin
e 193.


Package natbib Warning: Citation `allal2025smollm2' on page 3 undefined on inpu
t line 288.


Package natbib Warning: Citation `zhou2026dllm' on page 3 undefined on input li
ne 288.

[3]
Underfull \vbox (badness 10000) has occurred while \output is active [4]
[5] [6] [7] [8]
Underfull \hbox (badness 10000) in paragraph at lines 740--754
\TU/STIXGeneral(0)/m/n/9 SHA-256 \TU/DejaVuSansMono(0)/m/n/9 546af24c0267ceba08
529081c0425d9f370e0ea0d02869dc3c98ad490905c1ee\TU/STIXGeneral(0)/m/n/9 ).

Underfull \hbox (badness 1194) in paragraph at lines 740--754
\TU/STIXGeneral(0)/m/n/9 have full SHA-256 values AR-init \TU/DejaVuSansMono(0)
/m/n/9 a618886a762eb8983cc0821fb43261ff27f4012738e240d0

Underfull \hbox (badness 10000) in paragraph at lines 740--754
\TU/DejaVuSansMono(0)/m/n/9 0827d0a81d7dd00d \TU/STIXGeneral(0)/m/n/9 and rando
m-init \TU/DejaVuSansMono(0)/m/n/9 bbfbfb7fa4782dea8492412edd9bf30eedc1940d

Underfull \hbox (badness 2735) in paragraph at lines 755--768
[]\TU/STIXGeneral(0)/m/n/9 Source commit \TU/DejaVuSansMono(0)/m/n/9 6f21ee9 \T
U/STIXGeneral(0)/m/n/9 builds with Tectonic 0.17.0, the pinned ICLR 2026 templa
te, and fixed

Underfull \hbox (badness 10000) in paragraph at lines 755--768
\TU/DejaVuSansMono(0)/m/n/9 SOURCE_DATE_EPOCH\TU/STIXGeneral(0)/m/n/9 ; the reb
uild is recorded in $[][][][][] [] [][][][][][] [] [][][][][][][][][][][][][] [
] [][][][]$.

Underfull \hbox (badness 10000) in paragraph at lines 755--768
\TU/STIXGeneral(0)/m/n/9 Runtime pins are \TU/DejaVuSansMono(0)/m/n/9 transform
ers==4.57.0\TU/STIXGeneral(0)/m/n/9 , \TU/DejaVuSansMono(0)/m/n/9 datasets==4.2
.0\TU/STIXGeneral(0)/m/n/9 , \TU/DejaVuSansMono(0)/m/n/9 accelerate==1.11.0\TU/
STIXGeneral(0)/m/n/9 ,

Underfull \hbox (badness 3942) in paragraph at lines 755--768
\TU/DejaVuSansMono(0)/m/n/9 sentencepiece==0.2.0\TU/STIXGeneral(0)/m/n/9 , and 
\TU/DejaVuSansMono(0)/m/n/9 mauve-text==0.4.0 \TU/STIXGeneral(0)/m/n/9 on PyTor
ch/bfloat16, ZeRO-2, and eight
(./main.bbl [9])

Package natbib Warning: There were undefined citations.

[10] (./main.aux

Package natbib Warning: Citation(s) may have changed.
(natbib)                Rerun to get citations correct.

)

LaTeX Font Warning: Some font shapes were not available, defaults substituted.


LaTeX Warning: Label(s) may have changed. Rerun to get cross-references right.

 )
(see the transcript file for additional information)
Output written on main.pdf (10 pages).
Transcript written on main.log.
This is XeTeX, Version 3.141592653-2.6-0.999998 (TeX Live 2026) (preloaded format=xelatex)
entering extended mode
(./main.tex
LaTeX2e <2025-11-01>
L3 programming layer <2026-01-19>
(/usr/local/texlive/2026/texmf-dist/tex/latex/base/article.cls
Document Class: article 2025/01/22 v1.4n Standard LaTeX document class
(/usr/local/texlive/2026/texmf-dist/tex/latex/base/size10.clo))
(./iclr2026_conference.sty
(/usr/local/texlive/2026/texmf-dist/tex/latex/eso-pic/eso-pic.sty
(/usr/local/texlive/2026/texmf-dist/tex/latex/graphics/keyval.sty)
(/usr/local/texlive/2026/texmf-dist/tex/latex/xcolor/xcolor.sty
(/usr/local/texlive/2026/texmf-dist/tex/latex/graphics-cfg/color.cfg)
(/usr/local/texlive/2026/texmf-dist/tex/latex/graphics-def/xetex.def)
(/usr/local/texlive/2026/texmf-dist/tex/latex/graphics/mathcolor.ltx)))
(./fancyhdr.sty) (./natbib.sty))
(/usr/local/texlive/2026/texmf-dist/tex/latex/psnfss/times.sty)
(/usr/local/texlive/2026/texmf-dist/tex/latex/fontspec/fontspec.sty
(/usr/local/texlive/2026/texmf-dist/tex/latex/l3packages/xparse/xparse.sty
(/usr/local/texlive/2026/texmf-dist/tex/latex/l3kernel/expl3.sty
(/usr/local/texlive/2026/texmf-dist/tex/latex/l3backend/l3backend-xetex.def)))
(/usr/local/texlive/2026/texmf-dist/tex/latex/fontspec/fontspec-xetex.sty
(/usr/local/texlive/2026/texmf-dist/tex/latex/base/fontenc.sty)
(/usr/local/texlive/2026/texmf-dist/tex/latex/fontspec/fontspec.cfg)))
(/usr/local/texlive/2026/texmf-dist/tex/latex/amsmath/amsmath.sty
For additional information on amsmath, use the `?' option.
(/usr/local/texlive/2026/texmf-dist/tex/latex/amsmath/amstext.sty
(/usr/local/texlive/2026/texmf-dist/tex/latex/amsmath/amsgen.sty))
(/usr/local/texlive/2026/texmf-dist/tex/latex/amsmath/amsbsy.sty)
(/usr/local/texlive/2026/texmf-dist/tex/latex/amsmath/amsopn.sty))
(/usr/local/texlive/2026/texmf-dist/tex/latex/amsfonts/amssymb.sty
(/usr/local/texlive/2026/texmf-dist/tex/latex/amsfonts/amsfonts.sty))
(/usr/local/texlive/2026/texmf-dist/tex/latex/booktabs/booktabs.sty)
(/usr/local/texlive/2026/texmf-dist/tex/latex/graphics/graphicx.sty
(/usr/local/texlive/2026/texmf-dist/tex/latex/graphics/graphics.sty
(/usr/local/texlive/2026/texmf-dist/tex/latex/graphics/trig.sty)
(/usr/local/texlive/2026/texmf-dist/tex/latex/graphics-cfg/graphics.cfg)))
(/usr/local/texlive/2026/texmf-dist/tex/latex/microtype/microtype.sty
(/usr/local/texlive/2026/texmf-dist/tex/latex/etoolbox/etoolbox.sty)
(/usr/local/texlive/2026/texmf-dist/tex/latex/microtype/microtype-xetex.def)
(/usr/local/texlive/2026/texmf-dist/tex/latex/microtype/microtype.cfg))
(/usr/local/texlive/2026/texmf-dist/tex/latex/tools/tabularx.sty
(/usr/local/texlive/2026/texmf-dist/tex/latex/tools/array.sty))
(/usr/local/texlive/2026/texmf-dist/tex/latex/hyperref/hyperref.sty
(/usr/local/texlive/2026/texmf-dist/tex/generic/iftex/iftex.sty)
(/usr/local/texlive/2026/texmf-dist/tex/latex/kvsetkeys/kvsetkeys.sty)
(/usr/local/texlive/2026/texmf-dist/tex/generic/kvdefinekeys/kvdefinekeys.sty)
(/usr/local/texlive/2026/texmf-dist/tex/generic/pdfescape/pdfescape.sty
(/usr/local/texlive/2026/texmf-dist/tex/generic/ltxcmds/ltxcmds.sty)
(/usr/local/texlive/2026/texmf-dist/tex/generic/pdftexcmds/pdftexcmds.sty
(/usr/local/texlive/2026/texmf-dist/tex/generic/infwarerr/infwarerr.sty)))
(/usr/local/texlive/2026/texmf-dist/tex/latex/hycolor/hycolor.sty)
(/usr/local/texlive/2026/texmf-dist/tex/latex/hyperref/nameref.sty
(/usr/local/texlive/2026/texmf-dist/tex/latex/refcount/refcount.sty)
(/usr/local/texlive/2026/texmf-dist/tex/generic/gettitlestring/gettitlestring.s
ty (/usr/local/texlive/2026/texmf-dist/tex/latex/kvoptions/kvoptions.sty)))
(/usr/local/texlive/2026/texmf-dist/tex/generic/stringenc/stringenc.sty)
(/usr/local/texlive/2026/texmf-dist/tex/latex/hyperref/pd1enc.def)
(/usr/local/texlive/2026/texmf-dist/tex/generic/intcalc/intcalc.sty)
(/usr/local/texlive/2026/texmf-dist/tex/latex/hyperref/puenc.def)
(/usr/local/texlive/2026/texmf-dist/tex/latex/url/url.sty)
(/usr/local/texlive/2026/texmf-dist/tex/generic/bitset/bitset.sty
(/usr/local/texlive/2026/texmf-dist/tex/generic/bigintcalc/bigintcalc.sty)))
(/usr/local/texlive/2026/texmf-dist/tex/latex/hyperref/hxetex.def
(/usr/local/texlive/2026/texmf-dist/tex/latex/rerunfilecheck/rerunfilecheck.sty

(/usr/local/texlive/2026/texmf-dist/tex/generic/uniquecounter/uniquecounter.sty
))) (./main.aux) (./main.out) (./main.out)

LaTeX Font Warning: Font shape `TU/STIXGeneral(0)/m/sc' undefined
(Font)              using `TU/STIXGeneral(0)/m/n' instead on input line 52.

(/usr/local/texlive/2026/texmf-dist/tex/latex/amsfonts/umsa.fd)
(/usr/local/texlive/2026/texmf-dist/tex/latex/microtype/mt-msa.cfg)
(/usr/local/texlive/2026/texmf-dist/tex/latex/amsfonts/umsb.fd)
(/usr/local/texlive/2026/texmf-dist/tex/latex/microtype/mt-msb.cfg)
(/usr/local/texlive/2026/texmf-dist/tex/latex/microtype/mt-cmr.cfg) [1]
[2] [3]
Underfull \vbox (badness 10000) has occurred while \output is active [4]
[5] [6]
Underfull \vbox (badness 3354) has occurred while \output is active [7]
[8]
Underfull \hbox (badness 10000) in paragraph at lines 740--754
\TU/STIXGeneral(0)/m/n/9 SHA-256 \TU/DejaVuSansMono(0)/m/n/9 546af24c0267ceba08
529081c0425d9f370e0ea0d02869dc3c98ad490905c1ee\TU/STIXGeneral(0)/m/n/9 ).

Underfull \hbox (badness 1194) in paragraph at lines 740--754
\TU/STIXGeneral(0)/m/n/9 have full SHA-256 values AR-init \TU/DejaVuSansMono(0)
/m/n/9 a618886a762eb8983cc0821fb43261ff27f4012738e240d0

Underfull \hbox (badness 10000) in paragraph at lines 740--754
\TU/DejaVuSansMono(0)/m/n/9 0827d0a81d7dd00d \TU/STIXGeneral(0)/m/n/9 and rando
m-init \TU/DejaVuSansMono(0)/m/n/9 bbfbfb7fa4782dea8492412edd9bf30eedc1940d

Underfull \hbox (badness 2735) in paragraph at lines 755--768
[]\TU/STIXGeneral(0)/m/n/9 Source commit \TU/DejaVuSansMono(0)/m/n/9 6f21ee9 \T
U/STIXGeneral(0)/m/n/9 builds with Tectonic 0.17.0, the pinned ICLR 2026 templa
te, and fixed

Underfull \hbox (badness 10000) in paragraph at lines 755--768
\TU/DejaVuSansMono(0)/m/n/9 SOURCE_DATE_EPOCH\TU/STIXGeneral(0)/m/n/9 ; the reb
uild is recorded in $[][][][][] [] [][][][][][] [] [][][][][][][][][][][][][] [
] [][][][]$.

Underfull \hbox (badness 10000) in paragraph at lines 755--768
\TU/STIXGeneral(0)/m/n/9 Runtime pins are \TU/DejaVuSansMono(0)/m/n/9 transform
ers==4.57.0\TU/STIXGeneral(0)/m/n/9 , \TU/DejaVuSansMono(0)/m/n/9 datasets==4.2
.0\TU/STIXGeneral(0)/m/n/9 , \TU/DejaVuSansMono(0)/m/n/9 accelerate==1.11.0\TU/
STIXGeneral(0)/m/n/9 ,

Underfull \hbox (badness 3942) in paragraph at lines 755--768
\TU/DejaVuSansMono(0)/m/n/9 sentencepiece==0.2.0\TU/STIXGeneral(0)/m/n/9 , and 
\TU/DejaVuSansMono(0)/m/n/9 mauve-text==0.4.0 \TU/STIXGeneral(0)/m/n/9 on PyTor
ch/bfloat16, ZeRO-2, and eight
(./main.bbl [9]) [10] (./main.aux)

LaTeX Font Warning: Some font shapes were not available, defaults substituted.


LaTeX Warning: Label(s) may have changed. Rerun to get cross-references right.

 )
(see the transcript file for additional information)
Output written on main.pdf (10 pages).
Transcript written on main.log.
