raw/detector-matrix-v2-rank-0.json: OK
raw/detector-matrix-v2-rank-1.json: OK
raw/detector-matrix-v2-rank-2.json: OK
raw/detector-matrix-v2-rank-3.json: OK
raw/detector-matrix-v2-rank-4.json: OK
raw/detector-matrix-v2-rank-5.json: OK
raw/detector-matrix-v2-rank-6.json: OK
raw/detector-matrix-v2-rank-7.json: OK
raw/sidecars/rank-0/M1:clean/measured.fp32.bin: OK
raw/sidecars/rank-0/M1:target_suppressed/measured.fp32.bin: OK
raw/sidecars/rank-0/M9:clean/measured.fp32.bin: OK
raw/sidecars/rank-1/M2:clean/measured.fp32.bin: OK
raw/sidecars/rank-1/M2:target_suppressed/measured.fp32.bin: OK
raw/sidecars/rank-2/M3:clean/continuation-r0.fp32.bin: OK
raw/sidecars/rank-2/M3:clean/prefix-r0.fp32.bin: OK
raw/sidecars/rank-2/M3:clean/prefix-r1.fp32.bin: OK
raw/sidecars/rank-2/M3:target_suppressed/prefix-r0.fp32.bin: OK
raw/sidecars/rank-2/M3:target_suppressed/prefix-r1.fp32.bin: OK
raw/sidecars/rank-3/M4:clean/continuation-r0.fp32.bin: OK
raw/sidecars/rank-3/M4:clean/prefix-r0.fp32.bin: OK
raw/sidecars/rank-3/M4:target_suppressed/prefix-r0.fp32.bin: OK
raw/sidecars/rank-4/M5:clean/continuation-r1.fp32.bin: OK
raw/sidecars/rank-4/M5:clean/prefix-r0.fp32.bin: OK
raw/sidecars/rank-4/M5:clean/prefix-r1.fp32.bin: OK
raw/sidecars/rank-4/M5:target_suppressed/continuation-r1.fp32.bin: OK
raw/sidecars/rank-4/M5:target_suppressed/prefix-r0.fp32.bin: OK
raw/sidecars/rank-4/M5:target_suppressed/prefix-r1.fp32.bin: OK
raw/sidecars/rank-5/M6:clean/measured.fp32.bin: OK
raw/sidecars/rank-5/M6:target_suppressed/measured.fp32.bin: OK
raw/sidecars/rank-6/M7:clean/measured.fp32.bin: OK
raw/sidecars/rank-6/M7:target_suppressed/measured.fp32.bin: OK
raw/sidecars/rank-7/M8:clean/measured.fp32.bin: OK
